[2026-07-20 12:41:24] INFO     | sar_watcher | \u2705 WSL available — binary SAR files will be auto-converted
[2026-07-20 12:41:24] INFO     | sar_watcher | \U0001f50d SAR Watcher started. Monitoring: C:\AWR_Insight_Portal_v2\sar_drop
[2026-07-20 12:41:24] INFO     | sar_watcher |    Drop layout : C:\AWR_Insight_Portal_v2\sar_drop\<HOSTNAME>\sa01  OR  C:\AWR_Insight_Portal_v2\sar_drop\<HOSTNAME>_filename.txt
[2026-07-20 12:41:24] INFO     | sar_watcher |    SAR queues  : C:\AWR_Insight_Portal_v2\sar_queues
[2026-07-20 12:41:24] INFO     | sar_watcher |    Archive     : C:\AWR_Insight_Portal_v2\sar_archive
[2026-07-20 13:54:04] INFO     | sar_watcher | \U0001f4dd Queued [text]: LTPOL3VLMSDBO02_sa27.txt \u2192 LTPOL3VLMSDBO02
Traceback (most recent call last):
  File "C:\AWR_Insight_Portal_v2\sar_watcher\sar_watcher.py", line 438, in <module>
    main()
    ~~~~^^
  File "C:\AWR_Insight_Portal_v2\sar_watcher\sar_watcher.py", line 434, in main
    watch(hostname_override=args.hostname)
    ~~~~~^^^^^^^^^^^^^^^^^^^^^^^^^^^^^^^^^
  File "C:\AWR_Insight_Portal_v2\sar_watcher\sar_watcher.py", line 296, in watch
    time.sleep(POLL_INTERVAL)
    ~~~~~~~~~~^^^^^^^^^^^^^^^
KeyboardInterrupt
[2026-07-20 14:48:31] INFO     | sar_watcher | \u2705 WSL available — binary SAR files will be auto-converted
[2026-07-20 14:48:31] INFO     | sar_watcher | \U0001f50d SAR Watcher started. Monitoring: C:\AWR_Insight_Portal_v2\sar_drop
[2026-07-20 14:48:31] INFO     | sar_watcher |    Drop layout : C:\AWR_Insight_Portal_v2\sar_drop\<HOSTNAME>\sa01  OR  C:\AWR_Insight_Portal_v2\sar_drop\<HOSTNAME>_filename.txt
[2026-07-20 14:48:31] INFO     | sar_watcher |    SAR queues  : C:\AWR_Insight_Portal_v2\sar_queues
[2026-07-20 14:48:31] INFO     | sar_watcher |    Archive     : C:\AWR_Insight_Portal_v2\sar_archive
Traceback (most recent call last):
  File "C:\AWR_Insight_Portal_v2\sar_watcher\sar_watcher.py", line 438, in <module>
    main()
    ~~~~^^
  File "C:\AWR_Insight_Portal_v2\sar_watcher\sar_watcher.py", line 434, in main
    watch(hostname_override=args.hostname)
    ~~~~~^^^^^^^^^^^^^^^^^^^^^^^^^^^^^^^^^
  File "C:\AWR_Insight_Portal_v2\sar_watcher\sar_watcher.py", line 296, in watch
    time.sleep(POLL_INTERVAL)
    ~~~~~~~~~~^^^^^^^^^^^^^^^
KeyboardInterrupt
[2026-07-20 15:38:40] INFO     | sar_watcher | \u2705 WSL available — binary SAR files will be auto-converted
[2026-07-20 15:38:40] INFO     | sar_watcher | \U0001f50d SAR Watcher started. Monitoring: C:\AWR_Insight_Portal_v2\sar_drop
[2026-07-20 15:38:40] INFO     | sar_watcher |    Drop layout : C:\AWR_Insight_Portal_v2\sar_drop\<HOSTNAME>\sa01  OR  C:\AWR_Insight_Portal_v2\sar_drop\<HOSTNAME>_filename.txt
[2026-07-20 15:38:40] INFO     | sar_watcher |    SAR queues  : C:\AWR_Insight_Portal_v2\sar_queues
[2026-07-20 15:38:40] INFO     | sar_watcher |    Archive     : C:\AWR_Insight_Portal_v2\sar_archive
Traceback (most recent call last):
  File "C:\AWR_Insight_Portal_v2\sar_watcher\sar_watcher.py", line 438, in <module>
    main()
    ~~~~^^
  File "C:\AWR_Insight_Portal_v2\sar_watcher\sar_watcher.py", line 434, in main
    watch(hostname_override=args.hostname)
    ~~~~~^^^^^^^^^^^^^^^^^^^^^^^^^^^^^^^^^
  File "C:\AWR_Insight_Portal_v2\sar_watcher\sar_watcher.py", line 296, in watch
    time.sleep(POLL_INTERVAL)
    ~~~~~~~~~~^^^^^^^^^^^^^^^
KeyboardInterrupt
[2026-07-21 17:44:24] INFO     | sar_watcher | \u2705 WSL available — binary SAR files will be auto-converted
[2026-07-21 17:44:24] INFO     | sar_watcher | \U0001f50d SAR Watcher started. Monitoring: C:\AWR_Insight_Portal_v2\sar_drop
[2026-07-21 17:44:24] INFO     | sar_watcher |    Drop layout : C:\AWR_Insight_Portal_v2\sar_drop\<HOSTNAME>\sa01  OR  C:\AWR_Insight_Portal_v2\sar_drop\<HOSTNAME>_filename.txt
[2026-07-21 17:44:24] INFO     | sar_watcher |    SAR queues  : C:\AWR_Insight_Portal_v2\sar_queues
[2026-07-21 17:44:24] INFO     | sar_watcher |    Archive     : C:\AWR_Insight_Portal_v2\sar_archive
Traceback (most recent call last):
  File "C:\AWR_Insight_Portal_v2\sar_watcher\sar_watcher.py", line 438, in <module>
    main()
    ~~~~^^
  File "C:\AWR_Insight_Portal_v2\sar_watcher\sar_watcher.py", line 434, in main
    watch(hostname_override=args.hostname)
    ~~~~~^^^^^^^^^^^^^^^^^^^^^^^^^^^^^^^^^
  File "C:\AWR_Insight_Portal_v2\sar_watcher\sar_watcher.py", line 296, in watch
    time.sleep(POLL_INTERVAL)
    ~~~~~~~~~~^^^^^^^^^^^^^^^
KeyboardInterrupt
[2026-07-22 11:35:15] INFO     | sar_watcher | \u2705 WSL available — binary SAR files will be auto-converted
[2026-07-22 11:35:15] INFO     | sar_watcher | \U0001f50d SAR Watcher started. Monitoring: C:\AWR_Insight_Portal_v2\sar_drop
[2026-07-22 11:35:15] INFO     | sar_watcher |    Drop layout : C:\AWR_Insight_Portal_v2\sar_drop\<HOSTNAME>\sa01  OR  C:\AWR_Insight_Portal_v2\sar_drop\<HOSTNAME>_filename.txt
[2026-07-22 11:35:15] INFO     | sar_watcher |    SAR queues  : C:\AWR_Insight_Portal_v2\sar_queues
[2026-07-22 11:35:15] INFO     | sar_watcher |    Archive     : C:\AWR_Insight_Portal_v2\sar_archive
Traceback (most recent call last):
  File "C:\AWR_Insight_Portal_v2\sar_watcher\sar_watcher.py", line 438, in <module>
    main()
    ~~~~^^
  File "C:\AWR_Insight_Portal_v2\sar_watcher\sar_watcher.py", line 434, in main
    watch(hostname_override=args.hostname)
    ~~~~~^^^^^^^^^^^^^^^^^^^^^^^^^^^^^^^^^
  File "C:\AWR_Insight_Portal_v2\sar_watcher\sar_watcher.py", line 296, in watch
    time.sleep(POLL_INTERVAL)
    ~~~~~~~~~~^^^^^^^^^^^^^^^
KeyboardInterrupt
[2026-07-23 16:38:28] INFO     | sar_watcher | \u2705 WSL available — binary SAR files will be auto-converted
[2026-07-23 16:38:28] INFO     | sar_watcher | \U0001f50d SAR Watcher started. Monitoring: C:\AWR_Insight_Portal_v2\sar_drop
[2026-07-23 16:38:28] INFO     | sar_watcher |    Drop layout : C:\AWR_Insight_Portal_v2\sar_drop\<HOSTNAME>\sa01  OR  C:\AWR_Insight_Portal_v2\sar_drop\<HOSTNAME>_filename.txt
[2026-07-23 16:38:28] INFO     | sar_watcher |    SAR queues  : C:\AWR_Insight_Portal_v2\sar_queues
[2026-07-23 16:38:28] INFO     | sar_watcher |    Archive     : C:\AWR_Insight_Portal_v2\sar_archive
Traceback (most recent call last):
  File "C:\AWR_Insight_Portal_v2\sar_watcher\sar_watcher.py", line 438, in <module>
    main()
    ~~~~^^
  File "C:\AWR_Insight_Portal_v2\sar_watcher\sar_watcher.py", line 434, in main
    watch(hostname_override=args.hostname)
    ~~~~~^^^^^^^^^^^^^^^^^^^^^^^^^^^^^^^^^
  File "C:\AWR_Insight_Portal_v2\sar_watcher\sar_watcher.py", line 296, in watch
    time.sleep(POLL_INTERVAL)
    ~~~~~~~~~~^^^^^^^^^^^^^^^
KeyboardInterrupt
[2026-07-23 17:08:32] INFO     | sar_watcher | \u2705 WSL available — binary SAR files will be auto-converted
[2026-07-23 17:08:32] INFO     | sar_watcher | \U0001f50d SAR Watcher started. Monitoring: C:\AWR_Insight_Portal_v2\sar_drop
[2026-07-23 17:08:32] INFO     | sar_watcher |    Drop layout : C:\AWR_Insight_Portal_v2\sar_drop\<HOSTNAME>\sa01  OR  C:\AWR_Insight_Portal_v2\sar_drop\<HOSTNAME>_filename.txt
[2026-07-23 17:08:32] INFO     | sar_watcher |    SAR queues  : C:\AWR_Insight_Portal_v2\sar_queues
[2026-07-23 17:08:32] INFO     | sar_watcher |    Archive     : C:\AWR_Insight_Portal_v2\sar_archive
Traceback (most recent call last):
  File "C:\AWR_Insight_Portal_v2\sar_watcher\sar_watcher.py", line 438, in <module>
    main()
    ~~~~^^
  File "C:\AWR_Insight_Portal_v2\sar_watcher\sar_watcher.py", line 434, in main
    watch(hostname_override=args.hostname)
    ~~~~~^^^^^^^^^^^^^^^^^^^^^^^^^^^^^^^^^
  File "C:\AWR_Insight_Portal_v2\sar_watcher\sar_watcher.py", line 296, in watch
    time.sleep(POLL_INTERVAL)
    ~~~~~~~~~~^^^^^^^^^^^^^^^
KeyboardInterrupt
[2026-07-24 10:56:47] INFO     | sar_watcher | \u2705 WSL available — binary SAR files will be auto-converted
[2026-07-24 10:56:47] INFO     | sar_watcher | \U0001f50d SAR Watcher started. Monitoring: C:\AWR_Insight_Portal_v2\sar_drop
[2026-07-24 10:56:47] INFO     | sar_watcher |    Drop layout : C:\AWR_Insight_Portal_v2\sar_drop\<HOSTNAME>\sa01  OR  C:\AWR_Insight_Portal_v2\sar_drop\<HOSTNAME>_filename.txt
[2026-07-24 10:56:47] INFO     | sar_watcher |    SAR queues  : C:\AWR_Insight_Portal_v2\sar_queues
[2026-07-24 10:56:47] INFO     | sar_watcher |    Archive     : C:\AWR_Insight_Portal_v2\sar_archive
Traceback (most recent call last):
  File "C:\AWR_Insight_Portal_v2\sar_watcher\sar_watcher.py", line 438, in <module>
    main()
    ~~~~^^
  File "C:\AWR_Insight_Portal_v2\sar_watcher\sar_watcher.py", line 434, in main
    watch(hostname_override=args.hostname)
    ~~~~~^^^^^^^^^^^^^^^^^^^^^^^^^^^^^^^^^
  File "C:\AWR_Insight_Portal_v2\sar_watcher\sar_watcher.py", line 296, in watch
    time.sleep(POLL_INTERVAL)
    ~~~~~~~~~~^^^^^^^^^^^^^^^
KeyboardInterrupt
[2026-07-24 14:52:25] INFO     | sar_watcher | \u2705 WSL available — binary SAR files will be auto-converted
[2026-07-24 14:52:25] INFO     | sar_watcher | \U0001f50d SAR Watcher started. Monitoring: C:\AWR_Insight_Portal_v2\sar_drop
[2026-07-24 14:52:25] INFO     | sar_watcher |    Drop layout : C:\AWR_Insight_Portal_v2\sar_drop\<HOSTNAME>\sa01  OR  C:\AWR_Insight_Portal_v2\sar_drop\<HOSTNAME>_filename.txt
[2026-07-24 14:52:25] INFO     | sar_watcher |    SAR queues  : C:\AWR_Insight_Portal_v2\sar_queues
[2026-07-24 14:52:25] INFO     | sar_watcher |    Archive     : C:\AWR_Insight_Portal_v2\sar_archive
