[2026-08-17 11:57:39] INFO     | exadata_temp_io_lw_parser | ✅ Parsed Temp IO + LW (total_lw=182.66/s, temp_spill=126.31/s, temp_hit%=100.0, fc_lw_total=None)
[2026-08-17 11:57:39] ERROR    | exadata_temp_io_lw_parser | ❌ Temp IO LW insert failed: null value in column "dbname" violates not-null constraint
DETAIL:  Failing row contains (1, null, null, null, null, 182.66, 126.31, 16.35, 40.00, 100.00, null, null, 39a7be3edaebc920d152c0783aef5022, 2026-08-17 11:57:39.603563).
Traceback (most recent call last):
  File "C:\AWR_Insight_Portal_v2\modules\awr\exadata_temp_io_lw_parser.py", line 114, in insert_temp_io_lw
    cur.execute(sql,(r["dbname"],r["instance"],r["begin_snap"],r["snap_time"],
    ~~~~~~~~~~~^^^^^^^^^^^^^^^^^^^^^^^^^^^^^^^^^^^^^^^^^^^^^^^^^^^^^^^^^^^^^^^
        r["large_writes_total_ps"],r["lw_temp_spill_ps"],r["lw_data_temp_ps"],
        ^^^^^^^^^^^^^^^^^^^^^^^^^^^^^^^^^^^^^^^^^^^^^^^^^^^^^^^^^^^^^^^^^^^^^^
        r["lw_write_only_ps"],r["db_temp_io_hit_pct"],
        ^^^^^^^^^^^^^^^^^^^^^^^^^^^^^^^^^^^^^^^^^^^^^^
        r["fc_lw_for_temp_total"],r["fc_lw_for_temp_ps"],r["row_hash"]))
        ^^^^^^^^^^^^^^^^^^^^^^^^^^^^^^^^^^^^^^^^^^^^^^^^^^^^^^^^^^^^^^^^
psycopg2.errors.NotNullViolation: null value in column "dbname" violates not-null constraint
DETAIL:  Failing row contains (1, null, null, null, null, 182.66, 126.31, 16.35, 40.00, 100.00, null, null, 39a7be3edaebc920d152c0783aef5022, 2026-08-17 11:57:39.603563).

[2026-08-17 11:57:51] INFO     | exadata_temp_io_lw_parser | ✅ Parsed Temp IO + LW (total_lw=95.2/s, temp_spill=68.4/s, temp_hit%=100.0, fc_lw_total=None)
[2026-08-17 11:57:51] ERROR    | exadata_temp_io_lw_parser | ❌ Temp IO LW insert failed: null value in column "dbname" violates not-null constraint
DETAIL:  Failing row contains (2, null, null, null, null, 95.20, 68.40, -13.20, 40.00, 100.00, null, null, 39a7be3edaebc920d152c0783aef5022, 2026-08-17 11:57:51.355785).
Traceback (most recent call last):
  File "C:\AWR_Insight_Portal_v2\modules\awr\exadata_temp_io_lw_parser.py", line 114, in insert_temp_io_lw
    cur.execute(sql,(r["dbname"],r["instance"],r["begin_snap"],r["snap_time"],
    ~~~~~~~~~~~^^^^^^^^^^^^^^^^^^^^^^^^^^^^^^^^^^^^^^^^^^^^^^^^^^^^^^^^^^^^^^^
        r["large_writes_total_ps"],r["lw_temp_spill_ps"],r["lw_data_temp_ps"],
        ^^^^^^^^^^^^^^^^^^^^^^^^^^^^^^^^^^^^^^^^^^^^^^^^^^^^^^^^^^^^^^^^^^^^^^
        r["lw_write_only_ps"],r["db_temp_io_hit_pct"],
        ^^^^^^^^^^^^^^^^^^^^^^^^^^^^^^^^^^^^^^^^^^^^^^
        r["fc_lw_for_temp_total"],r["fc_lw_for_temp_ps"],r["row_hash"]))
        ^^^^^^^^^^^^^^^^^^^^^^^^^^^^^^^^^^^^^^^^^^^^^^^^^^^^^^^^^^^^^^^^
psycopg2.errors.NotNullViolation: null value in column "dbname" violates not-null constraint
DETAIL:  Failing row contains (2, null, null, null, null, 95.20, 68.40, -13.20, 40.00, 100.00, null, null, 39a7be3edaebc920d152c0783aef5022, 2026-08-17 11:57:51.355785).

[2026-08-17 11:58:02] INFO     | exadata_temp_io_lw_parser | ✅ Parsed Temp IO + LW (total_lw=148.2/s, temp_spill=104.8/s, temp_hit%=100.0, fc_lw_total=None)
[2026-08-17 11:58:02] ERROR    | exadata_temp_io_lw_parser | ❌ Temp IO LW insert failed: null value in column "dbname" violates not-null constraint
DETAIL:  Failing row contains (3, null, null, null, null, 148.20, 104.80, 3.40, 40.00, 100.00, null, null, 39a7be3edaebc920d152c0783aef5022, 2026-08-17 11:58:02.448593).
Traceback (most recent call last):
  File "C:\AWR_Insight_Portal_v2\modules\awr\exadata_temp_io_lw_parser.py", line 114, in insert_temp_io_lw
    cur.execute(sql,(r["dbname"],r["instance"],r["begin_snap"],r["snap_time"],
    ~~~~~~~~~~~^^^^^^^^^^^^^^^^^^^^^^^^^^^^^^^^^^^^^^^^^^^^^^^^^^^^^^^^^^^^^^^
        r["large_writes_total_ps"],r["lw_temp_spill_ps"],r["lw_data_temp_ps"],
        ^^^^^^^^^^^^^^^^^^^^^^^^^^^^^^^^^^^^^^^^^^^^^^^^^^^^^^^^^^^^^^^^^^^^^^
        r["lw_write_only_ps"],r["db_temp_io_hit_pct"],
        ^^^^^^^^^^^^^^^^^^^^^^^^^^^^^^^^^^^^^^^^^^^^^^
        r["fc_lw_for_temp_total"],r["fc_lw_for_temp_ps"],r["row_hash"]))
        ^^^^^^^^^^^^^^^^^^^^^^^^^^^^^^^^^^^^^^^^^^^^^^^^^^^^^^^^^^^^^^^^
psycopg2.errors.NotNullViolation: null value in column "dbname" violates not-null constraint
DETAIL:  Failing row contains (3, null, null, null, null, 148.20, 104.80, 3.40, 40.00, 100.00, null, null, 39a7be3edaebc920d152c0783aef5022, 2026-08-17 11:58:02.448593).

[2026-08-17 11:58:13] INFO     | exadata_temp_io_lw_parser | ✅ Parsed Temp IO + LW (total_lw=12.4/s, temp_spill=8.2/s, temp_hit%=100.0, fc_lw_total=None)
[2026-08-17 11:58:13] ERROR    | exadata_temp_io_lw_parser | ❌ Temp IO LW insert failed: null value in column "dbname" violates not-null constraint
DETAIL:  Failing row contains (4, null, null, null, null, 12.40, 8.20, -35.80, 40.00, 100.00, null, null, 39a7be3edaebc920d152c0783aef5022, 2026-08-17 11:58:13.869185).
Traceback (most recent call last):
  File "C:\AWR_Insight_Portal_v2\modules\awr\exadata_temp_io_lw_parser.py", line 114, in insert_temp_io_lw
    cur.execute(sql,(r["dbname"],r["instance"],r["begin_snap"],r["snap_time"],
    ~~~~~~~~~~~^^^^^^^^^^^^^^^^^^^^^^^^^^^^^^^^^^^^^^^^^^^^^^^^^^^^^^^^^^^^^^^
        r["large_writes_total_ps"],r["lw_temp_spill_ps"],r["lw_data_temp_ps"],
        ^^^^^^^^^^^^^^^^^^^^^^^^^^^^^^^^^^^^^^^^^^^^^^^^^^^^^^^^^^^^^^^^^^^^^^
        r["lw_write_only_ps"],r["db_temp_io_hit_pct"],
        ^^^^^^^^^^^^^^^^^^^^^^^^^^^^^^^^^^^^^^^^^^^^^^
        r["fc_lw_for_temp_total"],r["fc_lw_for_temp_ps"],r["row_hash"]))
        ^^^^^^^^^^^^^^^^^^^^^^^^^^^^^^^^^^^^^^^^^^^^^^^^^^^^^^^^^^^^^^^^
psycopg2.errors.NotNullViolation: null value in column "dbname" violates not-null constraint
DETAIL:  Failing row contains (4, null, null, null, null, 12.40, 8.20, -35.80, 40.00, 100.00, null, null, 39a7be3edaebc920d152c0783aef5022, 2026-08-17 11:58:13.869185).

[2026-08-17 11:58:25] INFO     | exadata_temp_io_lw_parser | ✅ Parsed Temp IO + LW (total_lw=42.4/s, temp_spill=28.1/s, temp_hit%=100.0, fc_lw_total=None)
[2026-08-17 11:58:25] ERROR    | exadata_temp_io_lw_parser | ❌ Temp IO LW insert failed: null value in column "dbname" violates not-null constraint
DETAIL:  Failing row contains (5, null, null, null, null, 42.40, 28.10, -25.70, 40.00, 100.00, null, null, 39a7be3edaebc920d152c0783aef5022, 2026-08-17 11:58:25.165945).
Traceback (most recent call last):
  File "C:\AWR_Insight_Portal_v2\modules\awr\exadata_temp_io_lw_parser.py", line 114, in insert_temp_io_lw
    cur.execute(sql,(r["dbname"],r["instance"],r["begin_snap"],r["snap_time"],
    ~~~~~~~~~~~^^^^^^^^^^^^^^^^^^^^^^^^^^^^^^^^^^^^^^^^^^^^^^^^^^^^^^^^^^^^^^^
        r["large_writes_total_ps"],r["lw_temp_spill_ps"],r["lw_data_temp_ps"],
        ^^^^^^^^^^^^^^^^^^^^^^^^^^^^^^^^^^^^^^^^^^^^^^^^^^^^^^^^^^^^^^^^^^^^^^
        r["lw_write_only_ps"],r["db_temp_io_hit_pct"],
        ^^^^^^^^^^^^^^^^^^^^^^^^^^^^^^^^^^^^^^^^^^^^^^
        r["fc_lw_for_temp_total"],r["fc_lw_for_temp_ps"],r["row_hash"]))
        ^^^^^^^^^^^^^^^^^^^^^^^^^^^^^^^^^^^^^^^^^^^^^^^^^^^^^^^^^^^^^^^^
psycopg2.errors.NotNullViolation: null value in column "dbname" violates not-null constraint
DETAIL:  Failing row contains (5, null, null, null, null, 42.40, 28.10, -25.70, 40.00, 100.00, null, null, 39a7be3edaebc920d152c0783aef5022, 2026-08-17 11:58:25.165945).

[2026-08-17 11:58:35] INFO     | exadata_temp_io_lw_parser | ✅ Parsed Temp IO + LW (total_lw=248.4/s, temp_spill=184.2/s, temp_hit%=84.2, fc_lw_total=None)
[2026-08-17 11:58:36] ERROR    | exadata_temp_io_lw_parser | ❌ Temp IO LW insert failed: null value in column "dbname" violates not-null constraint
DETAIL:  Failing row contains (6, null, null, null, null, 248.40, 184.20, 24.20, 40.00, 84.20, null, null, 39a7be3edaebc920d152c0783aef5022, 2026-08-17 11:58:36.145735).
Traceback (most recent call last):
  File "C:\AWR_Insight_Portal_v2\modules\awr\exadata_temp_io_lw_parser.py", line 114, in insert_temp_io_lw
    cur.execute(sql,(r["dbname"],r["instance"],r["begin_snap"],r["snap_time"],
    ~~~~~~~~~~~^^^^^^^^^^^^^^^^^^^^^^^^^^^^^^^^^^^^^^^^^^^^^^^^^^^^^^^^^^^^^^^
        r["large_writes_total_ps"],r["lw_temp_spill_ps"],r["lw_data_temp_ps"],
        ^^^^^^^^^^^^^^^^^^^^^^^^^^^^^^^^^^^^^^^^^^^^^^^^^^^^^^^^^^^^^^^^^^^^^^
        r["lw_write_only_ps"],r["db_temp_io_hit_pct"],
        ^^^^^^^^^^^^^^^^^^^^^^^^^^^^^^^^^^^^^^^^^^^^^^
        r["fc_lw_for_temp_total"],r["fc_lw_for_temp_ps"],r["row_hash"]))
        ^^^^^^^^^^^^^^^^^^^^^^^^^^^^^^^^^^^^^^^^^^^^^^^^^^^^^^^^^^^^^^^^
psycopg2.errors.NotNullViolation: null value in column "dbname" violates not-null constraint
DETAIL:  Failing row contains (6, null, null, null, null, 248.40, 184.20, 24.20, 40.00, 84.20, null, null, 39a7be3edaebc920d152c0783aef5022, 2026-08-17 11:58:36.145735).

[2026-08-17 11:58:47] INFO     | exadata_temp_io_lw_parser | ✅ Parsed Temp IO + LW (total_lw=482.4/s, temp_spill=384.2/s, temp_hit%=12.4, fc_lw_total=None)
[2026-08-17 11:58:47] ERROR    | exadata_temp_io_lw_parser | ❌ Temp IO LW insert failed: null value in column "dbname" violates not-null constraint
DETAIL:  Failing row contains (7, null, null, null, null, 482.40, 384.20, 58.20, 40.00, 12.40, null, null, 39a7be3edaebc920d152c0783aef5022, 2026-08-17 11:58:47.740888).
Traceback (most recent call last):
  File "C:\AWR_Insight_Portal_v2\modules\awr\exadata_temp_io_lw_parser.py", line 114, in insert_temp_io_lw
    cur.execute(sql,(r["dbname"],r["instance"],r["begin_snap"],r["snap_time"],
    ~~~~~~~~~~~^^^^^^^^^^^^^^^^^^^^^^^^^^^^^^^^^^^^^^^^^^^^^^^^^^^^^^^^^^^^^^^
        r["large_writes_total_ps"],r["lw_temp_spill_ps"],r["lw_data_temp_ps"],
        ^^^^^^^^^^^^^^^^^^^^^^^^^^^^^^^^^^^^^^^^^^^^^^^^^^^^^^^^^^^^^^^^^^^^^^
        r["lw_write_only_ps"],r["db_temp_io_hit_pct"],
        ^^^^^^^^^^^^^^^^^^^^^^^^^^^^^^^^^^^^^^^^^^^^^^
        r["fc_lw_for_temp_total"],r["fc_lw_for_temp_ps"],r["row_hash"]))
        ^^^^^^^^^^^^^^^^^^^^^^^^^^^^^^^^^^^^^^^^^^^^^^^^^^^^^^^^^^^^^^^^
psycopg2.errors.NotNullViolation: null value in column "dbname" violates not-null constraint
DETAIL:  Failing row contains (7, null, null, null, null, 482.40, 384.20, 58.20, 40.00, 12.40, null, null, 39a7be3edaebc920d152c0783aef5022, 2026-08-17 11:58:47.740888).

[2026-08-17 11:58:59] INFO     | exadata_temp_io_lw_parser | ✅ Parsed Temp IO + LW (total_lw=182.4/s, temp_spill=128.2/s, temp_hit%=100.0, fc_lw_total=None)
[2026-08-17 11:58:59] ERROR    | exadata_temp_io_lw_parser | ❌ Temp IO LW insert failed: null value in column "dbname" violates not-null constraint
DETAIL:  Failing row contains (8, null, null, null, null, 182.40, 128.20, 14.20, 40.00, 100.00, null, null, 39a7be3edaebc920d152c0783aef5022, 2026-08-17 11:58:59.656938).
Traceback (most recent call last):
  File "C:\AWR_Insight_Portal_v2\modules\awr\exadata_temp_io_lw_parser.py", line 114, in insert_temp_io_lw
    cur.execute(sql,(r["dbname"],r["instance"],r["begin_snap"],r["snap_time"],
    ~~~~~~~~~~~^^^^^^^^^^^^^^^^^^^^^^^^^^^^^^^^^^^^^^^^^^^^^^^^^^^^^^^^^^^^^^^
        r["large_writes_total_ps"],r["lw_temp_spill_ps"],r["lw_data_temp_ps"],
        ^^^^^^^^^^^^^^^^^^^^^^^^^^^^^^^^^^^^^^^^^^^^^^^^^^^^^^^^^^^^^^^^^^^^^^
        r["lw_write_only_ps"],r["db_temp_io_hit_pct"],
        ^^^^^^^^^^^^^^^^^^^^^^^^^^^^^^^^^^^^^^^^^^^^^^
        r["fc_lw_for_temp_total"],r["fc_lw_for_temp_ps"],r["row_hash"]))
        ^^^^^^^^^^^^^^^^^^^^^^^^^^^^^^^^^^^^^^^^^^^^^^^^^^^^^^^^^^^^^^^^
psycopg2.errors.NotNullViolation: null value in column "dbname" violates not-null constraint
DETAIL:  Failing row contains (8, null, null, null, null, 182.40, 128.20, 14.20, 40.00, 100.00, null, null, 39a7be3edaebc920d152c0783aef5022, 2026-08-17 11:58:59.656938).

[2026-08-17 11:59:12] INFO     | exadata_temp_io_lw_parser | ✅ Parsed Temp IO + LW (total_lw=248.4/s, temp_spill=182.4/s, temp_hit%=98.4, fc_lw_total=None)
[2026-08-17 11:59:12] ERROR    | exadata_temp_io_lw_parser | ❌ Temp IO LW insert failed: null value in column "dbname" violates not-null constraint
DETAIL:  Failing row contains (9, null, null, null, null, 248.40, 182.40, 26.00, 40.00, 98.40, null, null, 39a7be3edaebc920d152c0783aef5022, 2026-08-17 11:59:12.313613).
Traceback (most recent call last):
  File "C:\AWR_Insight_Portal_v2\modules\awr\exadata_temp_io_lw_parser.py", line 114, in insert_temp_io_lw
    cur.execute(sql,(r["dbname"],r["instance"],r["begin_snap"],r["snap_time"],
    ~~~~~~~~~~~^^^^^^^^^^^^^^^^^^^^^^^^^^^^^^^^^^^^^^^^^^^^^^^^^^^^^^^^^^^^^^^
        r["large_writes_total_ps"],r["lw_temp_spill_ps"],r["lw_data_temp_ps"],
        ^^^^^^^^^^^^^^^^^^^^^^^^^^^^^^^^^^^^^^^^^^^^^^^^^^^^^^^^^^^^^^^^^^^^^^
        r["lw_write_only_ps"],r["db_temp_io_hit_pct"],
        ^^^^^^^^^^^^^^^^^^^^^^^^^^^^^^^^^^^^^^^^^^^^^^
        r["fc_lw_for_temp_total"],r["fc_lw_for_temp_ps"],r["row_hash"]))
        ^^^^^^^^^^^^^^^^^^^^^^^^^^^^^^^^^^^^^^^^^^^^^^^^^^^^^^^^^^^^^^^^
psycopg2.errors.NotNullViolation: null value in column "dbname" violates not-null constraint
DETAIL:  Failing row contains (9, null, null, null, null, 248.40, 182.40, 26.00, 40.00, 98.40, null, null, 39a7be3edaebc920d152c0783aef5022, 2026-08-17 11:59:12.313613).

[2026-08-17 11:59:23] INFO     | exadata_temp_io_lw_parser | ✅ Parsed Temp IO + LW (total_lw=684.8/s, temp_spill=524.8/s, temp_hit%=100.0, fc_lw_total=None)
[2026-08-17 11:59:23] ERROR    | exadata_temp_io_lw_parser | ❌ Temp IO LW insert failed: null value in column "dbname" violates not-null constraint
DETAIL:  Failing row contains (10, null, null, null, null, 684.80, 524.80, 120.00, 40.00, 100.00, null, null, 39a7be3edaebc920d152c0783aef5022, 2026-08-17 11:59:23.251549).
Traceback (most recent call last):
  File "C:\AWR_Insight_Portal_v2\modules\awr\exadata_temp_io_lw_parser.py", line 114, in insert_temp_io_lw
    cur.execute(sql,(r["dbname"],r["instance"],r["begin_snap"],r["snap_time"],
    ~~~~~~~~~~~^^^^^^^^^^^^^^^^^^^^^^^^^^^^^^^^^^^^^^^^^^^^^^^^^^^^^^^^^^^^^^^
        r["large_writes_total_ps"],r["lw_temp_spill_ps"],r["lw_data_temp_ps"],
        ^^^^^^^^^^^^^^^^^^^^^^^^^^^^^^^^^^^^^^^^^^^^^^^^^^^^^^^^^^^^^^^^^^^^^^
        r["lw_write_only_ps"],r["db_temp_io_hit_pct"],
        ^^^^^^^^^^^^^^^^^^^^^^^^^^^^^^^^^^^^^^^^^^^^^^
        r["fc_lw_for_temp_total"],r["fc_lw_for_temp_ps"],r["row_hash"]))
        ^^^^^^^^^^^^^^^^^^^^^^^^^^^^^^^^^^^^^^^^^^^^^^^^^^^^^^^^^^^^^^^^
psycopg2.errors.NotNullViolation: null value in column "dbname" violates not-null constraint
DETAIL:  Failing row contains (10, null, null, null, null, 684.80, 524.80, 120.00, 40.00, 100.00, null, null, 39a7be3edaebc920d152c0783aef5022, 2026-08-17 11:59:23.251549).

[2026-08-17 11:59:34] INFO     | exadata_temp_io_lw_parser | ✅ Parsed Temp IO + LW (total_lw=848.4/s, temp_spill=642.4/s, temp_hit%=88.4, fc_lw_total=None)
[2026-08-17 11:59:34] ERROR    | exadata_temp_io_lw_parser | ❌ Temp IO LW insert failed: null value in column "dbname" violates not-null constraint
DETAIL:  Failing row contains (11, null, null, null, null, 848.40, 642.40, 166.00, 40.00, 88.40, null, null, 39a7be3edaebc920d152c0783aef5022, 2026-08-17 11:59:34.633342).
Traceback (most recent call last):
  File "C:\AWR_Insight_Portal_v2\modules\awr\exadata_temp_io_lw_parser.py", line 114, in insert_temp_io_lw
    cur.execute(sql,(r["dbname"],r["instance"],r["begin_snap"],r["snap_time"],
    ~~~~~~~~~~~^^^^^^^^^^^^^^^^^^^^^^^^^^^^^^^^^^^^^^^^^^^^^^^^^^^^^^^^^^^^^^^
        r["large_writes_total_ps"],r["lw_temp_spill_ps"],r["lw_data_temp_ps"],
        ^^^^^^^^^^^^^^^^^^^^^^^^^^^^^^^^^^^^^^^^^^^^^^^^^^^^^^^^^^^^^^^^^^^^^^
        r["lw_write_only_ps"],r["db_temp_io_hit_pct"],
        ^^^^^^^^^^^^^^^^^^^^^^^^^^^^^^^^^^^^^^^^^^^^^^
        r["fc_lw_for_temp_total"],r["fc_lw_for_temp_ps"],r["row_hash"]))
        ^^^^^^^^^^^^^^^^^^^^^^^^^^^^^^^^^^^^^^^^^^^^^^^^^^^^^^^^^^^^^^^^
psycopg2.errors.NotNullViolation: null value in column "dbname" violates not-null constraint
DETAIL:  Failing row contains (11, null, null, null, null, 848.40, 642.40, 166.00, 40.00, 88.40, null, null, 39a7be3edaebc920d152c0783aef5022, 2026-08-17 11:59:34.633342).

[2026-08-17 11:59:45] INFO     | exadata_temp_io_lw_parser | ✅ Parsed Temp IO + LW (total_lw=182.4/s, temp_spill=128.4/s, temp_hit%=100.0, fc_lw_total=None)
[2026-08-17 11:59:45] ERROR    | exadata_temp_io_lw_parser | ❌ Temp IO LW insert failed: null value in column "dbname" violates not-null constraint
DETAIL:  Failing row contains (12, null, null, null, null, 182.40, 128.40, 14.00, 40.00, 100.00, null, null, 39a7be3edaebc920d152c0783aef5022, 2026-08-17 11:59:45.820994).
Traceback (most recent call last):
  File "C:\AWR_Insight_Portal_v2\modules\awr\exadata_temp_io_lw_parser.py", line 114, in insert_temp_io_lw
    cur.execute(sql,(r["dbname"],r["instance"],r["begin_snap"],r["snap_time"],
    ~~~~~~~~~~~^^^^^^^^^^^^^^^^^^^^^^^^^^^^^^^^^^^^^^^^^^^^^^^^^^^^^^^^^^^^^^^
        r["large_writes_total_ps"],r["lw_temp_spill_ps"],r["lw_data_temp_ps"],
        ^^^^^^^^^^^^^^^^^^^^^^^^^^^^^^^^^^^^^^^^^^^^^^^^^^^^^^^^^^^^^^^^^^^^^^
        r["lw_write_only_ps"],r["db_temp_io_hit_pct"],
        ^^^^^^^^^^^^^^^^^^^^^^^^^^^^^^^^^^^^^^^^^^^^^^
        r["fc_lw_for_temp_total"],r["fc_lw_for_temp_ps"],r["row_hash"]))
        ^^^^^^^^^^^^^^^^^^^^^^^^^^^^^^^^^^^^^^^^^^^^^^^^^^^^^^^^^^^^^^^^
psycopg2.errors.NotNullViolation: null value in column "dbname" violates not-null constraint
DETAIL:  Failing row contains (12, null, null, null, null, 182.40, 128.40, 14.00, 40.00, 100.00, null, null, 39a7be3edaebc920d152c0783aef5022, 2026-08-17 11:59:45.820994).

[2026-08-17 11:59:56] INFO     | exadata_temp_io_lw_parser | ✅ Parsed Temp IO + LW (total_lw=284.4/s, temp_spill=208.4/s, temp_hit%=100.0, fc_lw_total=None)
[2026-08-17 11:59:56] ERROR    | exadata_temp_io_lw_parser | ❌ Temp IO LW insert failed: null value in column "dbname" violates not-null constraint
DETAIL:  Failing row contains (13, null, null, null, null, 284.40, 208.40, 36.00, 40.00, 100.00, null, null, 39a7be3edaebc920d152c0783aef5022, 2026-08-17 11:59:56.931207).
Traceback (most recent call last):
  File "C:\AWR_Insight_Portal_v2\modules\awr\exadata_temp_io_lw_parser.py", line 114, in insert_temp_io_lw
    cur.execute(sql,(r["dbname"],r["instance"],r["begin_snap"],r["snap_time"],
    ~~~~~~~~~~~^^^^^^^^^^^^^^^^^^^^^^^^^^^^^^^^^^^^^^^^^^^^^^^^^^^^^^^^^^^^^^^
        r["large_writes_total_ps"],r["lw_temp_spill_ps"],r["lw_data_temp_ps"],
        ^^^^^^^^^^^^^^^^^^^^^^^^^^^^^^^^^^^^^^^^^^^^^^^^^^^^^^^^^^^^^^^^^^^^^^
        r["lw_write_only_ps"],r["db_temp_io_hit_pct"],
        ^^^^^^^^^^^^^^^^^^^^^^^^^^^^^^^^^^^^^^^^^^^^^^
        r["fc_lw_for_temp_total"],r["fc_lw_for_temp_ps"],r["row_hash"]))
        ^^^^^^^^^^^^^^^^^^^^^^^^^^^^^^^^^^^^^^^^^^^^^^^^^^^^^^^^^^^^^^^^
psycopg2.errors.NotNullViolation: null value in column "dbname" violates not-null constraint
DETAIL:  Failing row contains (13, null, null, null, null, 284.40, 208.40, 36.00, 40.00, 100.00, null, null, 39a7be3edaebc920d152c0783aef5022, 2026-08-17 11:59:56.931207).

[2026-08-17 12:00:08] INFO     | exadata_temp_io_lw_parser | ✅ Parsed Temp IO + LW (total_lw=182.4/s, temp_spill=128.4/s, temp_hit%=100.0, fc_lw_total=None)
[2026-08-17 12:00:08] ERROR    | exadata_temp_io_lw_parser | ❌ Temp IO LW insert failed: null value in column "dbname" violates not-null constraint
DETAIL:  Failing row contains (14, null, null, null, null, 182.40, 128.40, 14.00, 40.00, 100.00, null, null, 39a7be3edaebc920d152c0783aef5022, 2026-08-17 12:00:08.278752).
Traceback (most recent call last):
  File "C:\AWR_Insight_Portal_v2\modules\awr\exadata_temp_io_lw_parser.py", line 114, in insert_temp_io_lw
    cur.execute(sql,(r["dbname"],r["instance"],r["begin_snap"],r["snap_time"],
    ~~~~~~~~~~~^^^^^^^^^^^^^^^^^^^^^^^^^^^^^^^^^^^^^^^^^^^^^^^^^^^^^^^^^^^^^^^
        r["large_writes_total_ps"],r["lw_temp_spill_ps"],r["lw_data_temp_ps"],
        ^^^^^^^^^^^^^^^^^^^^^^^^^^^^^^^^^^^^^^^^^^^^^^^^^^^^^^^^^^^^^^^^^^^^^^
        r["lw_write_only_ps"],r["db_temp_io_hit_pct"],
        ^^^^^^^^^^^^^^^^^^^^^^^^^^^^^^^^^^^^^^^^^^^^^^
        r["fc_lw_for_temp_total"],r["fc_lw_for_temp_ps"],r["row_hash"]))
        ^^^^^^^^^^^^^^^^^^^^^^^^^^^^^^^^^^^^^^^^^^^^^^^^^^^^^^^^^^^^^^^^
psycopg2.errors.NotNullViolation: null value in column "dbname" violates not-null constraint
DETAIL:  Failing row contains (14, null, null, null, null, 182.40, 128.40, 14.00, 40.00, 100.00, null, null, 39a7be3edaebc920d152c0783aef5022, 2026-08-17 12:00:08.278752).

[2026-08-17 12:00:20] INFO     | exadata_temp_io_lw_parser | ✅ Parsed Temp IO + LW (total_lw=1282.4/s, temp_spill=1048.4/s, temp_hit%=64.4, fc_lw_total=None)
[2026-08-17 12:00:20] ERROR    | exadata_temp_io_lw_parser | ❌ Temp IO LW insert failed: null value in column "dbname" violates not-null constraint
DETAIL:  Failing row contains (15, null, null, null, null, 1282.40, 1048.40, 194.00, 40.00, 64.40, null, null, 39a7be3edaebc920d152c0783aef5022, 2026-08-17 12:00:20.798431).
Traceback (most recent call last):
  File "C:\AWR_Insight_Portal_v2\modules\awr\exadata_temp_io_lw_parser.py", line 114, in insert_temp_io_lw
    cur.execute(sql,(r["dbname"],r["instance"],r["begin_snap"],r["snap_time"],
    ~~~~~~~~~~~^^^^^^^^^^^^^^^^^^^^^^^^^^^^^^^^^^^^^^^^^^^^^^^^^^^^^^^^^^^^^^^
        r["large_writes_total_ps"],r["lw_temp_spill_ps"],r["lw_data_temp_ps"],
        ^^^^^^^^^^^^^^^^^^^^^^^^^^^^^^^^^^^^^^^^^^^^^^^^^^^^^^^^^^^^^^^^^^^^^^
        r["lw_write_only_ps"],r["db_temp_io_hit_pct"],
        ^^^^^^^^^^^^^^^^^^^^^^^^^^^^^^^^^^^^^^^^^^^^^^
        r["fc_lw_for_temp_total"],r["fc_lw_for_temp_ps"],r["row_hash"]))
        ^^^^^^^^^^^^^^^^^^^^^^^^^^^^^^^^^^^^^^^^^^^^^^^^^^^^^^^^^^^^^^^^
psycopg2.errors.NotNullViolation: null value in column "dbname" violates not-null constraint
DETAIL:  Failing row contains (15, null, null, null, null, 1282.40, 1048.40, 194.00, 40.00, 64.40, null, null, 39a7be3edaebc920d152c0783aef5022, 2026-08-17 12:00:20.798431).

[2026-08-17 12:00:32] INFO     | exadata_temp_io_lw_parser | ✅ Parsed Temp IO + LW (total_lw=224.4/s, temp_spill=168.4/s, temp_hit%=100.0, fc_lw_total=None)
[2026-08-17 12:00:32] ERROR    | exadata_temp_io_lw_parser | ❌ Temp IO LW insert failed: null value in column "dbname" violates not-null constraint
DETAIL:  Failing row contains (16, null, null, null, null, 224.40, 168.40, 16.00, 40.00, 100.00, null, null, 39a7be3edaebc920d152c0783aef5022, 2026-08-17 12:00:32.692726).
Traceback (most recent call last):
  File "C:\AWR_Insight_Portal_v2\modules\awr\exadata_temp_io_lw_parser.py", line 114, in insert_temp_io_lw
    cur.execute(sql,(r["dbname"],r["instance"],r["begin_snap"],r["snap_time"],
    ~~~~~~~~~~~^^^^^^^^^^^^^^^^^^^^^^^^^^^^^^^^^^^^^^^^^^^^^^^^^^^^^^^^^^^^^^^
        r["large_writes_total_ps"],r["lw_temp_spill_ps"],r["lw_data_temp_ps"],
        ^^^^^^^^^^^^^^^^^^^^^^^^^^^^^^^^^^^^^^^^^^^^^^^^^^^^^^^^^^^^^^^^^^^^^^
        r["lw_write_only_ps"],r["db_temp_io_hit_pct"],
        ^^^^^^^^^^^^^^^^^^^^^^^^^^^^^^^^^^^^^^^^^^^^^^
        r["fc_lw_for_temp_total"],r["fc_lw_for_temp_ps"],r["row_hash"]))
        ^^^^^^^^^^^^^^^^^^^^^^^^^^^^^^^^^^^^^^^^^^^^^^^^^^^^^^^^^^^^^^^^
psycopg2.errors.NotNullViolation: null value in column "dbname" violates not-null constraint
DETAIL:  Failing row contains (16, null, null, null, null, 224.40, 168.40, 16.00, 40.00, 100.00, null, null, 39a7be3edaebc920d152c0783aef5022, 2026-08-17 12:00:32.692726).

[2026-08-17 12:00:45] INFO     | exadata_temp_io_lw_parser | ✅ Parsed Temp IO + LW (total_lw=384.4/s, temp_spill=284.4/s, temp_hit%=92.4, fc_lw_total=None)
[2026-08-17 12:00:45] ERROR    | exadata_temp_io_lw_parser | ❌ Temp IO LW insert failed: null value in column "dbname" violates not-null constraint
DETAIL:  Failing row contains (17, null, null, null, null, 384.40, 284.40, 60.00, 40.00, 92.40, null, null, 39a7be3edaebc920d152c0783aef5022, 2026-08-17 12:00:45.1513).
Traceback (most recent call last):
  File "C:\AWR_Insight_Portal_v2\modules\awr\exadata_temp_io_lw_parser.py", line 114, in insert_temp_io_lw
    cur.execute(sql,(r["dbname"],r["instance"],r["begin_snap"],r["snap_time"],
    ~~~~~~~~~~~^^^^^^^^^^^^^^^^^^^^^^^^^^^^^^^^^^^^^^^^^^^^^^^^^^^^^^^^^^^^^^^
        r["large_writes_total_ps"],r["lw_temp_spill_ps"],r["lw_data_temp_ps"],
        ^^^^^^^^^^^^^^^^^^^^^^^^^^^^^^^^^^^^^^^^^^^^^^^^^^^^^^^^^^^^^^^^^^^^^^
        r["lw_write_only_ps"],r["db_temp_io_hit_pct"],
        ^^^^^^^^^^^^^^^^^^^^^^^^^^^^^^^^^^^^^^^^^^^^^^
        r["fc_lw_for_temp_total"],r["fc_lw_for_temp_ps"],r["row_hash"]))
        ^^^^^^^^^^^^^^^^^^^^^^^^^^^^^^^^^^^^^^^^^^^^^^^^^^^^^^^^^^^^^^^^
psycopg2.errors.NotNullViolation: null value in column "dbname" violates not-null constraint
DETAIL:  Failing row contains (17, null, null, null, null, 384.40, 284.40, 60.00, 40.00, 92.40, null, null, 39a7be3edaebc920d152c0783aef5022, 2026-08-17 12:00:45.1513).

[2026-08-17 12:00:56] INFO     | exadata_temp_io_lw_parser | ✅ Parsed Temp IO + LW (total_lw=248.4/s, temp_spill=184.4/s, temp_hit%=100.0, fc_lw_total=None)
[2026-08-17 12:00:56] ERROR    | exadata_temp_io_lw_parser | ❌ Temp IO LW insert failed: null value in column "dbname" violates not-null constraint
DETAIL:  Failing row contains (18, null, null, null, null, 248.40, 184.40, 24.00, 40.00, 100.00, null, null, 39a7be3edaebc920d152c0783aef5022, 2026-08-17 12:00:56.765399).
Traceback (most recent call last):
  File "C:\AWR_Insight_Portal_v2\modules\awr\exadata_temp_io_lw_parser.py", line 114, in insert_temp_io_lw
    cur.execute(sql,(r["dbname"],r["instance"],r["begin_snap"],r["snap_time"],
    ~~~~~~~~~~~^^^^^^^^^^^^^^^^^^^^^^^^^^^^^^^^^^^^^^^^^^^^^^^^^^^^^^^^^^^^^^^
        r["large_writes_total_ps"],r["lw_temp_spill_ps"],r["lw_data_temp_ps"],
        ^^^^^^^^^^^^^^^^^^^^^^^^^^^^^^^^^^^^^^^^^^^^^^^^^^^^^^^^^^^^^^^^^^^^^^
        r["lw_write_only_ps"],r["db_temp_io_hit_pct"],
        ^^^^^^^^^^^^^^^^^^^^^^^^^^^^^^^^^^^^^^^^^^^^^^
        r["fc_lw_for_temp_total"],r["fc_lw_for_temp_ps"],r["row_hash"]))
        ^^^^^^^^^^^^^^^^^^^^^^^^^^^^^^^^^^^^^^^^^^^^^^^^^^^^^^^^^^^^^^^^
psycopg2.errors.NotNullViolation: null value in column "dbname" violates not-null constraint
DETAIL:  Failing row contains (18, null, null, null, null, 248.40, 184.40, 24.00, 40.00, 100.00, null, null, 39a7be3edaebc920d152c0783aef5022, 2026-08-17 12:00:56.765399).

[2026-08-17 12:01:08] INFO     | exadata_temp_io_lw_parser | ✅ Parsed Temp IO + LW (total_lw=1848.4/s, temp_spill=1524.4/s, temp_hit%=8.4, fc_lw_total=None)
[2026-08-17 12:01:08] ERROR    | exadata_temp_io_lw_parser | ❌ Temp IO LW insert failed: null value in column "dbname" violates not-null constraint
DETAIL:  Failing row contains (19, null, null, null, null, 1848.40, 1524.40, 284.00, 40.00, 8.40, null, null, 39a7be3edaebc920d152c0783aef5022, 2026-08-17 12:01:08.745274).
Traceback (most recent call last):
  File "C:\AWR_Insight_Portal_v2\modules\awr\exadata_temp_io_lw_parser.py", line 114, in insert_temp_io_lw
    cur.execute(sql,(r["dbname"],r["instance"],r["begin_snap"],r["snap_time"],
    ~~~~~~~~~~~^^^^^^^^^^^^^^^^^^^^^^^^^^^^^^^^^^^^^^^^^^^^^^^^^^^^^^^^^^^^^^^
        r["large_writes_total_ps"],r["lw_temp_spill_ps"],r["lw_data_temp_ps"],
        ^^^^^^^^^^^^^^^^^^^^^^^^^^^^^^^^^^^^^^^^^^^^^^^^^^^^^^^^^^^^^^^^^^^^^^
        r["lw_write_only_ps"],r["db_temp_io_hit_pct"],
        ^^^^^^^^^^^^^^^^^^^^^^^^^^^^^^^^^^^^^^^^^^^^^^
        r["fc_lw_for_temp_total"],r["fc_lw_for_temp_ps"],r["row_hash"]))
        ^^^^^^^^^^^^^^^^^^^^^^^^^^^^^^^^^^^^^^^^^^^^^^^^^^^^^^^^^^^^^^^^
psycopg2.errors.NotNullViolation: null value in column "dbname" violates not-null constraint
DETAIL:  Failing row contains (19, null, null, null, null, 1848.40, 1524.40, 284.00, 40.00, 8.40, null, null, 39a7be3edaebc920d152c0783aef5022, 2026-08-17 12:01:08.745274).

[2026-08-17 12:01:20] INFO     | exadata_temp_io_lw_parser | ✅ Parsed Temp IO + LW (total_lw=248.4/s, temp_spill=184.4/s, temp_hit%=98.4, fc_lw_total=None)
[2026-08-17 12:01:20] ERROR    | exadata_temp_io_lw_parser | ❌ Temp IO LW insert failed: null value in column "dbname" violates not-null constraint
DETAIL:  Failing row contains (20, null, null, null, null, 248.40, 184.40, 24.00, 40.00, 98.40, null, null, 39a7be3edaebc920d152c0783aef5022, 2026-08-17 12:01:20.287031).
Traceback (most recent call last):
  File "C:\AWR_Insight_Portal_v2\modules\awr\exadata_temp_io_lw_parser.py", line 114, in insert_temp_io_lw
    cur.execute(sql,(r["dbname"],r["instance"],r["begin_snap"],r["snap_time"],
    ~~~~~~~~~~~^^^^^^^^^^^^^^^^^^^^^^^^^^^^^^^^^^^^^^^^^^^^^^^^^^^^^^^^^^^^^^^
        r["large_writes_total_ps"],r["lw_temp_spill_ps"],r["lw_data_temp_ps"],
        ^^^^^^^^^^^^^^^^^^^^^^^^^^^^^^^^^^^^^^^^^^^^^^^^^^^^^^^^^^^^^^^^^^^^^^
        r["lw_write_only_ps"],r["db_temp_io_hit_pct"],
        ^^^^^^^^^^^^^^^^^^^^^^^^^^^^^^^^^^^^^^^^^^^^^^
        r["fc_lw_for_temp_total"],r["fc_lw_for_temp_ps"],r["row_hash"]))
        ^^^^^^^^^^^^^^^^^^^^^^^^^^^^^^^^^^^^^^^^^^^^^^^^^^^^^^^^^^^^^^^^
psycopg2.errors.NotNullViolation: null value in column "dbname" violates not-null constraint
DETAIL:  Failing row contains (20, null, null, null, null, 248.40, 184.40, 24.00, 40.00, 98.40, null, null, 39a7be3edaebc920d152c0783aef5022, 2026-08-17 12:01:20.287031).

[2026-08-17 12:06:30] WARNING  | exadata_temp_io_lw_parser | ⚠️  Temp IO and Large Writes section not found
[2026-08-17 12:08:00] WARNING  | exadata_temp_io_lw_parser | ⚠️  Temp IO and Large Writes section not found
[2026-08-17 12:09:31] WARNING  | exadata_temp_io_lw_parser | ⚠️  Temp IO and Large Writes section not found
[2026-08-17 12:11:03] WARNING  | exadata_temp_io_lw_parser | ⚠️  Temp IO and Large Writes section not found
[2026-08-17 12:37:50] WARNING  | exadata_temp_io_lw_parser | ⚠️  Temp IO and Large Writes section not found
[2026-08-17 12:39:26] WARNING  | exadata_temp_io_lw_parser | ⚠️  Temp IO and Large Writes section not found
[2026-08-17 12:40:58] WARNING  | exadata_temp_io_lw_parser | ⚠️  Temp IO and Large Writes section not found
[2026-08-17 12:42:33] WARNING  | exadata_temp_io_lw_parser | ⚠️  Temp IO and Large Writes section not found
[2026-08-17 12:44:08] WARNING  | exadata_temp_io_lw_parser | ⚠️  Temp IO and Large Writes section not found
[2026-08-17 13:36:10] WARNING  | exadata_temp_io_lw_parser | ⚠️  Temp IO and Large Writes section not found
[2026-08-17 13:37:47] WARNING  | exadata_temp_io_lw_parser | ⚠️  Temp IO and Large Writes section not found
[2026-08-17 13:39:14] WARNING  | exadata_temp_io_lw_parser | ⚠️  Temp IO and Large Writes section not found
[2026-08-17 13:40:54] WARNING  | exadata_temp_io_lw_parser | ⚠️  Temp IO and Large Writes section not found
[2026-08-17 13:42:34] WARNING  | exadata_temp_io_lw_parser | ⚠️  Temp IO and Large Writes section not found
[2026-08-17 14:02:55] WARNING  | exadata_temp_io_lw_parser | ⚠️  Temp IO and Large Writes section not found
[2026-08-17 14:04:34] WARNING  | exadata_temp_io_lw_parser | ⚠️  Temp IO and Large Writes section not found
[2026-08-17 14:06:10] WARNING  | exadata_temp_io_lw_parser | ⚠️  Temp IO and Large Writes section not found
[2026-08-17 14:07:50] WARNING  | exadata_temp_io_lw_parser | ⚠️  Temp IO and Large Writes section not found
[2026-08-17 14:09:24] WARNING  | exadata_temp_io_lw_parser | ⚠️  Temp IO and Large Writes section not found
[2026-08-17 14:11:02] WARNING  | exadata_temp_io_lw_parser | ⚠️  Temp IO and Large Writes section not found
[2026-08-17 14:12:34] WARNING  | exadata_temp_io_lw_parser | ⚠️  Temp IO and Large Writes section not found
[2026-08-17 14:15:09] WARNING  | exadata_temp_io_lw_parser | ⚠️  Temp IO and Large Writes section not found
[2026-08-17 14:16:45] WARNING  | exadata_temp_io_lw_parser | ⚠️  Temp IO and Large Writes section not found
[2026-08-17 14:33:27] WARNING  | exadata_temp_io_lw_parser | ⚠️  Temp IO and Large Writes section not found
[2026-08-17 14:34:59] WARNING  | exadata_temp_io_lw_parser | ⚠️  Temp IO and Large Writes section not found
[2026-08-17 14:36:31] WARNING  | exadata_temp_io_lw_parser | ⚠️  Temp IO and Large Writes section not found
[2026-08-17 14:38:08] WARNING  | exadata_temp_io_lw_parser | ⚠️  Temp IO and Large Writes section not found
[2026-08-17 14:39:40] WARNING  | exadata_temp_io_lw_parser | ⚠️  Temp IO and Large Writes section not found
[2026-08-17 14:41:10] WARNING  | exadata_temp_io_lw_parser | ⚠️  Temp IO and Large Writes section not found
[2026-08-17 14:42:39] WARNING  | exadata_temp_io_lw_parser | ⚠️  Temp IO and Large Writes section not found
[2026-08-17 14:44:11] WARNING  | exadata_temp_io_lw_parser | ⚠️  Temp IO and Large Writes section not found
[2026-08-17 14:45:45] WARNING  | exadata_temp_io_lw_parser | ⚠️  Temp IO and Large Writes section not found
[2026-08-17 15:03:51] WARNING  | exadata_temp_io_lw_parser | ⚠️  Temp IO and Large Writes section not found
[2026-08-17 15:05:25] WARNING  | exadata_temp_io_lw_parser | ⚠️  Temp IO and Large Writes section not found
[2026-08-17 15:06:59] WARNING  | exadata_temp_io_lw_parser | ⚠️  Temp IO and Large Writes section not found
[2026-08-17 15:08:33] WARNING  | exadata_temp_io_lw_parser | ⚠️  Temp IO and Large Writes section not found
[2026-08-17 15:10:05] WARNING  | exadata_temp_io_lw_parser | ⚠️  Temp IO and Large Writes section not found
[2026-08-17 15:11:33] WARNING  | exadata_temp_io_lw_parser | ⚠️  Temp IO and Large Writes section not found
[2026-08-17 15:13:02] WARNING  | exadata_temp_io_lw_parser | ⚠️  Temp IO and Large Writes section not found
[2026-08-17 15:14:37] WARNING  | exadata_temp_io_lw_parser | ⚠️  Temp IO and Large Writes section not found
[2026-08-17 15:18:04] WARNING  | exadata_temp_io_lw_parser | ⚠️  Temp IO and Large Writes section not found
[2026-08-17 15:19:40] WARNING  | exadata_temp_io_lw_parser | ⚠️  Temp IO and Large Writes section not found
[2026-08-17 15:36:21] WARNING  | exadata_temp_io_lw_parser | ⚠️  Temp IO and Large Writes section not found
[2026-08-17 15:37:52] WARNING  | exadata_temp_io_lw_parser | ⚠️  Temp IO and Large Writes section not found
[2026-08-17 15:44:12] WARNING  | exadata_temp_io_lw_parser | ⚠️  Temp IO and Large Writes section not found
[2026-08-17 15:45:45] WARNING  | exadata_temp_io_lw_parser | ⚠️  Temp IO and Large Writes section not found
[2026-08-17 15:47:19] WARNING  | exadata_temp_io_lw_parser | ⚠️  Temp IO and Large Writes section not found
[2026-08-17 15:48:52] WARNING  | exadata_temp_io_lw_parser | ⚠️  Temp IO and Large Writes section not found
[2026-08-17 15:50:28] WARNING  | exadata_temp_io_lw_parser | ⚠️  Temp IO and Large Writes section not found
[2026-08-17 15:52:04] WARNING  | exadata_temp_io_lw_parser | ⚠️  Temp IO and Large Writes section not found
[2026-08-17 15:53:39] WARNING  | exadata_temp_io_lw_parser | ⚠️  Temp IO and Large Writes section not found
[2026-08-17 15:55:12] WARNING  | exadata_temp_io_lw_parser | ⚠️  Temp IO and Large Writes section not found
[2026-08-17 15:57:28] WARNING  | exadata_temp_io_lw_parser | ⚠️  Temp IO and Large Writes section not found
[2026-08-17 16:07:07] WARNING  | exadata_temp_io_lw_parser | ⚠️  Temp IO and Large Writes section not found
[2026-08-17 16:08:34] WARNING  | exadata_temp_io_lw_parser | ⚠️  Temp IO and Large Writes section not found
[2026-08-17 16:10:04] WARNING  | exadata_temp_io_lw_parser | ⚠️  Temp IO and Large Writes section not found
[2026-08-17 16:11:39] WARNING  | exadata_temp_io_lw_parser | ⚠️  Temp IO and Large Writes section not found
[2026-08-17 16:13:08] WARNING  | exadata_temp_io_lw_parser | ⚠️  Temp IO and Large Writes section not found
[2026-08-17 16:14:39] WARNING  | exadata_temp_io_lw_parser | ⚠️  Temp IO and Large Writes section not found
[2026-08-17 16:15:54] WARNING  | exadata_temp_io_lw_parser | ⚠️  Temp IO and Large Writes section not found
[2026-08-17 16:17:29] WARNING  | exadata_temp_io_lw_parser | ⚠️  Temp IO and Large Writes section not found
[2026-08-17 16:19:02] WARNING  | exadata_temp_io_lw_parser | ⚠️  Temp IO and Large Writes section not found
[2026-08-17 16:20:42] WARNING  | exadata_temp_io_lw_parser | ⚠️  Temp IO and Large Writes section not found
[2026-08-17 16:21:36] INFO     | exadata_temp_io_lw_parser | ✅ Parsed Temp IO + LW (total_lw=182.66/s, temp_spill=126.31/s, temp_hit%=100.0, fc_lw_total=None)
[2026-08-17 16:21:36] INFO     | exadata_temp_io_lw_parser | ✅ Inserted 1 rows into awr_exadata_temp_io_lw
[2026-08-17 16:21:49] INFO     | exadata_temp_io_lw_parser | ✅ Parsed Temp IO + LW (total_lw=95.2/s, temp_spill=68.4/s, temp_hit%=100.0, fc_lw_total=None)
[2026-08-17 16:21:49] INFO     | exadata_temp_io_lw_parser | ✅ Inserted 1 rows into awr_exadata_temp_io_lw
[2026-08-17 16:22:01] INFO     | exadata_temp_io_lw_parser | ✅ Parsed Temp IO + LW (total_lw=148.2/s, temp_spill=104.8/s, temp_hit%=100.0, fc_lw_total=None)
[2026-08-17 16:22:01] INFO     | exadata_temp_io_lw_parser | ✅ Inserted 1 rows into awr_exadata_temp_io_lw
[2026-08-17 16:22:14] INFO     | exadata_temp_io_lw_parser | ✅ Parsed Temp IO + LW (total_lw=12.4/s, temp_spill=8.2/s, temp_hit%=100.0, fc_lw_total=None)
[2026-08-17 16:22:14] INFO     | exadata_temp_io_lw_parser | ✅ Inserted 1 rows into awr_exadata_temp_io_lw
[2026-08-17 16:22:15] WARNING  | exadata_temp_io_lw_parser | ⚠️  Temp IO and Large Writes section not found
[2026-08-17 16:22:36] INFO     | exadata_temp_io_lw_parser | ✅ Parsed Temp IO + LW (total_lw=42.4/s, temp_spill=28.1/s, temp_hit%=100.0, fc_lw_total=None)
[2026-08-17 16:22:36] INFO     | exadata_temp_io_lw_parser | ✅ Inserted 1 rows into awr_exadata_temp_io_lw
[2026-08-17 16:22:48] INFO     | exadata_temp_io_lw_parser | ✅ Parsed Temp IO + LW (total_lw=248.4/s, temp_spill=184.2/s, temp_hit%=84.2, fc_lw_total=None)
[2026-08-17 16:22:48] INFO     | exadata_temp_io_lw_parser | ✅ Inserted 1 rows into awr_exadata_temp_io_lw
[2026-08-17 16:23:01] INFO     | exadata_temp_io_lw_parser | ✅ Parsed Temp IO + LW (total_lw=482.4/s, temp_spill=384.2/s, temp_hit%=12.4, fc_lw_total=None)
[2026-08-17 16:23:01] INFO     | exadata_temp_io_lw_parser | ✅ Inserted 1 rows into awr_exadata_temp_io_lw
[2026-08-17 16:23:13] INFO     | exadata_temp_io_lw_parser | ✅ Parsed Temp IO + LW (total_lw=182.4/s, temp_spill=128.2/s, temp_hit%=100.0, fc_lw_total=None)
[2026-08-17 16:23:14] INFO     | exadata_temp_io_lw_parser | ✅ Inserted 1 rows into awr_exadata_temp_io_lw
[2026-08-17 16:23:26] INFO     | exadata_temp_io_lw_parser | ✅ Parsed Temp IO + LW (total_lw=248.4/s, temp_spill=182.4/s, temp_hit%=98.4, fc_lw_total=None)
[2026-08-17 16:23:26] INFO     | exadata_temp_io_lw_parser | ✅ Inserted 1 rows into awr_exadata_temp_io_lw
[2026-08-17 16:23:38] INFO     | exadata_temp_io_lw_parser | ✅ Parsed Temp IO + LW (total_lw=684.8/s, temp_spill=524.8/s, temp_hit%=100.0, fc_lw_total=None)
[2026-08-17 16:23:39] INFO     | exadata_temp_io_lw_parser | ✅ Inserted 1 rows into awr_exadata_temp_io_lw
[2026-08-17 16:23:45] WARNING  | exadata_temp_io_lw_parser | ⚠️  Temp IO and Large Writes section not found
[2026-08-17 16:23:51] INFO     | exadata_temp_io_lw_parser | ✅ Parsed Temp IO + LW (total_lw=848.4/s, temp_spill=642.4/s, temp_hit%=88.4, fc_lw_total=None)
[2026-08-17 16:23:51] INFO     | exadata_temp_io_lw_parser | ✅ Inserted 1 rows into awr_exadata_temp_io_lw
[2026-08-17 16:24:04] INFO     | exadata_temp_io_lw_parser | ✅ Parsed Temp IO + LW (total_lw=182.4/s, temp_spill=128.4/s, temp_hit%=100.0, fc_lw_total=None)
[2026-08-17 16:24:04] INFO     | exadata_temp_io_lw_parser | ✅ Inserted 1 rows into awr_exadata_temp_io_lw
[2026-08-17 16:24:16] INFO     | exadata_temp_io_lw_parser | ✅ Parsed Temp IO + LW (total_lw=284.4/s, temp_spill=208.4/s, temp_hit%=100.0, fc_lw_total=None)
[2026-08-17 16:24:16] INFO     | exadata_temp_io_lw_parser | ✅ Inserted 1 rows into awr_exadata_temp_io_lw
[2026-08-17 16:24:29] INFO     | exadata_temp_io_lw_parser | ✅ Parsed Temp IO + LW (total_lw=182.4/s, temp_spill=128.4/s, temp_hit%=100.0, fc_lw_total=None)
[2026-08-17 16:24:29] INFO     | exadata_temp_io_lw_parser | ✅ Inserted 1 rows into awr_exadata_temp_io_lw
[2026-08-17 16:24:41] INFO     | exadata_temp_io_lw_parser | ✅ Parsed Temp IO + LW (total_lw=1282.4/s, temp_spill=1048.4/s, temp_hit%=64.4, fc_lw_total=None)
[2026-08-17 16:24:41] INFO     | exadata_temp_io_lw_parser | ✅ Inserted 1 rows into awr_exadata_temp_io_lw
[2026-08-17 16:24:54] INFO     | exadata_temp_io_lw_parser | ✅ Parsed Temp IO + LW (total_lw=224.4/s, temp_spill=168.4/s, temp_hit%=100.0, fc_lw_total=None)
[2026-08-17 16:24:54] INFO     | exadata_temp_io_lw_parser | ✅ Inserted 1 rows into awr_exadata_temp_io_lw
[2026-08-17 16:25:06] INFO     | exadata_temp_io_lw_parser | ✅ Parsed Temp IO + LW (total_lw=384.4/s, temp_spill=284.4/s, temp_hit%=92.4, fc_lw_total=None)
[2026-08-17 16:25:06] INFO     | exadata_temp_io_lw_parser | ✅ Inserted 1 rows into awr_exadata_temp_io_lw
[2026-08-17 16:25:19] INFO     | exadata_temp_io_lw_parser | ✅ Parsed Temp IO + LW (total_lw=248.4/s, temp_spill=184.4/s, temp_hit%=100.0, fc_lw_total=None)
[2026-08-17 16:25:19] INFO     | exadata_temp_io_lw_parser | ✅ Inserted 1 rows into awr_exadata_temp_io_lw
[2026-08-17 16:25:31] INFO     | exadata_temp_io_lw_parser | ✅ Parsed Temp IO + LW (total_lw=1848.4/s, temp_spill=1524.4/s, temp_hit%=8.4, fc_lw_total=None)
[2026-08-17 16:25:31] INFO     | exadata_temp_io_lw_parser | ✅ Inserted 1 rows into awr_exadata_temp_io_lw
[2026-08-17 16:25:44] INFO     | exadata_temp_io_lw_parser | ✅ Parsed Temp IO + LW (total_lw=248.4/s, temp_spill=184.4/s, temp_hit%=98.4, fc_lw_total=None)
[2026-08-17 16:25:44] INFO     | exadata_temp_io_lw_parser | ✅ Inserted 1 rows into awr_exadata_temp_io_lw
[2026-08-17 16:40:42] WARNING  | exadata_temp_io_lw_parser | ⚠️  Temp IO and Large Writes section not found
[2026-08-17 16:42:15] WARNING  | exadata_temp_io_lw_parser | ⚠️  Temp IO and Large Writes section not found
[2026-08-17 16:43:48] WARNING  | exadata_temp_io_lw_parser | ⚠️  Temp IO and Large Writes section not found
[2026-08-17 16:45:21] WARNING  | exadata_temp_io_lw_parser | ⚠️  Temp IO and Large Writes section not found
[2026-08-17 16:46:53] WARNING  | exadata_temp_io_lw_parser | ⚠️  Temp IO and Large Writes section not found
[2026-08-17 16:48:22] WARNING  | exadata_temp_io_lw_parser | ⚠️  Temp IO and Large Writes section not found
[2026-08-17 16:49:56] WARNING  | exadata_temp_io_lw_parser | ⚠️  Temp IO and Large Writes section not found
[2026-08-17 16:51:31] WARNING  | exadata_temp_io_lw_parser | ⚠️  Temp IO and Large Writes section not found
[2026-08-17 16:53:03] WARNING  | exadata_temp_io_lw_parser | ⚠️  Temp IO and Large Writes section not found
[2026-08-17 16:54:39] WARNING  | exadata_temp_io_lw_parser | ⚠️  Temp IO and Large Writes section not found
[2026-08-17 16:56:09] WARNING  | exadata_temp_io_lw_parser | ⚠️  Temp IO and Large Writes section not found
[2026-08-17 16:57:44] WARNING  | exadata_temp_io_lw_parser | ⚠️  Temp IO and Large Writes section not found
[2026-08-17 16:59:12] WARNING  | exadata_temp_io_lw_parser | ⚠️  Temp IO and Large Writes section not found
[2026-08-17 17:11:26] WARNING  | exadata_temp_io_lw_parser | ⚠️  Temp IO and Large Writes section not found
[2026-08-17 17:12:58] WARNING  | exadata_temp_io_lw_parser | ⚠️  Temp IO and Large Writes section not found
[2026-08-17 17:14:28] WARNING  | exadata_temp_io_lw_parser | ⚠️  Temp IO and Large Writes section not found
[2026-08-17 17:16:02] WARNING  | exadata_temp_io_lw_parser | ⚠️  Temp IO and Large Writes section not found
[2026-08-17 17:17:33] WARNING  | exadata_temp_io_lw_parser | ⚠️  Temp IO and Large Writes section not found
[2026-08-17 17:19:10] WARNING  | exadata_temp_io_lw_parser | ⚠️  Temp IO and Large Writes section not found
[2026-08-17 17:20:41] WARNING  | exadata_temp_io_lw_parser | ⚠️  Temp IO and Large Writes section not found
[2026-08-17 17:22:15] WARNING  | exadata_temp_io_lw_parser | ⚠️  Temp IO and Large Writes section not found
[2026-08-17 17:23:48] WARNING  | exadata_temp_io_lw_parser | ⚠️  Temp IO and Large Writes section not found
[2026-08-17 17:25:21] WARNING  | exadata_temp_io_lw_parser | ⚠️  Temp IO and Large Writes section not found
[2026-08-17 17:26:53] WARNING  | exadata_temp_io_lw_parser | ⚠️  Temp IO and Large Writes section not found
[2026-08-17 17:28:24] WARNING  | exadata_temp_io_lw_parser | ⚠️  Temp IO and Large Writes section not found
[2026-08-17 17:29:54] WARNING  | exadata_temp_io_lw_parser | ⚠️  Temp IO and Large Writes section not found
[2026-08-17 17:31:24] WARNING  | exadata_temp_io_lw_parser | ⚠️  Temp IO and Large Writes section not found
[2026-08-17 17:42:13] WARNING  | exadata_temp_io_lw_parser | ⚠️  Temp IO and Large Writes section not found
[2026-08-17 17:43:48] WARNING  | exadata_temp_io_lw_parser | ⚠️  Temp IO and Large Writes section not found
[2026-08-17 17:45:21] WARNING  | exadata_temp_io_lw_parser | ⚠️  Temp IO and Large Writes section not found
[2026-08-17 17:46:55] WARNING  | exadata_temp_io_lw_parser | ⚠️  Temp IO and Large Writes section not found
[2026-08-17 17:48:26] WARNING  | exadata_temp_io_lw_parser | ⚠️  Temp IO and Large Writes section not found
[2026-08-17 17:49:55] WARNING  | exadata_temp_io_lw_parser | ⚠️  Temp IO and Large Writes section not found
[2026-08-17 18:16:19] WARNING  | exadata_temp_io_lw_parser | ⚠️  Temp IO and Large Writes section not found
[2026-08-18 09:36:02] WARNING  | exadata_temp_io_lw_parser | ⚠️  Temp IO and Large Writes section not found
[2026-08-18 09:37:20] WARNING  | exadata_temp_io_lw_parser | ⚠️  Temp IO and Large Writes section not found
[2026-08-18 09:39:00] WARNING  | exadata_temp_io_lw_parser | ⚠️  Temp IO and Large Writes section not found
[2026-08-18 09:40:36] WARNING  | exadata_temp_io_lw_parser | ⚠️  Temp IO and Large Writes section not found
[2026-08-18 09:42:09] WARNING  | exadata_temp_io_lw_parser | ⚠️  Temp IO and Large Writes section not found
[2026-08-18 09:43:34] WARNING  | exadata_temp_io_lw_parser | ⚠️  Temp IO and Large Writes section not found
[2026-08-18 09:44:54] WARNING  | exadata_temp_io_lw_parser | ⚠️  Temp IO and Large Writes section not found
[2026-08-18 09:46:22] WARNING  | exadata_temp_io_lw_parser | ⚠️  Temp IO and Large Writes section not found
[2026-08-18 09:48:00] WARNING  | exadata_temp_io_lw_parser | ⚠️  Temp IO and Large Writes section not found
[2026-08-18 09:49:27] WARNING  | exadata_temp_io_lw_parser | ⚠️  Temp IO and Large Writes section not found
[2026-08-18 09:50:54] WARNING  | exadata_temp_io_lw_parser | ⚠️  Temp IO and Large Writes section not found
[2026-08-18 09:52:24] WARNING  | exadata_temp_io_lw_parser | ⚠️  Temp IO and Large Writes section not found
[2026-08-18 09:54:05] WARNING  | exadata_temp_io_lw_parser | ⚠️  Temp IO and Large Writes section not found
[2026-08-18 09:55:51] WARNING  | exadata_temp_io_lw_parser | ⚠️  Temp IO and Large Writes section not found
[2026-08-18 09:57:39] WARNING  | exadata_temp_io_lw_parser | ⚠️  Temp IO and Large Writes section not found
[2026-08-18 09:59:20] WARNING  | exadata_temp_io_lw_parser | ⚠️  Temp IO and Large Writes section not found
[2026-08-18 10:00:56] WARNING  | exadata_temp_io_lw_parser | ⚠️  Temp IO and Large Writes section not found
[2026-08-18 10:02:26] WARNING  | exadata_temp_io_lw_parser | ⚠️  Temp IO and Large Writes section not found
[2026-08-18 10:03:51] WARNING  | exadata_temp_io_lw_parser | ⚠️  Temp IO and Large Writes section not found
[2026-08-18 10:05:18] WARNING  | exadata_temp_io_lw_parser | ⚠️  Temp IO and Large Writes section not found
[2026-08-18 10:07:13] WARNING  | exadata_temp_io_lw_parser | ⚠️  Temp IO and Large Writes section not found
[2026-08-18 10:08:53] WARNING  | exadata_temp_io_lw_parser | ⚠️  Temp IO and Large Writes section not found
[2026-08-18 10:10:20] WARNING  | exadata_temp_io_lw_parser | ⚠️  Temp IO and Large Writes section not found
[2026-08-18 10:11:52] WARNING  | exadata_temp_io_lw_parser | ⚠️  Temp IO and Large Writes section not found
[2026-08-18 10:31:24] WARNING  | exadata_temp_io_lw_parser | ⚠️  Temp IO and Large Writes section not found
[2026-08-18 11:01:31] WARNING  | exadata_temp_io_lw_parser | ⚠️  Temp IO and Large Writes section not found
[2026-08-18 11:03:15] WARNING  | exadata_temp_io_lw_parser | ⚠️  Temp IO and Large Writes section not found
[2026-08-18 11:31:28] WARNING  | exadata_temp_io_lw_parser | ⚠️  Temp IO and Large Writes section not found
[2026-08-18 11:32:58] WARNING  | exadata_temp_io_lw_parser | ⚠️  Temp IO and Large Writes section not found
[2026-08-18 11:34:25] WARNING  | exadata_temp_io_lw_parser | ⚠️  Temp IO and Large Writes section not found
[2026-08-18 12:02:56] WARNING  | exadata_temp_io_lw_parser | ⚠️  Temp IO and Large Writes section not found
[2026-08-18 12:04:31] WARNING  | exadata_temp_io_lw_parser | ⚠️  Temp IO and Large Writes section not found
[2026-08-18 12:06:00] WARNING  | exadata_temp_io_lw_parser | ⚠️  Temp IO and Large Writes section not found
[2026-08-18 12:07:31] WARNING  | exadata_temp_io_lw_parser | ⚠️  Temp IO and Large Writes section not found
[2026-08-18 12:33:06] WARNING  | exadata_temp_io_lw_parser | ⚠️  Temp IO and Large Writes section not found
[2026-08-18 12:34:45] WARNING  | exadata_temp_io_lw_parser | ⚠️  Temp IO and Large Writes section not found
[2026-08-18 12:36:20] WARNING  | exadata_temp_io_lw_parser | ⚠️  Temp IO and Large Writes section not found
[2026-08-18 12:37:52] WARNING  | exadata_temp_io_lw_parser | ⚠️  Temp IO and Large Writes section not found
[2026-08-18 12:39:26] WARNING  | exadata_temp_io_lw_parser | ⚠️  Temp IO and Large Writes section not found
[2026-08-18 13:05:45] WARNING  | exadata_temp_io_lw_parser | ⚠️  Temp IO and Large Writes section not found
[2026-08-18 13:07:15] WARNING  | exadata_temp_io_lw_parser | ⚠️  Temp IO and Large Writes section not found
[2026-08-18 13:08:47] WARNING  | exadata_temp_io_lw_parser | ⚠️  Temp IO and Large Writes section not found
[2026-08-18 13:10:18] WARNING  | exadata_temp_io_lw_parser | ⚠️  Temp IO and Large Writes section not found
[2026-08-18 13:11:54] WARNING  | exadata_temp_io_lw_parser | ⚠️  Temp IO and Large Writes section not found
[2026-08-18 13:13:27] WARNING  | exadata_temp_io_lw_parser | ⚠️  Temp IO and Large Writes section not found
[2026-08-18 13:54:52] WARNING  | exadata_temp_io_lw_parser | ⚠️  Temp IO and Large Writes section not found
[2026-08-18 13:56:27] WARNING  | exadata_temp_io_lw_parser | ⚠️  Temp IO and Large Writes section not found
[2026-08-18 13:58:01] WARNING  | exadata_temp_io_lw_parser | ⚠️  Temp IO and Large Writes section not found
[2026-08-18 13:59:30] WARNING  | exadata_temp_io_lw_parser | ⚠️  Temp IO and Large Writes section not found
[2026-08-18 14:10:28] WARNING  | exadata_temp_io_lw_parser | ⚠️  Temp IO and Large Writes section not found
[2026-08-18 14:12:01] WARNING  | exadata_temp_io_lw_parser | ⚠️  Temp IO and Large Writes section not found
[2026-08-18 14:13:32] WARNING  | exadata_temp_io_lw_parser | ⚠️  Temp IO and Large Writes section not found
