[2026-08-17 11:57:35] INFO     | exadata_cell_io_summary_parser | ✅ Parsed 2 Cell I/O Summary rows
[2026-08-17 11:57:36] ERROR    | exadata_cell_io_summary_parser | ❌ Cell I/O Summary insert failed: null value in column "dbname" violates not-null constraint
DETAIL:  Failing row contains (1, null, null, null, null, F/6.2T, 8, null, 705496.07, 88187.01, 819.19, 6743.26, 80274.81, 349.75, 81677.17, 10209.65, df3626fe446c4482e798667a9d2a05a2, 2026-08-17 11:57:36.014653).
Traceback (most recent call last):
  File "C:\AWR_Insight_Portal_v2\modules\awr\exadata_cell_io_summary_parser.py", line 105, in insert_cell_io_summary
    cur.execute(sql,(r["dbname"],r["instance"],r["begin_snap"],r["snap_time"],
    ~~~~~~~~~~~^^^^^^^^^^^^^^^^^^^^^^^^^^^^^^^^^^^^^^^^^^^^^^^^^^^^^^^^^^^^^^^
        r["disk_type"],r["n_cells"],r["n_disks"],r["total_iops"],r["avg_iops_per_cell"],
        ^^^^^^^^^^^^^^^^^^^^^^^^^^^^^^^^^^^^^^^^^^^^^^^^^^^^^^^^^^^^^^^^^^^^^^^^^^^^^^^^
        r["small_reads_ps"],r["small_writes_ps"],r["large_reads_ps"],r["large_writes_ps"],
        ^^^^^^^^^^^^^^^^^^^^^^^^^^^^^^^^^^^^^^^^^^^^^^^^^^^^^^^^^^^^^^^^^^^^^^^^^^^^^^^^^^
        r["total_mbps"],r["avg_mbps_per_cell"],r["row_hash"]))
        ^^^^^^^^^^^^^^^^^^^^^^^^^^^^^^^^^^^^^^^^^^^^^^^^^^^^^^
psycopg2.errors.NotNullViolation: null value in column "dbname" violates not-null constraint
DETAIL:  Failing row contains (1, null, null, null, null, F/6.2T, 8, null, 705496.07, 88187.01, 819.19, 6743.26, 80274.81, 349.75, 81677.17, 10209.65, df3626fe446c4482e798667a9d2a05a2, 2026-08-17 11:57:36.014653).

[2026-08-17 11:57:47] INFO     | exadata_cell_io_summary_parser | ✅ Parsed 2 Cell I/O Summary rows
[2026-08-17 11:57:47] ERROR    | exadata_cell_io_summary_parser | ❌ Cell I/O Summary insert failed: null value in column "dbname" violates not-null constraint
DETAIL:  Failing row contains (2, null, null, null, null, F/6.2T, 8, null, 705496.07, 88187.01, 819.19, 6743.26, 80274.81, 349.75, 81677.17, 10209.65, df3626fe446c4482e798667a9d2a05a2, 2026-08-17 11:57:47.778998).
Traceback (most recent call last):
  File "C:\AWR_Insight_Portal_v2\modules\awr\exadata_cell_io_summary_parser.py", line 105, in insert_cell_io_summary
    cur.execute(sql,(r["dbname"],r["instance"],r["begin_snap"],r["snap_time"],
    ~~~~~~~~~~~^^^^^^^^^^^^^^^^^^^^^^^^^^^^^^^^^^^^^^^^^^^^^^^^^^^^^^^^^^^^^^^
        r["disk_type"],r["n_cells"],r["n_disks"],r["total_iops"],r["avg_iops_per_cell"],
        ^^^^^^^^^^^^^^^^^^^^^^^^^^^^^^^^^^^^^^^^^^^^^^^^^^^^^^^^^^^^^^^^^^^^^^^^^^^^^^^^
        r["small_reads_ps"],r["small_writes_ps"],r["large_reads_ps"],r["large_writes_ps"],
        ^^^^^^^^^^^^^^^^^^^^^^^^^^^^^^^^^^^^^^^^^^^^^^^^^^^^^^^^^^^^^^^^^^^^^^^^^^^^^^^^^^
        r["total_mbps"],r["avg_mbps_per_cell"],r["row_hash"]))
        ^^^^^^^^^^^^^^^^^^^^^^^^^^^^^^^^^^^^^^^^^^^^^^^^^^^^^^
psycopg2.errors.NotNullViolation: null value in column "dbname" violates not-null constraint
DETAIL:  Failing row contains (2, null, null, null, null, F/6.2T, 8, null, 705496.07, 88187.01, 819.19, 6743.26, 80274.81, 349.75, 81677.17, 10209.65, df3626fe446c4482e798667a9d2a05a2, 2026-08-17 11:57:47.778998).

[2026-08-17 11:57:59] INFO     | exadata_cell_io_summary_parser | ✅ Parsed 2 Cell I/O Summary rows
[2026-08-17 11:57:59] ERROR    | exadata_cell_io_summary_parser | ❌ Cell I/O Summary insert failed: null value in column "dbname" violates not-null constraint
DETAIL:  Failing row contains (3, null, null, null, null, F/6.2T, 8, null, 705496.07, 88187.01, 819.19, 6743.26, 80274.81, 349.75, 81677.17, 10209.65, df3626fe446c4482e798667a9d2a05a2, 2026-08-17 11:57:59.449765).
Traceback (most recent call last):
  File "C:\AWR_Insight_Portal_v2\modules\awr\exadata_cell_io_summary_parser.py", line 105, in insert_cell_io_summary
    cur.execute(sql,(r["dbname"],r["instance"],r["begin_snap"],r["snap_time"],
    ~~~~~~~~~~~^^^^^^^^^^^^^^^^^^^^^^^^^^^^^^^^^^^^^^^^^^^^^^^^^^^^^^^^^^^^^^^
        r["disk_type"],r["n_cells"],r["n_disks"],r["total_iops"],r["avg_iops_per_cell"],
        ^^^^^^^^^^^^^^^^^^^^^^^^^^^^^^^^^^^^^^^^^^^^^^^^^^^^^^^^^^^^^^^^^^^^^^^^^^^^^^^^
        r["small_reads_ps"],r["small_writes_ps"],r["large_reads_ps"],r["large_writes_ps"],
        ^^^^^^^^^^^^^^^^^^^^^^^^^^^^^^^^^^^^^^^^^^^^^^^^^^^^^^^^^^^^^^^^^^^^^^^^^^^^^^^^^^
        r["total_mbps"],r["avg_mbps_per_cell"],r["row_hash"]))
        ^^^^^^^^^^^^^^^^^^^^^^^^^^^^^^^^^^^^^^^^^^^^^^^^^^^^^^
psycopg2.errors.NotNullViolation: null value in column "dbname" violates not-null constraint
DETAIL:  Failing row contains (3, null, null, null, null, F/6.2T, 8, null, 705496.07, 88187.01, 819.19, 6743.26, 80274.81, 349.75, 81677.17, 10209.65, df3626fe446c4482e798667a9d2a05a2, 2026-08-17 11:57:59.449765).

[2026-08-17 11:58:10] INFO     | exadata_cell_io_summary_parser | ✅ Parsed 2 Cell I/O Summary rows
[2026-08-17 11:58:10] ERROR    | exadata_cell_io_summary_parser | ❌ Cell I/O Summary insert failed: null value in column "dbname" violates not-null constraint
DETAIL:  Failing row contains (4, null, null, null, null, F/6.2T, 8, null, 705496.07, 88187.01, 819.19, 6743.26, 80274.81, 349.75, 81677.17, 10209.65, df3626fe446c4482e798667a9d2a05a2, 2026-08-17 11:58:10.928421).
Traceback (most recent call last):
  File "C:\AWR_Insight_Portal_v2\modules\awr\exadata_cell_io_summary_parser.py", line 105, in insert_cell_io_summary
    cur.execute(sql,(r["dbname"],r["instance"],r["begin_snap"],r["snap_time"],
    ~~~~~~~~~~~^^^^^^^^^^^^^^^^^^^^^^^^^^^^^^^^^^^^^^^^^^^^^^^^^^^^^^^^^^^^^^^
        r["disk_type"],r["n_cells"],r["n_disks"],r["total_iops"],r["avg_iops_per_cell"],
        ^^^^^^^^^^^^^^^^^^^^^^^^^^^^^^^^^^^^^^^^^^^^^^^^^^^^^^^^^^^^^^^^^^^^^^^^^^^^^^^^
        r["small_reads_ps"],r["small_writes_ps"],r["large_reads_ps"],r["large_writes_ps"],
        ^^^^^^^^^^^^^^^^^^^^^^^^^^^^^^^^^^^^^^^^^^^^^^^^^^^^^^^^^^^^^^^^^^^^^^^^^^^^^^^^^^
        r["total_mbps"],r["avg_mbps_per_cell"],r["row_hash"]))
        ^^^^^^^^^^^^^^^^^^^^^^^^^^^^^^^^^^^^^^^^^^^^^^^^^^^^^^
psycopg2.errors.NotNullViolation: null value in column "dbname" violates not-null constraint
DETAIL:  Failing row contains (4, null, null, null, null, F/6.2T, 8, null, 705496.07, 88187.01, 819.19, 6743.26, 80274.81, 349.75, 81677.17, 10209.65, df3626fe446c4482e798667a9d2a05a2, 2026-08-17 11:58:10.928421).

[2026-08-17 11:58:22] INFO     | exadata_cell_io_summary_parser | ✅ Parsed 2 Cell I/O Summary rows
[2026-08-17 11:58:22] ERROR    | exadata_cell_io_summary_parser | ❌ Cell I/O Summary insert failed: null value in column "dbname" violates not-null constraint
DETAIL:  Failing row contains (5, null, null, null, null, F/6.2T, 8, null, 705496.07, 88187.01, 819.19, 6743.26, 80274.81, 349.75, 81677.17, 10209.65, df3626fe446c4482e798667a9d2a05a2, 2026-08-17 11:58:22.216324).
Traceback (most recent call last):
  File "C:\AWR_Insight_Portal_v2\modules\awr\exadata_cell_io_summary_parser.py", line 105, in insert_cell_io_summary
    cur.execute(sql,(r["dbname"],r["instance"],r["begin_snap"],r["snap_time"],
    ~~~~~~~~~~~^^^^^^^^^^^^^^^^^^^^^^^^^^^^^^^^^^^^^^^^^^^^^^^^^^^^^^^^^^^^^^^
        r["disk_type"],r["n_cells"],r["n_disks"],r["total_iops"],r["avg_iops_per_cell"],
        ^^^^^^^^^^^^^^^^^^^^^^^^^^^^^^^^^^^^^^^^^^^^^^^^^^^^^^^^^^^^^^^^^^^^^^^^^^^^^^^^
        r["small_reads_ps"],r["small_writes_ps"],r["large_reads_ps"],r["large_writes_ps"],
        ^^^^^^^^^^^^^^^^^^^^^^^^^^^^^^^^^^^^^^^^^^^^^^^^^^^^^^^^^^^^^^^^^^^^^^^^^^^^^^^^^^
        r["total_mbps"],r["avg_mbps_per_cell"],r["row_hash"]))
        ^^^^^^^^^^^^^^^^^^^^^^^^^^^^^^^^^^^^^^^^^^^^^^^^^^^^^^
psycopg2.errors.NotNullViolation: null value in column "dbname" violates not-null constraint
DETAIL:  Failing row contains (5, null, null, null, null, F/6.2T, 8, null, 705496.07, 88187.01, 819.19, 6743.26, 80274.81, 349.75, 81677.17, 10209.65, df3626fe446c4482e798667a9d2a05a2, 2026-08-17 11:58:22.216324).

[2026-08-17 11:58:32] INFO     | exadata_cell_io_summary_parser | ✅ Parsed 2 Cell I/O Summary rows
[2026-08-17 11:58:33] ERROR    | exadata_cell_io_summary_parser | ❌ Cell I/O Summary insert failed: null value in column "dbname" violates not-null constraint
DETAIL:  Failing row contains (6, null, null, null, null, F/6.2T, 8, null, 705496.07, 88187.01, 819.19, 6743.26, 80274.81, 349.75, 81677.17, 10209.65, df3626fe446c4482e798667a9d2a05a2, 2026-08-17 11:58:33.069325).
Traceback (most recent call last):
  File "C:\AWR_Insight_Portal_v2\modules\awr\exadata_cell_io_summary_parser.py", line 105, in insert_cell_io_summary
    cur.execute(sql,(r["dbname"],r["instance"],r["begin_snap"],r["snap_time"],
    ~~~~~~~~~~~^^^^^^^^^^^^^^^^^^^^^^^^^^^^^^^^^^^^^^^^^^^^^^^^^^^^^^^^^^^^^^^
        r["disk_type"],r["n_cells"],r["n_disks"],r["total_iops"],r["avg_iops_per_cell"],
        ^^^^^^^^^^^^^^^^^^^^^^^^^^^^^^^^^^^^^^^^^^^^^^^^^^^^^^^^^^^^^^^^^^^^^^^^^^^^^^^^
        r["small_reads_ps"],r["small_writes_ps"],r["large_reads_ps"],r["large_writes_ps"],
        ^^^^^^^^^^^^^^^^^^^^^^^^^^^^^^^^^^^^^^^^^^^^^^^^^^^^^^^^^^^^^^^^^^^^^^^^^^^^^^^^^^
        r["total_mbps"],r["avg_mbps_per_cell"],r["row_hash"]))
        ^^^^^^^^^^^^^^^^^^^^^^^^^^^^^^^^^^^^^^^^^^^^^^^^^^^^^^
psycopg2.errors.NotNullViolation: null value in column "dbname" violates not-null constraint
DETAIL:  Failing row contains (6, null, null, null, null, F/6.2T, 8, null, 705496.07, 88187.01, 819.19, 6743.26, 80274.81, 349.75, 81677.17, 10209.65, df3626fe446c4482e798667a9d2a05a2, 2026-08-17 11:58:33.069325).

[2026-08-17 11:58:44] INFO     | exadata_cell_io_summary_parser | ✅ Parsed 2 Cell I/O Summary rows
[2026-08-17 11:58:44] ERROR    | exadata_cell_io_summary_parser | ❌ Cell I/O Summary insert failed: null value in column "dbname" violates not-null constraint
DETAIL:  Failing row contains (7, null, null, null, null, F/6.2T, 8, null, 705496.07, 88187.01, 819.19, 6743.26, 80274.81, 349.75, 81677.17, 10209.65, df3626fe446c4482e798667a9d2a05a2, 2026-08-17 11:58:44.228428).
Traceback (most recent call last):
  File "C:\AWR_Insight_Portal_v2\modules\awr\exadata_cell_io_summary_parser.py", line 105, in insert_cell_io_summary
    cur.execute(sql,(r["dbname"],r["instance"],r["begin_snap"],r["snap_time"],
    ~~~~~~~~~~~^^^^^^^^^^^^^^^^^^^^^^^^^^^^^^^^^^^^^^^^^^^^^^^^^^^^^^^^^^^^^^^
        r["disk_type"],r["n_cells"],r["n_disks"],r["total_iops"],r["avg_iops_per_cell"],
        ^^^^^^^^^^^^^^^^^^^^^^^^^^^^^^^^^^^^^^^^^^^^^^^^^^^^^^^^^^^^^^^^^^^^^^^^^^^^^^^^
        r["small_reads_ps"],r["small_writes_ps"],r["large_reads_ps"],r["large_writes_ps"],
        ^^^^^^^^^^^^^^^^^^^^^^^^^^^^^^^^^^^^^^^^^^^^^^^^^^^^^^^^^^^^^^^^^^^^^^^^^^^^^^^^^^
        r["total_mbps"],r["avg_mbps_per_cell"],r["row_hash"]))
        ^^^^^^^^^^^^^^^^^^^^^^^^^^^^^^^^^^^^^^^^^^^^^^^^^^^^^^
psycopg2.errors.NotNullViolation: null value in column "dbname" violates not-null constraint
DETAIL:  Failing row contains (7, null, null, null, null, F/6.2T, 8, null, 705496.07, 88187.01, 819.19, 6743.26, 80274.81, 349.75, 81677.17, 10209.65, df3626fe446c4482e798667a9d2a05a2, 2026-08-17 11:58:44.228428).

[2026-08-17 11:58:56] INFO     | exadata_cell_io_summary_parser | ✅ Parsed 2 Cell I/O Summary rows
[2026-08-17 11:58:56] ERROR    | exadata_cell_io_summary_parser | ❌ Cell I/O Summary insert failed: null value in column "dbname" violates not-null constraint
DETAIL:  Failing row contains (8, null, null, null, null, F/6.2T, 8, null, 705496.07, 88187.01, 819.19, 6743.26, 80274.81, 349.75, 81677.17, 10209.65, df3626fe446c4482e798667a9d2a05a2, 2026-08-17 11:58:56.233221).
Traceback (most recent call last):
  File "C:\AWR_Insight_Portal_v2\modules\awr\exadata_cell_io_summary_parser.py", line 105, in insert_cell_io_summary
    cur.execute(sql,(r["dbname"],r["instance"],r["begin_snap"],r["snap_time"],
    ~~~~~~~~~~~^^^^^^^^^^^^^^^^^^^^^^^^^^^^^^^^^^^^^^^^^^^^^^^^^^^^^^^^^^^^^^^
        r["disk_type"],r["n_cells"],r["n_disks"],r["total_iops"],r["avg_iops_per_cell"],
        ^^^^^^^^^^^^^^^^^^^^^^^^^^^^^^^^^^^^^^^^^^^^^^^^^^^^^^^^^^^^^^^^^^^^^^^^^^^^^^^^
        r["small_reads_ps"],r["small_writes_ps"],r["large_reads_ps"],r["large_writes_ps"],
        ^^^^^^^^^^^^^^^^^^^^^^^^^^^^^^^^^^^^^^^^^^^^^^^^^^^^^^^^^^^^^^^^^^^^^^^^^^^^^^^^^^
        r["total_mbps"],r["avg_mbps_per_cell"],r["row_hash"]))
        ^^^^^^^^^^^^^^^^^^^^^^^^^^^^^^^^^^^^^^^^^^^^^^^^^^^^^^
psycopg2.errors.NotNullViolation: null value in column "dbname" violates not-null constraint
DETAIL:  Failing row contains (8, null, null, null, null, F/6.2T, 8, null, 705496.07, 88187.01, 819.19, 6743.26, 80274.81, 349.75, 81677.17, 10209.65, df3626fe446c4482e798667a9d2a05a2, 2026-08-17 11:58:56.233221).

[2026-08-17 11:59:08] INFO     | exadata_cell_io_summary_parser | ✅ Parsed 2 Cell I/O Summary rows
[2026-08-17 11:59:08] ERROR    | exadata_cell_io_summary_parser | ❌ Cell I/O Summary insert failed: null value in column "dbname" violates not-null constraint
DETAIL:  Failing row contains (9, null, null, null, null, F/6.2T, 8, null, 705496.07, 88187.01, 819.19, 6743.26, 80274.81, 349.75, 81677.17, 10209.65, df3626fe446c4482e798667a9d2a05a2, 2026-08-17 11:59:08.623261).
Traceback (most recent call last):
  File "C:\AWR_Insight_Portal_v2\modules\awr\exadata_cell_io_summary_parser.py", line 105, in insert_cell_io_summary
    cur.execute(sql,(r["dbname"],r["instance"],r["begin_snap"],r["snap_time"],
    ~~~~~~~~~~~^^^^^^^^^^^^^^^^^^^^^^^^^^^^^^^^^^^^^^^^^^^^^^^^^^^^^^^^^^^^^^^
        r["disk_type"],r["n_cells"],r["n_disks"],r["total_iops"],r["avg_iops_per_cell"],
        ^^^^^^^^^^^^^^^^^^^^^^^^^^^^^^^^^^^^^^^^^^^^^^^^^^^^^^^^^^^^^^^^^^^^^^^^^^^^^^^^
        r["small_reads_ps"],r["small_writes_ps"],r["large_reads_ps"],r["large_writes_ps"],
        ^^^^^^^^^^^^^^^^^^^^^^^^^^^^^^^^^^^^^^^^^^^^^^^^^^^^^^^^^^^^^^^^^^^^^^^^^^^^^^^^^^
        r["total_mbps"],r["avg_mbps_per_cell"],r["row_hash"]))
        ^^^^^^^^^^^^^^^^^^^^^^^^^^^^^^^^^^^^^^^^^^^^^^^^^^^^^^
psycopg2.errors.NotNullViolation: null value in column "dbname" violates not-null constraint
DETAIL:  Failing row contains (9, null, null, null, null, F/6.2T, 8, null, 705496.07, 88187.01, 819.19, 6743.26, 80274.81, 349.75, 81677.17, 10209.65, df3626fe446c4482e798667a9d2a05a2, 2026-08-17 11:59:08.623261).

[2026-08-17 11:59:20] INFO     | exadata_cell_io_summary_parser | ✅ Parsed 2 Cell I/O Summary rows
[2026-08-17 11:59:20] ERROR    | exadata_cell_io_summary_parser | ❌ Cell I/O Summary insert failed: null value in column "dbname" violates not-null constraint
DETAIL:  Failing row contains (10, null, null, null, null, F/6.2T, 8, null, 705496.07, 88187.01, 819.19, 6743.26, 80274.81, 349.75, 81677.17, 10209.65, df3626fe446c4482e798667a9d2a05a2, 2026-08-17 11:59:20.328853).
Traceback (most recent call last):
  File "C:\AWR_Insight_Portal_v2\modules\awr\exadata_cell_io_summary_parser.py", line 105, in insert_cell_io_summary
    cur.execute(sql,(r["dbname"],r["instance"],r["begin_snap"],r["snap_time"],
    ~~~~~~~~~~~^^^^^^^^^^^^^^^^^^^^^^^^^^^^^^^^^^^^^^^^^^^^^^^^^^^^^^^^^^^^^^^
        r["disk_type"],r["n_cells"],r["n_disks"],r["total_iops"],r["avg_iops_per_cell"],
        ^^^^^^^^^^^^^^^^^^^^^^^^^^^^^^^^^^^^^^^^^^^^^^^^^^^^^^^^^^^^^^^^^^^^^^^^^^^^^^^^
        r["small_reads_ps"],r["small_writes_ps"],r["large_reads_ps"],r["large_writes_ps"],
        ^^^^^^^^^^^^^^^^^^^^^^^^^^^^^^^^^^^^^^^^^^^^^^^^^^^^^^^^^^^^^^^^^^^^^^^^^^^^^^^^^^
        r["total_mbps"],r["avg_mbps_per_cell"],r["row_hash"]))
        ^^^^^^^^^^^^^^^^^^^^^^^^^^^^^^^^^^^^^^^^^^^^^^^^^^^^^^
psycopg2.errors.NotNullViolation: null value in column "dbname" violates not-null constraint
DETAIL:  Failing row contains (10, null, null, null, null, F/6.2T, 8, null, 705496.07, 88187.01, 819.19, 6743.26, 80274.81, 349.75, 81677.17, 10209.65, df3626fe446c4482e798667a9d2a05a2, 2026-08-17 11:59:20.328853).

[2026-08-17 11:59:31] INFO     | exadata_cell_io_summary_parser | ✅ Parsed 2 Cell I/O Summary rows
[2026-08-17 11:59:31] ERROR    | exadata_cell_io_summary_parser | ❌ Cell I/O Summary insert failed: null value in column "dbname" violates not-null constraint
DETAIL:  Failing row contains (11, null, null, null, null, F/6.2T, 8, null, 705496.07, 88187.01, 819.19, 6743.26, 80274.81, 349.75, 81677.17, 10209.65, df3626fe446c4482e798667a9d2a05a2, 2026-08-17 11:59:31.510056).
Traceback (most recent call last):
  File "C:\AWR_Insight_Portal_v2\modules\awr\exadata_cell_io_summary_parser.py", line 105, in insert_cell_io_summary
    cur.execute(sql,(r["dbname"],r["instance"],r["begin_snap"],r["snap_time"],
    ~~~~~~~~~~~^^^^^^^^^^^^^^^^^^^^^^^^^^^^^^^^^^^^^^^^^^^^^^^^^^^^^^^^^^^^^^^
        r["disk_type"],r["n_cells"],r["n_disks"],r["total_iops"],r["avg_iops_per_cell"],
        ^^^^^^^^^^^^^^^^^^^^^^^^^^^^^^^^^^^^^^^^^^^^^^^^^^^^^^^^^^^^^^^^^^^^^^^^^^^^^^^^
        r["small_reads_ps"],r["small_writes_ps"],r["large_reads_ps"],r["large_writes_ps"],
        ^^^^^^^^^^^^^^^^^^^^^^^^^^^^^^^^^^^^^^^^^^^^^^^^^^^^^^^^^^^^^^^^^^^^^^^^^^^^^^^^^^
        r["total_mbps"],r["avg_mbps_per_cell"],r["row_hash"]))
        ^^^^^^^^^^^^^^^^^^^^^^^^^^^^^^^^^^^^^^^^^^^^^^^^^^^^^^
psycopg2.errors.NotNullViolation: null value in column "dbname" violates not-null constraint
DETAIL:  Failing row contains (11, null, null, null, null, F/6.2T, 8, null, 705496.07, 88187.01, 819.19, 6743.26, 80274.81, 349.75, 81677.17, 10209.65, df3626fe446c4482e798667a9d2a05a2, 2026-08-17 11:59:31.510056).

[2026-08-17 11:59:42] INFO     | exadata_cell_io_summary_parser | ✅ Parsed 2 Cell I/O Summary rows
[2026-08-17 11:59:42] ERROR    | exadata_cell_io_summary_parser | ❌ Cell I/O Summary insert failed: null value in column "dbname" violates not-null constraint
DETAIL:  Failing row contains (12, null, null, null, null, F/6.2T, 8, null, 705496.07, 88187.01, 819.19, 6743.26, 80274.81, 349.75, 81677.17, 10209.65, df3626fe446c4482e798667a9d2a05a2, 2026-08-17 11:59:42.728209).
Traceback (most recent call last):
  File "C:\AWR_Insight_Portal_v2\modules\awr\exadata_cell_io_summary_parser.py", line 105, in insert_cell_io_summary
    cur.execute(sql,(r["dbname"],r["instance"],r["begin_snap"],r["snap_time"],
    ~~~~~~~~~~~^^^^^^^^^^^^^^^^^^^^^^^^^^^^^^^^^^^^^^^^^^^^^^^^^^^^^^^^^^^^^^^
        r["disk_type"],r["n_cells"],r["n_disks"],r["total_iops"],r["avg_iops_per_cell"],
        ^^^^^^^^^^^^^^^^^^^^^^^^^^^^^^^^^^^^^^^^^^^^^^^^^^^^^^^^^^^^^^^^^^^^^^^^^^^^^^^^
        r["small_reads_ps"],r["small_writes_ps"],r["large_reads_ps"],r["large_writes_ps"],
        ^^^^^^^^^^^^^^^^^^^^^^^^^^^^^^^^^^^^^^^^^^^^^^^^^^^^^^^^^^^^^^^^^^^^^^^^^^^^^^^^^^
        r["total_mbps"],r["avg_mbps_per_cell"],r["row_hash"]))
        ^^^^^^^^^^^^^^^^^^^^^^^^^^^^^^^^^^^^^^^^^^^^^^^^^^^^^^
psycopg2.errors.NotNullViolation: null value in column "dbname" violates not-null constraint
DETAIL:  Failing row contains (12, null, null, null, null, F/6.2T, 8, null, 705496.07, 88187.01, 819.19, 6743.26, 80274.81, 349.75, 81677.17, 10209.65, df3626fe446c4482e798667a9d2a05a2, 2026-08-17 11:59:42.728209).

[2026-08-17 11:59:53] INFO     | exadata_cell_io_summary_parser | ✅ Parsed 2 Cell I/O Summary rows
[2026-08-17 11:59:53] ERROR    | exadata_cell_io_summary_parser | ❌ Cell I/O Summary insert failed: null value in column "dbname" violates not-null constraint
DETAIL:  Failing row contains (13, null, null, null, null, F/6.2T, 8, null, 705496.07, 88187.01, 819.19, 6743.26, 80274.81, 349.75, 81677.17, 10209.65, df3626fe446c4482e798667a9d2a05a2, 2026-08-17 11:59:53.873158).
Traceback (most recent call last):
  File "C:\AWR_Insight_Portal_v2\modules\awr\exadata_cell_io_summary_parser.py", line 105, in insert_cell_io_summary
    cur.execute(sql,(r["dbname"],r["instance"],r["begin_snap"],r["snap_time"],
    ~~~~~~~~~~~^^^^^^^^^^^^^^^^^^^^^^^^^^^^^^^^^^^^^^^^^^^^^^^^^^^^^^^^^^^^^^^
        r["disk_type"],r["n_cells"],r["n_disks"],r["total_iops"],r["avg_iops_per_cell"],
        ^^^^^^^^^^^^^^^^^^^^^^^^^^^^^^^^^^^^^^^^^^^^^^^^^^^^^^^^^^^^^^^^^^^^^^^^^^^^^^^^
        r["small_reads_ps"],r["small_writes_ps"],r["large_reads_ps"],r["large_writes_ps"],
        ^^^^^^^^^^^^^^^^^^^^^^^^^^^^^^^^^^^^^^^^^^^^^^^^^^^^^^^^^^^^^^^^^^^^^^^^^^^^^^^^^^
        r["total_mbps"],r["avg_mbps_per_cell"],r["row_hash"]))
        ^^^^^^^^^^^^^^^^^^^^^^^^^^^^^^^^^^^^^^^^^^^^^^^^^^^^^^
psycopg2.errors.NotNullViolation: null value in column "dbname" violates not-null constraint
DETAIL:  Failing row contains (13, null, null, null, null, F/6.2T, 8, null, 705496.07, 88187.01, 819.19, 6743.26, 80274.81, 349.75, 81677.17, 10209.65, df3626fe446c4482e798667a9d2a05a2, 2026-08-17 11:59:53.873158).

[2026-08-17 12:00:04] INFO     | exadata_cell_io_summary_parser | ✅ Parsed 2 Cell I/O Summary rows
[2026-08-17 12:00:05] ERROR    | exadata_cell_io_summary_parser | ❌ Cell I/O Summary insert failed: null value in column "dbname" violates not-null constraint
DETAIL:  Failing row contains (14, null, null, null, null, F/6.2T, 8, null, 705496.07, 88187.01, 819.19, 6743.26, 80274.81, 349.75, 81677.17, 10209.65, df3626fe446c4482e798667a9d2a05a2, 2026-08-17 12:00:05.212405).
Traceback (most recent call last):
  File "C:\AWR_Insight_Portal_v2\modules\awr\exadata_cell_io_summary_parser.py", line 105, in insert_cell_io_summary
    cur.execute(sql,(r["dbname"],r["instance"],r["begin_snap"],r["snap_time"],
    ~~~~~~~~~~~^^^^^^^^^^^^^^^^^^^^^^^^^^^^^^^^^^^^^^^^^^^^^^^^^^^^^^^^^^^^^^^
        r["disk_type"],r["n_cells"],r["n_disks"],r["total_iops"],r["avg_iops_per_cell"],
        ^^^^^^^^^^^^^^^^^^^^^^^^^^^^^^^^^^^^^^^^^^^^^^^^^^^^^^^^^^^^^^^^^^^^^^^^^^^^^^^^
        r["small_reads_ps"],r["small_writes_ps"],r["large_reads_ps"],r["large_writes_ps"],
        ^^^^^^^^^^^^^^^^^^^^^^^^^^^^^^^^^^^^^^^^^^^^^^^^^^^^^^^^^^^^^^^^^^^^^^^^^^^^^^^^^^
        r["total_mbps"],r["avg_mbps_per_cell"],r["row_hash"]))
        ^^^^^^^^^^^^^^^^^^^^^^^^^^^^^^^^^^^^^^^^^^^^^^^^^^^^^^
psycopg2.errors.NotNullViolation: null value in column "dbname" violates not-null constraint
DETAIL:  Failing row contains (14, null, null, null, null, F/6.2T, 8, null, 705496.07, 88187.01, 819.19, 6743.26, 80274.81, 349.75, 81677.17, 10209.65, df3626fe446c4482e798667a9d2a05a2, 2026-08-17 12:00:05.212405).

[2026-08-17 12:00:17] INFO     | exadata_cell_io_summary_parser | ✅ Parsed 2 Cell I/O Summary rows
[2026-08-17 12:00:17] ERROR    | exadata_cell_io_summary_parser | ❌ Cell I/O Summary insert failed: null value in column "dbname" violates not-null constraint
DETAIL:  Failing row contains (15, null, null, null, null, F/6.2T, 8, null, 705496.07, 88187.01, 819.19, 6743.26, 80274.81, 349.75, 81677.17, 10209.65, df3626fe446c4482e798667a9d2a05a2, 2026-08-17 12:00:17.244624).
Traceback (most recent call last):
  File "C:\AWR_Insight_Portal_v2\modules\awr\exadata_cell_io_summary_parser.py", line 105, in insert_cell_io_summary
    cur.execute(sql,(r["dbname"],r["instance"],r["begin_snap"],r["snap_time"],
    ~~~~~~~~~~~^^^^^^^^^^^^^^^^^^^^^^^^^^^^^^^^^^^^^^^^^^^^^^^^^^^^^^^^^^^^^^^
        r["disk_type"],r["n_cells"],r["n_disks"],r["total_iops"],r["avg_iops_per_cell"],
        ^^^^^^^^^^^^^^^^^^^^^^^^^^^^^^^^^^^^^^^^^^^^^^^^^^^^^^^^^^^^^^^^^^^^^^^^^^^^^^^^
        r["small_reads_ps"],r["small_writes_ps"],r["large_reads_ps"],r["large_writes_ps"],
        ^^^^^^^^^^^^^^^^^^^^^^^^^^^^^^^^^^^^^^^^^^^^^^^^^^^^^^^^^^^^^^^^^^^^^^^^^^^^^^^^^^
        r["total_mbps"],r["avg_mbps_per_cell"],r["row_hash"]))
        ^^^^^^^^^^^^^^^^^^^^^^^^^^^^^^^^^^^^^^^^^^^^^^^^^^^^^^
psycopg2.errors.NotNullViolation: null value in column "dbname" violates not-null constraint
DETAIL:  Failing row contains (15, null, null, null, null, F/6.2T, 8, null, 705496.07, 88187.01, 819.19, 6743.26, 80274.81, 349.75, 81677.17, 10209.65, df3626fe446c4482e798667a9d2a05a2, 2026-08-17 12:00:17.244624).

[2026-08-17 12:00:29] INFO     | exadata_cell_io_summary_parser | ✅ Parsed 2 Cell I/O Summary rows
[2026-08-17 12:00:29] ERROR    | exadata_cell_io_summary_parser | ❌ Cell I/O Summary insert failed: null value in column "dbname" violates not-null constraint
DETAIL:  Failing row contains (16, null, null, null, null, F/6.2T, 8, null, 705496.07, 88187.01, 819.19, 6743.26, 80274.81, 349.75, 81677.17, 10209.65, df3626fe446c4482e798667a9d2a05a2, 2026-08-17 12:00:29.562523).
Traceback (most recent call last):
  File "C:\AWR_Insight_Portal_v2\modules\awr\exadata_cell_io_summary_parser.py", line 105, in insert_cell_io_summary
    cur.execute(sql,(r["dbname"],r["instance"],r["begin_snap"],r["snap_time"],
    ~~~~~~~~~~~^^^^^^^^^^^^^^^^^^^^^^^^^^^^^^^^^^^^^^^^^^^^^^^^^^^^^^^^^^^^^^^
        r["disk_type"],r["n_cells"],r["n_disks"],r["total_iops"],r["avg_iops_per_cell"],
        ^^^^^^^^^^^^^^^^^^^^^^^^^^^^^^^^^^^^^^^^^^^^^^^^^^^^^^^^^^^^^^^^^^^^^^^^^^^^^^^^
        r["small_reads_ps"],r["small_writes_ps"],r["large_reads_ps"],r["large_writes_ps"],
        ^^^^^^^^^^^^^^^^^^^^^^^^^^^^^^^^^^^^^^^^^^^^^^^^^^^^^^^^^^^^^^^^^^^^^^^^^^^^^^^^^^
        r["total_mbps"],r["avg_mbps_per_cell"],r["row_hash"]))
        ^^^^^^^^^^^^^^^^^^^^^^^^^^^^^^^^^^^^^^^^^^^^^^^^^^^^^^
psycopg2.errors.NotNullViolation: null value in column "dbname" violates not-null constraint
DETAIL:  Failing row contains (16, null, null, null, null, F/6.2T, 8, null, 705496.07, 88187.01, 819.19, 6743.26, 80274.81, 349.75, 81677.17, 10209.65, df3626fe446c4482e798667a9d2a05a2, 2026-08-17 12:00:29.562523).

[2026-08-17 12:00:41] INFO     | exadata_cell_io_summary_parser | ✅ Parsed 2 Cell I/O Summary rows
[2026-08-17 12:00:41] ERROR    | exadata_cell_io_summary_parser | ❌ Cell I/O Summary insert failed: null value in column "dbname" violates not-null constraint
DETAIL:  Failing row contains (17, null, null, null, null, F/6.2T, 8, null, 705496.07, 88187.01, 819.19, 6743.26, 80274.81, 349.75, 81677.17, 10209.65, df3626fe446c4482e798667a9d2a05a2, 2026-08-17 12:00:41.735088).
Traceback (most recent call last):
  File "C:\AWR_Insight_Portal_v2\modules\awr\exadata_cell_io_summary_parser.py", line 105, in insert_cell_io_summary
    cur.execute(sql,(r["dbname"],r["instance"],r["begin_snap"],r["snap_time"],
    ~~~~~~~~~~~^^^^^^^^^^^^^^^^^^^^^^^^^^^^^^^^^^^^^^^^^^^^^^^^^^^^^^^^^^^^^^^
        r["disk_type"],r["n_cells"],r["n_disks"],r["total_iops"],r["avg_iops_per_cell"],
        ^^^^^^^^^^^^^^^^^^^^^^^^^^^^^^^^^^^^^^^^^^^^^^^^^^^^^^^^^^^^^^^^^^^^^^^^^^^^^^^^
        r["small_reads_ps"],r["small_writes_ps"],r["large_reads_ps"],r["large_writes_ps"],
        ^^^^^^^^^^^^^^^^^^^^^^^^^^^^^^^^^^^^^^^^^^^^^^^^^^^^^^^^^^^^^^^^^^^^^^^^^^^^^^^^^^
        r["total_mbps"],r["avg_mbps_per_cell"],r["row_hash"]))
        ^^^^^^^^^^^^^^^^^^^^^^^^^^^^^^^^^^^^^^^^^^^^^^^^^^^^^^
psycopg2.errors.NotNullViolation: null value in column "dbname" violates not-null constraint
DETAIL:  Failing row contains (17, null, null, null, null, F/6.2T, 8, null, 705496.07, 88187.01, 819.19, 6743.26, 80274.81, 349.75, 81677.17, 10209.65, df3626fe446c4482e798667a9d2a05a2, 2026-08-17 12:00:41.735088).

[2026-08-17 12:00:53] INFO     | exadata_cell_io_summary_parser | ✅ Parsed 2 Cell I/O Summary rows
[2026-08-17 12:00:53] ERROR    | exadata_cell_io_summary_parser | ❌ Cell I/O Summary insert failed: null value in column "dbname" violates not-null constraint
DETAIL:  Failing row contains (18, null, null, null, null, F/6.2T, 8, null, 705496.07, 88187.01, 819.19, 6743.26, 80274.81, 349.75, 81677.17, 10209.65, df3626fe446c4482e798667a9d2a05a2, 2026-08-17 12:00:53.579916).
Traceback (most recent call last):
  File "C:\AWR_Insight_Portal_v2\modules\awr\exadata_cell_io_summary_parser.py", line 105, in insert_cell_io_summary
    cur.execute(sql,(r["dbname"],r["instance"],r["begin_snap"],r["snap_time"],
    ~~~~~~~~~~~^^^^^^^^^^^^^^^^^^^^^^^^^^^^^^^^^^^^^^^^^^^^^^^^^^^^^^^^^^^^^^^
        r["disk_type"],r["n_cells"],r["n_disks"],r["total_iops"],r["avg_iops_per_cell"],
        ^^^^^^^^^^^^^^^^^^^^^^^^^^^^^^^^^^^^^^^^^^^^^^^^^^^^^^^^^^^^^^^^^^^^^^^^^^^^^^^^
        r["small_reads_ps"],r["small_writes_ps"],r["large_reads_ps"],r["large_writes_ps"],
        ^^^^^^^^^^^^^^^^^^^^^^^^^^^^^^^^^^^^^^^^^^^^^^^^^^^^^^^^^^^^^^^^^^^^^^^^^^^^^^^^^^
        r["total_mbps"],r["avg_mbps_per_cell"],r["row_hash"]))
        ^^^^^^^^^^^^^^^^^^^^^^^^^^^^^^^^^^^^^^^^^^^^^^^^^^^^^^
psycopg2.errors.NotNullViolation: null value in column "dbname" violates not-null constraint
DETAIL:  Failing row contains (18, null, null, null, null, F/6.2T, 8, null, 705496.07, 88187.01, 819.19, 6743.26, 80274.81, 349.75, 81677.17, 10209.65, df3626fe446c4482e798667a9d2a05a2, 2026-08-17 12:00:53.579916).

[2026-08-17 12:01:05] INFO     | exadata_cell_io_summary_parser | ✅ Parsed 2 Cell I/O Summary rows
[2026-08-17 12:01:05] ERROR    | exadata_cell_io_summary_parser | ❌ Cell I/O Summary insert failed: null value in column "dbname" violates not-null constraint
DETAIL:  Failing row contains (19, null, null, null, null, F/6.2T, 8, null, 705496.07, 88187.01, 819.19, 6743.26, 80274.81, 349.75, 81677.17, 10209.65, df3626fe446c4482e798667a9d2a05a2, 2026-08-17 12:01:05.456506).
Traceback (most recent call last):
  File "C:\AWR_Insight_Portal_v2\modules\awr\exadata_cell_io_summary_parser.py", line 105, in insert_cell_io_summary
    cur.execute(sql,(r["dbname"],r["instance"],r["begin_snap"],r["snap_time"],
    ~~~~~~~~~~~^^^^^^^^^^^^^^^^^^^^^^^^^^^^^^^^^^^^^^^^^^^^^^^^^^^^^^^^^^^^^^^
        r["disk_type"],r["n_cells"],r["n_disks"],r["total_iops"],r["avg_iops_per_cell"],
        ^^^^^^^^^^^^^^^^^^^^^^^^^^^^^^^^^^^^^^^^^^^^^^^^^^^^^^^^^^^^^^^^^^^^^^^^^^^^^^^^
        r["small_reads_ps"],r["small_writes_ps"],r["large_reads_ps"],r["large_writes_ps"],
        ^^^^^^^^^^^^^^^^^^^^^^^^^^^^^^^^^^^^^^^^^^^^^^^^^^^^^^^^^^^^^^^^^^^^^^^^^^^^^^^^^^
        r["total_mbps"],r["avg_mbps_per_cell"],r["row_hash"]))
        ^^^^^^^^^^^^^^^^^^^^^^^^^^^^^^^^^^^^^^^^^^^^^^^^^^^^^^
psycopg2.errors.NotNullViolation: null value in column "dbname" violates not-null constraint
DETAIL:  Failing row contains (19, null, null, null, null, F/6.2T, 8, null, 705496.07, 88187.01, 819.19, 6743.26, 80274.81, 349.75, 81677.17, 10209.65, df3626fe446c4482e798667a9d2a05a2, 2026-08-17 12:01:05.456506).

[2026-08-17 12:01:17] INFO     | exadata_cell_io_summary_parser | ✅ Parsed 2 Cell I/O Summary rows
[2026-08-17 12:01:17] ERROR    | exadata_cell_io_summary_parser | ❌ Cell I/O Summary insert failed: null value in column "dbname" violates not-null constraint
DETAIL:  Failing row contains (20, null, null, null, null, F/6.2T, 8, null, 705496.07, 88187.01, 819.19, 6743.26, 80274.81, 349.75, 81677.17, 10209.65, df3626fe446c4482e798667a9d2a05a2, 2026-08-17 12:01:17.143837).
Traceback (most recent call last):
  File "C:\AWR_Insight_Portal_v2\modules\awr\exadata_cell_io_summary_parser.py", line 105, in insert_cell_io_summary
    cur.execute(sql,(r["dbname"],r["instance"],r["begin_snap"],r["snap_time"],
    ~~~~~~~~~~~^^^^^^^^^^^^^^^^^^^^^^^^^^^^^^^^^^^^^^^^^^^^^^^^^^^^^^^^^^^^^^^
        r["disk_type"],r["n_cells"],r["n_disks"],r["total_iops"],r["avg_iops_per_cell"],
        ^^^^^^^^^^^^^^^^^^^^^^^^^^^^^^^^^^^^^^^^^^^^^^^^^^^^^^^^^^^^^^^^^^^^^^^^^^^^^^^^
        r["small_reads_ps"],r["small_writes_ps"],r["large_reads_ps"],r["large_writes_ps"],
        ^^^^^^^^^^^^^^^^^^^^^^^^^^^^^^^^^^^^^^^^^^^^^^^^^^^^^^^^^^^^^^^^^^^^^^^^^^^^^^^^^^
        r["total_mbps"],r["avg_mbps_per_cell"],r["row_hash"]))
        ^^^^^^^^^^^^^^^^^^^^^^^^^^^^^^^^^^^^^^^^^^^^^^^^^^^^^^
psycopg2.errors.NotNullViolation: null value in column "dbname" violates not-null constraint
DETAIL:  Failing row contains (20, null, null, null, null, F/6.2T, 8, null, 705496.07, 88187.01, 819.19, 6743.26, 80274.81, 349.75, 81677.17, 10209.65, df3626fe446c4482e798667a9d2a05a2, 2026-08-17 12:01:17.143837).

[2026-08-17 12:06:07] WARNING  | exadata_cell_io_summary_parser | ⚠️  Cell I/O Summary section not found
[2026-08-17 12:07:38] WARNING  | exadata_cell_io_summary_parser | ⚠️  Cell I/O Summary section not found
[2026-08-17 12:09:06] WARNING  | exadata_cell_io_summary_parser | ⚠️  Cell I/O Summary section not found
[2026-08-17 12:10:41] WARNING  | exadata_cell_io_summary_parser | ⚠️  Cell I/O Summary section not found
[2026-08-17 12:37:26] WARNING  | exadata_cell_io_summary_parser | ⚠️  Cell I/O Summary section not found
[2026-08-17 12:39:02] WARNING  | exadata_cell_io_summary_parser | ⚠️  Cell I/O Summary section not found
[2026-08-17 12:40:33] WARNING  | exadata_cell_io_summary_parser | ⚠️  Cell I/O Summary section not found
[2026-08-17 12:42:10] WARNING  | exadata_cell_io_summary_parser | ⚠️  Cell I/O Summary section not found
[2026-08-17 12:43:43] WARNING  | exadata_cell_io_summary_parser | ⚠️  Cell I/O Summary section not found
[2026-08-17 13:25:31] WARNING  | exadata_cell_io_summary_parser | ⚠️  Cell I/O Summary section not found
[2026-08-17 13:37:23] WARNING  | exadata_cell_io_summary_parser | ⚠️  Cell I/O Summary section not found
[2026-08-17 13:38:52] WARNING  | exadata_cell_io_summary_parser | ⚠️  Cell I/O Summary section not found
[2026-08-17 13:40:26] WARNING  | exadata_cell_io_summary_parser | ⚠️  Cell I/O Summary section not found
[2026-08-17 13:42:09] WARNING  | exadata_cell_io_summary_parser | ⚠️  Cell I/O Summary section not found
[2026-08-17 14:02:29] WARNING  | exadata_cell_io_summary_parser | ⚠️  Cell I/O Summary section not found
[2026-08-17 14:04:09] WARNING  | exadata_cell_io_summary_parser | ⚠️  Cell I/O Summary section not found
[2026-08-17 14:05:45] WARNING  | exadata_cell_io_summary_parser | ⚠️  Cell I/O Summary section not found
[2026-08-17 14:07:23] WARNING  | exadata_cell_io_summary_parser | ⚠️  Cell I/O Summary section not found
[2026-08-17 14:09:01] WARNING  | exadata_cell_io_summary_parser | ⚠️  Cell I/O Summary section not found
[2026-08-17 14:10:37] WARNING  | exadata_cell_io_summary_parser | ⚠️  Cell I/O Summary section not found
[2026-08-17 14:12:12] WARNING  | exadata_cell_io_summary_parser | ⚠️  Cell I/O Summary section not found
[2026-08-17 14:14:42] WARNING  | exadata_cell_io_summary_parser | ⚠️  Cell I/O Summary section not found
[2026-08-17 14:16:23] WARNING  | exadata_cell_io_summary_parser | ⚠️  Cell I/O Summary section not found
[2026-08-17 14:33:03] WARNING  | exadata_cell_io_summary_parser | ⚠️  Cell I/O Summary section not found
[2026-08-17 14:34:38] WARNING  | exadata_cell_io_summary_parser | ⚠️  Cell I/O Summary section not found
[2026-08-17 14:36:07] WARNING  | exadata_cell_io_summary_parser | ⚠️  Cell I/O Summary section not found
[2026-08-17 14:37:45] WARNING  | exadata_cell_io_summary_parser | ⚠️  Cell I/O Summary section not found
[2026-08-17 14:39:17] WARNING  | exadata_cell_io_summary_parser | ⚠️  Cell I/O Summary section not found
[2026-08-17 14:40:48] WARNING  | exadata_cell_io_summary_parser | ⚠️  Cell I/O Summary section not found
[2026-08-17 14:42:15] WARNING  | exadata_cell_io_summary_parser | ⚠️  Cell I/O Summary section not found
[2026-08-17 14:43:48] WARNING  | exadata_cell_io_summary_parser | ⚠️  Cell I/O Summary section not found
[2026-08-17 14:45:20] WARNING  | exadata_cell_io_summary_parser | ⚠️  Cell I/O Summary section not found
[2026-08-17 15:03:29] WARNING  | exadata_cell_io_summary_parser | ⚠️  Cell I/O Summary section not found
[2026-08-17 15:04:59] WARNING  | exadata_cell_io_summary_parser | ⚠️  Cell I/O Summary section not found
[2026-08-17 15:06:34] WARNING  | exadata_cell_io_summary_parser | ⚠️  Cell I/O Summary section not found
[2026-08-17 15:08:10] WARNING  | exadata_cell_io_summary_parser | ⚠️  Cell I/O Summary section not found
[2026-08-17 15:09:42] WARNING  | exadata_cell_io_summary_parser | ⚠️  Cell I/O Summary section not found
[2026-08-17 15:11:12] WARNING  | exadata_cell_io_summary_parser | ⚠️  Cell I/O Summary section not found
[2026-08-17 15:12:39] WARNING  | exadata_cell_io_summary_parser | ⚠️  Cell I/O Summary section not found
[2026-08-17 15:14:12] WARNING  | exadata_cell_io_summary_parser | ⚠️  Cell I/O Summary section not found
[2026-08-17 15:17:41] WARNING  | exadata_cell_io_summary_parser | ⚠️  Cell I/O Summary section not found
[2026-08-17 15:19:15] WARNING  | exadata_cell_io_summary_parser | ⚠️  Cell I/O Summary section not found
[2026-08-17 15:35:58] WARNING  | exadata_cell_io_summary_parser | ⚠️  Cell I/O Summary section not found
[2026-08-17 15:37:29] WARNING  | exadata_cell_io_summary_parser | ⚠️  Cell I/O Summary section not found
[2026-08-17 15:43:47] WARNING  | exadata_cell_io_summary_parser | ⚠️  Cell I/O Summary section not found
[2026-08-17 15:45:22] WARNING  | exadata_cell_io_summary_parser | ⚠️  Cell I/O Summary section not found
[2026-08-17 15:46:54] WARNING  | exadata_cell_io_summary_parser | ⚠️  Cell I/O Summary section not found
[2026-08-17 15:48:31] WARNING  | exadata_cell_io_summary_parser | ⚠️  Cell I/O Summary section not found
[2026-08-17 15:50:03] WARNING  | exadata_cell_io_summary_parser | ⚠️  Cell I/O Summary section not found
[2026-08-17 15:51:39] WARNING  | exadata_cell_io_summary_parser | ⚠️  Cell I/O Summary section not found
[2026-08-17 15:53:15] WARNING  | exadata_cell_io_summary_parser | ⚠️  Cell I/O Summary section not found
[2026-08-17 15:54:50] WARNING  | exadata_cell_io_summary_parser | ⚠️  Cell I/O Summary section not found
[2026-08-17 15:57:04] WARNING  | exadata_cell_io_summary_parser | ⚠️  Cell I/O Summary section not found
[2026-08-17 16:06:43] WARNING  | exadata_cell_io_summary_parser | ⚠️  Cell I/O Summary section not found
[2026-08-17 16:08:11] WARNING  | exadata_cell_io_summary_parser | ⚠️  Cell I/O Summary section not found
[2026-08-17 16:09:40] WARNING  | exadata_cell_io_summary_parser | ⚠️  Cell I/O Summary section not found
[2026-08-17 16:11:16] WARNING  | exadata_cell_io_summary_parser | ⚠️  Cell I/O Summary section not found
[2026-08-17 16:12:46] WARNING  | exadata_cell_io_summary_parser | ⚠️  Cell I/O Summary section not found
[2026-08-17 16:14:18] WARNING  | exadata_cell_io_summary_parser | ⚠️  Cell I/O Summary section not found
[2026-08-17 16:14:50] WARNING  | exadata_cell_io_summary_parser | ⚠️  Cell I/O Summary section not found
[2026-08-17 16:15:30] WARNING  | exadata_cell_io_summary_parser | ⚠️  Cell I/O Summary section not found
[2026-08-17 16:17:06] WARNING  | exadata_cell_io_summary_parser | ⚠️  Cell I/O Summary section not found
[2026-08-17 16:18:36] WARNING  | exadata_cell_io_summary_parser | ⚠️  Cell I/O Summary section not found
[2026-08-17 16:19:43] WARNING  | exadata_cell_io_summary_parser | ⚠️  Cell I/O Summary section not found
[2026-08-17 16:20:19] WARNING  | exadata_cell_io_summary_parser | ⚠️  Cell I/O Summary section not found
[2026-08-17 16:21:32] INFO     | exadata_cell_io_summary_parser | ✅ Parsed 2 Cell I/O Summary rows
[2026-08-17 16:21:32] INFO     | exadata_cell_io_summary_parser | ✅ Inserted 2 rows into awr_exadata_cell_io_summary
[2026-08-17 16:21:45] INFO     | exadata_cell_io_summary_parser | ✅ Parsed 2 Cell I/O Summary rows
[2026-08-17 16:21:46] INFO     | exadata_cell_io_summary_parser | ✅ Inserted 2 rows into awr_exadata_cell_io_summary
[2026-08-17 16:21:51] WARNING  | exadata_cell_io_summary_parser | ⚠️  Cell I/O Summary section not found
[2026-08-17 16:21:58] INFO     | exadata_cell_io_summary_parser | ✅ Parsed 2 Cell I/O Summary rows
[2026-08-17 16:21:58] INFO     | exadata_cell_io_summary_parser | ✅ Inserted 2 rows into awr_exadata_cell_io_summary
[2026-08-17 16:22:11] INFO     | exadata_cell_io_summary_parser | ✅ Parsed 2 Cell I/O Summary rows
[2026-08-17 16:22:11] INFO     | exadata_cell_io_summary_parser | ✅ Inserted 2 rows into awr_exadata_cell_io_summary
[2026-08-17 16:22:32] INFO     | exadata_cell_io_summary_parser | ✅ Parsed 2 Cell I/O Summary rows
[2026-08-17 16:22:32] INFO     | exadata_cell_io_summary_parser | ✅ Inserted 2 rows into awr_exadata_cell_io_summary
[2026-08-17 16:22:45] INFO     | exadata_cell_io_summary_parser | ✅ Parsed 2 Cell I/O Summary rows
[2026-08-17 16:22:45] INFO     | exadata_cell_io_summary_parser | ✅ Inserted 2 rows into awr_exadata_cell_io_summary
[2026-08-17 16:22:58] INFO     | exadata_cell_io_summary_parser | ✅ Parsed 2 Cell I/O Summary rows
[2026-08-17 16:22:58] INFO     | exadata_cell_io_summary_parser | ✅ Inserted 2 rows into awr_exadata_cell_io_summary
[2026-08-17 16:23:10] INFO     | exadata_cell_io_summary_parser | ✅ Parsed 2 Cell I/O Summary rows
[2026-08-17 16:23:10] INFO     | exadata_cell_io_summary_parser | ✅ Inserted 2 rows into awr_exadata_cell_io_summary
[2026-08-17 16:23:22] INFO     | exadata_cell_io_summary_parser | ✅ Parsed 2 Cell I/O Summary rows
[2026-08-17 16:23:23] INFO     | exadata_cell_io_summary_parser | ✅ Inserted 2 rows into awr_exadata_cell_io_summary
[2026-08-17 16:23:23] WARNING  | exadata_cell_io_summary_parser | ⚠️  Cell I/O Summary section not found
[2026-08-17 16:23:35] INFO     | exadata_cell_io_summary_parser | ✅ Parsed 2 Cell I/O Summary rows
[2026-08-17 16:23:35] INFO     | exadata_cell_io_summary_parser | ✅ Inserted 2 rows into awr_exadata_cell_io_summary
[2026-08-17 16:23:47] INFO     | exadata_cell_io_summary_parser | ✅ Parsed 2 Cell I/O Summary rows
[2026-08-17 16:23:48] INFO     | exadata_cell_io_summary_parser | ✅ Inserted 2 rows into awr_exadata_cell_io_summary
[2026-08-17 16:24:00] INFO     | exadata_cell_io_summary_parser | ✅ Parsed 2 Cell I/O Summary rows
[2026-08-17 16:24:00] INFO     | exadata_cell_io_summary_parser | ✅ Inserted 2 rows into awr_exadata_cell_io_summary
[2026-08-17 16:24:13] INFO     | exadata_cell_io_summary_parser | ✅ Parsed 2 Cell I/O Summary rows
[2026-08-17 16:24:13] INFO     | exadata_cell_io_summary_parser | ✅ Inserted 2 rows into awr_exadata_cell_io_summary
[2026-08-17 16:24:25] INFO     | exadata_cell_io_summary_parser | ✅ Parsed 2 Cell I/O Summary rows
[2026-08-17 16:24:25] INFO     | exadata_cell_io_summary_parser | ✅ Inserted 2 rows into awr_exadata_cell_io_summary
[2026-08-17 16:24:38] INFO     | exadata_cell_io_summary_parser | ✅ Parsed 2 Cell I/O Summary rows
[2026-08-17 16:24:38] INFO     | exadata_cell_io_summary_parser | ✅ Inserted 2 rows into awr_exadata_cell_io_summary
[2026-08-17 16:24:50] INFO     | exadata_cell_io_summary_parser | ✅ Parsed 2 Cell I/O Summary rows
[2026-08-17 16:24:50] INFO     | exadata_cell_io_summary_parser | ✅ Inserted 2 rows into awr_exadata_cell_io_summary
[2026-08-17 16:25:03] INFO     | exadata_cell_io_summary_parser | ✅ Parsed 2 Cell I/O Summary rows
[2026-08-17 16:25:03] INFO     | exadata_cell_io_summary_parser | ✅ Inserted 2 rows into awr_exadata_cell_io_summary
[2026-08-17 16:25:15] INFO     | exadata_cell_io_summary_parser | ✅ Parsed 2 Cell I/O Summary rows
[2026-08-17 16:25:16] INFO     | exadata_cell_io_summary_parser | ✅ Inserted 2 rows into awr_exadata_cell_io_summary
[2026-08-17 16:25:28] INFO     | exadata_cell_io_summary_parser | ✅ Parsed 2 Cell I/O Summary rows
[2026-08-17 16:25:28] INFO     | exadata_cell_io_summary_parser | ✅ Inserted 2 rows into awr_exadata_cell_io_summary
[2026-08-17 16:25:41] INFO     | exadata_cell_io_summary_parser | ✅ Parsed 2 Cell I/O Summary rows
[2026-08-17 16:25:41] INFO     | exadata_cell_io_summary_parser | ✅ Inserted 2 rows into awr_exadata_cell_io_summary
[2026-08-17 16:40:19] WARNING  | exadata_cell_io_summary_parser | ⚠️  Cell I/O Summary section not found
[2026-08-17 16:41:52] WARNING  | exadata_cell_io_summary_parser | ⚠️  Cell I/O Summary section not found
[2026-08-17 16:43:24] WARNING  | exadata_cell_io_summary_parser | ⚠️  Cell I/O Summary section not found
[2026-08-17 16:44:58] WARNING  | exadata_cell_io_summary_parser | ⚠️  Cell I/O Summary section not found
[2026-08-17 16:46:29] WARNING  | exadata_cell_io_summary_parser | ⚠️  Cell I/O Summary section not found
[2026-08-17 16:48:00] WARNING  | exadata_cell_io_summary_parser | ⚠️  Cell I/O Summary section not found
[2026-08-17 16:49:31] WARNING  | exadata_cell_io_summary_parser | ⚠️  Cell I/O Summary section not found
[2026-08-17 16:51:08] WARNING  | exadata_cell_io_summary_parser | ⚠️  Cell I/O Summary section not found
[2026-08-17 16:52:39] WARNING  | exadata_cell_io_summary_parser | ⚠️  Cell I/O Summary section not found
[2026-08-17 16:54:15] WARNING  | exadata_cell_io_summary_parser | ⚠️  Cell I/O Summary section not found
[2026-08-17 16:55:45] WARNING  | exadata_cell_io_summary_parser | ⚠️  Cell I/O Summary section not found
[2026-08-17 16:57:20] WARNING  | exadata_cell_io_summary_parser | ⚠️  Cell I/O Summary section not found
[2026-08-17 16:58:50] WARNING  | exadata_cell_io_summary_parser | ⚠️  Cell I/O Summary section not found
[2026-08-17 17:11:01] WARNING  | exadata_cell_io_summary_parser | ⚠️  Cell I/O Summary section not found
[2026-08-17 17:12:35] WARNING  | exadata_cell_io_summary_parser | ⚠️  Cell I/O Summary section not found
[2026-08-17 17:14:05] WARNING  | exadata_cell_io_summary_parser | ⚠️  Cell I/O Summary section not found
[2026-08-17 17:15:39] WARNING  | exadata_cell_io_summary_parser | ⚠️  Cell I/O Summary section not found
[2026-08-17 17:17:09] WARNING  | exadata_cell_io_summary_parser | ⚠️  Cell I/O Summary section not found
[2026-08-17 17:18:45] WARNING  | exadata_cell_io_summary_parser | ⚠️  Cell I/O Summary section not found
[2026-08-17 17:20:16] WARNING  | exadata_cell_io_summary_parser | ⚠️  Cell I/O Summary section not found
[2026-08-17 17:21:51] WARNING  | exadata_cell_io_summary_parser | ⚠️  Cell I/O Summary section not found
[2026-08-17 17:23:24] WARNING  | exadata_cell_io_summary_parser | ⚠️  Cell I/O Summary section not found
[2026-08-17 17:24:59] WARNING  | exadata_cell_io_summary_parser | ⚠️  Cell I/O Summary section not found
[2026-08-17 17:26:28] WARNING  | exadata_cell_io_summary_parser | ⚠️  Cell I/O Summary section not found
[2026-08-17 17:28:03] WARNING  | exadata_cell_io_summary_parser | ⚠️  Cell I/O Summary section not found
[2026-08-17 17:29:32] WARNING  | exadata_cell_io_summary_parser | ⚠️  Cell I/O Summary section not found
[2026-08-17 17:31:01] WARNING  | exadata_cell_io_summary_parser | ⚠️  Cell I/O Summary section not found
[2026-08-17 17:41:48] WARNING  | exadata_cell_io_summary_parser | ⚠️  Cell I/O Summary section not found
[2026-08-17 17:43:24] WARNING  | exadata_cell_io_summary_parser | ⚠️  Cell I/O Summary section not found
[2026-08-17 17:44:58] WARNING  | exadata_cell_io_summary_parser | ⚠️  Cell I/O Summary section not found
[2026-08-17 17:46:32] WARNING  | exadata_cell_io_summary_parser | ⚠️  Cell I/O Summary section not found
[2026-08-17 17:48:03] WARNING  | exadata_cell_io_summary_parser | ⚠️  Cell I/O Summary section not found
[2026-08-17 17:49:34] WARNING  | exadata_cell_io_summary_parser | ⚠️  Cell I/O Summary section not found
[2026-08-17 18:13:48] WARNING  | exadata_cell_io_summary_parser | ⚠️  Cell I/O Summary section not found
[2026-08-18 09:35:43] WARNING  | exadata_cell_io_summary_parser | ⚠️  Cell I/O Summary section not found
[2026-08-18 09:36:55] WARNING  | exadata_cell_io_summary_parser | ⚠️  Cell I/O Summary section not found
[2026-08-18 09:38:36] WARNING  | exadata_cell_io_summary_parser | ⚠️  Cell I/O Summary section not found
[2026-08-18 09:40:09] WARNING  | exadata_cell_io_summary_parser | ⚠️  Cell I/O Summary section not found
[2026-08-18 09:41:47] WARNING  | exadata_cell_io_summary_parser | ⚠️  Cell I/O Summary section not found
[2026-08-18 09:43:12] WARNING  | exadata_cell_io_summary_parser | ⚠️  Cell I/O Summary section not found
[2026-08-18 09:44:33] WARNING  | exadata_cell_io_summary_parser | ⚠️  Cell I/O Summary section not found
[2026-08-18 09:45:58] WARNING  | exadata_cell_io_summary_parser | ⚠️  Cell I/O Summary section not found
[2026-08-18 09:47:35] WARNING  | exadata_cell_io_summary_parser | ⚠️  Cell I/O Summary section not found
[2026-08-18 09:49:05] WARNING  | exadata_cell_io_summary_parser | ⚠️  Cell I/O Summary section not found
[2026-08-18 09:50:32] WARNING  | exadata_cell_io_summary_parser | ⚠️  Cell I/O Summary section not found
[2026-08-18 09:52:00] WARNING  | exadata_cell_io_summary_parser | ⚠️  Cell I/O Summary section not found
[2026-08-18 09:53:39] WARNING  | exadata_cell_io_summary_parser | ⚠️  Cell I/O Summary section not found
[2026-08-18 09:55:20] WARNING  | exadata_cell_io_summary_parser | ⚠️  Cell I/O Summary section not found
[2026-08-18 09:57:11] WARNING  | exadata_cell_io_summary_parser | ⚠️  Cell I/O Summary section not found
[2026-08-18 09:58:59] WARNING  | exadata_cell_io_summary_parser | ⚠️  Cell I/O Summary section not found
[2026-08-18 10:00:29] WARNING  | exadata_cell_io_summary_parser | ⚠️  Cell I/O Summary section not found
[2026-08-18 10:02:04] WARNING  | exadata_cell_io_summary_parser | ⚠️  Cell I/O Summary section not found
[2026-08-18 10:03:29] WARNING  | exadata_cell_io_summary_parser | ⚠️  Cell I/O Summary section not found
[2026-08-18 10:04:56] WARNING  | exadata_cell_io_summary_parser | ⚠️  Cell I/O Summary section not found
[2026-08-18 10:06:45] WARNING  | exadata_cell_io_summary_parser | ⚠️  Cell I/O Summary section not found
[2026-08-18 10:08:31] WARNING  | exadata_cell_io_summary_parser | ⚠️  Cell I/O Summary section not found
[2026-08-18 10:09:59] WARNING  | exadata_cell_io_summary_parser | ⚠️  Cell I/O Summary section not found
[2026-08-18 10:11:28] WARNING  | exadata_cell_io_summary_parser | ⚠️  Cell I/O Summary section not found
[2026-08-18 10:31:01] WARNING  | exadata_cell_io_summary_parser | ⚠️  Cell I/O Summary section not found
[2026-08-18 11:01:07] WARNING  | exadata_cell_io_summary_parser | ⚠️  Cell I/O Summary section not found
[2026-08-18 11:02:42] WARNING  | exadata_cell_io_summary_parser | ⚠️  Cell I/O Summary section not found
[2026-08-18 11:31:04] WARNING  | exadata_cell_io_summary_parser | ⚠️  Cell I/O Summary section not found
[2026-08-18 11:32:36] WARNING  | exadata_cell_io_summary_parser | ⚠️  Cell I/O Summary section not found
[2026-08-18 11:34:02] WARNING  | exadata_cell_io_summary_parser | ⚠️  Cell I/O Summary section not found
[2026-08-18 12:02:33] WARNING  | exadata_cell_io_summary_parser | ⚠️  Cell I/O Summary section not found
[2026-08-18 12:04:06] WARNING  | exadata_cell_io_summary_parser | ⚠️  Cell I/O Summary section not found
[2026-08-18 12:05:38] WARNING  | exadata_cell_io_summary_parser | ⚠️  Cell I/O Summary section not found
[2026-08-18 12:07:07] WARNING  | exadata_cell_io_summary_parser | ⚠️  Cell I/O Summary section not found
[2026-08-18 12:32:50] WARNING  | exadata_cell_io_summary_parser | ⚠️  Cell I/O Summary section not found
[2026-08-18 12:34:19] WARNING  | exadata_cell_io_summary_parser | ⚠️  Cell I/O Summary section not found
[2026-08-18 12:35:57] WARNING  | exadata_cell_io_summary_parser | ⚠️  Cell I/O Summary section not found
[2026-08-18 12:37:29] WARNING  | exadata_cell_io_summary_parser | ⚠️  Cell I/O Summary section not found
[2026-08-18 12:39:06] WARNING  | exadata_cell_io_summary_parser | ⚠️  Cell I/O Summary section not found
[2026-08-18 13:05:22] WARNING  | exadata_cell_io_summary_parser | ⚠️  Cell I/O Summary section not found
[2026-08-18 13:06:52] WARNING  | exadata_cell_io_summary_parser | ⚠️  Cell I/O Summary section not found
[2026-08-18 13:08:25] WARNING  | exadata_cell_io_summary_parser | ⚠️  Cell I/O Summary section not found
[2026-08-18 13:09:55] WARNING  | exadata_cell_io_summary_parser | ⚠️  Cell I/O Summary section not found
[2026-08-18 13:11:29] WARNING  | exadata_cell_io_summary_parser | ⚠️  Cell I/O Summary section not found
[2026-08-18 13:13:04] WARNING  | exadata_cell_io_summary_parser | ⚠️  Cell I/O Summary section not found
[2026-08-18 13:54:28] WARNING  | exadata_cell_io_summary_parser | ⚠️  Cell I/O Summary section not found
[2026-08-18 13:56:04] WARNING  | exadata_cell_io_summary_parser | ⚠️  Cell I/O Summary section not found
[2026-08-18 13:57:39] WARNING  | exadata_cell_io_summary_parser | ⚠️  Cell I/O Summary section not found
[2026-08-18 13:59:07] WARNING  | exadata_cell_io_summary_parser | ⚠️  Cell I/O Summary section not found
[2026-08-18 14:10:02] WARNING  | exadata_cell_io_summary_parser | ⚠️  Cell I/O Summary section not found
[2026-08-18 14:11:39] WARNING  | exadata_cell_io_summary_parser | ⚠️  Cell I/O Summary section not found
[2026-08-18 14:13:08] WARNING  | exadata_cell_io_summary_parser | ⚠️  Cell I/O Summary section not found
