[2026-08-17 11:57:36] INFO     | exadata_celldisks_parser | ✅ Parsed 2 Celldisk rows
[2026-08-17 11:57:36] ERROR    | exadata_celldisks_parser | ❌ Celldisks insert failed: null value in column "dbname" violates not-null constraint
DETAIL:  Failing row contains (1, null, null, null, F/6.2T, 6334.23, null, All (8), df3626fe446c4482e798667a9d2a05a2, 2026-08-17 11:57:36.464712).
Traceback (most recent call last):
  File "C:\AWR_Insight_Portal_v2\modules\awr\exadata_celldisks_parser.py", line 82, in insert_celldisks
    cur.execute(sql,(r["dbname"],r["begin_snap"],r["snap_time"],r["disk_type"],
    ~~~~~~~~~~~^^^^^^^^^^^^^^^^^^^^^^^^^^^^^^^^^^^^^^^^^^^^^^^^^^^^^^^^^^^^^^^^
        r["celldisk_size_gb"],r["n_celldisks"],r["cells"],r["row_hash"]))
        ^^^^^^^^^^^^^^^^^^^^^^^^^^^^^^^^^^^^^^^^^^^^^^^^^^^^^^^^^^^^^^^^^
psycopg2.errors.NotNullViolation: null value in column "dbname" violates not-null constraint
DETAIL:  Failing row contains (1, null, null, null, F/6.2T, 6334.23, null, All (8), df3626fe446c4482e798667a9d2a05a2, 2026-08-17 11:57:36.464712).

[2026-08-17 11:57:48] INFO     | exadata_celldisks_parser | ✅ Parsed 2 Celldisk rows
[2026-08-17 11:57:48] ERROR    | exadata_celldisks_parser | ❌ Celldisks insert failed: null value in column "dbname" violates not-null constraint
DETAIL:  Failing row contains (2, null, null, null, F/6.2T, 6334.23, null, All (8), df3626fe446c4482e798667a9d2a05a2, 2026-08-17 11:57:48.197205).
Traceback (most recent call last):
  File "C:\AWR_Insight_Portal_v2\modules\awr\exadata_celldisks_parser.py", line 82, in insert_celldisks
    cur.execute(sql,(r["dbname"],r["begin_snap"],r["snap_time"],r["disk_type"],
    ~~~~~~~~~~~^^^^^^^^^^^^^^^^^^^^^^^^^^^^^^^^^^^^^^^^^^^^^^^^^^^^^^^^^^^^^^^^
        r["celldisk_size_gb"],r["n_celldisks"],r["cells"],r["row_hash"]))
        ^^^^^^^^^^^^^^^^^^^^^^^^^^^^^^^^^^^^^^^^^^^^^^^^^^^^^^^^^^^^^^^^^
psycopg2.errors.NotNullViolation: null value in column "dbname" violates not-null constraint
DETAIL:  Failing row contains (2, null, null, null, F/6.2T, 6334.23, null, All (8), df3626fe446c4482e798667a9d2a05a2, 2026-08-17 11:57:48.197205).

[2026-08-17 11:57:59] INFO     | exadata_celldisks_parser | ✅ Parsed 2 Celldisk rows
[2026-08-17 11:57:59] ERROR    | exadata_celldisks_parser | ❌ Celldisks insert failed: null value in column "dbname" violates not-null constraint
DETAIL:  Failing row contains (3, null, null, null, F/6.2T, 6334.23, null, All (8), df3626fe446c4482e798667a9d2a05a2, 2026-08-17 11:57:59.76853).
Traceback (most recent call last):
  File "C:\AWR_Insight_Portal_v2\modules\awr\exadata_celldisks_parser.py", line 82, in insert_celldisks
    cur.execute(sql,(r["dbname"],r["begin_snap"],r["snap_time"],r["disk_type"],
    ~~~~~~~~~~~^^^^^^^^^^^^^^^^^^^^^^^^^^^^^^^^^^^^^^^^^^^^^^^^^^^^^^^^^^^^^^^^
        r["celldisk_size_gb"],r["n_celldisks"],r["cells"],r["row_hash"]))
        ^^^^^^^^^^^^^^^^^^^^^^^^^^^^^^^^^^^^^^^^^^^^^^^^^^^^^^^^^^^^^^^^^
psycopg2.errors.NotNullViolation: null value in column "dbname" violates not-null constraint
DETAIL:  Failing row contains (3, null, null, null, F/6.2T, 6334.23, null, All (8), df3626fe446c4482e798667a9d2a05a2, 2026-08-17 11:57:59.76853).

[2026-08-17 11:58:11] INFO     | exadata_celldisks_parser | ✅ Parsed 2 Celldisk rows
[2026-08-17 11:58:11] ERROR    | exadata_celldisks_parser | ❌ Celldisks insert failed: null value in column "dbname" violates not-null constraint
DETAIL:  Failing row contains (4, null, null, null, F/6.2T, 6334.23, null, All (8), df3626fe446c4482e798667a9d2a05a2, 2026-08-17 11:58:11.241971).
Traceback (most recent call last):
  File "C:\AWR_Insight_Portal_v2\modules\awr\exadata_celldisks_parser.py", line 82, in insert_celldisks
    cur.execute(sql,(r["dbname"],r["begin_snap"],r["snap_time"],r["disk_type"],
    ~~~~~~~~~~~^^^^^^^^^^^^^^^^^^^^^^^^^^^^^^^^^^^^^^^^^^^^^^^^^^^^^^^^^^^^^^^^
        r["celldisk_size_gb"],r["n_celldisks"],r["cells"],r["row_hash"]))
        ^^^^^^^^^^^^^^^^^^^^^^^^^^^^^^^^^^^^^^^^^^^^^^^^^^^^^^^^^^^^^^^^^
psycopg2.errors.NotNullViolation: null value in column "dbname" violates not-null constraint
DETAIL:  Failing row contains (4, null, null, null, F/6.2T, 6334.23, null, All (8), df3626fe446c4482e798667a9d2a05a2, 2026-08-17 11:58:11.241971).

[2026-08-17 11:58:22] INFO     | exadata_celldisks_parser | ✅ Parsed 2 Celldisk rows
[2026-08-17 11:58:22] ERROR    | exadata_celldisks_parser | ❌ Celldisks insert failed: null value in column "dbname" violates not-null constraint
DETAIL:  Failing row contains (5, null, null, null, F/6.2T, 6334.23, null, All (8), df3626fe446c4482e798667a9d2a05a2, 2026-08-17 11:58:22.561271).
Traceback (most recent call last):
  File "C:\AWR_Insight_Portal_v2\modules\awr\exadata_celldisks_parser.py", line 82, in insert_celldisks
    cur.execute(sql,(r["dbname"],r["begin_snap"],r["snap_time"],r["disk_type"],
    ~~~~~~~~~~~^^^^^^^^^^^^^^^^^^^^^^^^^^^^^^^^^^^^^^^^^^^^^^^^^^^^^^^^^^^^^^^^
        r["celldisk_size_gb"],r["n_celldisks"],r["cells"],r["row_hash"]))
        ^^^^^^^^^^^^^^^^^^^^^^^^^^^^^^^^^^^^^^^^^^^^^^^^^^^^^^^^^^^^^^^^^
psycopg2.errors.NotNullViolation: null value in column "dbname" violates not-null constraint
DETAIL:  Failing row contains (5, null, null, null, F/6.2T, 6334.23, null, All (8), df3626fe446c4482e798667a9d2a05a2, 2026-08-17 11:58:22.561271).

[2026-08-17 11:58:33] INFO     | exadata_celldisks_parser | ✅ Parsed 2 Celldisk rows
[2026-08-17 11:58:33] ERROR    | exadata_celldisks_parser | ❌ Celldisks insert failed: null value in column "dbname" violates not-null constraint
DETAIL:  Failing row contains (6, null, null, null, F/6.2T, 6334.23, null, All (8), df3626fe446c4482e798667a9d2a05a2, 2026-08-17 11:58:33.385751).
Traceback (most recent call last):
  File "C:\AWR_Insight_Portal_v2\modules\awr\exadata_celldisks_parser.py", line 82, in insert_celldisks
    cur.execute(sql,(r["dbname"],r["begin_snap"],r["snap_time"],r["disk_type"],
    ~~~~~~~~~~~^^^^^^^^^^^^^^^^^^^^^^^^^^^^^^^^^^^^^^^^^^^^^^^^^^^^^^^^^^^^^^^^
        r["celldisk_size_gb"],r["n_celldisks"],r["cells"],r["row_hash"]))
        ^^^^^^^^^^^^^^^^^^^^^^^^^^^^^^^^^^^^^^^^^^^^^^^^^^^^^^^^^^^^^^^^^
psycopg2.errors.NotNullViolation: null value in column "dbname" violates not-null constraint
DETAIL:  Failing row contains (6, null, null, null, F/6.2T, 6334.23, null, All (8), df3626fe446c4482e798667a9d2a05a2, 2026-08-17 11:58:33.385751).

[2026-08-17 11:58:44] INFO     | exadata_celldisks_parser | ✅ Parsed 2 Celldisk rows
[2026-08-17 11:58:44] ERROR    | exadata_celldisks_parser | ❌ Celldisks insert failed: null value in column "dbname" violates not-null constraint
DETAIL:  Failing row contains (7, null, null, null, F/6.2T, 6334.23, null, All (8), df3626fe446c4482e798667a9d2a05a2, 2026-08-17 11:58:44.552351).
Traceback (most recent call last):
  File "C:\AWR_Insight_Portal_v2\modules\awr\exadata_celldisks_parser.py", line 82, in insert_celldisks
    cur.execute(sql,(r["dbname"],r["begin_snap"],r["snap_time"],r["disk_type"],
    ~~~~~~~~~~~^^^^^^^^^^^^^^^^^^^^^^^^^^^^^^^^^^^^^^^^^^^^^^^^^^^^^^^^^^^^^^^^
        r["celldisk_size_gb"],r["n_celldisks"],r["cells"],r["row_hash"]))
        ^^^^^^^^^^^^^^^^^^^^^^^^^^^^^^^^^^^^^^^^^^^^^^^^^^^^^^^^^^^^^^^^^
psycopg2.errors.NotNullViolation: null value in column "dbname" violates not-null constraint
DETAIL:  Failing row contains (7, null, null, null, F/6.2T, 6334.23, null, All (8), df3626fe446c4482e798667a9d2a05a2, 2026-08-17 11:58:44.552351).

[2026-08-17 11:58:56] INFO     | exadata_celldisks_parser | ✅ Parsed 2 Celldisk rows
[2026-08-17 11:58:56] ERROR    | exadata_celldisks_parser | ❌ Celldisks insert failed: null value in column "dbname" violates not-null constraint
DETAIL:  Failing row contains (8, null, null, null, F/6.2T, 6334.23, null, All (8), df3626fe446c4482e798667a9d2a05a2, 2026-08-17 11:58:56.565354).
Traceback (most recent call last):
  File "C:\AWR_Insight_Portal_v2\modules\awr\exadata_celldisks_parser.py", line 82, in insert_celldisks
    cur.execute(sql,(r["dbname"],r["begin_snap"],r["snap_time"],r["disk_type"],
    ~~~~~~~~~~~^^^^^^^^^^^^^^^^^^^^^^^^^^^^^^^^^^^^^^^^^^^^^^^^^^^^^^^^^^^^^^^^
        r["celldisk_size_gb"],r["n_celldisks"],r["cells"],r["row_hash"]))
        ^^^^^^^^^^^^^^^^^^^^^^^^^^^^^^^^^^^^^^^^^^^^^^^^^^^^^^^^^^^^^^^^^
psycopg2.errors.NotNullViolation: null value in column "dbname" violates not-null constraint
DETAIL:  Failing row contains (8, null, null, null, F/6.2T, 6334.23, null, All (8), df3626fe446c4482e798667a9d2a05a2, 2026-08-17 11:58:56.565354).

[2026-08-17 11:59:08] INFO     | exadata_celldisks_parser | ✅ Parsed 2 Celldisk rows
[2026-08-17 11:59:08] ERROR    | exadata_celldisks_parser | ❌ Celldisks insert failed: null value in column "dbname" violates not-null constraint
DETAIL:  Failing row contains (9, null, null, null, F/6.2T, 6334.23, null, All (8), df3626fe446c4482e798667a9d2a05a2, 2026-08-17 11:59:08.952497).
Traceback (most recent call last):
  File "C:\AWR_Insight_Portal_v2\modules\awr\exadata_celldisks_parser.py", line 82, in insert_celldisks
    cur.execute(sql,(r["dbname"],r["begin_snap"],r["snap_time"],r["disk_type"],
    ~~~~~~~~~~~^^^^^^^^^^^^^^^^^^^^^^^^^^^^^^^^^^^^^^^^^^^^^^^^^^^^^^^^^^^^^^^^
        r["celldisk_size_gb"],r["n_celldisks"],r["cells"],r["row_hash"]))
        ^^^^^^^^^^^^^^^^^^^^^^^^^^^^^^^^^^^^^^^^^^^^^^^^^^^^^^^^^^^^^^^^^
psycopg2.errors.NotNullViolation: null value in column "dbname" violates not-null constraint
DETAIL:  Failing row contains (9, null, null, null, F/6.2T, 6334.23, null, All (8), df3626fe446c4482e798667a9d2a05a2, 2026-08-17 11:59:08.952497).

[2026-08-17 11:59:20] INFO     | exadata_celldisks_parser | ✅ Parsed 2 Celldisk rows
[2026-08-17 11:59:20] ERROR    | exadata_celldisks_parser | ❌ Celldisks insert failed: null value in column "dbname" violates not-null constraint
DETAIL:  Failing row contains (10, null, null, null, F/6.2T, 6334.23, null, All (8), df3626fe446c4482e798667a9d2a05a2, 2026-08-17 11:59:20.64087).
Traceback (most recent call last):
  File "C:\AWR_Insight_Portal_v2\modules\awr\exadata_celldisks_parser.py", line 82, in insert_celldisks
    cur.execute(sql,(r["dbname"],r["begin_snap"],r["snap_time"],r["disk_type"],
    ~~~~~~~~~~~^^^^^^^^^^^^^^^^^^^^^^^^^^^^^^^^^^^^^^^^^^^^^^^^^^^^^^^^^^^^^^^^
        r["celldisk_size_gb"],r["n_celldisks"],r["cells"],r["row_hash"]))
        ^^^^^^^^^^^^^^^^^^^^^^^^^^^^^^^^^^^^^^^^^^^^^^^^^^^^^^^^^^^^^^^^^
psycopg2.errors.NotNullViolation: null value in column "dbname" violates not-null constraint
DETAIL:  Failing row contains (10, null, null, null, F/6.2T, 6334.23, null, All (8), df3626fe446c4482e798667a9d2a05a2, 2026-08-17 11:59:20.64087).

[2026-08-17 11:59:31] INFO     | exadata_celldisks_parser | ✅ Parsed 2 Celldisk rows
[2026-08-17 11:59:31] ERROR    | exadata_celldisks_parser | ❌ Celldisks insert failed: null value in column "dbname" violates not-null constraint
DETAIL:  Failing row contains (11, null, null, null, F/6.2T, 6334.23, null, All (8), df3626fe446c4482e798667a9d2a05a2, 2026-08-17 11:59:31.865084).
Traceback (most recent call last):
  File "C:\AWR_Insight_Portal_v2\modules\awr\exadata_celldisks_parser.py", line 82, in insert_celldisks
    cur.execute(sql,(r["dbname"],r["begin_snap"],r["snap_time"],r["disk_type"],
    ~~~~~~~~~~~^^^^^^^^^^^^^^^^^^^^^^^^^^^^^^^^^^^^^^^^^^^^^^^^^^^^^^^^^^^^^^^^
        r["celldisk_size_gb"],r["n_celldisks"],r["cells"],r["row_hash"]))
        ^^^^^^^^^^^^^^^^^^^^^^^^^^^^^^^^^^^^^^^^^^^^^^^^^^^^^^^^^^^^^^^^^
psycopg2.errors.NotNullViolation: null value in column "dbname" violates not-null constraint
DETAIL:  Failing row contains (11, null, null, null, F/6.2T, 6334.23, null, All (8), df3626fe446c4482e798667a9d2a05a2, 2026-08-17 11:59:31.865084).

[2026-08-17 11:59:42] INFO     | exadata_celldisks_parser | ✅ Parsed 2 Celldisk rows
[2026-08-17 11:59:43] ERROR    | exadata_celldisks_parser | ❌ Celldisks insert failed: null value in column "dbname" violates not-null constraint
DETAIL:  Failing row contains (12, null, null, null, F/6.2T, 6334.23, null, All (8), df3626fe446c4482e798667a9d2a05a2, 2026-08-17 11:59:43.061169).
Traceback (most recent call last):
  File "C:\AWR_Insight_Portal_v2\modules\awr\exadata_celldisks_parser.py", line 82, in insert_celldisks
    cur.execute(sql,(r["dbname"],r["begin_snap"],r["snap_time"],r["disk_type"],
    ~~~~~~~~~~~^^^^^^^^^^^^^^^^^^^^^^^^^^^^^^^^^^^^^^^^^^^^^^^^^^^^^^^^^^^^^^^^
        r["celldisk_size_gb"],r["n_celldisks"],r["cells"],r["row_hash"]))
        ^^^^^^^^^^^^^^^^^^^^^^^^^^^^^^^^^^^^^^^^^^^^^^^^^^^^^^^^^^^^^^^^^
psycopg2.errors.NotNullViolation: null value in column "dbname" violates not-null constraint
DETAIL:  Failing row contains (12, null, null, null, F/6.2T, 6334.23, null, All (8), df3626fe446c4482e798667a9d2a05a2, 2026-08-17 11:59:43.061169).

[2026-08-17 11:59:54] INFO     | exadata_celldisks_parser | ✅ Parsed 2 Celldisk rows
[2026-08-17 11:59:54] ERROR    | exadata_celldisks_parser | ❌ Celldisks insert failed: null value in column "dbname" violates not-null constraint
DETAIL:  Failing row contains (13, null, null, null, F/6.2T, 6334.23, null, All (8), df3626fe446c4482e798667a9d2a05a2, 2026-08-17 11:59:54.195851).
Traceback (most recent call last):
  File "C:\AWR_Insight_Portal_v2\modules\awr\exadata_celldisks_parser.py", line 82, in insert_celldisks
    cur.execute(sql,(r["dbname"],r["begin_snap"],r["snap_time"],r["disk_type"],
    ~~~~~~~~~~~^^^^^^^^^^^^^^^^^^^^^^^^^^^^^^^^^^^^^^^^^^^^^^^^^^^^^^^^^^^^^^^^
        r["celldisk_size_gb"],r["n_celldisks"],r["cells"],r["row_hash"]))
        ^^^^^^^^^^^^^^^^^^^^^^^^^^^^^^^^^^^^^^^^^^^^^^^^^^^^^^^^^^^^^^^^^
psycopg2.errors.NotNullViolation: null value in column "dbname" violates not-null constraint
DETAIL:  Failing row contains (13, null, null, null, F/6.2T, 6334.23, null, All (8), df3626fe446c4482e798667a9d2a05a2, 2026-08-17 11:59:54.195851).

[2026-08-17 12:00:05] INFO     | exadata_celldisks_parser | ✅ Parsed 2 Celldisk rows
[2026-08-17 12:00:05] ERROR    | exadata_celldisks_parser | ❌ Celldisks insert failed: null value in column "dbname" violates not-null constraint
DETAIL:  Failing row contains (14, null, null, null, F/6.2T, 6334.23, null, All (8), df3626fe446c4482e798667a9d2a05a2, 2026-08-17 12:00:05.528035).
Traceback (most recent call last):
  File "C:\AWR_Insight_Portal_v2\modules\awr\exadata_celldisks_parser.py", line 82, in insert_celldisks
    cur.execute(sql,(r["dbname"],r["begin_snap"],r["snap_time"],r["disk_type"],
    ~~~~~~~~~~~^^^^^^^^^^^^^^^^^^^^^^^^^^^^^^^^^^^^^^^^^^^^^^^^^^^^^^^^^^^^^^^^
        r["celldisk_size_gb"],r["n_celldisks"],r["cells"],r["row_hash"]))
        ^^^^^^^^^^^^^^^^^^^^^^^^^^^^^^^^^^^^^^^^^^^^^^^^^^^^^^^^^^^^^^^^^
psycopg2.errors.NotNullViolation: null value in column "dbname" violates not-null constraint
DETAIL:  Failing row contains (14, null, null, null, F/6.2T, 6334.23, null, All (8), df3626fe446c4482e798667a9d2a05a2, 2026-08-17 12:00:05.528035).

[2026-08-17 12:00:17] INFO     | exadata_celldisks_parser | ✅ Parsed 2 Celldisk rows
[2026-08-17 12:00:17] ERROR    | exadata_celldisks_parser | ❌ Celldisks insert failed: null value in column "dbname" violates not-null constraint
DETAIL:  Failing row contains (15, null, null, null, F/6.2T, 6334.23, null, All (8), df3626fe446c4482e798667a9d2a05a2, 2026-08-17 12:00:17.593259).
Traceback (most recent call last):
  File "C:\AWR_Insight_Portal_v2\modules\awr\exadata_celldisks_parser.py", line 82, in insert_celldisks
    cur.execute(sql,(r["dbname"],r["begin_snap"],r["snap_time"],r["disk_type"],
    ~~~~~~~~~~~^^^^^^^^^^^^^^^^^^^^^^^^^^^^^^^^^^^^^^^^^^^^^^^^^^^^^^^^^^^^^^^^
        r["celldisk_size_gb"],r["n_celldisks"],r["cells"],r["row_hash"]))
        ^^^^^^^^^^^^^^^^^^^^^^^^^^^^^^^^^^^^^^^^^^^^^^^^^^^^^^^^^^^^^^^^^
psycopg2.errors.NotNullViolation: null value in column "dbname" violates not-null constraint
DETAIL:  Failing row contains (15, null, null, null, F/6.2T, 6334.23, null, All (8), df3626fe446c4482e798667a9d2a05a2, 2026-08-17 12:00:17.593259).

[2026-08-17 12:00:29] INFO     | exadata_celldisks_parser | ✅ Parsed 2 Celldisk rows
[2026-08-17 12:00:29] ERROR    | exadata_celldisks_parser | ❌ Celldisks insert failed: null value in column "dbname" violates not-null constraint
DETAIL:  Failing row contains (16, null, null, null, F/6.2T, 6334.23, null, All (8), df3626fe446c4482e798667a9d2a05a2, 2026-08-17 12:00:29.894248).
Traceback (most recent call last):
  File "C:\AWR_Insight_Portal_v2\modules\awr\exadata_celldisks_parser.py", line 82, in insert_celldisks
    cur.execute(sql,(r["dbname"],r["begin_snap"],r["snap_time"],r["disk_type"],
    ~~~~~~~~~~~^^^^^^^^^^^^^^^^^^^^^^^^^^^^^^^^^^^^^^^^^^^^^^^^^^^^^^^^^^^^^^^^
        r["celldisk_size_gb"],r["n_celldisks"],r["cells"],r["row_hash"]))
        ^^^^^^^^^^^^^^^^^^^^^^^^^^^^^^^^^^^^^^^^^^^^^^^^^^^^^^^^^^^^^^^^^
psycopg2.errors.NotNullViolation: null value in column "dbname" violates not-null constraint
DETAIL:  Failing row contains (16, null, null, null, F/6.2T, 6334.23, null, All (8), df3626fe446c4482e798667a9d2a05a2, 2026-08-17 12:00:29.894248).

[2026-08-17 12:00:41] INFO     | exadata_celldisks_parser | ✅ Parsed 2 Celldisk rows
[2026-08-17 12:00:42] ERROR    | exadata_celldisks_parser | ❌ Celldisks insert failed: null value in column "dbname" violates not-null constraint
DETAIL:  Failing row contains (17, null, null, null, F/6.2T, 6334.23, null, All (8), df3626fe446c4482e798667a9d2a05a2, 2026-08-17 12:00:42.079708).
Traceback (most recent call last):
  File "C:\AWR_Insight_Portal_v2\modules\awr\exadata_celldisks_parser.py", line 82, in insert_celldisks
    cur.execute(sql,(r["dbname"],r["begin_snap"],r["snap_time"],r["disk_type"],
    ~~~~~~~~~~~^^^^^^^^^^^^^^^^^^^^^^^^^^^^^^^^^^^^^^^^^^^^^^^^^^^^^^^^^^^^^^^^
        r["celldisk_size_gb"],r["n_celldisks"],r["cells"],r["row_hash"]))
        ^^^^^^^^^^^^^^^^^^^^^^^^^^^^^^^^^^^^^^^^^^^^^^^^^^^^^^^^^^^^^^^^^
psycopg2.errors.NotNullViolation: null value in column "dbname" violates not-null constraint
DETAIL:  Failing row contains (17, null, null, null, F/6.2T, 6334.23, null, All (8), df3626fe446c4482e798667a9d2a05a2, 2026-08-17 12:00:42.079708).

[2026-08-17 12:00:53] INFO     | exadata_celldisks_parser | ✅ Parsed 2 Celldisk rows
[2026-08-17 12:00:53] ERROR    | exadata_celldisks_parser | ❌ Celldisks insert failed: null value in column "dbname" violates not-null constraint
DETAIL:  Failing row contains (18, null, null, null, F/6.2T, 6334.23, null, All (8), df3626fe446c4482e798667a9d2a05a2, 2026-08-17 12:00:53.89148).
Traceback (most recent call last):
  File "C:\AWR_Insight_Portal_v2\modules\awr\exadata_celldisks_parser.py", line 82, in insert_celldisks
    cur.execute(sql,(r["dbname"],r["begin_snap"],r["snap_time"],r["disk_type"],
    ~~~~~~~~~~~^^^^^^^^^^^^^^^^^^^^^^^^^^^^^^^^^^^^^^^^^^^^^^^^^^^^^^^^^^^^^^^^
        r["celldisk_size_gb"],r["n_celldisks"],r["cells"],r["row_hash"]))
        ^^^^^^^^^^^^^^^^^^^^^^^^^^^^^^^^^^^^^^^^^^^^^^^^^^^^^^^^^^^^^^^^^
psycopg2.errors.NotNullViolation: null value in column "dbname" violates not-null constraint
DETAIL:  Failing row contains (18, null, null, null, F/6.2T, 6334.23, null, All (8), df3626fe446c4482e798667a9d2a05a2, 2026-08-17 12:00:53.89148).

[2026-08-17 12:01:05] INFO     | exadata_celldisks_parser | ✅ Parsed 2 Celldisk rows
[2026-08-17 12:01:05] ERROR    | exadata_celldisks_parser | ❌ Celldisks insert failed: null value in column "dbname" violates not-null constraint
DETAIL:  Failing row contains (19, null, null, null, F/6.2T, 6334.23, null, All (8), df3626fe446c4482e798667a9d2a05a2, 2026-08-17 12:01:05.873806).
Traceback (most recent call last):
  File "C:\AWR_Insight_Portal_v2\modules\awr\exadata_celldisks_parser.py", line 82, in insert_celldisks
    cur.execute(sql,(r["dbname"],r["begin_snap"],r["snap_time"],r["disk_type"],
    ~~~~~~~~~~~^^^^^^^^^^^^^^^^^^^^^^^^^^^^^^^^^^^^^^^^^^^^^^^^^^^^^^^^^^^^^^^^
        r["celldisk_size_gb"],r["n_celldisks"],r["cells"],r["row_hash"]))
        ^^^^^^^^^^^^^^^^^^^^^^^^^^^^^^^^^^^^^^^^^^^^^^^^^^^^^^^^^^^^^^^^^
psycopg2.errors.NotNullViolation: null value in column "dbname" violates not-null constraint
DETAIL:  Failing row contains (19, null, null, null, F/6.2T, 6334.23, null, All (8), df3626fe446c4482e798667a9d2a05a2, 2026-08-17 12:01:05.873806).

[2026-08-17 12:01:17] INFO     | exadata_celldisks_parser | ✅ Parsed 2 Celldisk rows
[2026-08-17 12:01:17] ERROR    | exadata_celldisks_parser | ❌ Celldisks insert failed: null value in column "dbname" violates not-null constraint
DETAIL:  Failing row contains (20, null, null, null, F/6.2T, 6334.23, null, All (8), df3626fe446c4482e798667a9d2a05a2, 2026-08-17 12:01:17.481197).
Traceback (most recent call last):
  File "C:\AWR_Insight_Portal_v2\modules\awr\exadata_celldisks_parser.py", line 82, in insert_celldisks
    cur.execute(sql,(r["dbname"],r["begin_snap"],r["snap_time"],r["disk_type"],
    ~~~~~~~~~~~^^^^^^^^^^^^^^^^^^^^^^^^^^^^^^^^^^^^^^^^^^^^^^^^^^^^^^^^^^^^^^^^
        r["celldisk_size_gb"],r["n_celldisks"],r["cells"],r["row_hash"]))
        ^^^^^^^^^^^^^^^^^^^^^^^^^^^^^^^^^^^^^^^^^^^^^^^^^^^^^^^^^^^^^^^^^
psycopg2.errors.NotNullViolation: null value in column "dbname" violates not-null constraint
DETAIL:  Failing row contains (20, null, null, null, F/6.2T, 6334.23, null, All (8), df3626fe446c4482e798667a9d2a05a2, 2026-08-17 12:01:17.481197).

[2026-08-17 12:06:08] WARNING  | exadata_celldisks_parser | ⚠️  Exadata Celldisks section not found
[2026-08-17 12:07:39] WARNING  | exadata_celldisks_parser | ⚠️  Exadata Celldisks section not found
[2026-08-17 12:09:08] WARNING  | exadata_celldisks_parser | ⚠️  Exadata Celldisks section not found
[2026-08-17 12:10:42] WARNING  | exadata_celldisks_parser | ⚠️  Exadata Celldisks section not found
[2026-08-17 12:37:28] WARNING  | exadata_celldisks_parser | ⚠️  Exadata Celldisks section not found
[2026-08-17 12:39:04] WARNING  | exadata_celldisks_parser | ⚠️  Exadata Celldisks section not found
[2026-08-17 12:40:34] WARNING  | exadata_celldisks_parser | ⚠️  Exadata Celldisks section not found
[2026-08-17 12:42:11] WARNING  | exadata_celldisks_parser | ⚠️  Exadata Celldisks section not found
[2026-08-17 12:43:46] WARNING  | exadata_celldisks_parser | ⚠️  Exadata Celldisks section not found
[2026-08-17 13:25:36] WARNING  | exadata_celldisks_parser | ⚠️  Exadata Celldisks section not found
[2026-08-17 13:37:24] WARNING  | exadata_celldisks_parser | ⚠️  Exadata Celldisks section not found
[2026-08-17 13:38:53] WARNING  | exadata_celldisks_parser | ⚠️  Exadata Celldisks section not found
[2026-08-17 13:40:30] WARNING  | exadata_celldisks_parser | ⚠️  Exadata Celldisks section not found
[2026-08-17 13:42:11] WARNING  | exadata_celldisks_parser | ⚠️  Exadata Celldisks section not found
[2026-08-17 14:02:31] WARNING  | exadata_celldisks_parser | ⚠️  Exadata Celldisks section not found
[2026-08-17 14:04:11] WARNING  | exadata_celldisks_parser | ⚠️  Exadata Celldisks section not found
[2026-08-17 14:05:46] WARNING  | exadata_celldisks_parser | ⚠️  Exadata Celldisks section not found
[2026-08-17 14:07:26] WARNING  | exadata_celldisks_parser | ⚠️  Exadata Celldisks section not found
[2026-08-17 14:09:02] WARNING  | exadata_celldisks_parser | ⚠️  Exadata Celldisks section not found
[2026-08-17 14:10:38] WARNING  | exadata_celldisks_parser | ⚠️  Exadata Celldisks section not found
[2026-08-17 14:12:13] WARNING  | exadata_celldisks_parser | ⚠️  Exadata Celldisks section not found
[2026-08-17 14:14:44] WARNING  | exadata_celldisks_parser | ⚠️  Exadata Celldisks section not found
[2026-08-17 14:16:24] WARNING  | exadata_celldisks_parser | ⚠️  Exadata Celldisks section not found
[2026-08-17 14:33:05] WARNING  | exadata_celldisks_parser | ⚠️  Exadata Celldisks section not found
[2026-08-17 14:34:39] WARNING  | exadata_celldisks_parser | ⚠️  Exadata Celldisks section not found
[2026-08-17 14:36:09] WARNING  | exadata_celldisks_parser | ⚠️  Exadata Celldisks section not found
[2026-08-17 14:37:46] WARNING  | exadata_celldisks_parser | ⚠️  Exadata Celldisks section not found
[2026-08-17 14:39:18] WARNING  | exadata_celldisks_parser | ⚠️  Exadata Celldisks section not found
[2026-08-17 14:40:49] WARNING  | exadata_celldisks_parser | ⚠️  Exadata Celldisks section not found
[2026-08-17 14:42:17] WARNING  | exadata_celldisks_parser | ⚠️  Exadata Celldisks section not found
[2026-08-17 14:43:50] WARNING  | exadata_celldisks_parser | ⚠️  Exadata Celldisks section not found
[2026-08-17 14:45:21] WARNING  | exadata_celldisks_parser | ⚠️  Exadata Celldisks section not found
[2026-08-17 15:03:30] WARNING  | exadata_celldisks_parser | ⚠️  Exadata Celldisks section not found
[2026-08-17 15:05:02] WARNING  | exadata_celldisks_parser | ⚠️  Exadata Celldisks section not found
[2026-08-17 15:06:36] WARNING  | exadata_celldisks_parser | ⚠️  Exadata Celldisks section not found
[2026-08-17 15:08:12] WARNING  | exadata_celldisks_parser | ⚠️  Exadata Celldisks section not found
[2026-08-17 15:09:43] WARNING  | exadata_celldisks_parser | ⚠️  Exadata Celldisks section not found
[2026-08-17 15:11:13] WARNING  | exadata_celldisks_parser | ⚠️  Exadata Celldisks section not found
[2026-08-17 15:12:40] WARNING  | exadata_celldisks_parser | ⚠️  Exadata Celldisks section not found
[2026-08-17 15:14:13] WARNING  | exadata_celldisks_parser | ⚠️  Exadata Celldisks section not found
[2026-08-17 15:17:42] WARNING  | exadata_celldisks_parser | ⚠️  Exadata Celldisks section not found
[2026-08-17 15:19:18] WARNING  | exadata_celldisks_parser | ⚠️  Exadata Celldisks section not found
[2026-08-17 15:36:00] WARNING  | exadata_celldisks_parser | ⚠️  Exadata Celldisks section not found
[2026-08-17 15:37:30] WARNING  | exadata_celldisks_parser | ⚠️  Exadata Celldisks section not found
[2026-08-17 15:43:49] WARNING  | exadata_celldisks_parser | ⚠️  Exadata Celldisks section not found
[2026-08-17 15:45:23] WARNING  | exadata_celldisks_parser | ⚠️  Exadata Celldisks section not found
[2026-08-17 15:46:56] WARNING  | exadata_celldisks_parser | ⚠️  Exadata Celldisks section not found
[2026-08-17 15:48:32] WARNING  | exadata_celldisks_parser | ⚠️  Exadata Celldisks section not found
[2026-08-17 15:50:04] WARNING  | exadata_celldisks_parser | ⚠️  Exadata Celldisks section not found
[2026-08-17 15:51:42] WARNING  | exadata_celldisks_parser | ⚠️  Exadata Celldisks section not found
[2026-08-17 15:53:16] WARNING  | exadata_celldisks_parser | ⚠️  Exadata Celldisks section not found
[2026-08-17 15:54:51] WARNING  | exadata_celldisks_parser | ⚠️  Exadata Celldisks section not found
[2026-08-17 15:57:07] WARNING  | exadata_celldisks_parser | ⚠️  Exadata Celldisks section not found
[2026-08-17 16:06:44] WARNING  | exadata_celldisks_parser | ⚠️  Exadata Celldisks section not found
[2026-08-17 16:08:12] WARNING  | exadata_celldisks_parser | ⚠️  Exadata Celldisks section not found
[2026-08-17 16:09:41] WARNING  | exadata_celldisks_parser | ⚠️  Exadata Celldisks section not found
[2026-08-17 16:11:17] WARNING  | exadata_celldisks_parser | ⚠️  Exadata Celldisks section not found
[2026-08-17 16:12:47] WARNING  | exadata_celldisks_parser | ⚠️  Exadata Celldisks section not found
[2026-08-17 16:14:19] WARNING  | exadata_celldisks_parser | ⚠️  Exadata Celldisks section not found
[2026-08-17 16:15:32] WARNING  | exadata_celldisks_parser | ⚠️  Exadata Celldisks section not found
[2026-08-17 16:17:07] WARNING  | exadata_celldisks_parser | ⚠️  Exadata Celldisks section not found
[2026-08-17 16:18:38] WARNING  | exadata_celldisks_parser | ⚠️  Exadata Celldisks section not found
[2026-08-17 16:20:21] WARNING  | exadata_celldisks_parser | ⚠️  Exadata Celldisks section not found
[2026-08-17 16:21:33] INFO     | exadata_celldisks_parser | ✅ Parsed 2 Celldisk rows
[2026-08-17 16:21:33] INFO     | exadata_celldisks_parser | ✅ Inserted 2 rows into awr_exadata_celldisks
[2026-08-17 16:21:46] INFO     | exadata_celldisks_parser | ✅ Parsed 2 Celldisk rows
[2026-08-17 16:21:46] INFO     | exadata_celldisks_parser | ✅ Inserted 2 rows into awr_exadata_celldisks
[2026-08-17 16:21:52] WARNING  | exadata_celldisks_parser | ⚠️  Exadata Celldisks section not found
[2026-08-17 16:21:58] INFO     | exadata_celldisks_parser | ✅ Parsed 2 Celldisk rows
[2026-08-17 16:21:58] INFO     | exadata_celldisks_parser | ✅ Inserted 2 rows into awr_exadata_celldisks
[2026-08-17 16:22:11] INFO     | exadata_celldisks_parser | ✅ Parsed 2 Celldisk rows
[2026-08-17 16:22:11] INFO     | exadata_celldisks_parser | ✅ Inserted 2 rows into awr_exadata_celldisks
[2026-08-17 16:22:32] INFO     | exadata_celldisks_parser | ✅ Parsed 2 Celldisk rows
[2026-08-17 16:22:32] INFO     | exadata_celldisks_parser | ✅ Inserted 2 rows into awr_exadata_celldisks
[2026-08-17 16:22:45] INFO     | exadata_celldisks_parser | ✅ Parsed 2 Celldisk rows
[2026-08-17 16:22:45] INFO     | exadata_celldisks_parser | ✅ Inserted 2 rows into awr_exadata_celldisks
[2026-08-17 16:22:58] INFO     | exadata_celldisks_parser | ✅ Parsed 2 Celldisk rows
[2026-08-17 16:22:58] INFO     | exadata_celldisks_parser | ✅ Inserted 2 rows into awr_exadata_celldisks
[2026-08-17 16:23:10] INFO     | exadata_celldisks_parser | ✅ Parsed 2 Celldisk rows
[2026-08-17 16:23:11] INFO     | exadata_celldisks_parser | ✅ Inserted 2 rows into awr_exadata_celldisks
[2026-08-17 16:23:23] INFO     | exadata_celldisks_parser | ✅ Parsed 2 Celldisk rows
[2026-08-17 16:23:23] INFO     | exadata_celldisks_parser | ✅ Inserted 2 rows into awr_exadata_celldisks
[2026-08-17 16:23:25] WARNING  | exadata_celldisks_parser | ⚠️  Exadata Celldisks section not found
[2026-08-17 16:23:36] INFO     | exadata_celldisks_parser | ✅ Parsed 2 Celldisk rows
[2026-08-17 16:23:36] INFO     | exadata_celldisks_parser | ✅ Inserted 2 rows into awr_exadata_celldisks
[2026-08-17 16:23:48] INFO     | exadata_celldisks_parser | ✅ Parsed 2 Celldisk rows
[2026-08-17 16:23:48] INFO     | exadata_celldisks_parser | ✅ Inserted 2 rows into awr_exadata_celldisks
[2026-08-17 16:24:01] INFO     | exadata_celldisks_parser | ✅ Parsed 2 Celldisk rows
[2026-08-17 16:24:01] INFO     | exadata_celldisks_parser | ✅ Inserted 2 rows into awr_exadata_celldisks
[2026-08-17 16:24:13] INFO     | exadata_celldisks_parser | ✅ Parsed 2 Celldisk rows
[2026-08-17 16:24:14] INFO     | exadata_celldisks_parser | ✅ Inserted 2 rows into awr_exadata_celldisks
[2026-08-17 16:24:26] INFO     | exadata_celldisks_parser | ✅ Parsed 2 Celldisk rows
[2026-08-17 16:24:26] INFO     | exadata_celldisks_parser | ✅ Inserted 2 rows into awr_exadata_celldisks
[2026-08-17 16:24:38] INFO     | exadata_celldisks_parser | ✅ Parsed 2 Celldisk rows
[2026-08-17 16:24:38] INFO     | exadata_celldisks_parser | ✅ Inserted 2 rows into awr_exadata_celldisks
[2026-08-17 16:24:51] INFO     | exadata_celldisks_parser | ✅ Parsed 2 Celldisk rows
[2026-08-17 16:24:51] INFO     | exadata_celldisks_parser | ✅ Inserted 2 rows into awr_exadata_celldisks
[2026-08-17 16:25:03] INFO     | exadata_celldisks_parser | ✅ Parsed 2 Celldisk rows
[2026-08-17 16:25:03] INFO     | exadata_celldisks_parser | ✅ Inserted 2 rows into awr_exadata_celldisks
[2026-08-17 16:25:16] INFO     | exadata_celldisks_parser | ✅ Parsed 2 Celldisk rows
[2026-08-17 16:25:16] INFO     | exadata_celldisks_parser | ✅ Inserted 2 rows into awr_exadata_celldisks
[2026-08-17 16:25:28] INFO     | exadata_celldisks_parser | ✅ Parsed 2 Celldisk rows
[2026-08-17 16:25:28] INFO     | exadata_celldisks_parser | ✅ Inserted 2 rows into awr_exadata_celldisks
[2026-08-17 16:25:41] INFO     | exadata_celldisks_parser | ✅ Parsed 2 Celldisk rows
[2026-08-17 16:25:41] INFO     | exadata_celldisks_parser | ✅ Inserted 2 rows into awr_exadata_celldisks
[2026-08-17 16:40:20] WARNING  | exadata_celldisks_parser | ⚠️  Exadata Celldisks section not found
[2026-08-17 16:41:53] WARNING  | exadata_celldisks_parser | ⚠️  Exadata Celldisks section not found
[2026-08-17 16:43:25] WARNING  | exadata_celldisks_parser | ⚠️  Exadata Celldisks section not found
[2026-08-17 16:45:00] WARNING  | exadata_celldisks_parser | ⚠️  Exadata Celldisks section not found
[2026-08-17 16:46:30] WARNING  | exadata_celldisks_parser | ⚠️  Exadata Celldisks section not found
[2026-08-17 16:48:01] WARNING  | exadata_celldisks_parser | ⚠️  Exadata Celldisks section not found
[2026-08-17 16:49:33] WARNING  | exadata_celldisks_parser | ⚠️  Exadata Celldisks section not found
[2026-08-17 16:51:09] WARNING  | exadata_celldisks_parser | ⚠️  Exadata Celldisks section not found
[2026-08-17 16:52:40] WARNING  | exadata_celldisks_parser | ⚠️  Exadata Celldisks section not found
[2026-08-17 16:54:17] WARNING  | exadata_celldisks_parser | ⚠️  Exadata Celldisks section not found
[2026-08-17 16:55:47] WARNING  | exadata_celldisks_parser | ⚠️  Exadata Celldisks section not found
[2026-08-17 16:57:21] WARNING  | exadata_celldisks_parser | ⚠️  Exadata Celldisks section not found
[2026-08-17 16:58:51] WARNING  | exadata_celldisks_parser | ⚠️  Exadata Celldisks section not found
[2026-08-17 17:11:03] WARNING  | exadata_celldisks_parser | ⚠️  Exadata Celldisks section not found
[2026-08-17 17:12:36] WARNING  | exadata_celldisks_parser | ⚠️  Exadata Celldisks section not found
[2026-08-17 17:14:07] WARNING  | exadata_celldisks_parser | ⚠️  Exadata Celldisks section not found
[2026-08-17 17:15:41] WARNING  | exadata_celldisks_parser | ⚠️  Exadata Celldisks section not found
[2026-08-17 17:17:10] WARNING  | exadata_celldisks_parser | ⚠️  Exadata Celldisks section not found
[2026-08-17 17:18:49] WARNING  | exadata_celldisks_parser | ⚠️  Exadata Celldisks section not found
[2026-08-17 17:20:18] WARNING  | exadata_celldisks_parser | ⚠️  Exadata Celldisks section not found
[2026-08-17 17:21:53] WARNING  | exadata_celldisks_parser | ⚠️  Exadata Celldisks section not found
[2026-08-17 17:23:25] WARNING  | exadata_celldisks_parser | ⚠️  Exadata Celldisks section not found
[2026-08-17 17:25:00] WARNING  | exadata_celldisks_parser | ⚠️  Exadata Celldisks section not found
[2026-08-17 17:26:30] WARNING  | exadata_celldisks_parser | ⚠️  Exadata Celldisks section not found
[2026-08-17 17:28:04] WARNING  | exadata_celldisks_parser | ⚠️  Exadata Celldisks section not found
[2026-08-17 17:29:33] WARNING  | exadata_celldisks_parser | ⚠️  Exadata Celldisks section not found
[2026-08-17 17:31:02] WARNING  | exadata_celldisks_parser | ⚠️  Exadata Celldisks section not found
[2026-08-17 17:41:50] WARNING  | exadata_celldisks_parser | ⚠️  Exadata Celldisks section not found
[2026-08-17 17:43:25] WARNING  | exadata_celldisks_parser | ⚠️  Exadata Celldisks section not found
[2026-08-17 17:45:00] WARNING  | exadata_celldisks_parser | ⚠️  Exadata Celldisks section not found
[2026-08-17 17:46:33] WARNING  | exadata_celldisks_parser | ⚠️  Exadata Celldisks section not found
[2026-08-17 17:48:04] WARNING  | exadata_celldisks_parser | ⚠️  Exadata Celldisks section not found
[2026-08-17 17:49:35] WARNING  | exadata_celldisks_parser | ⚠️  Exadata Celldisks section not found
[2026-08-17 18:15:02] WARNING  | exadata_celldisks_parser | ⚠️  Exadata Celldisks section not found
[2026-08-18 09:35:45] WARNING  | exadata_celldisks_parser | ⚠️  Exadata Celldisks section not found
[2026-08-18 09:36:58] WARNING  | exadata_celldisks_parser | ⚠️  Exadata Celldisks section not found
[2026-08-18 09:38:39] WARNING  | exadata_celldisks_parser | ⚠️  Exadata Celldisks section not found
[2026-08-18 09:40:12] WARNING  | exadata_celldisks_parser | ⚠️  Exadata Celldisks section not found
[2026-08-18 09:41:50] WARNING  | exadata_celldisks_parser | ⚠️  Exadata Celldisks section not found
[2026-08-18 09:43:15] WARNING  | exadata_celldisks_parser | ⚠️  Exadata Celldisks section not found
[2026-08-18 09:44:36] WARNING  | exadata_celldisks_parser | ⚠️  Exadata Celldisks section not found
[2026-08-18 09:46:01] WARNING  | exadata_celldisks_parser | ⚠️  Exadata Celldisks section not found
[2026-08-18 09:47:38] WARNING  | exadata_celldisks_parser | ⚠️  Exadata Celldisks section not found
[2026-08-18 09:49:08] WARNING  | exadata_celldisks_parser | ⚠️  Exadata Celldisks section not found
[2026-08-18 09:50:35] WARNING  | exadata_celldisks_parser | ⚠️  Exadata Celldisks section not found
[2026-08-18 09:52:03] WARNING  | exadata_celldisks_parser | ⚠️  Exadata Celldisks section not found
[2026-08-18 09:53:42] WARNING  | exadata_celldisks_parser | ⚠️  Exadata Celldisks section not found
[2026-08-18 09:55:25] WARNING  | exadata_celldisks_parser | ⚠️  Exadata Celldisks section not found
[2026-08-18 09:57:16] WARNING  | exadata_celldisks_parser | ⚠️  Exadata Celldisks section not found
[2026-08-18 09:59:01] WARNING  | exadata_celldisks_parser | ⚠️  Exadata Celldisks section not found
[2026-08-18 10:00:32] WARNING  | exadata_celldisks_parser | ⚠️  Exadata Celldisks section not found
[2026-08-18 10:02:07] WARNING  | exadata_celldisks_parser | ⚠️  Exadata Celldisks section not found
[2026-08-18 10:03:32] WARNING  | exadata_celldisks_parser | ⚠️  Exadata Celldisks section not found
[2026-08-18 10:04:58] WARNING  | exadata_celldisks_parser | ⚠️  Exadata Celldisks section not found
[2026-08-18 10:06:49] WARNING  | exadata_celldisks_parser | ⚠️  Exadata Celldisks section not found
[2026-08-18 10:08:34] WARNING  | exadata_celldisks_parser | ⚠️  Exadata Celldisks section not found
[2026-08-18 10:10:00] WARNING  | exadata_celldisks_parser | ⚠️  Exadata Celldisks section not found
[2026-08-18 10:11:29] WARNING  | exadata_celldisks_parser | ⚠️  Exadata Celldisks section not found
[2026-08-18 10:31:03] WARNING  | exadata_celldisks_parser | ⚠️  Exadata Celldisks section not found
[2026-08-18 11:01:08] WARNING  | exadata_celldisks_parser | ⚠️  Exadata Celldisks section not found
[2026-08-18 11:02:47] WARNING  | exadata_celldisks_parser | ⚠️  Exadata Celldisks section not found
[2026-08-18 11:31:06] WARNING  | exadata_celldisks_parser | ⚠️  Exadata Celldisks section not found
[2026-08-18 11:32:37] WARNING  | exadata_celldisks_parser | ⚠️  Exadata Celldisks section not found
[2026-08-18 11:34:03] WARNING  | exadata_celldisks_parser | ⚠️  Exadata Celldisks section not found
[2026-08-18 12:02:34] WARNING  | exadata_celldisks_parser | ⚠️  Exadata Celldisks section not found
[2026-08-18 12:04:08] WARNING  | exadata_celldisks_parser | ⚠️  Exadata Celldisks section not found
[2026-08-18 12:05:39] WARNING  | exadata_celldisks_parser | ⚠️  Exadata Celldisks section not found
[2026-08-18 12:07:08] WARNING  | exadata_celldisks_parser | ⚠️  Exadata Celldisks section not found
[2026-08-18 12:32:51] WARNING  | exadata_celldisks_parser | ⚠️  Exadata Celldisks section not found
[2026-08-18 12:34:22] WARNING  | exadata_celldisks_parser | ⚠️  Exadata Celldisks section not found
[2026-08-18 12:35:58] WARNING  | exadata_celldisks_parser | ⚠️  Exadata Celldisks section not found
[2026-08-18 12:37:30] WARNING  | exadata_celldisks_parser | ⚠️  Exadata Celldisks section not found
[2026-08-18 12:39:08] WARNING  | exadata_celldisks_parser | ⚠️  Exadata Celldisks section not found
[2026-08-18 13:05:23] WARNING  | exadata_celldisks_parser | ⚠️  Exadata Celldisks section not found
[2026-08-18 13:06:53] WARNING  | exadata_celldisks_parser | ⚠️  Exadata Celldisks section not found
[2026-08-18 13:08:26] WARNING  | exadata_celldisks_parser | ⚠️  Exadata Celldisks section not found
[2026-08-18 13:09:56] WARNING  | exadata_celldisks_parser | ⚠️  Exadata Celldisks section not found
[2026-08-18 13:11:30] WARNING  | exadata_celldisks_parser | ⚠️  Exadata Celldisks section not found
[2026-08-18 13:13:05] WARNING  | exadata_celldisks_parser | ⚠️  Exadata Celldisks section not found
[2026-08-18 13:54:29] WARNING  | exadata_celldisks_parser | ⚠️  Exadata Celldisks section not found
[2026-08-18 13:56:05] WARNING  | exadata_celldisks_parser | ⚠️  Exadata Celldisks section not found
[2026-08-18 13:57:40] WARNING  | exadata_celldisks_parser | ⚠️  Exadata Celldisks section not found
[2026-08-18 13:59:09] WARNING  | exadata_celldisks_parser | ⚠️  Exadata Celldisks section not found
[2026-08-18 14:10:04] WARNING  | exadata_celldisks_parser | ⚠️  Exadata Celldisks section not found
[2026-08-18 14:11:40] WARNING  | exadata_celldisks_parser | ⚠️  Exadata Celldisks section not found
[2026-08-18 14:13:09] WARNING  | exadata_celldisks_parser | ⚠️  Exadata Celldisks section not found
