[2026-08-11 12:44:30] WARNING  | exadata_cell_iostat_parser | ⚠️  OS IO Statistics section not found
[2026-08-11 12:44:44] WARNING  | exadata_cell_iostat_parser | ⚠️  OS IO Statistics section not found
[2026-08-11 12:44:57] INFO     | exadata_cell_iostat_parser | ✅ Parsed 13 Cell IOStat rows
[2026-08-11 12:44:57] INFO     | exadata_cell_iostat_parser | ✅ Inserted 13 rows into awr_exadata_cell_iostat
[2026-08-11 12:45:10] INFO     | exadata_cell_iostat_parser | ✅ Parsed 13 Cell IOStat rows
[2026-08-11 12:45:10] INFO     | exadata_cell_iostat_parser | ✅ Inserted 13 rows into awr_exadata_cell_iostat
[2026-08-11 12:45:13] INFO     | exadata_cell_iostat_parser | ✅ Parsed 13 Cell IOStat rows
[2026-08-11 12:45:13] INFO     | exadata_cell_iostat_parser | ✅ Inserted 13 rows into awr_exadata_cell_iostat
[2026-08-11 12:45:16] INFO     | exadata_cell_iostat_parser | ✅ Parsed 13 Cell IOStat rows
[2026-08-11 12:45:17] INFO     | exadata_cell_iostat_parser | ✅ Inserted 13 rows into awr_exadata_cell_iostat
[2026-08-11 12:45:29] INFO     | exadata_cell_iostat_parser | ✅ Parsed 13 Cell IOStat rows
[2026-08-11 12:45:29] INFO     | exadata_cell_iostat_parser | ✅ Inserted 13 rows into awr_exadata_cell_iostat
[2026-08-11 12:45:41] INFO     | exadata_cell_iostat_parser | ✅ Parsed 13 Cell IOStat rows
[2026-08-11 12:45:41] INFO     | exadata_cell_iostat_parser | ✅ Inserted 13 rows into awr_exadata_cell_iostat
[2026-08-11 12:45:54] INFO     | exadata_cell_iostat_parser | ✅ Parsed 13 Cell IOStat rows | outliers:['exacell03'] | max_cap:['exacell03']
[2026-08-11 12:45:54] INFO     | exadata_cell_iostat_parser | ✅ Inserted 13 rows into awr_exadata_cell_iostat
[2026-08-11 12:46:06] INFO     | exadata_cell_iostat_parser | ✅ Parsed 13 Cell IOStat rows
[2026-08-11 12:46:07] INFO     | exadata_cell_iostat_parser | ✅ Inserted 13 rows into awr_exadata_cell_iostat
[2026-08-11 12:46:10] INFO     | exadata_cell_iostat_parser | ✅ Parsed 13 Cell IOStat rows
[2026-08-11 12:46:10] INFO     | exadata_cell_iostat_parser | ✅ Inserted 13 rows into awr_exadata_cell_iostat
[2026-08-11 12:46:23] INFO     | exadata_cell_iostat_parser | ✅ Parsed 13 Cell IOStat rows
[2026-08-11 12:46:23] INFO     | exadata_cell_iostat_parser | ✅ Inserted 13 rows into awr_exadata_cell_iostat
[2026-08-11 12:46:28] INFO     | exadata_cell_iostat_parser | ✅ Parsed 13 Cell IOStat rows
[2026-08-11 12:46:28] INFO     | exadata_cell_iostat_parser | ✅ Inserted 13 rows into awr_exadata_cell_iostat
[2026-08-11 12:46:43] INFO     | exadata_cell_iostat_parser | ✅ Parsed 13 Cell IOStat rows
[2026-08-11 12:46:43] INFO     | exadata_cell_iostat_parser | ✅ Inserted 13 rows into awr_exadata_cell_iostat
[2026-08-11 12:46:47] INFO     | exadata_cell_iostat_parser | ✅ Parsed 13 Cell IOStat rows
[2026-08-11 12:46:47] INFO     | exadata_cell_iostat_parser | ✅ Inserted 13 rows into awr_exadata_cell_iostat
[2026-08-11 12:47:03] INFO     | exadata_cell_iostat_parser | ✅ Parsed 13 Cell IOStat rows
[2026-08-11 12:47:03] INFO     | exadata_cell_iostat_parser | ✅ Inserted 13 rows into awr_exadata_cell_iostat
[2026-08-11 12:47:07] INFO     | exadata_cell_iostat_parser | ✅ Parsed 13 Cell IOStat rows
[2026-08-11 12:47:07] INFO     | exadata_cell_iostat_parser | ✅ Inserted 13 rows into awr_exadata_cell_iostat
[2026-08-11 12:47:12] INFO     | exadata_cell_iostat_parser | ✅ Parsed 13 Cell IOStat rows | outliers:['exacell01'] | max_cap:['exacell01']
[2026-08-11 12:47:12] INFO     | exadata_cell_iostat_parser | ✅ Inserted 13 rows into awr_exadata_cell_iostat
[2026-08-11 12:47:16] INFO     | exadata_cell_iostat_parser | ✅ Parsed 13 Cell IOStat rows | outliers:['exacell04'] | max_cap:['exacell04']
[2026-08-11 12:47:16] INFO     | exadata_cell_iostat_parser | ✅ Inserted 13 rows into awr_exadata_cell_iostat
[2026-08-11 12:47:31] INFO     | exadata_cell_iostat_parser | ✅ Parsed 13 Cell IOStat rows
[2026-08-11 12:47:31] INFO     | exadata_cell_iostat_parser | ✅ Inserted 13 rows into awr_exadata_cell_iostat
[2026-08-12 13:57:03] WARNING  | exadata_cell_iostat_parser | ⚠️  OS IO Statistics section not found
[2026-08-12 14:39:48] WARNING  | exadata_cell_iostat_parser | ⚠️  OS IO Statistics section not found
[2026-08-12 14:41:01] WARNING  | exadata_cell_iostat_parser | ⚠️  OS IO Statistics section not found
[2026-08-12 14:43:42] WARNING  | exadata_cell_iostat_parser | ⚠️  OS IO Statistics section not found
[2026-08-12 14:44:02] WARNING  | exadata_cell_iostat_parser | ⚠️  OS IO Statistics section not found
[2026-08-12 14:44:19] INFO     | exadata_cell_iostat_parser | ✅ Parsed 13 Cell IOStat rows
[2026-08-12 14:44:19] INFO     | exadata_cell_iostat_parser | ✅ Inserted 13 rows into awr_exadata_cell_iostat
[2026-08-12 14:44:32] WARNING  | exadata_cell_iostat_parser | ⚠️  OS IO Statistics section not found
[2026-08-12 14:44:36] INFO     | exadata_cell_iostat_parser | ✅ Parsed 13 Cell IOStat rows
[2026-08-12 14:44:36] INFO     | exadata_cell_iostat_parser | ✅ Inserted 13 rows into awr_exadata_cell_iostat
[2026-08-12 14:44:43] INFO     | exadata_cell_iostat_parser | ✅ Parsed 13 Cell IOStat rows
[2026-08-12 14:44:44] INFO     | exadata_cell_iostat_parser | ✅ Inserted 13 rows into awr_exadata_cell_iostat
[2026-08-12 14:44:54] WARNING  | exadata_cell_iostat_parser | ⚠️  OS IO Statistics section not found
[2026-08-12 14:44:54] INFO     | exadata_cell_iostat_parser | ✅ Parsed 13 Cell IOStat rows
[2026-08-12 14:44:54] INFO     | exadata_cell_iostat_parser | ✅ Inserted 13 rows into awr_exadata_cell_iostat
[2026-08-12 14:45:12] WARNING  | exadata_cell_iostat_parser | ⚠️  OS IO Statistics section not found
[2026-08-12 14:45:14] INFO     | exadata_cell_iostat_parser | ✅ Parsed 13 Cell IOStat rows
[2026-08-12 14:45:15] INFO     | exadata_cell_iostat_parser | ✅ Inserted 13 rows into awr_exadata_cell_iostat
[2026-08-12 14:45:29] WARNING  | exadata_cell_iostat_parser | ⚠️  OS IO Statistics section not found
[2026-08-12 14:45:32] WARNING  | exadata_cell_iostat_parser | ⚠️  OS IO Statistics section not found
[2026-08-12 14:45:38] INFO     | exadata_cell_iostat_parser | ✅ Parsed 13 Cell IOStat rows
[2026-08-12 14:45:38] INFO     | exadata_cell_iostat_parser | ✅ Inserted 13 rows into awr_exadata_cell_iostat
[2026-08-12 14:45:55] WARNING  | exadata_cell_iostat_parser | ⚠️  OS IO Statistics section not found
[2026-08-12 14:46:04] INFO     | exadata_cell_iostat_parser | ✅ Parsed 13 Cell IOStat rows | outliers:['exacell03'] | max_cap:['exacell03']
[2026-08-12 14:46:04] INFO     | exadata_cell_iostat_parser | ✅ Inserted 13 rows into awr_exadata_cell_iostat
[2026-08-12 14:46:20] WARNING  | exadata_cell_iostat_parser | ⚠️  OS IO Statistics section not found
[2026-08-12 14:46:29] INFO     | exadata_cell_iostat_parser | ✅ Parsed 13 Cell IOStat rows
[2026-08-12 14:46:29] INFO     | exadata_cell_iostat_parser | ✅ Inserted 13 rows into awr_exadata_cell_iostat
[2026-08-12 14:46:39] INFO     | exadata_cell_iostat_parser | ✅ Parsed 13 Cell IOStat rows
[2026-08-12 14:46:39] INFO     | exadata_cell_iostat_parser | ✅ Inserted 13 rows into awr_exadata_cell_iostat
[2026-08-12 14:46:44] WARNING  | exadata_cell_iostat_parser | ⚠️  OS IO Statistics section not found
[2026-08-12 14:47:02] INFO     | exadata_cell_iostat_parser | ✅ Parsed 13 Cell IOStat rows
[2026-08-12 14:47:02] INFO     | exadata_cell_iostat_parser | ✅ Inserted 13 rows into awr_exadata_cell_iostat
[2026-08-12 14:47:04] WARNING  | exadata_cell_iostat_parser | ⚠️  OS IO Statistics section not found
[2026-08-12 14:47:10] INFO     | exadata_cell_iostat_parser | ✅ Parsed 13 Cell IOStat rows
[2026-08-12 14:47:10] INFO     | exadata_cell_iostat_parser | ✅ Inserted 13 rows into awr_exadata_cell_iostat
[2026-08-12 14:47:24] WARNING  | exadata_cell_iostat_parser | ⚠️  OS IO Statistics section not found
[2026-08-12 14:47:30] WARNING  | exadata_cell_iostat_parser | ⚠️  OS IO Statistics section not found
[2026-08-12 14:47:38] INFO     | exadata_cell_iostat_parser | ✅ Parsed 13 Cell IOStat rows
[2026-08-12 14:47:38] INFO     | exadata_cell_iostat_parser | ✅ Inserted 13 rows into awr_exadata_cell_iostat
[2026-08-12 14:47:48] INFO     | exadata_cell_iostat_parser | ✅ Parsed 13 Cell IOStat rows
[2026-08-12 14:47:48] INFO     | exadata_cell_iostat_parser | ✅ Inserted 13 rows into awr_exadata_cell_iostat
[2026-08-12 14:47:53] WARNING  | exadata_cell_iostat_parser | ⚠️  OS IO Statistics section not found
[2026-08-12 14:48:16] INFO     | exadata_cell_iostat_parser | ✅ Parsed 13 Cell IOStat rows
[2026-08-12 14:48:16] INFO     | exadata_cell_iostat_parser | ✅ Inserted 13 rows into awr_exadata_cell_iostat
[2026-08-12 14:48:24] INFO     | exadata_cell_iostat_parser | ✅ Parsed 13 Cell IOStat rows
[2026-08-12 14:48:24] INFO     | exadata_cell_iostat_parser | ✅ Inserted 13 rows into awr_exadata_cell_iostat
[2026-08-12 14:48:34] INFO     | exadata_cell_iostat_parser | ✅ Parsed 13 Cell IOStat rows | outliers:['exacell01'] | max_cap:['exacell01']
[2026-08-12 14:48:34] INFO     | exadata_cell_iostat_parser | ✅ Inserted 13 rows into awr_exadata_cell_iostat
[2026-08-12 14:48:39] WARNING  | exadata_cell_iostat_parser | ⚠️  OS IO Statistics section not found
[2026-08-12 14:48:43] INFO     | exadata_cell_iostat_parser | ✅ Parsed 13 Cell IOStat rows | outliers:['exacell04'] | max_cap:['exacell04']
[2026-08-12 14:48:43] INFO     | exadata_cell_iostat_parser | ✅ Inserted 13 rows into awr_exadata_cell_iostat
[2026-08-12 14:49:05] INFO     | exadata_cell_iostat_parser | ✅ Parsed 13 Cell IOStat rows
[2026-08-12 14:49:05] INFO     | exadata_cell_iostat_parser | ✅ Inserted 13 rows into awr_exadata_cell_iostat
[2026-08-12 14:51:19] WARNING  | exadata_cell_iostat_parser | ⚠️  OS IO Statistics section not found
[2026-08-12 14:51:36] WARNING  | exadata_cell_iostat_parser | ⚠️  OS IO Statistics section not found
[2026-08-12 14:53:34] WARNING  | exadata_cell_iostat_parser | ⚠️  OS IO Statistics section not found
[2026-08-12 14:55:22] WARNING  | exadata_cell_iostat_parser | ⚠️  OS IO Statistics section not found
[2026-08-12 14:56:13] WARNING  | exadata_cell_iostat_parser | ⚠️  OS IO Statistics section not found
[2026-08-12 14:58:23] WARNING  | exadata_cell_iostat_parser | ⚠️  OS IO Statistics section not found
[2026-08-12 14:58:49] WARNING  | exadata_cell_iostat_parser | ⚠️  OS IO Statistics section not found
[2026-08-12 15:00:36] WARNING  | exadata_cell_iostat_parser | ⚠️  OS IO Statistics section not found
[2026-08-12 15:02:03] WARNING  | exadata_cell_iostat_parser | ⚠️  OS IO Statistics section not found
[2026-08-12 15:02:04] WARNING  | exadata_cell_iostat_parser | ⚠️  OS IO Statistics section not found
[2026-08-12 15:04:04] WARNING  | exadata_cell_iostat_parser | ⚠️  OS IO Statistics section not found
[2026-08-12 15:04:05] WARNING  | exadata_cell_iostat_parser | ⚠️  OS IO Statistics section not found
[2026-08-12 15:05:18] WARNING  | exadata_cell_iostat_parser | ⚠️  OS IO Statistics section not found
[2026-08-12 15:07:08] WARNING  | exadata_cell_iostat_parser | ⚠️  OS IO Statistics section not found
[2026-08-12 15:07:50] WARNING  | exadata_cell_iostat_parser | ⚠️  OS IO Statistics section not found
[2026-08-12 15:10:04] WARNING  | exadata_cell_iostat_parser | ⚠️  OS IO Statistics section not found
[2026-08-12 15:11:18] WARNING  | exadata_cell_iostat_parser | ⚠️  OS IO Statistics section not found
[2026-08-12 15:12:26] WARNING  | exadata_cell_iostat_parser | ⚠️  OS IO Statistics section not found
[2026-08-12 15:14:44] WARNING  | exadata_cell_iostat_parser | ⚠️  OS IO Statistics section not found
[2026-08-12 15:16:56] WARNING  | exadata_cell_iostat_parser | ⚠️  OS IO Statistics section not found
[2026-08-12 15:20:45] WARNING  | exadata_cell_iostat_parser | ⚠️  OS IO Statistics section not found
[2026-08-12 15:22:49] WARNING  | exadata_cell_iostat_parser | ⚠️  OS IO Statistics section not found
[2026-08-12 15:24:59] WARNING  | exadata_cell_iostat_parser | ⚠️  OS IO Statistics section not found
[2026-08-12 15:25:19] WARNING  | exadata_cell_iostat_parser | ⚠️  OS IO Statistics section not found
[2026-08-12 15:26:33] WARNING  | exadata_cell_iostat_parser | ⚠️  OS IO Statistics section not found
[2026-08-12 15:27:08] WARNING  | exadata_cell_iostat_parser | ⚠️  OS IO Statistics section not found
[2026-08-12 15:27:52] WARNING  | exadata_cell_iostat_parser | ⚠️  OS IO Statistics section not found
[2026-08-12 15:29:11] WARNING  | exadata_cell_iostat_parser | ⚠️  OS IO Statistics section not found
[2026-08-12 15:29:14] WARNING  | exadata_cell_iostat_parser | ⚠️  OS IO Statistics section not found
[2026-08-12 15:30:39] WARNING  | exadata_cell_iostat_parser | ⚠️  OS IO Statistics section not found
[2026-08-12 15:31:20] WARNING  | exadata_cell_iostat_parser | ⚠️  OS IO Statistics section not found
[2026-08-12 15:32:07] WARNING  | exadata_cell_iostat_parser | ⚠️  OS IO Statistics section not found
[2026-08-12 15:33:29] WARNING  | exadata_cell_iostat_parser | ⚠️  OS IO Statistics section not found
[2026-08-12 15:33:41] WARNING  | exadata_cell_iostat_parser | ⚠️  OS IO Statistics section not found
[2026-08-12 15:34:58] WARNING  | exadata_cell_iostat_parser | ⚠️  OS IO Statistics section not found
[2026-08-12 15:35:42] WARNING  | exadata_cell_iostat_parser | ⚠️  OS IO Statistics section not found
[2026-08-12 15:36:16] WARNING  | exadata_cell_iostat_parser | ⚠️  OS IO Statistics section not found
[2026-08-12 15:37:35] WARNING  | exadata_cell_iostat_parser | ⚠️  OS IO Statistics section not found
[2026-08-12 15:37:58] WARNING  | exadata_cell_iostat_parser | ⚠️  OS IO Statistics section not found
[2026-08-12 15:39:10] WARNING  | exadata_cell_iostat_parser | ⚠️  OS IO Statistics section not found
[2026-08-12 15:40:20] WARNING  | exadata_cell_iostat_parser | ⚠️  OS IO Statistics section not found
[2026-08-12 15:40:24] WARNING  | exadata_cell_iostat_parser | ⚠️  OS IO Statistics section not found
[2026-08-12 15:41:43] WARNING  | exadata_cell_iostat_parser | ⚠️  OS IO Statistics section not found
[2026-08-12 15:42:33] WARNING  | exadata_cell_iostat_parser | ⚠️  OS IO Statistics section not found
[2026-08-12 15:42:58] WARNING  | exadata_cell_iostat_parser | ⚠️  OS IO Statistics section not found
[2026-08-12 15:44:59] WARNING  | exadata_cell_iostat_parser | ⚠️  OS IO Statistics section not found
[2026-08-12 15:47:14] WARNING  | exadata_cell_iostat_parser | ⚠️  OS IO Statistics section not found
[2026-08-12 15:49:28] WARNING  | exadata_cell_iostat_parser | ⚠️  OS IO Statistics section not found
[2026-08-12 15:51:38] WARNING  | exadata_cell_iostat_parser | ⚠️  OS IO Statistics section not found
[2026-08-12 15:54:04] WARNING  | exadata_cell_iostat_parser | ⚠️  OS IO Statistics section not found
[2026-08-12 15:56:26] WARNING  | exadata_cell_iostat_parser | ⚠️  OS IO Statistics section not found
[2026-08-12 15:58:46] WARNING  | exadata_cell_iostat_parser | ⚠️  OS IO Statistics section not found
[2026-08-12 16:01:05] WARNING  | exadata_cell_iostat_parser | ⚠️  OS IO Statistics section not found
[2026-08-12 16:03:23] WARNING  | exadata_cell_iostat_parser | ⚠️  OS IO Statistics section not found
[2026-08-12 16:05:43] WARNING  | exadata_cell_iostat_parser | ⚠️  OS IO Statistics section not found
[2026-08-12 16:07:58] WARNING  | exadata_cell_iostat_parser | ⚠️  OS IO Statistics section not found
[2026-08-12 16:10:16] WARNING  | exadata_cell_iostat_parser | ⚠️  OS IO Statistics section not found
[2026-08-12 16:12:35] WARNING  | exadata_cell_iostat_parser | ⚠️  OS IO Statistics section not found
[2026-08-12 16:14:48] WARNING  | exadata_cell_iostat_parser | ⚠️  OS IO Statistics section not found
[2026-08-12 16:17:04] WARNING  | exadata_cell_iostat_parser | ⚠️  OS IO Statistics section not found
[2026-08-12 16:19:10] WARNING  | exadata_cell_iostat_parser | ⚠️  OS IO Statistics section not found
[2026-08-12 16:21:22] WARNING  | exadata_cell_iostat_parser | ⚠️  OS IO Statistics section not found
[2026-08-12 16:23:33] WARNING  | exadata_cell_iostat_parser | ⚠️  OS IO Statistics section not found
[2026-08-12 16:25:47] WARNING  | exadata_cell_iostat_parser | ⚠️  OS IO Statistics section not found
[2026-08-12 16:27:48] WARNING  | exadata_cell_iostat_parser | ⚠️  OS IO Statistics section not found
[2026-08-12 16:29:59] WARNING  | exadata_cell_iostat_parser | ⚠️  OS IO Statistics section not found
[2026-08-12 16:32:06] WARNING  | exadata_cell_iostat_parser | ⚠️  OS IO Statistics section not found
[2026-08-12 16:34:16] WARNING  | exadata_cell_iostat_parser | ⚠️  OS IO Statistics section not found
[2026-08-13 10:01:10] WARNING  | exadata_cell_iostat_parser | ⚠️  OS IO Statistics section not found
[2026-08-13 10:33:33] WARNING  | exadata_cell_iostat_parser | ⚠️  OS IO Statistics section not found
[2026-08-13 10:34:47] WARNING  | exadata_cell_iostat_parser | ⚠️  OS IO Statistics section not found
[2026-08-13 11:06:42] WARNING  | exadata_cell_iostat_parser | ⚠️  OS IO Statistics section not found
[2026-08-13 11:07:57] WARNING  | exadata_cell_iostat_parser | ⚠️  OS IO Statistics section not found
[2026-08-13 11:09:14] WARNING  | exadata_cell_iostat_parser | ⚠️  OS IO Statistics section not found
[2026-08-13 11:36:39] WARNING  | exadata_cell_iostat_parser | ⚠️  OS IO Statistics section not found
[2026-08-13 11:37:56] WARNING  | exadata_cell_iostat_parser | ⚠️  OS IO Statistics section not found
[2026-08-13 11:39:14] WARNING  | exadata_cell_iostat_parser | ⚠️  OS IO Statistics section not found
[2026-08-13 11:40:29] WARNING  | exadata_cell_iostat_parser | ⚠️  OS IO Statistics section not found
[2026-08-13 12:07:01] WARNING  | exadata_cell_iostat_parser | ⚠️  OS IO Statistics section not found
[2026-08-13 12:08:17] WARNING  | exadata_cell_iostat_parser | ⚠️  OS IO Statistics section not found
[2026-08-13 12:09:34] WARNING  | exadata_cell_iostat_parser | ⚠️  OS IO Statistics section not found
[2026-08-13 12:10:48] WARNING  | exadata_cell_iostat_parser | ⚠️  OS IO Statistics section not found
[2026-08-13 12:12:02] WARNING  | exadata_cell_iostat_parser | ⚠️  OS IO Statistics section not found
[2026-08-13 12:45:12] WARNING  | exadata_cell_iostat_parser | ⚠️  OS IO Statistics section not found
[2026-08-13 12:46:28] WARNING  | exadata_cell_iostat_parser | ⚠️  OS IO Statistics section not found
[2026-08-13 12:47:47] WARNING  | exadata_cell_iostat_parser | ⚠️  OS IO Statistics section not found
[2026-08-13 12:49:03] WARNING  | exadata_cell_iostat_parser | ⚠️  OS IO Statistics section not found
[2026-08-13 12:50:18] WARNING  | exadata_cell_iostat_parser | ⚠️  OS IO Statistics section not found
[2026-08-13 12:51:33] WARNING  | exadata_cell_iostat_parser | ⚠️  OS IO Statistics section not found
[2026-08-13 13:15:29] WARNING  | exadata_cell_iostat_parser | ⚠️  OS IO Statistics section not found
[2026-08-13 13:16:42] WARNING  | exadata_cell_iostat_parser | ⚠️  OS IO Statistics section not found
[2026-08-13 13:17:54] WARNING  | exadata_cell_iostat_parser | ⚠️  OS IO Statistics section not found
[2026-08-13 13:19:09] WARNING  | exadata_cell_iostat_parser | ⚠️  OS IO Statistics section not found
[2026-08-13 13:20:27] WARNING  | exadata_cell_iostat_parser | ⚠️  OS IO Statistics section not found
[2026-08-13 13:21:41] WARNING  | exadata_cell_iostat_parser | ⚠️  OS IO Statistics section not found
[2026-08-13 13:22:57] WARNING  | exadata_cell_iostat_parser | ⚠️  OS IO Statistics section not found
[2026-08-13 13:45:53] WARNING  | exadata_cell_iostat_parser | ⚠️  OS IO Statistics section not found
[2026-08-13 13:47:00] WARNING  | exadata_cell_iostat_parser | ⚠️  OS IO Statistics section not found
[2026-08-13 13:48:12] WARNING  | exadata_cell_iostat_parser | ⚠️  OS IO Statistics section not found
[2026-08-13 13:49:17] WARNING  | exadata_cell_iostat_parser | ⚠️  OS IO Statistics section not found
[2026-08-13 13:50:26] WARNING  | exadata_cell_iostat_parser | ⚠️  OS IO Statistics section not found
[2026-08-13 13:51:38] WARNING  | exadata_cell_iostat_parser | ⚠️  OS IO Statistics section not found
[2026-08-13 13:52:57] WARNING  | exadata_cell_iostat_parser | ⚠️  OS IO Statistics section not found
[2026-08-13 13:54:07] WARNING  | exadata_cell_iostat_parser | ⚠️  OS IO Statistics section not found
[2026-08-13 14:16:19] WARNING  | exadata_cell_iostat_parser | ⚠️  OS IO Statistics section not found
[2026-08-13 14:17:28] WARNING  | exadata_cell_iostat_parser | ⚠️  OS IO Statistics section not found
[2026-08-13 14:18:39] WARNING  | exadata_cell_iostat_parser | ⚠️  OS IO Statistics section not found
[2026-08-13 14:19:45] WARNING  | exadata_cell_iostat_parser | ⚠️  OS IO Statistics section not found
[2026-08-13 14:20:52] WARNING  | exadata_cell_iostat_parser | ⚠️  OS IO Statistics section not found
[2026-08-13 14:21:56] WARNING  | exadata_cell_iostat_parser | ⚠️  OS IO Statistics section not found
[2026-08-13 14:23:02] WARNING  | exadata_cell_iostat_parser | ⚠️  OS IO Statistics section not found
[2026-08-13 14:24:07] WARNING  | exadata_cell_iostat_parser | ⚠️  OS IO Statistics section not found
[2026-08-13 14:25:16] WARNING  | exadata_cell_iostat_parser | ⚠️  OS IO Statistics section not found
[2026-08-13 14:46:37] WARNING  | exadata_cell_iostat_parser | ⚠️  OS IO Statistics section not found
[2026-08-13 14:47:49] WARNING  | exadata_cell_iostat_parser | ⚠️  OS IO Statistics section not found
[2026-08-13 14:49:03] WARNING  | exadata_cell_iostat_parser | ⚠️  OS IO Statistics section not found
[2026-08-13 14:50:12] WARNING  | exadata_cell_iostat_parser | ⚠️  OS IO Statistics section not found
[2026-08-13 14:51:32] WARNING  | exadata_cell_iostat_parser | ⚠️  OS IO Statistics section not found
[2026-08-13 14:52:40] WARNING  | exadata_cell_iostat_parser | ⚠️  OS IO Statistics section not found
[2026-08-13 14:53:50] WARNING  | exadata_cell_iostat_parser | ⚠️  OS IO Statistics section not found
[2026-08-13 14:54:55] WARNING  | exadata_cell_iostat_parser | ⚠️  OS IO Statistics section not found
[2026-08-13 14:56:10] WARNING  | exadata_cell_iostat_parser | ⚠️  OS IO Statistics section not found
[2026-08-13 14:57:24] WARNING  | exadata_cell_iostat_parser | ⚠️  OS IO Statistics section not found
[2026-08-13 15:17:44] WARNING  | exadata_cell_iostat_parser | ⚠️  OS IO Statistics section not found
[2026-08-13 15:19:06] WARNING  | exadata_cell_iostat_parser | ⚠️  OS IO Statistics section not found
[2026-08-13 15:20:25] WARNING  | exadata_cell_iostat_parser | ⚠️  OS IO Statistics section not found
[2026-08-13 15:21:44] WARNING  | exadata_cell_iostat_parser | ⚠️  OS IO Statistics section not found
[2026-08-13 15:23:02] WARNING  | exadata_cell_iostat_parser | ⚠️  OS IO Statistics section not found
[2026-08-13 15:24:18] WARNING  | exadata_cell_iostat_parser | ⚠️  OS IO Statistics section not found
[2026-08-13 15:25:37] WARNING  | exadata_cell_iostat_parser | ⚠️  OS IO Statistics section not found
[2026-08-13 15:26:56] WARNING  | exadata_cell_iostat_parser | ⚠️  OS IO Statistics section not found
[2026-08-13 15:28:16] WARNING  | exadata_cell_iostat_parser | ⚠️  OS IO Statistics section not found
[2026-08-13 15:29:36] WARNING  | exadata_cell_iostat_parser | ⚠️  OS IO Statistics section not found
[2026-08-13 15:30:56] WARNING  | exadata_cell_iostat_parser | ⚠️  OS IO Statistics section not found
[2026-08-13 15:49:55] WARNING  | exadata_cell_iostat_parser | ⚠️  OS IO Statistics section not found
[2026-08-13 15:51:12] WARNING  | exadata_cell_iostat_parser | ⚠️  OS IO Statistics section not found
[2026-08-13 15:52:28] WARNING  | exadata_cell_iostat_parser | ⚠️  OS IO Statistics section not found
[2026-08-13 15:53:42] WARNING  | exadata_cell_iostat_parser | ⚠️  OS IO Statistics section not found
[2026-08-13 15:54:58] WARNING  | exadata_cell_iostat_parser | ⚠️  OS IO Statistics section not found
[2026-08-13 15:56:11] WARNING  | exadata_cell_iostat_parser | ⚠️  OS IO Statistics section not found
[2026-08-13 15:57:27] WARNING  | exadata_cell_iostat_parser | ⚠️  OS IO Statistics section not found
[2026-08-13 15:58:42] WARNING  | exadata_cell_iostat_parser | ⚠️  OS IO Statistics section not found
[2026-08-13 16:00:02] WARNING  | exadata_cell_iostat_parser | ⚠️  OS IO Statistics section not found
[2026-08-13 16:01:15] WARNING  | exadata_cell_iostat_parser | ⚠️  OS IO Statistics section not found
[2026-08-13 16:02:25] WARNING  | exadata_cell_iostat_parser | ⚠️  OS IO Statistics section not found
[2026-08-13 16:03:40] WARNING  | exadata_cell_iostat_parser | ⚠️  OS IO Statistics section not found
[2026-08-13 16:23:31] WARNING  | exadata_cell_iostat_parser | ⚠️  OS IO Statistics section not found
[2026-08-13 16:24:47] WARNING  | exadata_cell_iostat_parser | ⚠️  OS IO Statistics section not found
[2026-08-13 16:26:05] WARNING  | exadata_cell_iostat_parser | ⚠️  OS IO Statistics section not found
[2026-08-13 16:27:20] WARNING  | exadata_cell_iostat_parser | ⚠️  OS IO Statistics section not found
[2026-08-13 16:28:34] WARNING  | exadata_cell_iostat_parser | ⚠️  OS IO Statistics section not found
[2026-08-13 16:31:50] WARNING  | exadata_cell_iostat_parser | ⚠️  OS IO Statistics section not found
[2026-08-13 16:35:11] WARNING  | exadata_cell_iostat_parser | ⚠️  OS IO Statistics section not found
[2026-08-13 16:36:25] WARNING  | exadata_cell_iostat_parser | ⚠️  OS IO Statistics section not found
[2026-08-13 16:37:46] WARNING  | exadata_cell_iostat_parser | ⚠️  OS IO Statistics section not found
[2026-08-13 16:39:01] WARNING  | exadata_cell_iostat_parser | ⚠️  OS IO Statistics section not found
[2026-08-13 16:40:16] WARNING  | exadata_cell_iostat_parser | ⚠️  OS IO Statistics section not found
[2026-08-13 16:41:31] WARNING  | exadata_cell_iostat_parser | ⚠️  OS IO Statistics section not found
[2026-08-13 16:42:48] WARNING  | exadata_cell_iostat_parser | ⚠️  OS IO Statistics section not found
[2026-08-13 16:54:32] WARNING  | exadata_cell_iostat_parser | ⚠️  OS IO Statistics section not found
[2026-08-13 16:55:42] WARNING  | exadata_cell_iostat_parser | ⚠️  OS IO Statistics section not found
[2026-08-13 16:56:58] WARNING  | exadata_cell_iostat_parser | ⚠️  OS IO Statistics section not found
[2026-08-13 16:58:13] WARNING  | exadata_cell_iostat_parser | ⚠️  OS IO Statistics section not found
[2026-08-13 17:28:58] WARNING  | exadata_cell_iostat_parser | ⚠️  OS IO Statistics section not found
[2026-08-13 17:29:22] WARNING  | exadata_cell_iostat_parser | ⚠️  OS IO Statistics section not found
[2026-08-13 17:30:02] WARNING  | exadata_cell_iostat_parser | ⚠️  OS IO Statistics section not found
[2026-08-13 17:31:22] WARNING  | exadata_cell_iostat_parser | ⚠️  OS IO Statistics section not found
[2026-08-13 17:32:36] WARNING  | exadata_cell_iostat_parser | ⚠️  OS IO Statistics section not found
[2026-08-14 12:01:40] INFO     | exadata_cell_iostat_parser | ✅ Parsed 10 Cell IOStat rows
[2026-08-14 12:01:40] ERROR    | exadata_cell_iostat_parser | ❌ null value in column "dbname" violates not-null constraint
DETAIL:  Failing row contains (1483, null, null, null, null, cel01.exadb.internal, Unknown, 1240.0, 285.4, 10.0, 8.4, null, f, f, c0cc5aa10d01e35c0cea23ba15b4bc4b, 2026-08-14 12:01:40.58756).
Traceback (most recent call last):
  File "C:\AWR_Insight_Portal_v2\modules\awr\exadata_cell_iostat_parser.py", line 149, in insert_cell_iostat
    cur.execute(sql,(r["dbname"],r["instance"],r["begin_snap"],r["snap_time"],
    ~~~~~~~~~~~^^^^^^^^^^^^^^^^^^^^^^^^^^^^^^^^^^^^^^^^^^^^^^^^^^^^^^^^^^^^^^^
        r["cell_name"],r["device_type"],r["iops"],r["throughput_mbps"],
        ^^^^^^^^^^^^^^^^^^^^^^^^^^^^^^^^^^^^^^^^^^^^^^^^^^^^^^^^^^^^^^^
        r["util_pct"],r["service_ms"],r["queue_ms"],
        ^^^^^^^^^^^^^^^^^^^^^^^^^^^^^^^^^^^^^^^^^^^^
        r["is_outlier"],r["at_max_capacity"],r["row_hash"]))
        ^^^^^^^^^^^^^^^^^^^^^^^^^^^^^^^^^^^^^^^^^^^^^^^^^^^^
psycopg2.errors.NotNullViolation: null value in column "dbname" violates not-null constraint
DETAIL:  Failing row contains (1483, null, null, null, null, cel01.exadb.internal, Unknown, 1240.0, 285.4, 10.0, 8.4, null, f, f, c0cc5aa10d01e35c0cea23ba15b4bc4b, 2026-08-14 12:01:40.58756).

[2026-08-14 12:01:47] INFO     | exadata_cell_iostat_parser | ✅ Parsed 10 Cell IOStat rows
[2026-08-14 12:01:47] ERROR    | exadata_cell_iostat_parser | ❌ null value in column "dbname" violates not-null constraint
DETAIL:  Failing row contains (1484, null, null, null, null, cel01.exadb.internal, Unknown, 1240.0, 285.4, 18.0, 8.4, null, f, f, db8ab199d5bcfacae50d22cc57457fdf, 2026-08-14 12:01:47.224216).
Traceback (most recent call last):
  File "C:\AWR_Insight_Portal_v2\modules\awr\exadata_cell_iostat_parser.py", line 149, in insert_cell_iostat
    cur.execute(sql,(r["dbname"],r["instance"],r["begin_snap"],r["snap_time"],
    ~~~~~~~~~~~^^^^^^^^^^^^^^^^^^^^^^^^^^^^^^^^^^^^^^^^^^^^^^^^^^^^^^^^^^^^^^^
        r["cell_name"],r["device_type"],r["iops"],r["throughput_mbps"],
        ^^^^^^^^^^^^^^^^^^^^^^^^^^^^^^^^^^^^^^^^^^^^^^^^^^^^^^^^^^^^^^^
        r["util_pct"],r["service_ms"],r["queue_ms"],
        ^^^^^^^^^^^^^^^^^^^^^^^^^^^^^^^^^^^^^^^^^^^^
        r["is_outlier"],r["at_max_capacity"],r["row_hash"]))
        ^^^^^^^^^^^^^^^^^^^^^^^^^^^^^^^^^^^^^^^^^^^^^^^^^^^^
psycopg2.errors.NotNullViolation: null value in column "dbname" violates not-null constraint
DETAIL:  Failing row contains (1484, null, null, null, null, cel01.exadb.internal, Unknown, 1240.0, 285.4, 18.0, 8.4, null, f, f, db8ab199d5bcfacae50d22cc57457fdf, 2026-08-14 12:01:47.224216).

[2026-08-14 12:01:52] INFO     | exadata_cell_iostat_parser | ✅ Parsed 10 Cell IOStat rows
[2026-08-14 12:01:52] ERROR    | exadata_cell_iostat_parser | ❌ null value in column "dbname" violates not-null constraint
DETAIL:  Failing row contains (1485, null, null, null, null, cel01.exadb.internal, Unknown, 1240.0, 285.4, 22.0, 8.4, null, f, f, 131eaeee965a65fefe5cac44f3097002, 2026-08-14 12:01:52.584432).
Traceback (most recent call last):
  File "C:\AWR_Insight_Portal_v2\modules\awr\exadata_cell_iostat_parser.py", line 149, in insert_cell_iostat
    cur.execute(sql,(r["dbname"],r["instance"],r["begin_snap"],r["snap_time"],
    ~~~~~~~~~~~^^^^^^^^^^^^^^^^^^^^^^^^^^^^^^^^^^^^^^^^^^^^^^^^^^^^^^^^^^^^^^^
        r["cell_name"],r["device_type"],r["iops"],r["throughput_mbps"],
        ^^^^^^^^^^^^^^^^^^^^^^^^^^^^^^^^^^^^^^^^^^^^^^^^^^^^^^^^^^^^^^^
        r["util_pct"],r["service_ms"],r["queue_ms"],
        ^^^^^^^^^^^^^^^^^^^^^^^^^^^^^^^^^^^^^^^^^^^^
        r["is_outlier"],r["at_max_capacity"],r["row_hash"]))
        ^^^^^^^^^^^^^^^^^^^^^^^^^^^^^^^^^^^^^^^^^^^^^^^^^^^^
psycopg2.errors.NotNullViolation: null value in column "dbname" violates not-null constraint
DETAIL:  Failing row contains (1485, null, null, null, null, cel01.exadb.internal, Unknown, 1240.0, 285.4, 22.0, 8.4, null, f, f, 131eaeee965a65fefe5cac44f3097002, 2026-08-14 12:01:52.584432).

[2026-08-14 12:01:58] INFO     | exadata_cell_iostat_parser | ✅ Parsed 10 Cell IOStat rows
[2026-08-14 12:01:58] ERROR    | exadata_cell_iostat_parser | ❌ null value in column "dbname" violates not-null constraint
DETAIL:  Failing row contains (1486, null, null, null, null, cel01.exadb.internal, Unknown, 1240.0, 285.4, 11.0, 8.4, null, f, f, 9522637f0798450485dbbf9c827d094d, 2026-08-14 12:01:58.363501).
Traceback (most recent call last):
  File "C:\AWR_Insight_Portal_v2\modules\awr\exadata_cell_iostat_parser.py", line 149, in insert_cell_iostat
    cur.execute(sql,(r["dbname"],r["instance"],r["begin_snap"],r["snap_time"],
    ~~~~~~~~~~~^^^^^^^^^^^^^^^^^^^^^^^^^^^^^^^^^^^^^^^^^^^^^^^^^^^^^^^^^^^^^^^
        r["cell_name"],r["device_type"],r["iops"],r["throughput_mbps"],
        ^^^^^^^^^^^^^^^^^^^^^^^^^^^^^^^^^^^^^^^^^^^^^^^^^^^^^^^^^^^^^^^
        r["util_pct"],r["service_ms"],r["queue_ms"],
        ^^^^^^^^^^^^^^^^^^^^^^^^^^^^^^^^^^^^^^^^^^^^
        r["is_outlier"],r["at_max_capacity"],r["row_hash"]))
        ^^^^^^^^^^^^^^^^^^^^^^^^^^^^^^^^^^^^^^^^^^^^^^^^^^^^
psycopg2.errors.NotNullViolation: null value in column "dbname" violates not-null constraint
DETAIL:  Failing row contains (1486, null, null, null, null, cel01.exadb.internal, Unknown, 1240.0, 285.4, 11.0, 8.4, null, f, f, 9522637f0798450485dbbf9c827d094d, 2026-08-14 12:01:58.363501).

[2026-08-14 12:02:03] INFO     | exadata_cell_iostat_parser | ✅ Parsed 10 Cell IOStat rows
[2026-08-14 12:02:03] ERROR    | exadata_cell_iostat_parser | ❌ null value in column "dbname" violates not-null constraint
DETAIL:  Failing row contains (1487, null, null, null, null, cel01.exadb.internal, Unknown, 1240.0, 285.4, 13.0, 8.4, null, f, f, a74b9bfdaca96e20714565db3f1b57dc, 2026-08-14 12:02:03.698771).
Traceback (most recent call last):
  File "C:\AWR_Insight_Portal_v2\modules\awr\exadata_cell_iostat_parser.py", line 149, in insert_cell_iostat
    cur.execute(sql,(r["dbname"],r["instance"],r["begin_snap"],r["snap_time"],
    ~~~~~~~~~~~^^^^^^^^^^^^^^^^^^^^^^^^^^^^^^^^^^^^^^^^^^^^^^^^^^^^^^^^^^^^^^^
        r["cell_name"],r["device_type"],r["iops"],r["throughput_mbps"],
        ^^^^^^^^^^^^^^^^^^^^^^^^^^^^^^^^^^^^^^^^^^^^^^^^^^^^^^^^^^^^^^^
        r["util_pct"],r["service_ms"],r["queue_ms"],
        ^^^^^^^^^^^^^^^^^^^^^^^^^^^^^^^^^^^^^^^^^^^^
        r["is_outlier"],r["at_max_capacity"],r["row_hash"]))
        ^^^^^^^^^^^^^^^^^^^^^^^^^^^^^^^^^^^^^^^^^^^^^^^^^^^^
psycopg2.errors.NotNullViolation: null value in column "dbname" violates not-null constraint
DETAIL:  Failing row contains (1487, null, null, null, null, cel01.exadb.internal, Unknown, 1240.0, 285.4, 13.0, 8.4, null, f, f, a74b9bfdaca96e20714565db3f1b57dc, 2026-08-14 12:02:03.698771).

[2026-08-14 12:02:09] INFO     | exadata_cell_iostat_parser | ✅ Parsed 10 Cell IOStat rows
[2026-08-14 12:02:09] ERROR    | exadata_cell_iostat_parser | ❌ null value in column "dbname" violates not-null constraint
DETAIL:  Failing row contains (1488, null, null, null, null, cel01.exadb.internal, Unknown, 1240.0, 285.4, 28.0, 8.4, null, f, f, a792c6e9a660f8ace2889b94c4d812d2, 2026-08-14 12:02:09.734979).
Traceback (most recent call last):
  File "C:\AWR_Insight_Portal_v2\modules\awr\exadata_cell_iostat_parser.py", line 149, in insert_cell_iostat
    cur.execute(sql,(r["dbname"],r["instance"],r["begin_snap"],r["snap_time"],
    ~~~~~~~~~~~^^^^^^^^^^^^^^^^^^^^^^^^^^^^^^^^^^^^^^^^^^^^^^^^^^^^^^^^^^^^^^^
        r["cell_name"],r["device_type"],r["iops"],r["throughput_mbps"],
        ^^^^^^^^^^^^^^^^^^^^^^^^^^^^^^^^^^^^^^^^^^^^^^^^^^^^^^^^^^^^^^^
        r["util_pct"],r["service_ms"],r["queue_ms"],
        ^^^^^^^^^^^^^^^^^^^^^^^^^^^^^^^^^^^^^^^^^^^^
        r["is_outlier"],r["at_max_capacity"],r["row_hash"]))
        ^^^^^^^^^^^^^^^^^^^^^^^^^^^^^^^^^^^^^^^^^^^^^^^^^^^^
psycopg2.errors.NotNullViolation: null value in column "dbname" violates not-null constraint
DETAIL:  Failing row contains (1488, null, null, null, null, cel01.exadb.internal, Unknown, 1240.0, 285.4, 28.0, 8.4, null, f, f, a792c6e9a660f8ace2889b94c4d812d2, 2026-08-14 12:02:09.734979).

[2026-08-14 12:08:49] WARNING  | exadata_cell_iostat_parser | ⚠️  OS IO Statistics section not found
[2026-08-14 12:10:07] WARNING  | exadata_cell_iostat_parser | ⚠️  OS IO Statistics section not found
[2026-08-14 12:11:23] WARNING  | exadata_cell_iostat_parser | ⚠️  OS IO Statistics section not found
[2026-08-17 11:57:36] INFO     | exadata_cell_iostat_parser | ✅ Parsed 20 Cell IOStat rows
[2026-08-17 11:57:36] ERROR    | exadata_cell_iostat_parser | ❌ null value in column "dbname" violates not-null constraint
DETAIL:  Failing row contains (1489, null, null, null, null, mexa1cell01, Unknown, 88187.0, 10209.0, 18.59, 8.4, null, f, f, 761d4c399b4dd9617e20df176b67151f, 2026-08-17 11:57:36.180108).
Traceback (most recent call last):
  File "C:\AWR_Insight_Portal_v2\modules\awr\exadata_cell_iostat_parser.py", line 149, in insert_cell_iostat
    cur.execute(sql,(r["dbname"],r["instance"],r["begin_snap"],r["snap_time"],
    ~~~~~~~~~~~^^^^^^^^^^^^^^^^^^^^^^^^^^^^^^^^^^^^^^^^^^^^^^^^^^^^^^^^^^^^^^^
        r["cell_name"],r["device_type"],r["iops"],r["throughput_mbps"],
        ^^^^^^^^^^^^^^^^^^^^^^^^^^^^^^^^^^^^^^^^^^^^^^^^^^^^^^^^^^^^^^^
        r["util_pct"],r["service_ms"],r["queue_ms"],
        ^^^^^^^^^^^^^^^^^^^^^^^^^^^^^^^^^^^^^^^^^^^^
        r["is_outlier"],r["at_max_capacity"],r["row_hash"]))
        ^^^^^^^^^^^^^^^^^^^^^^^^^^^^^^^^^^^^^^^^^^^^^^^^^^^^
psycopg2.errors.NotNullViolation: null value in column "dbname" violates not-null constraint
DETAIL:  Failing row contains (1489, null, null, null, null, mexa1cell01, Unknown, 88187.0, 10209.0, 18.59, 8.4, null, f, f, 761d4c399b4dd9617e20df176b67151f, 2026-08-17 11:57:36.180108).

[2026-08-17 11:57:47] INFO     | exadata_cell_iostat_parser | ✅ Parsed 20 Cell IOStat rows
[2026-08-17 11:57:48] ERROR    | exadata_cell_iostat_parser | ❌ null value in column "dbname" violates not-null constraint
DETAIL:  Failing row contains (1490, null, null, null, null, mexa1cell01, Unknown, 88187.0, 10209.0, 22.4, 8.4, null, f, f, a28dce655289e6f15c30ae380d11082e, 2026-08-17 11:57:48.030948).
Traceback (most recent call last):
  File "C:\AWR_Insight_Portal_v2\modules\awr\exadata_cell_iostat_parser.py", line 149, in insert_cell_iostat
    cur.execute(sql,(r["dbname"],r["instance"],r["begin_snap"],r["snap_time"],
    ~~~~~~~~~~~^^^^^^^^^^^^^^^^^^^^^^^^^^^^^^^^^^^^^^^^^^^^^^^^^^^^^^^^^^^^^^^
        r["cell_name"],r["device_type"],r["iops"],r["throughput_mbps"],
        ^^^^^^^^^^^^^^^^^^^^^^^^^^^^^^^^^^^^^^^^^^^^^^^^^^^^^^^^^^^^^^^
        r["util_pct"],r["service_ms"],r["queue_ms"],
        ^^^^^^^^^^^^^^^^^^^^^^^^^^^^^^^^^^^^^^^^^^^^
        r["is_outlier"],r["at_max_capacity"],r["row_hash"]))
        ^^^^^^^^^^^^^^^^^^^^^^^^^^^^^^^^^^^^^^^^^^^^^^^^^^^^
psycopg2.errors.NotNullViolation: null value in column "dbname" violates not-null constraint
DETAIL:  Failing row contains (1490, null, null, null, null, mexa1cell01, Unknown, 88187.0, 10209.0, 22.4, 8.4, null, f, f, a28dce655289e6f15c30ae380d11082e, 2026-08-17 11:57:48.030948).

[2026-08-17 11:57:59] INFO     | exadata_cell_iostat_parser | ✅ Parsed 20 Cell IOStat rows
[2026-08-17 11:57:59] ERROR    | exadata_cell_iostat_parser | ❌ null value in column "dbname" violates not-null constraint
DETAIL:  Failing row contains (1491, null, null, null, null, mexa1cell01, Unknown, 88187.0, 10209.0, 20.1, 8.4, null, f, f, dfcf84965921434b4964dbd828b2c2e8, 2026-08-17 11:57:59.600011).
Traceback (most recent call last):
  File "C:\AWR_Insight_Portal_v2\modules\awr\exadata_cell_iostat_parser.py", line 149, in insert_cell_iostat
    cur.execute(sql,(r["dbname"],r["instance"],r["begin_snap"],r["snap_time"],
    ~~~~~~~~~~~^^^^^^^^^^^^^^^^^^^^^^^^^^^^^^^^^^^^^^^^^^^^^^^^^^^^^^^^^^^^^^^
        r["cell_name"],r["device_type"],r["iops"],r["throughput_mbps"],
        ^^^^^^^^^^^^^^^^^^^^^^^^^^^^^^^^^^^^^^^^^^^^^^^^^^^^^^^^^^^^^^^
        r["util_pct"],r["service_ms"],r["queue_ms"],
        ^^^^^^^^^^^^^^^^^^^^^^^^^^^^^^^^^^^^^^^^^^^^
        r["is_outlier"],r["at_max_capacity"],r["row_hash"]))
        ^^^^^^^^^^^^^^^^^^^^^^^^^^^^^^^^^^^^^^^^^^^^^^^^^^^^
psycopg2.errors.NotNullViolation: null value in column "dbname" violates not-null constraint
DETAIL:  Failing row contains (1491, null, null, null, null, mexa1cell01, Unknown, 88187.0, 10209.0, 20.1, 8.4, null, f, f, dfcf84965921434b4964dbd828b2c2e8, 2026-08-17 11:57:59.600011).

[2026-08-17 11:58:10] INFO     | exadata_cell_iostat_parser | ✅ Parsed 20 Cell IOStat rows
[2026-08-17 11:58:11] ERROR    | exadata_cell_iostat_parser | ❌ null value in column "dbname" violates not-null constraint
DETAIL:  Failing row contains (1492, null, null, null, null, mexa1cell01, Unknown, 88187.0, 10209.0, 2.1, 8.4, null, f, f, 2fc0d1911c50d39be3c8a6f3fbce8709, 2026-08-17 11:58:11.078919).
Traceback (most recent call last):
  File "C:\AWR_Insight_Portal_v2\modules\awr\exadata_cell_iostat_parser.py", line 149, in insert_cell_iostat
    cur.execute(sql,(r["dbname"],r["instance"],r["begin_snap"],r["snap_time"],
    ~~~~~~~~~~~^^^^^^^^^^^^^^^^^^^^^^^^^^^^^^^^^^^^^^^^^^^^^^^^^^^^^^^^^^^^^^^
        r["cell_name"],r["device_type"],r["iops"],r["throughput_mbps"],
        ^^^^^^^^^^^^^^^^^^^^^^^^^^^^^^^^^^^^^^^^^^^^^^^^^^^^^^^^^^^^^^^
        r["util_pct"],r["service_ms"],r["queue_ms"],
        ^^^^^^^^^^^^^^^^^^^^^^^^^^^^^^^^^^^^^^^^^^^^
        r["is_outlier"],r["at_max_capacity"],r["row_hash"]))
        ^^^^^^^^^^^^^^^^^^^^^^^^^^^^^^^^^^^^^^^^^^^^^^^^^^^^
psycopg2.errors.NotNullViolation: null value in column "dbname" violates not-null constraint
DETAIL:  Failing row contains (1492, null, null, null, null, mexa1cell01, Unknown, 88187.0, 10209.0, 2.1, 8.4, null, f, f, 2fc0d1911c50d39be3c8a6f3fbce8709, 2026-08-17 11:58:11.078919).

[2026-08-17 11:58:22] INFO     | exadata_cell_iostat_parser | ✅ Parsed 20 Cell IOStat rows
[2026-08-17 11:58:22] ERROR    | exadata_cell_iostat_parser | ❌ null value in column "dbname" violates not-null constraint
DETAIL:  Failing row contains (1493, null, null, null, null, mexa1cell01, Unknown, 88187.0, 10209.0, 5.2, 8.4, null, f, f, bd71c865ac9a3d90e260de4beed59f52, 2026-08-17 11:58:22.391571).
Traceback (most recent call last):
  File "C:\AWR_Insight_Portal_v2\modules\awr\exadata_cell_iostat_parser.py", line 149, in insert_cell_iostat
    cur.execute(sql,(r["dbname"],r["instance"],r["begin_snap"],r["snap_time"],
    ~~~~~~~~~~~^^^^^^^^^^^^^^^^^^^^^^^^^^^^^^^^^^^^^^^^^^^^^^^^^^^^^^^^^^^^^^^
        r["cell_name"],r["device_type"],r["iops"],r["throughput_mbps"],
        ^^^^^^^^^^^^^^^^^^^^^^^^^^^^^^^^^^^^^^^^^^^^^^^^^^^^^^^^^^^^^^^
        r["util_pct"],r["service_ms"],r["queue_ms"],
        ^^^^^^^^^^^^^^^^^^^^^^^^^^^^^^^^^^^^^^^^^^^^
        r["is_outlier"],r["at_max_capacity"],r["row_hash"]))
        ^^^^^^^^^^^^^^^^^^^^^^^^^^^^^^^^^^^^^^^^^^^^^^^^^^^^
psycopg2.errors.NotNullViolation: null value in column "dbname" violates not-null constraint
DETAIL:  Failing row contains (1493, null, null, null, null, mexa1cell01, Unknown, 88187.0, 10209.0, 5.2, 8.4, null, f, f, bd71c865ac9a3d90e260de4beed59f52, 2026-08-17 11:58:22.391571).

[2026-08-17 11:58:33] INFO     | exadata_cell_iostat_parser | ✅ Parsed 20 Cell IOStat rows
[2026-08-17 11:58:33] ERROR    | exadata_cell_iostat_parser | ❌ null value in column "dbname" violates not-null constraint
DETAIL:  Failing row contains (1494, null, null, null, null, mexa1cell01, Unknown, 88187.0, 10209.0, 42.4, 8.4, null, f, f, b7aa107e551abd7998f6d8560a00ef24, 2026-08-17 11:58:33.210213).
Traceback (most recent call last):
  File "C:\AWR_Insight_Portal_v2\modules\awr\exadata_cell_iostat_parser.py", line 149, in insert_cell_iostat
    cur.execute(sql,(r["dbname"],r["instance"],r["begin_snap"],r["snap_time"],
    ~~~~~~~~~~~^^^^^^^^^^^^^^^^^^^^^^^^^^^^^^^^^^^^^^^^^^^^^^^^^^^^^^^^^^^^^^^
        r["cell_name"],r["device_type"],r["iops"],r["throughput_mbps"],
        ^^^^^^^^^^^^^^^^^^^^^^^^^^^^^^^^^^^^^^^^^^^^^^^^^^^^^^^^^^^^^^^
        r["util_pct"],r["service_ms"],r["queue_ms"],
        ^^^^^^^^^^^^^^^^^^^^^^^^^^^^^^^^^^^^^^^^^^^^
        r["is_outlier"],r["at_max_capacity"],r["row_hash"]))
        ^^^^^^^^^^^^^^^^^^^^^^^^^^^^^^^^^^^^^^^^^^^^^^^^^^^^
psycopg2.errors.NotNullViolation: null value in column "dbname" violates not-null constraint
DETAIL:  Failing row contains (1494, null, null, null, null, mexa1cell01, Unknown, 88187.0, 10209.0, 42.4, 8.4, null, f, f, b7aa107e551abd7998f6d8560a00ef24, 2026-08-17 11:58:33.210213).

[2026-08-17 11:58:44] INFO     | exadata_cell_iostat_parser | ✅ Parsed 20 Cell IOStat rows
[2026-08-17 11:58:44] ERROR    | exadata_cell_iostat_parser | ❌ null value in column "dbname" violates not-null constraint
DETAIL:  Failing row contains (1495, null, null, null, null, mexa1cell01, Unknown, 88187.0, 10209.0, 8.4, 8.4, null, f, f, 7df63ad292ec737c0a8bce56858cb918, 2026-08-17 11:58:44.374308).
Traceback (most recent call last):
  File "C:\AWR_Insight_Portal_v2\modules\awr\exadata_cell_iostat_parser.py", line 149, in insert_cell_iostat
    cur.execute(sql,(r["dbname"],r["instance"],r["begin_snap"],r["snap_time"],
    ~~~~~~~~~~~^^^^^^^^^^^^^^^^^^^^^^^^^^^^^^^^^^^^^^^^^^^^^^^^^^^^^^^^^^^^^^^
        r["cell_name"],r["device_type"],r["iops"],r["throughput_mbps"],
        ^^^^^^^^^^^^^^^^^^^^^^^^^^^^^^^^^^^^^^^^^^^^^^^^^^^^^^^^^^^^^^^
        r["util_pct"],r["service_ms"],r["queue_ms"],
        ^^^^^^^^^^^^^^^^^^^^^^^^^^^^^^^^^^^^^^^^^^^^
        r["is_outlier"],r["at_max_capacity"],r["row_hash"]))
        ^^^^^^^^^^^^^^^^^^^^^^^^^^^^^^^^^^^^^^^^^^^^^^^^^^^^
psycopg2.errors.NotNullViolation: null value in column "dbname" violates not-null constraint
DETAIL:  Failing row contains (1495, null, null, null, null, mexa1cell01, Unknown, 88187.0, 10209.0, 8.4, 8.4, null, f, f, 7df63ad292ec737c0a8bce56858cb918, 2026-08-17 11:58:44.374308).

[2026-08-17 11:58:56] INFO     | exadata_cell_iostat_parser | ✅ Parsed 20 Cell IOStat rows
[2026-08-17 11:58:56] ERROR    | exadata_cell_iostat_parser | ❌ null value in column "dbname" violates not-null constraint
DETAIL:  Failing row contains (1496, null, null, null, null, mexa1cell01, Unknown, 88187.0, 10209.0, 14.2, 8.4, null, f, f, 4a13081c6ded7bcbcb9b3a178e1b388d, 2026-08-17 11:58:56.38547).
Traceback (most recent call last):
  File "C:\AWR_Insight_Portal_v2\modules\awr\exadata_cell_iostat_parser.py", line 149, in insert_cell_iostat
    cur.execute(sql,(r["dbname"],r["instance"],r["begin_snap"],r["snap_time"],
    ~~~~~~~~~~~^^^^^^^^^^^^^^^^^^^^^^^^^^^^^^^^^^^^^^^^^^^^^^^^^^^^^^^^^^^^^^^
        r["cell_name"],r["device_type"],r["iops"],r["throughput_mbps"],
        ^^^^^^^^^^^^^^^^^^^^^^^^^^^^^^^^^^^^^^^^^^^^^^^^^^^^^^^^^^^^^^^
        r["util_pct"],r["service_ms"],r["queue_ms"],
        ^^^^^^^^^^^^^^^^^^^^^^^^^^^^^^^^^^^^^^^^^^^^
        r["is_outlier"],r["at_max_capacity"],r["row_hash"]))
        ^^^^^^^^^^^^^^^^^^^^^^^^^^^^^^^^^^^^^^^^^^^^^^^^^^^^
psycopg2.errors.NotNullViolation: null value in column "dbname" violates not-null constraint
DETAIL:  Failing row contains (1496, null, null, null, null, mexa1cell01, Unknown, 88187.0, 10209.0, 14.2, 8.4, null, f, f, 4a13081c6ded7bcbcb9b3a178e1b388d, 2026-08-17 11:58:56.38547).

[2026-08-17 11:59:08] INFO     | exadata_cell_iostat_parser | ✅ Parsed 20 Cell IOStat rows
[2026-08-17 11:59:08] ERROR    | exadata_cell_iostat_parser | ❌ null value in column "dbname" violates not-null constraint
DETAIL:  Failing row contains (1497, null, null, null, null, mexa1cell01, Unknown, 88187.0, 10209.0, 28.4, 8.4, null, f, f, 5c54ba93d5691f7aaa481e20149298f4, 2026-08-17 11:59:08.770028).
Traceback (most recent call last):
  File "C:\AWR_Insight_Portal_v2\modules\awr\exadata_cell_iostat_parser.py", line 149, in insert_cell_iostat
    cur.execute(sql,(r["dbname"],r["instance"],r["begin_snap"],r["snap_time"],
    ~~~~~~~~~~~^^^^^^^^^^^^^^^^^^^^^^^^^^^^^^^^^^^^^^^^^^^^^^^^^^^^^^^^^^^^^^^
        r["cell_name"],r["device_type"],r["iops"],r["throughput_mbps"],
        ^^^^^^^^^^^^^^^^^^^^^^^^^^^^^^^^^^^^^^^^^^^^^^^^^^^^^^^^^^^^^^^
        r["util_pct"],r["service_ms"],r["queue_ms"],
        ^^^^^^^^^^^^^^^^^^^^^^^^^^^^^^^^^^^^^^^^^^^^
        r["is_outlier"],r["at_max_capacity"],r["row_hash"]))
        ^^^^^^^^^^^^^^^^^^^^^^^^^^^^^^^^^^^^^^^^^^^^^^^^^^^^
psycopg2.errors.NotNullViolation: null value in column "dbname" violates not-null constraint
DETAIL:  Failing row contains (1497, null, null, null, null, mexa1cell01, Unknown, 88187.0, 10209.0, 28.4, 8.4, null, f, f, 5c54ba93d5691f7aaa481e20149298f4, 2026-08-17 11:59:08.770028).

[2026-08-17 11:59:20] INFO     | exadata_cell_iostat_parser | ✅ Parsed 20 Cell IOStat rows
[2026-08-17 11:59:20] ERROR    | exadata_cell_iostat_parser | ❌ null value in column "dbname" violates not-null constraint
DETAIL:  Failing row contains (1498, null, null, null, null, mexa1cell01, Unknown, 88187.0, 10209.0, 68.4, 8.4, null, f, f, c8f3847b406a091d815ce0f370d5a3fd, 2026-08-17 11:59:20.476654).
Traceback (most recent call last):
  File "C:\AWR_Insight_Portal_v2\modules\awr\exadata_cell_iostat_parser.py", line 149, in insert_cell_iostat
    cur.execute(sql,(r["dbname"],r["instance"],r["begin_snap"],r["snap_time"],
    ~~~~~~~~~~~^^^^^^^^^^^^^^^^^^^^^^^^^^^^^^^^^^^^^^^^^^^^^^^^^^^^^^^^^^^^^^^
        r["cell_name"],r["device_type"],r["iops"],r["throughput_mbps"],
        ^^^^^^^^^^^^^^^^^^^^^^^^^^^^^^^^^^^^^^^^^^^^^^^^^^^^^^^^^^^^^^^
        r["util_pct"],r["service_ms"],r["queue_ms"],
        ^^^^^^^^^^^^^^^^^^^^^^^^^^^^^^^^^^^^^^^^^^^^
        r["is_outlier"],r["at_max_capacity"],r["row_hash"]))
        ^^^^^^^^^^^^^^^^^^^^^^^^^^^^^^^^^^^^^^^^^^^^^^^^^^^^
psycopg2.errors.NotNullViolation: null value in column "dbname" violates not-null constraint
DETAIL:  Failing row contains (1498, null, null, null, null, mexa1cell01, Unknown, 88187.0, 10209.0, 68.4, 8.4, null, f, f, c8f3847b406a091d815ce0f370d5a3fd, 2026-08-17 11:59:20.476654).

[2026-08-17 11:59:31] INFO     | exadata_cell_iostat_parser | ✅ Parsed 20 Cell IOStat rows
[2026-08-17 11:59:31] ERROR    | exadata_cell_iostat_parser | ❌ null value in column "dbname" violates not-null constraint
DETAIL:  Failing row contains (1499, null, null, null, null, mexa1cell01, Unknown, 88187.0, 10209.0, 62.4, 8.4, null, f, f, ecae4ecefe19e597e97f2c0d86b15c36, 2026-08-17 11:59:31.673222).
Traceback (most recent call last):
  File "C:\AWR_Insight_Portal_v2\modules\awr\exadata_cell_iostat_parser.py", line 149, in insert_cell_iostat
    cur.execute(sql,(r["dbname"],r["instance"],r["begin_snap"],r["snap_time"],
    ~~~~~~~~~~~^^^^^^^^^^^^^^^^^^^^^^^^^^^^^^^^^^^^^^^^^^^^^^^^^^^^^^^^^^^^^^^
        r["cell_name"],r["device_type"],r["iops"],r["throughput_mbps"],
        ^^^^^^^^^^^^^^^^^^^^^^^^^^^^^^^^^^^^^^^^^^^^^^^^^^^^^^^^^^^^^^^
        r["util_pct"],r["service_ms"],r["queue_ms"],
        ^^^^^^^^^^^^^^^^^^^^^^^^^^^^^^^^^^^^^^^^^^^^
        r["is_outlier"],r["at_max_capacity"],r["row_hash"]))
        ^^^^^^^^^^^^^^^^^^^^^^^^^^^^^^^^^^^^^^^^^^^^^^^^^^^^
psycopg2.errors.NotNullViolation: null value in column "dbname" violates not-null constraint
DETAIL:  Failing row contains (1499, null, null, null, null, mexa1cell01, Unknown, 88187.0, 10209.0, 62.4, 8.4, null, f, f, ecae4ecefe19e597e97f2c0d86b15c36, 2026-08-17 11:59:31.673222).

[2026-08-17 11:59:42] INFO     | exadata_cell_iostat_parser | ✅ Parsed 20 Cell IOStat rows | outliers:['mexa1cell01']
[2026-08-17 11:59:42] ERROR    | exadata_cell_iostat_parser | ❌ null value in column "dbname" violates not-null constraint
DETAIL:  Failing row contains (1500, null, null, null, null, mexa1cell01, Unknown, 88187.0, 10209.0, 72.4, 8.4, null, t, f, 7f1d289569f55897b10850b73d5fb1fe, 2026-08-17 11:59:42.890346).
Traceback (most recent call last):
  File "C:\AWR_Insight_Portal_v2\modules\awr\exadata_cell_iostat_parser.py", line 149, in insert_cell_iostat
    cur.execute(sql,(r["dbname"],r["instance"],r["begin_snap"],r["snap_time"],
    ~~~~~~~~~~~^^^^^^^^^^^^^^^^^^^^^^^^^^^^^^^^^^^^^^^^^^^^^^^^^^^^^^^^^^^^^^^
        r["cell_name"],r["device_type"],r["iops"],r["throughput_mbps"],
        ^^^^^^^^^^^^^^^^^^^^^^^^^^^^^^^^^^^^^^^^^^^^^^^^^^^^^^^^^^^^^^^
        r["util_pct"],r["service_ms"],r["queue_ms"],
        ^^^^^^^^^^^^^^^^^^^^^^^^^^^^^^^^^^^^^^^^^^^^
        r["is_outlier"],r["at_max_capacity"],r["row_hash"]))
        ^^^^^^^^^^^^^^^^^^^^^^^^^^^^^^^^^^^^^^^^^^^^^^^^^^^^
psycopg2.errors.NotNullViolation: null value in column "dbname" violates not-null constraint
DETAIL:  Failing row contains (1500, null, null, null, null, mexa1cell01, Unknown, 88187.0, 10209.0, 72.4, 8.4, null, t, f, 7f1d289569f55897b10850b73d5fb1fe, 2026-08-17 11:59:42.890346).

[2026-08-17 11:59:53] INFO     | exadata_cell_iostat_parser | ✅ Parsed 20 Cell IOStat rows
[2026-08-17 11:59:54] ERROR    | exadata_cell_iostat_parser | ❌ null value in column "dbname" violates not-null constraint
DETAIL:  Failing row contains (1501, null, null, null, null, mexa1cell01, Unknown, 88187.0, 10209.0, 78.4, 8.4, null, f, f, cac4ff53284ec002d1e4a6d83b34edd3, 2026-08-17 11:59:54.024723).
Traceback (most recent call last):
  File "C:\AWR_Insight_Portal_v2\modules\awr\exadata_cell_iostat_parser.py", line 149, in insert_cell_iostat
    cur.execute(sql,(r["dbname"],r["instance"],r["begin_snap"],r["snap_time"],
    ~~~~~~~~~~~^^^^^^^^^^^^^^^^^^^^^^^^^^^^^^^^^^^^^^^^^^^^^^^^^^^^^^^^^^^^^^^
        r["cell_name"],r["device_type"],r["iops"],r["throughput_mbps"],
        ^^^^^^^^^^^^^^^^^^^^^^^^^^^^^^^^^^^^^^^^^^^^^^^^^^^^^^^^^^^^^^^
        r["util_pct"],r["service_ms"],r["queue_ms"],
        ^^^^^^^^^^^^^^^^^^^^^^^^^^^^^^^^^^^^^^^^^^^^
        r["is_outlier"],r["at_max_capacity"],r["row_hash"]))
        ^^^^^^^^^^^^^^^^^^^^^^^^^^^^^^^^^^^^^^^^^^^^^^^^^^^^
psycopg2.errors.NotNullViolation: null value in column "dbname" violates not-null constraint
DETAIL:  Failing row contains (1501, null, null, null, null, mexa1cell01, Unknown, 88187.0, 10209.0, 78.4, 8.4, null, f, f, cac4ff53284ec002d1e4a6d83b34edd3, 2026-08-17 11:59:54.024723).

[2026-08-17 12:00:05] INFO     | exadata_cell_iostat_parser | ✅ Parsed 20 Cell IOStat rows
[2026-08-17 12:00:05] ERROR    | exadata_cell_iostat_parser | ❌ null value in column "dbname" violates not-null constraint
DETAIL:  Failing row contains (1502, null, null, null, null, mexa1cell01, Unknown, 88187.0, 10209.0, 68.4, 8.4, null, f, f, c8f3847b406a091d815ce0f370d5a3fd, 2026-08-17 12:00:05.353772).
Traceback (most recent call last):
  File "C:\AWR_Insight_Portal_v2\modules\awr\exadata_cell_iostat_parser.py", line 149, in insert_cell_iostat
    cur.execute(sql,(r["dbname"],r["instance"],r["begin_snap"],r["snap_time"],
    ~~~~~~~~~~~^^^^^^^^^^^^^^^^^^^^^^^^^^^^^^^^^^^^^^^^^^^^^^^^^^^^^^^^^^^^^^^
        r["cell_name"],r["device_type"],r["iops"],r["throughput_mbps"],
        ^^^^^^^^^^^^^^^^^^^^^^^^^^^^^^^^^^^^^^^^^^^^^^^^^^^^^^^^^^^^^^^
        r["util_pct"],r["service_ms"],r["queue_ms"],
        ^^^^^^^^^^^^^^^^^^^^^^^^^^^^^^^^^^^^^^^^^^^^
        r["is_outlier"],r["at_max_capacity"],r["row_hash"]))
        ^^^^^^^^^^^^^^^^^^^^^^^^^^^^^^^^^^^^^^^^^^^^^^^^^^^^
psycopg2.errors.NotNullViolation: null value in column "dbname" violates not-null constraint
DETAIL:  Failing row contains (1502, null, null, null, null, mexa1cell01, Unknown, 88187.0, 10209.0, 68.4, 8.4, null, f, f, c8f3847b406a091d815ce0f370d5a3fd, 2026-08-17 12:00:05.353772).

[2026-08-17 12:00:17] INFO     | exadata_cell_iostat_parser | ✅ Parsed 20 Cell IOStat rows
[2026-08-17 12:00:17] ERROR    | exadata_cell_iostat_parser | ❌ null value in column "dbname" violates not-null constraint
DETAIL:  Failing row contains (1503, null, null, null, null, mexa1cell01, Unknown, 88187.0, 10209.0, 64.4, 8.4, null, f, f, 981b8abdccaa39ab421cb0b14faa8ce4, 2026-08-17 12:00:17.40326).
Traceback (most recent call last):
  File "C:\AWR_Insight_Portal_v2\modules\awr\exadata_cell_iostat_parser.py", line 149, in insert_cell_iostat
    cur.execute(sql,(r["dbname"],r["instance"],r["begin_snap"],r["snap_time"],
    ~~~~~~~~~~~^^^^^^^^^^^^^^^^^^^^^^^^^^^^^^^^^^^^^^^^^^^^^^^^^^^^^^^^^^^^^^^
        r["cell_name"],r["device_type"],r["iops"],r["throughput_mbps"],
        ^^^^^^^^^^^^^^^^^^^^^^^^^^^^^^^^^^^^^^^^^^^^^^^^^^^^^^^^^^^^^^^
        r["util_pct"],r["service_ms"],r["queue_ms"],
        ^^^^^^^^^^^^^^^^^^^^^^^^^^^^^^^^^^^^^^^^^^^^
        r["is_outlier"],r["at_max_capacity"],r["row_hash"]))
        ^^^^^^^^^^^^^^^^^^^^^^^^^^^^^^^^^^^^^^^^^^^^^^^^^^^^
psycopg2.errors.NotNullViolation: null value in column "dbname" violates not-null constraint
DETAIL:  Failing row contains (1503, null, null, null, null, mexa1cell01, Unknown, 88187.0, 10209.0, 64.4, 8.4, null, f, f, 981b8abdccaa39ab421cb0b14faa8ce4, 2026-08-17 12:00:17.40326).

[2026-08-17 12:00:29] INFO     | exadata_cell_iostat_parser | ✅ Parsed 20 Cell IOStat rows
[2026-08-17 12:00:29] ERROR    | exadata_cell_iostat_parser | ❌ null value in column "dbname" violates not-null constraint
DETAIL:  Failing row contains (1504, null, null, null, null, mexa1cell01, Unknown, 88187.0, 10209.0, 74.4, 8.4, null, f, f, 96213952744b7a9c408a65a7f79c5b60, 2026-08-17 12:00:29.721285).
Traceback (most recent call last):
  File "C:\AWR_Insight_Portal_v2\modules\awr\exadata_cell_iostat_parser.py", line 149, in insert_cell_iostat
    cur.execute(sql,(r["dbname"],r["instance"],r["begin_snap"],r["snap_time"],
    ~~~~~~~~~~~^^^^^^^^^^^^^^^^^^^^^^^^^^^^^^^^^^^^^^^^^^^^^^^^^^^^^^^^^^^^^^^
        r["cell_name"],r["device_type"],r["iops"],r["throughput_mbps"],
        ^^^^^^^^^^^^^^^^^^^^^^^^^^^^^^^^^^^^^^^^^^^^^^^^^^^^^^^^^^^^^^^
        r["util_pct"],r["service_ms"],r["queue_ms"],
        ^^^^^^^^^^^^^^^^^^^^^^^^^^^^^^^^^^^^^^^^^^^^
        r["is_outlier"],r["at_max_capacity"],r["row_hash"]))
        ^^^^^^^^^^^^^^^^^^^^^^^^^^^^^^^^^^^^^^^^^^^^^^^^^^^^
psycopg2.errors.NotNullViolation: null value in column "dbname" violates not-null constraint
DETAIL:  Failing row contains (1504, null, null, null, null, mexa1cell01, Unknown, 88187.0, 10209.0, 74.4, 8.4, null, f, f, 96213952744b7a9c408a65a7f79c5b60, 2026-08-17 12:00:29.721285).

[2026-08-17 12:00:41] INFO     | exadata_cell_iostat_parser | ✅ Parsed 20 Cell IOStat rows
[2026-08-17 12:00:41] ERROR    | exadata_cell_iostat_parser | ❌ null value in column "dbname" violates not-null constraint
DETAIL:  Failing row contains (1505, null, null, null, null, mexa1cell01, Unknown, 88187.0, 10209.0, 62.4, 8.4, null, f, f, ecae4ecefe19e597e97f2c0d86b15c36, 2026-08-17 12:00:41.885974).
Traceback (most recent call last):
  File "C:\AWR_Insight_Portal_v2\modules\awr\exadata_cell_iostat_parser.py", line 149, in insert_cell_iostat
    cur.execute(sql,(r["dbname"],r["instance"],r["begin_snap"],r["snap_time"],
    ~~~~~~~~~~~^^^^^^^^^^^^^^^^^^^^^^^^^^^^^^^^^^^^^^^^^^^^^^^^^^^^^^^^^^^^^^^
        r["cell_name"],r["device_type"],r["iops"],r["throughput_mbps"],
        ^^^^^^^^^^^^^^^^^^^^^^^^^^^^^^^^^^^^^^^^^^^^^^^^^^^^^^^^^^^^^^^
        r["util_pct"],r["service_ms"],r["queue_ms"],
        ^^^^^^^^^^^^^^^^^^^^^^^^^^^^^^^^^^^^^^^^^^^^
        r["is_outlier"],r["at_max_capacity"],r["row_hash"]))
        ^^^^^^^^^^^^^^^^^^^^^^^^^^^^^^^^^^^^^^^^^^^^^^^^^^^^
psycopg2.errors.NotNullViolation: null value in column "dbname" violates not-null constraint
DETAIL:  Failing row contains (1505, null, null, null, null, mexa1cell01, Unknown, 88187.0, 10209.0, 62.4, 8.4, null, f, f, ecae4ecefe19e597e97f2c0d86b15c36, 2026-08-17 12:00:41.885974).

[2026-08-17 12:00:53] INFO     | exadata_cell_iostat_parser | ✅ Parsed 20 Cell IOStat rows
[2026-08-17 12:00:53] ERROR    | exadata_cell_iostat_parser | ❌ null value in column "dbname" violates not-null constraint
DETAIL:  Failing row contains (1506, null, null, null, null, mexa1cell01, Unknown, 88187.0, 10209.0, 38.4, 8.4, null, f, f, 22340ed79943fafa1d4d98eff0caf9d3, 2026-08-17 12:00:53.720675).
Traceback (most recent call last):
  File "C:\AWR_Insight_Portal_v2\modules\awr\exadata_cell_iostat_parser.py", line 149, in insert_cell_iostat
    cur.execute(sql,(r["dbname"],r["instance"],r["begin_snap"],r["snap_time"],
    ~~~~~~~~~~~^^^^^^^^^^^^^^^^^^^^^^^^^^^^^^^^^^^^^^^^^^^^^^^^^^^^^^^^^^^^^^^
        r["cell_name"],r["device_type"],r["iops"],r["throughput_mbps"],
        ^^^^^^^^^^^^^^^^^^^^^^^^^^^^^^^^^^^^^^^^^^^^^^^^^^^^^^^^^^^^^^^
        r["util_pct"],r["service_ms"],r["queue_ms"],
        ^^^^^^^^^^^^^^^^^^^^^^^^^^^^^^^^^^^^^^^^^^^^
        r["is_outlier"],r["at_max_capacity"],r["row_hash"]))
        ^^^^^^^^^^^^^^^^^^^^^^^^^^^^^^^^^^^^^^^^^^^^^^^^^^^^
psycopg2.errors.NotNullViolation: null value in column "dbname" violates not-null constraint
DETAIL:  Failing row contains (1506, null, null, null, null, mexa1cell01, Unknown, 88187.0, 10209.0, 38.4, 8.4, null, f, f, 22340ed79943fafa1d4d98eff0caf9d3, 2026-08-17 12:00:53.720675).

[2026-08-17 12:01:05] INFO     | exadata_cell_iostat_parser | ✅ Parsed 20 Cell IOStat rows | outliers:['mexa1cell01']
[2026-08-17 12:01:05] ERROR    | exadata_cell_iostat_parser | ❌ null value in column "dbname" violates not-null constraint
DETAIL:  Failing row contains (1507, null, null, null, null, mexa1cell01, Unknown, 88187.0, 10209.0, 5.8, 8.4, null, t, f, 0d60894053e60e9930b6a39e6c9c16dd, 2026-08-17 12:01:05.651884).
Traceback (most recent call last):
  File "C:\AWR_Insight_Portal_v2\modules\awr\exadata_cell_iostat_parser.py", line 149, in insert_cell_iostat
    cur.execute(sql,(r["dbname"],r["instance"],r["begin_snap"],r["snap_time"],
    ~~~~~~~~~~~^^^^^^^^^^^^^^^^^^^^^^^^^^^^^^^^^^^^^^^^^^^^^^^^^^^^^^^^^^^^^^^
        r["cell_name"],r["device_type"],r["iops"],r["throughput_mbps"],
        ^^^^^^^^^^^^^^^^^^^^^^^^^^^^^^^^^^^^^^^^^^^^^^^^^^^^^^^^^^^^^^^
        r["util_pct"],r["service_ms"],r["queue_ms"],
        ^^^^^^^^^^^^^^^^^^^^^^^^^^^^^^^^^^^^^^^^^^^^
        r["is_outlier"],r["at_max_capacity"],r["row_hash"]))
        ^^^^^^^^^^^^^^^^^^^^^^^^^^^^^^^^^^^^^^^^^^^^^^^^^^^^
psycopg2.errors.NotNullViolation: null value in column "dbname" violates not-null constraint
DETAIL:  Failing row contains (1507, null, null, null, null, mexa1cell01, Unknown, 88187.0, 10209.0, 5.8, 8.4, null, t, f, 0d60894053e60e9930b6a39e6c9c16dd, 2026-08-17 12:01:05.651884).

[2026-08-17 12:01:17] INFO     | exadata_cell_iostat_parser | ✅ Parsed 20 Cell IOStat rows
[2026-08-17 12:01:17] ERROR    | exadata_cell_iostat_parser | ❌ null value in column "dbname" violates not-null constraint
DETAIL:  Failing row contains (1508, null, null, null, null, mexa1cell01, Unknown, 88187.0, 10209.0, 62.4, 8.4, null, f, f, ecae4ecefe19e597e97f2c0d86b15c36, 2026-08-17 12:01:17.293654).
Traceback (most recent call last):
  File "C:\AWR_Insight_Portal_v2\modules\awr\exadata_cell_iostat_parser.py", line 149, in insert_cell_iostat
    cur.execute(sql,(r["dbname"],r["instance"],r["begin_snap"],r["snap_time"],
    ~~~~~~~~~~~^^^^^^^^^^^^^^^^^^^^^^^^^^^^^^^^^^^^^^^^^^^^^^^^^^^^^^^^^^^^^^^
        r["cell_name"],r["device_type"],r["iops"],r["throughput_mbps"],
        ^^^^^^^^^^^^^^^^^^^^^^^^^^^^^^^^^^^^^^^^^^^^^^^^^^^^^^^^^^^^^^^
        r["util_pct"],r["service_ms"],r["queue_ms"],
        ^^^^^^^^^^^^^^^^^^^^^^^^^^^^^^^^^^^^^^^^^^^^
        r["is_outlier"],r["at_max_capacity"],r["row_hash"]))
        ^^^^^^^^^^^^^^^^^^^^^^^^^^^^^^^^^^^^^^^^^^^^^^^^^^^^
psycopg2.errors.NotNullViolation: null value in column "dbname" violates not-null constraint
DETAIL:  Failing row contains (1508, null, null, null, null, mexa1cell01, Unknown, 88187.0, 10209.0, 62.4, 8.4, null, f, f, ecae4ecefe19e597e97f2c0d86b15c36, 2026-08-17 12:01:17.293654).

[2026-08-17 12:06:07] WARNING  | exadata_cell_iostat_parser | ⚠️  OS IO Statistics section not found
[2026-08-17 12:07:39] WARNING  | exadata_cell_iostat_parser | ⚠️  OS IO Statistics section not found
[2026-08-17 12:09:06] WARNING  | exadata_cell_iostat_parser | ⚠️  OS IO Statistics section not found
[2026-08-17 12:10:42] WARNING  | exadata_cell_iostat_parser | ⚠️  OS IO Statistics section not found
[2026-08-17 12:37:26] WARNING  | exadata_cell_iostat_parser | ⚠️  OS IO Statistics section not found
[2026-08-17 12:39:03] WARNING  | exadata_cell_iostat_parser | ⚠️  OS IO Statistics section not found
[2026-08-17 12:40:34] WARNING  | exadata_cell_iostat_parser | ⚠️  OS IO Statistics section not found
[2026-08-17 12:42:10] WARNING  | exadata_cell_iostat_parser | ⚠️  OS IO Statistics section not found
[2026-08-17 12:43:43] WARNING  | exadata_cell_iostat_parser | ⚠️  OS IO Statistics section not found
[2026-08-17 13:25:33] WARNING  | exadata_cell_iostat_parser | ⚠️  OS IO Statistics section not found
[2026-08-17 13:37:23] WARNING  | exadata_cell_iostat_parser | ⚠️  OS IO Statistics section not found
[2026-08-17 13:38:52] WARNING  | exadata_cell_iostat_parser | ⚠️  OS IO Statistics section not found
[2026-08-17 13:40:27] WARNING  | exadata_cell_iostat_parser | ⚠️  OS IO Statistics section not found
[2026-08-17 13:42:09] WARNING  | exadata_cell_iostat_parser | ⚠️  OS IO Statistics section not found
[2026-08-17 14:02:30] WARNING  | exadata_cell_iostat_parser | ⚠️  OS IO Statistics section not found
[2026-08-17 14:04:10] WARNING  | exadata_cell_iostat_parser | ⚠️  OS IO Statistics section not found
[2026-08-17 14:05:45] WARNING  | exadata_cell_iostat_parser | ⚠️  OS IO Statistics section not found
[2026-08-17 14:07:24] WARNING  | exadata_cell_iostat_parser | ⚠️  OS IO Statistics section not found
[2026-08-17 14:09:01] WARNING  | exadata_cell_iostat_parser | ⚠️  OS IO Statistics section not found
[2026-08-17 14:10:37] WARNING  | exadata_cell_iostat_parser | ⚠️  OS IO Statistics section not found
[2026-08-17 14:12:12] WARNING  | exadata_cell_iostat_parser | ⚠️  OS IO Statistics section not found
[2026-08-17 14:14:42] WARNING  | exadata_cell_iostat_parser | ⚠️  OS IO Statistics section not found
[2026-08-17 14:16:23] WARNING  | exadata_cell_iostat_parser | ⚠️  OS IO Statistics section not found
[2026-08-17 14:33:03] WARNING  | exadata_cell_iostat_parser | ⚠️  OS IO Statistics section not found
[2026-08-17 14:34:38] WARNING  | exadata_cell_iostat_parser | ⚠️  OS IO Statistics section not found
[2026-08-17 14:36:07] WARNING  | exadata_cell_iostat_parser | ⚠️  OS IO Statistics section not found
[2026-08-17 14:37:45] WARNING  | exadata_cell_iostat_parser | ⚠️  OS IO Statistics section not found
[2026-08-17 14:39:18] WARNING  | exadata_cell_iostat_parser | ⚠️  OS IO Statistics section not found
[2026-08-17 14:40:48] WARNING  | exadata_cell_iostat_parser | ⚠️  OS IO Statistics section not found
[2026-08-17 14:42:16] WARNING  | exadata_cell_iostat_parser | ⚠️  OS IO Statistics section not found
[2026-08-17 14:43:48] WARNING  | exadata_cell_iostat_parser | ⚠️  OS IO Statistics section not found
[2026-08-17 14:45:20] WARNING  | exadata_cell_iostat_parser | ⚠️  OS IO Statistics section not found
[2026-08-17 15:03:29] WARNING  | exadata_cell_iostat_parser | ⚠️  OS IO Statistics section not found
[2026-08-17 15:05:00] WARNING  | exadata_cell_iostat_parser | ⚠️  OS IO Statistics section not found
[2026-08-17 15:06:34] WARNING  | exadata_cell_iostat_parser | ⚠️  OS IO Statistics section not found
[2026-08-17 15:08:11] WARNING  | exadata_cell_iostat_parser | ⚠️  OS IO Statistics section not found
[2026-08-17 15:09:43] WARNING  | exadata_cell_iostat_parser | ⚠️  OS IO Statistics section not found
[2026-08-17 15:11:12] WARNING  | exadata_cell_iostat_parser | ⚠️  OS IO Statistics section not found
[2026-08-17 15:12:39] WARNING  | exadata_cell_iostat_parser | ⚠️  OS IO Statistics section not found
[2026-08-17 15:14:12] WARNING  | exadata_cell_iostat_parser | ⚠️  OS IO Statistics section not found
[2026-08-17 15:17:41] WARNING  | exadata_cell_iostat_parser | ⚠️  OS IO Statistics section not found
[2026-08-17 15:19:16] WARNING  | exadata_cell_iostat_parser | ⚠️  OS IO Statistics section not found
[2026-08-17 15:35:58] WARNING  | exadata_cell_iostat_parser | ⚠️  OS IO Statistics section not found
[2026-08-17 15:37:29] WARNING  | exadata_cell_iostat_parser | ⚠️  OS IO Statistics section not found
[2026-08-17 15:43:48] WARNING  | exadata_cell_iostat_parser | ⚠️  OS IO Statistics section not found
[2026-08-17 15:45:23] WARNING  | exadata_cell_iostat_parser | ⚠️  OS IO Statistics section not found
[2026-08-17 15:46:54] WARNING  | exadata_cell_iostat_parser | ⚠️  OS IO Statistics section not found
[2026-08-17 15:48:31] WARNING  | exadata_cell_iostat_parser | ⚠️  OS IO Statistics section not found
[2026-08-17 15:50:04] WARNING  | exadata_cell_iostat_parser | ⚠️  OS IO Statistics section not found
[2026-08-17 15:51:40] WARNING  | exadata_cell_iostat_parser | ⚠️  OS IO Statistics section not found
[2026-08-17 15:53:15] WARNING  | exadata_cell_iostat_parser | ⚠️  OS IO Statistics section not found
[2026-08-17 15:54:51] WARNING  | exadata_cell_iostat_parser | ⚠️  OS IO Statistics section not found
[2026-08-17 15:57:06] WARNING  | exadata_cell_iostat_parser | ⚠️  OS IO Statistics section not found
[2026-08-17 16:06:43] WARNING  | exadata_cell_iostat_parser | ⚠️  OS IO Statistics section not found
[2026-08-17 16:08:12] WARNING  | exadata_cell_iostat_parser | ⚠️  OS IO Statistics section not found
[2026-08-17 16:09:41] WARNING  | exadata_cell_iostat_parser | ⚠️  OS IO Statistics section not found
[2026-08-17 16:11:16] WARNING  | exadata_cell_iostat_parser | ⚠️  OS IO Statistics section not found
[2026-08-17 16:12:46] WARNING  | exadata_cell_iostat_parser | ⚠️  OS IO Statistics section not found
[2026-08-17 16:14:18] WARNING  | exadata_cell_iostat_parser | ⚠️  OS IO Statistics section not found
[2026-08-17 16:15:31] WARNING  | exadata_cell_iostat_parser | ⚠️  OS IO Statistics section not found
[2026-08-17 16:17:06] WARNING  | exadata_cell_iostat_parser | ⚠️  OS IO Statistics section not found
[2026-08-17 16:18:37] WARNING  | exadata_cell_iostat_parser | ⚠️  OS IO Statistics section not found
[2026-08-17 16:20:19] WARNING  | exadata_cell_iostat_parser | ⚠️  OS IO Statistics section not found
[2026-08-17 16:21:32] INFO     | exadata_cell_iostat_parser | ✅ Parsed 20 Cell IOStat rows
[2026-08-17 16:21:32] INFO     | exadata_cell_iostat_parser | ✅ Inserted 20 rows into awr_exadata_cell_iostat
[2026-08-17 16:21:46] INFO     | exadata_cell_iostat_parser | ✅ Parsed 20 Cell IOStat rows
[2026-08-17 16:21:46] INFO     | exadata_cell_iostat_parser | ✅ Inserted 20 rows into awr_exadata_cell_iostat
[2026-08-17 16:21:51] WARNING  | exadata_cell_iostat_parser | ⚠️  OS IO Statistics section not found
[2026-08-17 16:21:58] INFO     | exadata_cell_iostat_parser | ✅ Parsed 20 Cell IOStat rows
[2026-08-17 16:21:58] INFO     | exadata_cell_iostat_parser | ✅ Inserted 20 rows into awr_exadata_cell_iostat
[2026-08-17 16:22:11] INFO     | exadata_cell_iostat_parser | ✅ Parsed 20 Cell IOStat rows
[2026-08-17 16:22:11] INFO     | exadata_cell_iostat_parser | ✅ Inserted 20 rows into awr_exadata_cell_iostat
[2026-08-17 16:22:32] INFO     | exadata_cell_iostat_parser | ✅ Parsed 20 Cell IOStat rows
[2026-08-17 16:22:32] INFO     | exadata_cell_iostat_parser | ✅ Inserted 20 rows into awr_exadata_cell_iostat
[2026-08-17 16:22:45] INFO     | exadata_cell_iostat_parser | ✅ Parsed 20 Cell IOStat rows
[2026-08-17 16:22:45] INFO     | exadata_cell_iostat_parser | ✅ Inserted 20 rows into awr_exadata_cell_iostat
[2026-08-17 16:22:58] INFO     | exadata_cell_iostat_parser | ✅ Parsed 20 Cell IOStat rows
[2026-08-17 16:22:58] INFO     | exadata_cell_iostat_parser | ✅ Inserted 20 rows into awr_exadata_cell_iostat
[2026-08-17 16:23:10] INFO     | exadata_cell_iostat_parser | ✅ Parsed 20 Cell IOStat rows
[2026-08-17 16:23:10] INFO     | exadata_cell_iostat_parser | ✅ Inserted 20 rows into awr_exadata_cell_iostat
[2026-08-17 16:23:23] INFO     | exadata_cell_iostat_parser | ✅ Parsed 20 Cell IOStat rows
[2026-08-17 16:23:23] INFO     | exadata_cell_iostat_parser | ✅ Inserted 20 rows into awr_exadata_cell_iostat
[2026-08-17 16:23:24] WARNING  | exadata_cell_iostat_parser | ⚠️  OS IO Statistics section not found
[2026-08-17 16:23:35] INFO     | exadata_cell_iostat_parser | ✅ Parsed 20 Cell IOStat rows
[2026-08-17 16:23:36] INFO     | exadata_cell_iostat_parser | ✅ Inserted 20 rows into awr_exadata_cell_iostat
[2026-08-17 16:23:48] INFO     | exadata_cell_iostat_parser | ✅ Parsed 20 Cell IOStat rows
[2026-08-17 16:23:48] INFO     | exadata_cell_iostat_parser | ✅ Inserted 20 rows into awr_exadata_cell_iostat
[2026-08-17 16:24:00] INFO     | exadata_cell_iostat_parser | ✅ Parsed 20 Cell IOStat rows | outliers:['mexa1cell01']
[2026-08-17 16:24:01] INFO     | exadata_cell_iostat_parser | ✅ Inserted 20 rows into awr_exadata_cell_iostat
[2026-08-17 16:24:13] INFO     | exadata_cell_iostat_parser | ✅ Parsed 20 Cell IOStat rows
[2026-08-17 16:24:13] INFO     | exadata_cell_iostat_parser | ✅ Inserted 20 rows into awr_exadata_cell_iostat
[2026-08-17 16:24:26] INFO     | exadata_cell_iostat_parser | ✅ Parsed 20 Cell IOStat rows
[2026-08-17 16:24:26] INFO     | exadata_cell_iostat_parser | ✅ Inserted 20 rows into awr_exadata_cell_iostat
[2026-08-17 16:24:38] INFO     | exadata_cell_iostat_parser | ✅ Parsed 20 Cell IOStat rows
[2026-08-17 16:24:38] INFO     | exadata_cell_iostat_parser | ✅ Inserted 20 rows into awr_exadata_cell_iostat
[2026-08-17 16:24:50] INFO     | exadata_cell_iostat_parser | ✅ Parsed 20 Cell IOStat rows
[2026-08-17 16:24:51] INFO     | exadata_cell_iostat_parser | ✅ Inserted 20 rows into awr_exadata_cell_iostat
[2026-08-17 16:25:03] INFO     | exadata_cell_iostat_parser | ✅ Parsed 20 Cell IOStat rows
[2026-08-17 16:25:03] INFO     | exadata_cell_iostat_parser | ✅ Inserted 20 rows into awr_exadata_cell_iostat
[2026-08-17 16:25:16] INFO     | exadata_cell_iostat_parser | ✅ Parsed 20 Cell IOStat rows
[2026-08-17 16:25:16] INFO     | exadata_cell_iostat_parser | ✅ Inserted 20 rows into awr_exadata_cell_iostat
[2026-08-17 16:25:28] INFO     | exadata_cell_iostat_parser | ✅ Parsed 20 Cell IOStat rows | outliers:['mexa1cell01']
[2026-08-17 16:25:28] INFO     | exadata_cell_iostat_parser | ✅ Inserted 20 rows into awr_exadata_cell_iostat
[2026-08-17 16:25:41] INFO     | exadata_cell_iostat_parser | ✅ Parsed 20 Cell IOStat rows
[2026-08-17 16:25:41] INFO     | exadata_cell_iostat_parser | ✅ Inserted 20 rows into awr_exadata_cell_iostat
[2026-08-17 16:40:19] WARNING  | exadata_cell_iostat_parser | ⚠️  OS IO Statistics section not found
[2026-08-17 16:41:53] WARNING  | exadata_cell_iostat_parser | ⚠️  OS IO Statistics section not found
[2026-08-17 16:43:24] WARNING  | exadata_cell_iostat_parser | ⚠️  OS IO Statistics section not found
[2026-08-17 16:44:59] WARNING  | exadata_cell_iostat_parser | ⚠️  OS IO Statistics section not found
[2026-08-17 16:46:30] WARNING  | exadata_cell_iostat_parser | ⚠️  OS IO Statistics section not found
[2026-08-17 16:48:01] WARNING  | exadata_cell_iostat_parser | ⚠️  OS IO Statistics section not found
[2026-08-17 16:49:31] WARNING  | exadata_cell_iostat_parser | ⚠️  OS IO Statistics section not found
[2026-08-17 16:51:08] WARNING  | exadata_cell_iostat_parser | ⚠️  OS IO Statistics section not found
[2026-08-17 16:52:39] WARNING  | exadata_cell_iostat_parser | ⚠️  OS IO Statistics section not found
[2026-08-17 16:54:16] WARNING  | exadata_cell_iostat_parser | ⚠️  OS IO Statistics section not found
[2026-08-17 16:55:46] WARNING  | exadata_cell_iostat_parser | ⚠️  OS IO Statistics section not found
[2026-08-17 16:57:21] WARNING  | exadata_cell_iostat_parser | ⚠️  OS IO Statistics section not found
[2026-08-17 16:58:50] WARNING  | exadata_cell_iostat_parser | ⚠️  OS IO Statistics section not found
[2026-08-17 17:11:02] WARNING  | exadata_cell_iostat_parser | ⚠️  OS IO Statistics section not found
[2026-08-17 17:12:35] WARNING  | exadata_cell_iostat_parser | ⚠️  OS IO Statistics section not found
[2026-08-17 17:14:06] WARNING  | exadata_cell_iostat_parser | ⚠️  OS IO Statistics section not found
[2026-08-17 17:15:40] WARNING  | exadata_cell_iostat_parser | ⚠️  OS IO Statistics section not found
[2026-08-17 17:17:09] WARNING  | exadata_cell_iostat_parser | ⚠️  OS IO Statistics section not found
[2026-08-17 17:18:46] WARNING  | exadata_cell_iostat_parser | ⚠️  OS IO Statistics section not found
[2026-08-17 17:20:17] WARNING  | exadata_cell_iostat_parser | ⚠️  OS IO Statistics section not found
[2026-08-17 17:21:51] WARNING  | exadata_cell_iostat_parser | ⚠️  OS IO Statistics section not found
[2026-08-17 17:23:24] WARNING  | exadata_cell_iostat_parser | ⚠️  OS IO Statistics section not found
[2026-08-17 17:24:59] WARNING  | exadata_cell_iostat_parser | ⚠️  OS IO Statistics section not found
[2026-08-17 17:26:29] WARNING  | exadata_cell_iostat_parser | ⚠️  OS IO Statistics section not found
[2026-08-17 17:28:03] WARNING  | exadata_cell_iostat_parser | ⚠️  OS IO Statistics section not found
[2026-08-17 17:29:32] WARNING  | exadata_cell_iostat_parser | ⚠️  OS IO Statistics section not found
[2026-08-17 17:31:02] WARNING  | exadata_cell_iostat_parser | ⚠️  OS IO Statistics section not found
[2026-08-17 17:41:48] WARNING  | exadata_cell_iostat_parser | ⚠️  OS IO Statistics section not found
[2026-08-17 17:43:25] WARNING  | exadata_cell_iostat_parser | ⚠️  OS IO Statistics section not found
[2026-08-17 17:44:59] WARNING  | exadata_cell_iostat_parser | ⚠️  OS IO Statistics section not found
[2026-08-17 17:46:32] WARNING  | exadata_cell_iostat_parser | ⚠️  OS IO Statistics section not found
[2026-08-17 17:48:03] WARNING  | exadata_cell_iostat_parser | ⚠️  OS IO Statistics section not found
[2026-08-17 17:49:34] WARNING  | exadata_cell_iostat_parser | ⚠️  OS IO Statistics section not found
[2026-08-17 18:14:44] WARNING  | exadata_cell_iostat_parser | ⚠️  OS IO Statistics section not found
[2026-08-18 09:35:44] WARNING  | exadata_cell_iostat_parser | ⚠️  OS IO Statistics section not found
[2026-08-18 09:36:56] WARNING  | exadata_cell_iostat_parser | ⚠️  OS IO Statistics section not found
[2026-08-18 09:38:36] WARNING  | exadata_cell_iostat_parser | ⚠️  OS IO Statistics section not found
[2026-08-18 09:40:10] WARNING  | exadata_cell_iostat_parser | ⚠️  OS IO Statistics section not found
[2026-08-18 09:41:48] WARNING  | exadata_cell_iostat_parser | ⚠️  OS IO Statistics section not found
[2026-08-18 09:43:13] WARNING  | exadata_cell_iostat_parser | ⚠️  OS IO Statistics section not found
[2026-08-18 09:44:34] WARNING  | exadata_cell_iostat_parser | ⚠️  OS IO Statistics section not found
[2026-08-18 09:45:59] WARNING  | exadata_cell_iostat_parser | ⚠️  OS IO Statistics section not found
[2026-08-18 09:47:36] WARNING  | exadata_cell_iostat_parser | ⚠️  OS IO Statistics section not found
[2026-08-18 09:49:06] WARNING  | exadata_cell_iostat_parser | ⚠️  OS IO Statistics section not found
[2026-08-18 09:50:32] WARNING  | exadata_cell_iostat_parser | ⚠️  OS IO Statistics section not found
[2026-08-18 09:52:00] WARNING  | exadata_cell_iostat_parser | ⚠️  OS IO Statistics section not found
[2026-08-18 09:53:40] WARNING  | exadata_cell_iostat_parser | ⚠️  OS IO Statistics section not found
[2026-08-18 09:55:22] WARNING  | exadata_cell_iostat_parser | ⚠️  OS IO Statistics section not found
[2026-08-18 09:57:13] WARNING  | exadata_cell_iostat_parser | ⚠️  OS IO Statistics section not found
[2026-08-18 09:58:59] WARNING  | exadata_cell_iostat_parser | ⚠️  OS IO Statistics section not found
[2026-08-18 10:00:30] WARNING  | exadata_cell_iostat_parser | ⚠️  OS IO Statistics section not found
[2026-08-18 10:02:04] WARNING  | exadata_cell_iostat_parser | ⚠️  OS IO Statistics section not found
[2026-08-18 10:03:30] WARNING  | exadata_cell_iostat_parser | ⚠️  OS IO Statistics section not found
[2026-08-18 10:04:56] WARNING  | exadata_cell_iostat_parser | ⚠️  OS IO Statistics section not found
[2026-08-18 10:06:47] WARNING  | exadata_cell_iostat_parser | ⚠️  OS IO Statistics section not found
[2026-08-18 10:08:32] WARNING  | exadata_cell_iostat_parser | ⚠️  OS IO Statistics section not found
[2026-08-18 10:10:00] WARNING  | exadata_cell_iostat_parser | ⚠️  OS IO Statistics section not found
[2026-08-18 10:11:29] WARNING  | exadata_cell_iostat_parser | ⚠️  OS IO Statistics section not found
[2026-08-18 10:31:02] WARNING  | exadata_cell_iostat_parser | ⚠️  OS IO Statistics section not found
[2026-08-18 11:01:08] WARNING  | exadata_cell_iostat_parser | ⚠️  OS IO Statistics section not found
[2026-08-18 11:02:44] WARNING  | exadata_cell_iostat_parser | ⚠️  OS IO Statistics section not found
[2026-08-18 11:31:05] WARNING  | exadata_cell_iostat_parser | ⚠️  OS IO Statistics section not found
[2026-08-18 11:32:36] WARNING  | exadata_cell_iostat_parser | ⚠️  OS IO Statistics section not found
[2026-08-18 11:34:02] WARNING  | exadata_cell_iostat_parser | ⚠️  OS IO Statistics section not found
[2026-08-18 12:02:33] WARNING  | exadata_cell_iostat_parser | ⚠️  OS IO Statistics section not found
[2026-08-18 12:04:06] WARNING  | exadata_cell_iostat_parser | ⚠️  OS IO Statistics section not found
[2026-08-18 12:05:38] WARNING  | exadata_cell_iostat_parser | ⚠️  OS IO Statistics section not found
[2026-08-18 12:07:07] WARNING  | exadata_cell_iostat_parser | ⚠️  OS IO Statistics section not found
[2026-08-18 12:32:50] WARNING  | exadata_cell_iostat_parser | ⚠️  OS IO Statistics section not found
[2026-08-18 12:34:19] WARNING  | exadata_cell_iostat_parser | ⚠️  OS IO Statistics section not found
[2026-08-18 12:35:57] WARNING  | exadata_cell_iostat_parser | ⚠️  OS IO Statistics section not found
[2026-08-18 12:37:29] WARNING  | exadata_cell_iostat_parser | ⚠️  OS IO Statistics section not found
[2026-08-18 12:39:07] WARNING  | exadata_cell_iostat_parser | ⚠️  OS IO Statistics section not found
[2026-08-18 13:05:22] WARNING  | exadata_cell_iostat_parser | ⚠️  OS IO Statistics section not found
[2026-08-18 13:06:52] WARNING  | exadata_cell_iostat_parser | ⚠️  OS IO Statistics section not found
[2026-08-18 13:08:25] WARNING  | exadata_cell_iostat_parser | ⚠️  OS IO Statistics section not found
[2026-08-18 13:09:55] WARNING  | exadata_cell_iostat_parser | ⚠️  OS IO Statistics section not found
[2026-08-18 13:11:30] WARNING  | exadata_cell_iostat_parser | ⚠️  OS IO Statistics section not found
[2026-08-18 13:13:04] WARNING  | exadata_cell_iostat_parser | ⚠️  OS IO Statistics section not found
[2026-08-18 13:54:28] WARNING  | exadata_cell_iostat_parser | ⚠️  OS IO Statistics section not found
[2026-08-18 13:56:04] WARNING  | exadata_cell_iostat_parser | ⚠️  OS IO Statistics section not found
[2026-08-18 13:57:39] WARNING  | exadata_cell_iostat_parser | ⚠️  OS IO Statistics section not found
[2026-08-18 13:59:08] WARNING  | exadata_cell_iostat_parser | ⚠️  OS IO Statistics section not found
[2026-08-18 14:10:02] WARNING  | exadata_cell_iostat_parser | ⚠️  OS IO Statistics section not found
[2026-08-18 14:11:40] WARNING  | exadata_cell_iostat_parser | ⚠️  OS IO Statistics section not found
[2026-08-18 14:13:08] WARNING  | exadata_cell_iostat_parser | ⚠️  OS IO Statistics section not found
