[2026-08-11 12:44:30] INFO     | exadata_fc_writes_parser | ✅ FC Writes: 0 rows | Rejections: 0 (0 total) | Internal: 0
[2026-08-11 12:44:44] INFO     | exadata_fc_writes_parser | ✅ FC Writes: 0 rows | Rejections: 0 (0 total) | Internal: 0
[2026-08-11 12:44:57] INFO     | exadata_fc_writes_parser | ✅ FC Writes: 0 rows | Rejections: 0 (0 total) | Internal: 0
[2026-08-11 12:45:10] INFO     | exadata_fc_writes_parser | ✅ FC Writes: 0 rows | Rejections: 0 (0 total) | Internal: 0
[2026-08-11 12:45:14] INFO     | exadata_fc_writes_parser | ✅ FC Writes: 0 rows | Rejections: 0 (0 total) | Internal: 0
[2026-08-11 12:45:17] INFO     | exadata_fc_writes_parser | ✅ FC Writes: 0 rows | Rejections: 0 (0 total) | Internal: 0
[2026-08-11 12:45:29] INFO     | exadata_fc_writes_parser | ✅ FC Writes: 0 rows | Rejections: 0 (0 total) | Internal: 0
[2026-08-11 12:45:42] INFO     | exadata_fc_writes_parser | ✅ FC Writes: 0 rows | Rejections: 0 (0 total) | Internal: 0
[2026-08-11 12:45:54] INFO     | exadata_fc_writes_parser | ✅ FC Writes: 0 rows | Rejections: 0 (0 total) | Internal: 0
[2026-08-11 12:46:07] INFO     | exadata_fc_writes_parser | ✅ FC Writes: 0 rows | Rejections: 0 (0 total) | Internal: 0
[2026-08-11 12:46:10] INFO     | exadata_fc_writes_parser | ✅ FC Writes: 0 rows | Rejections: 0 (0 total) | Internal: 0
[2026-08-11 12:46:24] INFO     | exadata_fc_writes_parser | ✅ FC Writes: 0 rows | Rejections: 0 (0 total) | Internal: 0
[2026-08-11 12:46:29] INFO     | exadata_fc_writes_parser | ✅ FC Writes: 0 rows | Rejections: 0 (0 total) | Internal: 0
[2026-08-11 12:46:44] INFO     | exadata_fc_writes_parser | ✅ FC Writes: 0 rows | Rejections: 0 (0 total) | Internal: 0
[2026-08-11 12:46:48] INFO     | exadata_fc_writes_parser | ✅ FC Writes: 0 rows | Rejections: 0 (0 total) | Internal: 0
[2026-08-11 12:47:03] INFO     | exadata_fc_writes_parser | ✅ FC Writes: 0 rows | Rejections: 0 (0 total) | Internal: 0
[2026-08-11 12:47:08] INFO     | exadata_fc_writes_parser | ✅ FC Writes: 0 rows | Rejections: 0 (0 total) | Internal: 0
[2026-08-11 12:47:13] INFO     | exadata_fc_writes_parser | ✅ FC Writes: 0 rows | Rejections: 0 (0 total) | Internal: 0
[2026-08-11 12:47:16] INFO     | exadata_fc_writes_parser | ✅ FC Writes: 0 rows | Rejections: 0 (0 total) | Internal: 0
[2026-08-11 12:47:31] INFO     | exadata_fc_writes_parser | ✅ FC Writes: 0 rows | Rejections: 0 (0 total) | Internal: 0
[2026-08-12 13:57:08] INFO     | exadata_fc_writes_parser | ✅ FC Writes: 0 rows | Rejections: 0 (0 total) | Internal: 0
[2026-08-12 14:39:52] INFO     | exadata_fc_writes_parser | ✅ FC Writes: 0 rows | Rejections: 0 (0 total) | Internal: 0
[2026-08-12 14:41:06] INFO     | exadata_fc_writes_parser | ✅ FC Writes: 0 rows | Rejections: 0 (0 total) | Internal: 0
[2026-08-12 14:43:42] INFO     | exadata_fc_writes_parser | ✅ FC Writes: 0 rows | Rejections: 0 (0 total) | Internal: 0
[2026-08-12 14:44:03] INFO     | exadata_fc_writes_parser | ✅ FC Writes: 0 rows | Rejections: 0 (0 total) | Internal: 0
[2026-08-12 14:44:20] INFO     | exadata_fc_writes_parser | ✅ FC Writes: 0 rows | Rejections: 0 (0 total) | Internal: 0
[2026-08-12 14:44:33] INFO     | exadata_fc_writes_parser | ✅ FC Writes: 0 rows | Rejections: 0 (0 total) | Internal: 0
[2026-08-12 14:44:37] INFO     | exadata_fc_writes_parser | ✅ FC Writes: 0 rows | Rejections: 0 (0 total) | Internal: 0
[2026-08-12 14:44:45] INFO     | exadata_fc_writes_parser | ✅ FC Writes: 0 rows | Rejections: 0 (0 total) | Internal: 0
[2026-08-12 14:44:54] INFO     | exadata_fc_writes_parser | ✅ FC Writes: 0 rows | Rejections: 0 (0 total) | Internal: 0
[2026-08-12 14:44:56] INFO     | exadata_fc_writes_parser | ✅ FC Writes: 0 rows | Rejections: 0 (0 total) | Internal: 0
[2026-08-12 14:45:13] INFO     | exadata_fc_writes_parser | ✅ FC Writes: 0 rows | Rejections: 0 (0 total) | Internal: 0
[2026-08-12 14:45:17] INFO     | exadata_fc_writes_parser | ✅ FC Writes: 0 rows | Rejections: 0 (0 total) | Internal: 0
[2026-08-12 14:45:34] INFO     | exadata_fc_writes_parser | ✅ FC Writes: 0 rows | Rejections: 0 (0 total) | Internal: 0
[2026-08-12 14:45:40] INFO     | exadata_fc_writes_parser | ✅ FC Writes: 0 rows | Rejections: 0 (0 total) | Internal: 0
[2026-08-12 14:45:50] INFO     | exadata_fc_writes_parser | ✅ FC Writes: 0 rows | Rejections: 0 (0 total) | Internal: 0
[2026-08-12 14:45:57] INFO     | exadata_fc_writes_parser | ✅ FC Writes: 0 rows | Rejections: 0 (0 total) | Internal: 0
[2026-08-12 14:46:06] INFO     | exadata_fc_writes_parser | ✅ FC Writes: 0 rows | Rejections: 0 (0 total) | Internal: 0
[2026-08-12 14:46:22] INFO     | exadata_fc_writes_parser | ✅ FC Writes: 0 rows | Rejections: 0 (0 total) | Internal: 0
[2026-08-12 14:46:30] INFO     | exadata_fc_writes_parser | ✅ FC Writes: 0 rows | Rejections: 0 (0 total) | Internal: 0
[2026-08-12 14:46:41] INFO     | exadata_fc_writes_parser | ✅ FC Writes: 0 rows | Rejections: 0 (0 total) | Internal: 0
[2026-08-12 14:46:45] INFO     | exadata_fc_writes_parser | ✅ FC Writes: 0 rows | Rejections: 0 (0 total) | Internal: 0
[2026-08-12 14:47:03] INFO     | exadata_fc_writes_parser | ✅ FC Writes: 0 rows | Rejections: 0 (0 total) | Internal: 0
[2026-08-12 14:47:05] INFO     | exadata_fc_writes_parser | ✅ FC Writes: 0 rows | Rejections: 0 (0 total) | Internal: 0
[2026-08-12 14:47:12] INFO     | exadata_fc_writes_parser | ✅ FC Writes: 0 rows | Rejections: 0 (0 total) | Internal: 0
[2026-08-12 14:47:31] INFO     | exadata_fc_writes_parser | ✅ FC Writes: 0 rows | Rejections: 0 (0 total) | Internal: 0
[2026-08-12 14:47:39] INFO     | exadata_fc_writes_parser | ✅ FC Writes: 0 rows | Rejections: 0 (0 total) | Internal: 0
[2026-08-12 14:47:50] INFO     | exadata_fc_writes_parser | ✅ FC Writes: 0 rows | Rejections: 0 (0 total) | Internal: 0
[2026-08-12 14:47:54] INFO     | exadata_fc_writes_parser | ✅ FC Writes: 0 rows | Rejections: 0 (0 total) | Internal: 0
[2026-08-12 14:48:00] INFO     | exadata_fc_writes_parser | ✅ FC Writes: 0 rows | Rejections: 0 (0 total) | Internal: 0
[2026-08-12 14:48:17] INFO     | exadata_fc_writes_parser | ✅ FC Writes: 0 rows | Rejections: 0 (0 total) | Internal: 0
[2026-08-12 14:48:25] INFO     | exadata_fc_writes_parser | ✅ FC Writes: 0 rows | Rejections: 0 (0 total) | Internal: 0
[2026-08-12 14:48:35] INFO     | exadata_fc_writes_parser | ✅ FC Writes: 0 rows | Rejections: 0 (0 total) | Internal: 0
[2026-08-12 14:48:44] INFO     | exadata_fc_writes_parser | ✅ FC Writes: 0 rows | Rejections: 0 (0 total) | Internal: 0
[2026-08-12 14:48:57] INFO     | exadata_fc_writes_parser | ✅ FC Writes: 0 rows | Rejections: 0 (0 total) | Internal: 0
[2026-08-12 14:49:05] INFO     | exadata_fc_writes_parser | ✅ FC Writes: 0 rows | Rejections: 0 (0 total) | Internal: 0
[2026-08-12 14:51:35] INFO     | exadata_fc_writes_parser | ✅ FC Writes: 0 rows | Rejections: 0 (0 total) | Internal: 0
[2026-08-12 14:51:59] INFO     | exadata_fc_writes_parser | ✅ FC Writes: 0 rows | Rejections: 0 (0 total) | Internal: 0
[2026-08-12 14:53:46] INFO     | exadata_fc_writes_parser | ✅ FC Writes: 0 rows | Rejections: 0 (0 total) | Internal: 0
[2026-08-12 14:55:44] INFO     | exadata_fc_writes_parser | ✅ FC Writes: 0 rows | Rejections: 0 (0 total) | Internal: 0
[2026-08-12 14:56:25] INFO     | exadata_fc_writes_parser | ✅ FC Writes: 0 rows | Rejections: 0 (0 total) | Internal: 0
[2026-08-12 14:58:35] INFO     | exadata_fc_writes_parser | ✅ FC Writes: 0 rows | Rejections: 0 (0 total) | Internal: 0
[2026-08-12 14:59:12] INFO     | exadata_fc_writes_parser | ✅ FC Writes: 0 rows | Rejections: 0 (0 total) | Internal: 0
[2026-08-12 15:00:47] INFO     | exadata_fc_writes_parser | ✅ FC Writes: 0 rows | Rejections: 0 (0 total) | Internal: 0
[2026-08-12 15:02:14] INFO     | exadata_fc_writes_parser | ✅ FC Writes: 0 rows | Rejections: 0 (0 total) | Internal: 0
[2026-08-12 15:02:25] INFO     | exadata_fc_writes_parser | ✅ FC Writes: 0 rows | Rejections: 0 (0 total) | Internal: 0
[2026-08-12 15:05:30] INFO     | exadata_fc_writes_parser | ✅ FC Writes: 0 rows | Rejections: 0 (0 total) | Internal: 0
[2026-08-12 15:08:03] INFO     | exadata_fc_writes_parser | ✅ FC Writes: 0 rows | Rejections: 0 (0 total) | Internal: 0
[2026-08-12 15:10:15] INFO     | exadata_fc_writes_parser | ✅ FC Writes: 0 rows | Rejections: 0 (0 total) | Internal: 0
[2026-08-12 15:12:40] INFO     | exadata_fc_writes_parser | ✅ FC Writes: 0 rows | Rejections: 0 (0 total) | Internal: 0
[2026-08-12 15:15:01] INFO     | exadata_fc_writes_parser | ✅ FC Writes: 0 rows | Rejections: 0 (0 total) | Internal: 0
[2026-08-12 15:17:08] INFO     | exadata_fc_writes_parser | ✅ FC Writes: 0 rows | Rejections: 0 (0 total) | Internal: 0
[2026-08-12 15:20:56] INFO     | exadata_fc_writes_parser | ✅ FC Writes: 0 rows | Rejections: 0 (0 total) | Internal: 0
[2026-08-12 15:23:02] INFO     | exadata_fc_writes_parser | ✅ FC Writes: 0 rows | Rejections: 0 (0 total) | Internal: 0
[2026-08-12 15:25:11] INFO     | exadata_fc_writes_parser | ✅ FC Writes: 0 rows | Rejections: 0 (0 total) | Internal: 0
[2026-08-12 15:25:23] INFO     | exadata_fc_writes_parser | ✅ FC Writes: 0 rows | Rejections: 0 (0 total) | Internal: 0
[2026-08-12 15:26:38] INFO     | exadata_fc_writes_parser | ✅ FC Writes: 0 rows | Rejections: 0 (0 total) | Internal: 0
[2026-08-12 15:27:20] INFO     | exadata_fc_writes_parser | ✅ FC Writes: 0 rows | Rejections: 0 (0 total) | Internal: 0
[2026-08-12 15:27:58] INFO     | exadata_fc_writes_parser | ✅ FC Writes: 0 rows | Rejections: 0 (0 total) | Internal: 0
[2026-08-12 15:29:16] INFO     | exadata_fc_writes_parser | ✅ FC Writes: 0 rows | Rejections: 0 (0 total) | Internal: 0
[2026-08-12 15:29:24] INFO     | exadata_fc_writes_parser | ✅ FC Writes: 0 rows | Rejections: 0 (0 total) | Internal: 0
[2026-08-12 15:30:45] INFO     | exadata_fc_writes_parser | ✅ FC Writes: 0 rows | Rejections: 0 (0 total) | Internal: 0
[2026-08-12 15:31:31] INFO     | exadata_fc_writes_parser | ✅ FC Writes: 0 rows | Rejections: 0 (0 total) | Internal: 0
[2026-08-12 15:32:17] INFO     | exadata_fc_writes_parser | ✅ FC Writes: 0 rows | Rejections: 0 (0 total) | Internal: 0
[2026-08-12 15:33:44] INFO     | exadata_fc_writes_parser | ✅ FC Writes: 0 rows | Rejections: 0 (0 total) | Internal: 0
[2026-08-12 15:33:49] INFO     | exadata_fc_writes_parser | ✅ FC Writes: 0 rows | Rejections: 0 (0 total) | Internal: 0
[2026-08-12 15:35:04] INFO     | exadata_fc_writes_parser | ✅ FC Writes: 0 rows | Rejections: 0 (0 total) | Internal: 0
[2026-08-12 15:35:55] INFO     | exadata_fc_writes_parser | ✅ FC Writes: 0 rows | Rejections: 0 (0 total) | Internal: 0
[2026-08-12 15:36:21] INFO     | exadata_fc_writes_parser | ✅ FC Writes: 0 rows | Rejections: 0 (0 total) | Internal: 0
[2026-08-12 15:37:41] INFO     | exadata_fc_writes_parser | ✅ FC Writes: 0 rows | Rejections: 0 (0 total) | Internal: 0
[2026-08-12 15:38:19] INFO     | exadata_fc_writes_parser | ✅ FC Writes: 0 rows | Rejections: 0 (0 total) | Internal: 0
[2026-08-12 15:39:15] INFO     | exadata_fc_writes_parser | ✅ FC Writes: 0 rows | Rejections: 0 (0 total) | Internal: 0
[2026-08-12 15:40:31] INFO     | exadata_fc_writes_parser | ✅ FC Writes: 0 rows | Rejections: 0 (0 total) | Internal: 0
[2026-08-12 15:40:33] INFO     | exadata_fc_writes_parser | ✅ FC Writes: 0 rows | Rejections: 0 (0 total) | Internal: 0
[2026-08-12 15:41:51] INFO     | exadata_fc_writes_parser | ✅ FC Writes: 0 rows | Rejections: 0 (0 total) | Internal: 0
[2026-08-12 15:42:48] INFO     | exadata_fc_writes_parser | ✅ FC Writes: 0 rows | Rejections: 0 (0 total) | Internal: 0
[2026-08-12 15:43:06] INFO     | exadata_fc_writes_parser | ✅ FC Writes: 0 rows | Rejections: 0 (0 total) | Internal: 0
[2026-08-12 15:45:12] INFO     | exadata_fc_writes_parser | ✅ FC Writes: 0 rows | Rejections: 0 (0 total) | Internal: 0
[2026-08-12 15:47:26] INFO     | exadata_fc_writes_parser | ✅ FC Writes: 0 rows | Rejections: 0 (0 total) | Internal: 0
[2026-08-12 15:49:40] INFO     | exadata_fc_writes_parser | ✅ FC Writes: 0 rows | Rejections: 0 (0 total) | Internal: 0
[2026-08-12 15:51:51] INFO     | exadata_fc_writes_parser | ✅ FC Writes: 0 rows | Rejections: 0 (0 total) | Internal: 0
[2026-08-12 15:54:20] INFO     | exadata_fc_writes_parser | ✅ FC Writes: 0 rows | Rejections: 0 (0 total) | Internal: 0
[2026-08-12 15:56:39] INFO     | exadata_fc_writes_parser | ✅ FC Writes: 0 rows | Rejections: 0 (0 total) | Internal: 0
[2026-08-12 15:59:02] INFO     | exadata_fc_writes_parser | ✅ FC Writes: 0 rows | Rejections: 0 (0 total) | Internal: 0
[2026-08-12 16:01:17] INFO     | exadata_fc_writes_parser | ✅ FC Writes: 0 rows | Rejections: 0 (0 total) | Internal: 0
[2026-08-12 16:03:37] INFO     | exadata_fc_writes_parser | ✅ FC Writes: 0 rows | Rejections: 0 (0 total) | Internal: 0
[2026-08-12 16:05:56] INFO     | exadata_fc_writes_parser | ✅ FC Writes: 0 rows | Rejections: 0 (0 total) | Internal: 0
[2026-08-12 16:08:11] INFO     | exadata_fc_writes_parser | ✅ FC Writes: 0 rows | Rejections: 0 (0 total) | Internal: 0
[2026-08-12 16:10:29] INFO     | exadata_fc_writes_parser | ✅ FC Writes: 0 rows | Rejections: 0 (0 total) | Internal: 0
[2026-08-12 16:12:47] INFO     | exadata_fc_writes_parser | ✅ FC Writes: 0 rows | Rejections: 0 (0 total) | Internal: 0
[2026-08-12 16:15:00] INFO     | exadata_fc_writes_parser | ✅ FC Writes: 0 rows | Rejections: 0 (0 total) | Internal: 0
[2026-08-12 16:17:15] INFO     | exadata_fc_writes_parser | ✅ FC Writes: 0 rows | Rejections: 0 (0 total) | Internal: 0
[2026-08-12 16:19:25] INFO     | exadata_fc_writes_parser | ✅ FC Writes: 0 rows | Rejections: 0 (0 total) | Internal: 0
[2026-08-12 16:21:34] INFO     | exadata_fc_writes_parser | ✅ FC Writes: 0 rows | Rejections: 0 (0 total) | Internal: 0
[2026-08-12 16:23:45] INFO     | exadata_fc_writes_parser | ✅ FC Writes: 0 rows | Rejections: 0 (0 total) | Internal: 0
[2026-08-12 16:25:58] INFO     | exadata_fc_writes_parser | ✅ FC Writes: 0 rows | Rejections: 0 (0 total) | Internal: 0
[2026-08-12 16:28:03] INFO     | exadata_fc_writes_parser | ✅ FC Writes: 0 rows | Rejections: 0 (0 total) | Internal: 0
[2026-08-12 16:30:11] INFO     | exadata_fc_writes_parser | ✅ FC Writes: 0 rows | Rejections: 0 (0 total) | Internal: 0
[2026-08-12 16:32:17] INFO     | exadata_fc_writes_parser | ✅ FC Writes: 0 rows | Rejections: 0 (0 total) | Internal: 0
[2026-08-12 16:34:28] INFO     | exadata_fc_writes_parser | ✅ FC Writes: 0 rows | Rejections: 0 (0 total) | Internal: 0
[2026-08-13 10:01:15] INFO     | exadata_fc_writes_parser | ✅ FC Writes: 0 rows | Rejections: 0 (0 total) | Internal: 0
[2026-08-13 10:33:38] INFO     | exadata_fc_writes_parser | ✅ FC Writes: 0 rows | Rejections: 0 (0 total) | Internal: 0
[2026-08-13 10:34:52] INFO     | exadata_fc_writes_parser | ✅ FC Writes: 0 rows | Rejections: 0 (0 total) | Internal: 0
[2026-08-13 11:06:46] INFO     | exadata_fc_writes_parser | ✅ FC Writes: 0 rows | Rejections: 0 (0 total) | Internal: 0
[2026-08-13 11:08:02] INFO     | exadata_fc_writes_parser | ✅ FC Writes: 0 rows | Rejections: 0 (0 total) | Internal: 0
[2026-08-13 11:09:19] INFO     | exadata_fc_writes_parser | ✅ FC Writes: 0 rows | Rejections: 0 (0 total) | Internal: 0
[2026-08-13 11:36:44] INFO     | exadata_fc_writes_parser | ✅ FC Writes: 0 rows | Rejections: 0 (0 total) | Internal: 0
[2026-08-13 11:38:01] INFO     | exadata_fc_writes_parser | ✅ FC Writes: 0 rows | Rejections: 0 (0 total) | Internal: 0
[2026-08-13 11:39:19] INFO     | exadata_fc_writes_parser | ✅ FC Writes: 0 rows | Rejections: 0 (0 total) | Internal: 0
[2026-08-13 11:40:34] INFO     | exadata_fc_writes_parser | ✅ FC Writes: 0 rows | Rejections: 0 (0 total) | Internal: 0
[2026-08-13 12:07:06] INFO     | exadata_fc_writes_parser | ✅ FC Writes: 0 rows | Rejections: 0 (0 total) | Internal: 0
[2026-08-13 12:08:22] INFO     | exadata_fc_writes_parser | ✅ FC Writes: 0 rows | Rejections: 0 (0 total) | Internal: 0
[2026-08-13 12:09:38] INFO     | exadata_fc_writes_parser | ✅ FC Writes: 0 rows | Rejections: 0 (0 total) | Internal: 0
[2026-08-13 12:10:52] INFO     | exadata_fc_writes_parser | ✅ FC Writes: 0 rows | Rejections: 0 (0 total) | Internal: 0
[2026-08-13 12:12:06] INFO     | exadata_fc_writes_parser | ✅ FC Writes: 0 rows | Rejections: 0 (0 total) | Internal: 0
[2026-08-13 12:45:16] INFO     | exadata_fc_writes_parser | ✅ FC Writes: 0 rows | Rejections: 0 (0 total) | Internal: 0
[2026-08-13 12:46:32] INFO     | exadata_fc_writes_parser | ✅ FC Writes: 0 rows | Rejections: 0 (0 total) | Internal: 0
[2026-08-13 12:47:51] INFO     | exadata_fc_writes_parser | ✅ FC Writes: 0 rows | Rejections: 0 (0 total) | Internal: 0
[2026-08-13 12:49:07] INFO     | exadata_fc_writes_parser | ✅ FC Writes: 0 rows | Rejections: 0 (0 total) | Internal: 0
[2026-08-13 12:50:22] INFO     | exadata_fc_writes_parser | ✅ FC Writes: 0 rows | Rejections: 0 (0 total) | Internal: 0
[2026-08-13 12:51:36] INFO     | exadata_fc_writes_parser | ✅ FC Writes: 0 rows | Rejections: 0 (0 total) | Internal: 0
[2026-08-13 13:15:33] INFO     | exadata_fc_writes_parser | ✅ FC Writes: 0 rows | Rejections: 0 (0 total) | Internal: 0
[2026-08-13 13:16:46] INFO     | exadata_fc_writes_parser | ✅ FC Writes: 0 rows | Rejections: 0 (0 total) | Internal: 0
[2026-08-13 13:17:58] INFO     | exadata_fc_writes_parser | ✅ FC Writes: 0 rows | Rejections: 0 (0 total) | Internal: 0
[2026-08-13 13:19:15] INFO     | exadata_fc_writes_parser | ✅ FC Writes: 0 rows | Rejections: 0 (0 total) | Internal: 0
[2026-08-13 13:20:31] INFO     | exadata_fc_writes_parser | ✅ FC Writes: 0 rows | Rejections: 0 (0 total) | Internal: 0
[2026-08-13 13:21:46] INFO     | exadata_fc_writes_parser | ✅ FC Writes: 0 rows | Rejections: 0 (0 total) | Internal: 0
[2026-08-13 13:23:02] INFO     | exadata_fc_writes_parser | ✅ FC Writes: 0 rows | Rejections: 0 (0 total) | Internal: 0
[2026-08-13 13:45:58] INFO     | exadata_fc_writes_parser | ✅ FC Writes: 0 rows | Rejections: 0 (0 total) | Internal: 0
[2026-08-13 13:47:06] INFO     | exadata_fc_writes_parser | ✅ FC Writes: 0 rows | Rejections: 0 (0 total) | Internal: 0
[2026-08-13 13:48:17] INFO     | exadata_fc_writes_parser | ✅ FC Writes: 0 rows | Rejections: 0 (0 total) | Internal: 0
[2026-08-13 13:49:23] INFO     | exadata_fc_writes_parser | ✅ FC Writes: 0 rows | Rejections: 0 (0 total) | Internal: 0
[2026-08-13 13:50:32] INFO     | exadata_fc_writes_parser | ✅ FC Writes: 0 rows | Rejections: 0 (0 total) | Internal: 0
[2026-08-13 13:51:45] INFO     | exadata_fc_writes_parser | ✅ FC Writes: 0 rows | Rejections: 0 (0 total) | Internal: 0
[2026-08-13 13:53:03] INFO     | exadata_fc_writes_parser | ✅ FC Writes: 0 rows | Rejections: 0 (0 total) | Internal: 0
[2026-08-13 13:54:13] INFO     | exadata_fc_writes_parser | ✅ FC Writes: 0 rows | Rejections: 0 (0 total) | Internal: 0
[2026-08-13 14:16:26] INFO     | exadata_fc_writes_parser | ✅ FC Writes: 0 rows | Rejections: 0 (0 total) | Internal: 0
[2026-08-13 14:17:33] INFO     | exadata_fc_writes_parser | ✅ FC Writes: 0 rows | Rejections: 0 (0 total) | Internal: 0
[2026-08-13 14:18:45] INFO     | exadata_fc_writes_parser | ✅ FC Writes: 0 rows | Rejections: 0 (0 total) | Internal: 0
[2026-08-13 14:19:50] INFO     | exadata_fc_writes_parser | ✅ FC Writes: 0 rows | Rejections: 0 (0 total) | Internal: 0
[2026-08-13 14:20:57] INFO     | exadata_fc_writes_parser | ✅ FC Writes: 0 rows | Rejections: 0 (0 total) | Internal: 0
[2026-08-13 14:22:01] INFO     | exadata_fc_writes_parser | ✅ FC Writes: 0 rows | Rejections: 0 (0 total) | Internal: 0
[2026-08-13 14:23:07] INFO     | exadata_fc_writes_parser | ✅ FC Writes: 0 rows | Rejections: 0 (0 total) | Internal: 0
[2026-08-13 14:24:13] INFO     | exadata_fc_writes_parser | ✅ FC Writes: 0 rows | Rejections: 0 (0 total) | Internal: 0
[2026-08-13 14:25:22] INFO     | exadata_fc_writes_parser | ✅ FC Writes: 0 rows | Rejections: 0 (0 total) | Internal: 0
[2026-08-13 14:46:43] INFO     | exadata_fc_writes_parser | ✅ FC Writes: 0 rows | Rejections: 0 (0 total) | Internal: 0
[2026-08-13 14:47:55] INFO     | exadata_fc_writes_parser | ✅ FC Writes: 0 rows | Rejections: 0 (0 total) | Internal: 0
[2026-08-13 14:49:08] INFO     | exadata_fc_writes_parser | ✅ FC Writes: 0 rows | Rejections: 0 (0 total) | Internal: 0
[2026-08-13 14:50:20] INFO     | exadata_fc_writes_parser | ✅ FC Writes: 0 rows | Rejections: 0 (0 total) | Internal: 0
[2026-08-13 14:51:37] INFO     | exadata_fc_writes_parser | ✅ FC Writes: 0 rows | Rejections: 0 (0 total) | Internal: 0
[2026-08-13 14:52:46] INFO     | exadata_fc_writes_parser | ✅ FC Writes: 0 rows | Rejections: 0 (0 total) | Internal: 0
[2026-08-13 14:53:55] INFO     | exadata_fc_writes_parser | ✅ FC Writes: 0 rows | Rejections: 0 (0 total) | Internal: 0
[2026-08-13 14:55:01] INFO     | exadata_fc_writes_parser | ✅ FC Writes: 0 rows | Rejections: 0 (0 total) | Internal: 0
[2026-08-13 14:56:17] INFO     | exadata_fc_writes_parser | ✅ FC Writes: 0 rows | Rejections: 0 (0 total) | Internal: 0
[2026-08-13 14:57:30] INFO     | exadata_fc_writes_parser | ✅ FC Writes: 0 rows | Rejections: 0 (0 total) | Internal: 0
[2026-08-13 15:17:51] INFO     | exadata_fc_writes_parser | ✅ FC Writes: 0 rows | Rejections: 0 (0 total) | Internal: 0
[2026-08-13 15:19:11] INFO     | exadata_fc_writes_parser | ✅ FC Writes: 0 rows | Rejections: 0 (0 total) | Internal: 0
[2026-08-13 15:20:30] INFO     | exadata_fc_writes_parser | ✅ FC Writes: 0 rows | Rejections: 0 (0 total) | Internal: 0
[2026-08-13 15:21:49] INFO     | exadata_fc_writes_parser | ✅ FC Writes: 0 rows | Rejections: 0 (0 total) | Internal: 0
[2026-08-13 15:23:07] INFO     | exadata_fc_writes_parser | ✅ FC Writes: 0 rows | Rejections: 0 (0 total) | Internal: 0
[2026-08-13 15:24:23] INFO     | exadata_fc_writes_parser | ✅ FC Writes: 0 rows | Rejections: 0 (0 total) | Internal: 0
[2026-08-13 15:25:42] INFO     | exadata_fc_writes_parser | ✅ FC Writes: 0 rows | Rejections: 0 (0 total) | Internal: 0
[2026-08-13 15:27:01] INFO     | exadata_fc_writes_parser | ✅ FC Writes: 0 rows | Rejections: 0 (0 total) | Internal: 0
[2026-08-13 15:28:21] INFO     | exadata_fc_writes_parser | ✅ FC Writes: 0 rows | Rejections: 0 (0 total) | Internal: 0
[2026-08-13 15:29:41] INFO     | exadata_fc_writes_parser | ✅ FC Writes: 0 rows | Rejections: 0 (0 total) | Internal: 0
[2026-08-13 15:31:01] INFO     | exadata_fc_writes_parser | ✅ FC Writes: 0 rows | Rejections: 0 (0 total) | Internal: 0
[2026-08-13 15:49:59] INFO     | exadata_fc_writes_parser | ✅ FC Writes: 0 rows | Rejections: 0 (0 total) | Internal: 0
[2026-08-13 15:51:17] INFO     | exadata_fc_writes_parser | ✅ FC Writes: 0 rows | Rejections: 0 (0 total) | Internal: 0
[2026-08-13 15:52:32] INFO     | exadata_fc_writes_parser | ✅ FC Writes: 0 rows | Rejections: 0 (0 total) | Internal: 0
[2026-08-13 15:53:47] INFO     | exadata_fc_writes_parser | ✅ FC Writes: 0 rows | Rejections: 0 (0 total) | Internal: 0
[2026-08-13 15:55:02] INFO     | exadata_fc_writes_parser | ✅ FC Writes: 0 rows | Rejections: 0 (0 total) | Internal: 0
[2026-08-13 15:56:16] INFO     | exadata_fc_writes_parser | ✅ FC Writes: 0 rows | Rejections: 0 (0 total) | Internal: 0
[2026-08-13 15:57:32] INFO     | exadata_fc_writes_parser | ✅ FC Writes: 0 rows | Rejections: 0 (0 total) | Internal: 0
[2026-08-13 15:58:50] INFO     | exadata_fc_writes_parser | ✅ FC Writes: 0 rows | Rejections: 0 (0 total) | Internal: 0
[2026-08-13 16:00:06] INFO     | exadata_fc_writes_parser | ✅ FC Writes: 0 rows | Rejections: 0 (0 total) | Internal: 0
[2026-08-13 16:01:19] INFO     | exadata_fc_writes_parser | ✅ FC Writes: 0 rows | Rejections: 0 (0 total) | Internal: 0
[2026-08-13 16:02:30] INFO     | exadata_fc_writes_parser | ✅ FC Writes: 0 rows | Rejections: 0 (0 total) | Internal: 0
[2026-08-13 16:03:45] INFO     | exadata_fc_writes_parser | ✅ FC Writes: 0 rows | Rejections: 0 (0 total) | Internal: 0
[2026-08-13 16:23:36] INFO     | exadata_fc_writes_parser | ✅ FC Writes: 0 rows | Rejections: 0 (0 total) | Internal: 0
[2026-08-13 16:24:51] INFO     | exadata_fc_writes_parser | ✅ FC Writes: 0 rows | Rejections: 0 (0 total) | Internal: 0
[2026-08-13 16:26:09] INFO     | exadata_fc_writes_parser | ✅ FC Writes: 0 rows | Rejections: 0 (0 total) | Internal: 0
[2026-08-13 16:27:24] INFO     | exadata_fc_writes_parser | ✅ FC Writes: 0 rows | Rejections: 0 (0 total) | Internal: 0
[2026-08-13 16:28:38] INFO     | exadata_fc_writes_parser | ✅ FC Writes: 0 rows | Rejections: 0 (0 total) | Internal: 0
[2026-08-13 16:33:59] INFO     | exadata_fc_writes_parser | ✅ FC Writes: 0 rows | Rejections: 0 (0 total) | Internal: 0
[2026-08-13 16:35:14] INFO     | exadata_fc_writes_parser | ✅ FC Writes: 0 rows | Rejections: 0 (0 total) | Internal: 0
[2026-08-13 16:36:30] INFO     | exadata_fc_writes_parser | ✅ FC Writes: 0 rows | Rejections: 0 (0 total) | Internal: 0
[2026-08-13 16:37:50] INFO     | exadata_fc_writes_parser | ✅ FC Writes: 0 rows | Rejections: 0 (0 total) | Internal: 0
[2026-08-13 16:39:05] INFO     | exadata_fc_writes_parser | ✅ FC Writes: 0 rows | Rejections: 0 (0 total) | Internal: 0
[2026-08-13 16:40:21] INFO     | exadata_fc_writes_parser | ✅ FC Writes: 0 rows | Rejections: 0 (0 total) | Internal: 0
[2026-08-13 16:41:36] INFO     | exadata_fc_writes_parser | ✅ FC Writes: 0 rows | Rejections: 0 (0 total) | Internal: 0
[2026-08-13 16:42:52] INFO     | exadata_fc_writes_parser | ✅ FC Writes: 0 rows | Rejections: 0 (0 total) | Internal: 0
[2026-08-13 16:54:36] INFO     | exadata_fc_writes_parser | ✅ FC Writes: 0 rows | Rejections: 0 (0 total) | Internal: 0
[2026-08-13 16:55:47] INFO     | exadata_fc_writes_parser | ✅ FC Writes: 0 rows | Rejections: 0 (0 total) | Internal: 0
[2026-08-13 16:57:02] INFO     | exadata_fc_writes_parser | ✅ FC Writes: 0 rows | Rejections: 0 (0 total) | Internal: 0
[2026-08-13 16:58:18] INFO     | exadata_fc_writes_parser | ✅ FC Writes: 0 rows | Rejections: 0 (0 total) | Internal: 0
[2026-08-13 17:29:03] INFO     | exadata_fc_writes_parser | ✅ FC Writes: 0 rows | Rejections: 0 (0 total) | Internal: 0
[2026-08-13 17:30:06] INFO     | exadata_fc_writes_parser | ✅ FC Writes: 0 rows | Rejections: 0 (0 total) | Internal: 0
[2026-08-13 17:31:26] INFO     | exadata_fc_writes_parser | ✅ FC Writes: 0 rows | Rejections: 0 (0 total) | Internal: 0
[2026-08-13 17:32:40] INFO     | exadata_fc_writes_parser | ✅ FC Writes: 0 rows | Rejections: 0 (0 total) | Internal: 0
[2026-08-14 12:01:41] INFO     | exadata_fc_writes_parser | ✅ FC Writes: 9 rows | Rejections: 0 (0 total) | Internal: 6
[2026-08-14 12:01:41] ERROR    | exadata_fc_writes_parser | ❌ null value in column "dbname" violates not-null constraint
DETAIL:  Failing row contains (1, null, null, null, null, cel01.exadb.internal, User Writes, 120000, 2400, 117600, null, 2.0, null, null, null, null, 5cfc007e0bcd79d035b9222e6bb02786, 2026-08-14 12:01:41.237069).
Traceback (most recent call last):
  File "C:\AWR_Insight_Portal_v2\modules\awr\exadata_fc_writes_parser.py", line 209, in insert_all
    cur.execute("""INSERT INTO awr_exadata_fc_writes
    ~~~~~~~~~~~^^^^^^^^^^^^^^^^^^^^^^^^^^^^^^^^^^^^^
        (dbname,instance,begin_snap,snap_time,cell_name,write_section,
        ^^^^^^^^^^^^^^^^^^^^^^^^^^^^^^^^^^^^^^^^^^^^^^^^^^^^^^^^^^^^^^
    ...<8 lines>...
         r["partial_write_pct"],r["large_write_count"],r["large_write_type"],
         ^^^^^^^^^^^^^^^^^^^^^^^^^^^^^^^^^^^^^^^^^^^^^^^^^^^^^^^^^^^^^^^^^^^^
         r["skip_count"],r["skip_reason"],r["row_hash"]))
         ^^^^^^^^^^^^^^^^^^^^^^^^^^^^^^^^^^^^^^^^^^^^^^^^
psycopg2.errors.NotNullViolation: null value in column "dbname" violates not-null constraint
DETAIL:  Failing row contains (1, null, null, null, null, cel01.exadb.internal, User Writes, 120000, 2400, 117600, null, 2.0, null, null, null, null, 5cfc007e0bcd79d035b9222e6bb02786, 2026-08-14 12:01:41.237069).

[2026-08-14 12:01:47] INFO     | exadata_fc_writes_parser | ✅ FC Writes: 9 rows | Rejections: 3 (36,000 total) | Internal: 6
[2026-08-14 12:01:47] ERROR    | exadata_fc_writes_parser | ❌ null value in column "dbname" violates not-null constraint
DETAIL:  Failing row contains (2, null, null, null, null, cel01.exadb.internal, User Writes, 200000, 80000, 108000, 12000, 40.0, null, null, null, null, b3b337ef1b6243b4b088181de3d191f9, 2026-08-14 12:01:47.823795).
Traceback (most recent call last):
  File "C:\AWR_Insight_Portal_v2\modules\awr\exadata_fc_writes_parser.py", line 209, in insert_all
    cur.execute("""INSERT INTO awr_exadata_fc_writes
    ~~~~~~~~~~~^^^^^^^^^^^^^^^^^^^^^^^^^^^^^^^^^^^^^
        (dbname,instance,begin_snap,snap_time,cell_name,write_section,
        ^^^^^^^^^^^^^^^^^^^^^^^^^^^^^^^^^^^^^^^^^^^^^^^^^^^^^^^^^^^^^^
    ...<8 lines>...
         r["partial_write_pct"],r["large_write_count"],r["large_write_type"],
         ^^^^^^^^^^^^^^^^^^^^^^^^^^^^^^^^^^^^^^^^^^^^^^^^^^^^^^^^^^^^^^^^^^^^
         r["skip_count"],r["skip_reason"],r["row_hash"]))
         ^^^^^^^^^^^^^^^^^^^^^^^^^^^^^^^^^^^^^^^^^^^^^^^^
psycopg2.errors.NotNullViolation: null value in column "dbname" violates not-null constraint
DETAIL:  Failing row contains (2, null, null, null, null, cel01.exadb.internal, User Writes, 200000, 80000, 108000, 12000, 40.0, null, null, null, null, b3b337ef1b6243b4b088181de3d191f9, 2026-08-14 12:01:47.823795).

[2026-08-14 12:01:53] INFO     | exadata_fc_writes_parser | ✅ FC Writes: 9 rows | Rejections: 0 (0 total) | Internal: 6
[2026-08-14 12:01:53] ERROR    | exadata_fc_writes_parser | ❌ null value in column "dbname" violates not-null constraint
DETAIL:  Failing row contains (3, null, null, null, null, cel01.exadb.internal, User Writes, 50000, 20000, 30000, null, 40.0, null, null, null, null, 4899d21fb94662b7dec8277f24f03533, 2026-08-14 12:01:53.316968).
Traceback (most recent call last):
  File "C:\AWR_Insight_Portal_v2\modules\awr\exadata_fc_writes_parser.py", line 209, in insert_all
    cur.execute("""INSERT INTO awr_exadata_fc_writes
    ~~~~~~~~~~~^^^^^^^^^^^^^^^^^^^^^^^^^^^^^^^^^^^^^
        (dbname,instance,begin_snap,snap_time,cell_name,write_section,
        ^^^^^^^^^^^^^^^^^^^^^^^^^^^^^^^^^^^^^^^^^^^^^^^^^^^^^^^^^^^^^^
    ...<8 lines>...
         r["partial_write_pct"],r["large_write_count"],r["large_write_type"],
         ^^^^^^^^^^^^^^^^^^^^^^^^^^^^^^^^^^^^^^^^^^^^^^^^^^^^^^^^^^^^^^^^^^^^
         r["skip_count"],r["skip_reason"],r["row_hash"]))
         ^^^^^^^^^^^^^^^^^^^^^^^^^^^^^^^^^^^^^^^^^^^^^^^^
psycopg2.errors.NotNullViolation: null value in column "dbname" violates not-null constraint
DETAIL:  Failing row contains (3, null, null, null, null, cel01.exadb.internal, User Writes, 50000, 20000, 30000, null, 40.0, null, null, null, null, 4899d21fb94662b7dec8277f24f03533, 2026-08-14 12:01:53.316968).

[2026-08-14 12:01:58] INFO     | exadata_fc_writes_parser | ✅ FC Writes: 9 rows | Rejections: 0 (0 total) | Internal: 6
[2026-08-14 12:01:59] ERROR    | exadata_fc_writes_parser | ❌ null value in column "dbname" violates not-null constraint
DETAIL:  Failing row contains (4, null, null, null, null, cel01.exadb.internal, User Writes, 120000, 2400, 117600, null, 2.0, null, null, null, null, 5cfc007e0bcd79d035b9222e6bb02786, 2026-08-14 12:01:59.004969).
Traceback (most recent call last):
  File "C:\AWR_Insight_Portal_v2\modules\awr\exadata_fc_writes_parser.py", line 209, in insert_all
    cur.execute("""INSERT INTO awr_exadata_fc_writes
    ~~~~~~~~~~~^^^^^^^^^^^^^^^^^^^^^^^^^^^^^^^^^^^^^
        (dbname,instance,begin_snap,snap_time,cell_name,write_section,
        ^^^^^^^^^^^^^^^^^^^^^^^^^^^^^^^^^^^^^^^^^^^^^^^^^^^^^^^^^^^^^^
    ...<8 lines>...
         r["partial_write_pct"],r["large_write_count"],r["large_write_type"],
         ^^^^^^^^^^^^^^^^^^^^^^^^^^^^^^^^^^^^^^^^^^^^^^^^^^^^^^^^^^^^^^^^^^^^
         r["skip_count"],r["skip_reason"],r["row_hash"]))
         ^^^^^^^^^^^^^^^^^^^^^^^^^^^^^^^^^^^^^^^^^^^^^^^^
psycopg2.errors.NotNullViolation: null value in column "dbname" violates not-null constraint
DETAIL:  Failing row contains (4, null, null, null, null, cel01.exadb.internal, User Writes, 120000, 2400, 117600, null, 2.0, null, null, null, null, 5cfc007e0bcd79d035b9222e6bb02786, 2026-08-14 12:01:59.004969).

[2026-08-14 12:02:04] INFO     | exadata_fc_writes_parser | ✅ FC Writes: 9 rows | Rejections: 3 (13,500 total) | Internal: 6
[2026-08-14 12:02:04] ERROR    | exadata_fc_writes_parser | ❌ null value in column "dbname" violates not-null constraint
DETAIL:  Failing row contains (5, null, null, null, null, cel01.exadb.internal, User Writes, 180000, 45000, 135000, null, 25.0, null, null, null, null, aa2f1435b2df34e60cc3e1704982ea8a, 2026-08-14 12:02:04.356319).
Traceback (most recent call last):
  File "C:\AWR_Insight_Portal_v2\modules\awr\exadata_fc_writes_parser.py", line 209, in insert_all
    cur.execute("""INSERT INTO awr_exadata_fc_writes
    ~~~~~~~~~~~^^^^^^^^^^^^^^^^^^^^^^^^^^^^^^^^^^^^^
        (dbname,instance,begin_snap,snap_time,cell_name,write_section,
        ^^^^^^^^^^^^^^^^^^^^^^^^^^^^^^^^^^^^^^^^^^^^^^^^^^^^^^^^^^^^^^
    ...<8 lines>...
         r["partial_write_pct"],r["large_write_count"],r["large_write_type"],
         ^^^^^^^^^^^^^^^^^^^^^^^^^^^^^^^^^^^^^^^^^^^^^^^^^^^^^^^^^^^^^^^^^^^^
         r["skip_count"],r["skip_reason"],r["row_hash"]))
         ^^^^^^^^^^^^^^^^^^^^^^^^^^^^^^^^^^^^^^^^^^^^^^^^
psycopg2.errors.NotNullViolation: null value in column "dbname" violates not-null constraint
DETAIL:  Failing row contains (5, null, null, null, null, cel01.exadb.internal, User Writes, 180000, 45000, 135000, null, 25.0, null, null, null, null, aa2f1435b2df34e60cc3e1704982ea8a, 2026-08-14 12:02:04.356319).

[2026-08-14 12:02:10] INFO     | exadata_fc_writes_parser | ✅ FC Writes: 9 rows | Rejections: 3 (36,000 total) | Internal: 6
[2026-08-14 12:02:10] ERROR    | exadata_fc_writes_parser | ❌ null value in column "dbname" violates not-null constraint
DETAIL:  Failing row contains (6, null, null, null, null, cel01.exadb.internal, User Writes, 200000, 80000, 108000, 12000, 40.0, null, null, null, null, b3b337ef1b6243b4b088181de3d191f9, 2026-08-14 12:02:10.368252).
Traceback (most recent call last):
  File "C:\AWR_Insight_Portal_v2\modules\awr\exadata_fc_writes_parser.py", line 209, in insert_all
    cur.execute("""INSERT INTO awr_exadata_fc_writes
    ~~~~~~~~~~~^^^^^^^^^^^^^^^^^^^^^^^^^^^^^^^^^^^^^
        (dbname,instance,begin_snap,snap_time,cell_name,write_section,
        ^^^^^^^^^^^^^^^^^^^^^^^^^^^^^^^^^^^^^^^^^^^^^^^^^^^^^^^^^^^^^^
    ...<8 lines>...
         r["partial_write_pct"],r["large_write_count"],r["large_write_type"],
         ^^^^^^^^^^^^^^^^^^^^^^^^^^^^^^^^^^^^^^^^^^^^^^^^^^^^^^^^^^^^^^^^^^^^
         r["skip_count"],r["skip_reason"],r["row_hash"]))
         ^^^^^^^^^^^^^^^^^^^^^^^^^^^^^^^^^^^^^^^^^^^^^^^^
psycopg2.errors.NotNullViolation: null value in column "dbname" violates not-null constraint
DETAIL:  Failing row contains (6, null, null, null, null, cel01.exadb.internal, User Writes, 200000, 80000, 108000, 12000, 40.0, null, null, null, null, b3b337ef1b6243b4b088181de3d191f9, 2026-08-14 12:02:10.368252).

[2026-08-14 12:08:54] INFO     | exadata_fc_writes_parser | ✅ FC Writes: 0 rows | Rejections: 0 (0 total) | Internal: 0
[2026-08-14 12:10:11] INFO     | exadata_fc_writes_parser | ✅ FC Writes: 0 rows | Rejections: 0 (0 total) | Internal: 0
[2026-08-14 12:11:28] INFO     | exadata_fc_writes_parser | ✅ FC Writes: 0 rows | Rejections: 0 (0 total) | Internal: 0
[2026-08-17 11:57:37] INFO     | exadata_fc_writes_parser | ✅ FC Writes: 12 rows | Rejections: 0 (0 total) | Internal: 0
[2026-08-17 11:57:37] ERROR    | exadata_fc_writes_parser | ❌ null value in column "dbname" violates not-null constraint
DETAIL:  Failing row contains (7, null, null, null, null, mexa1cell01, User Writes, 120000, 24000, 94000, null, 20.0, null, null, null, null, 74bed9e15e9621841f0588331f9f51f3, 2026-08-17 11:57:37.610701).
Traceback (most recent call last):
  File "C:\AWR_Insight_Portal_v2\modules\awr\exadata_fc_writes_parser.py", line 209, in insert_all
    cur.execute("""INSERT INTO awr_exadata_fc_writes
    ~~~~~~~~~~~^^^^^^^^^^^^^^^^^^^^^^^^^^^^^^^^^^^^^
        (dbname,instance,begin_snap,snap_time,cell_name,write_section,
        ^^^^^^^^^^^^^^^^^^^^^^^^^^^^^^^^^^^^^^^^^^^^^^^^^^^^^^^^^^^^^^
    ...<8 lines>...
         r["partial_write_pct"],r["large_write_count"],r["large_write_type"],
         ^^^^^^^^^^^^^^^^^^^^^^^^^^^^^^^^^^^^^^^^^^^^^^^^^^^^^^^^^^^^^^^^^^^^
         r["skip_count"],r["skip_reason"],r["row_hash"]))
         ^^^^^^^^^^^^^^^^^^^^^^^^^^^^^^^^^^^^^^^^^^^^^^^^
psycopg2.errors.NotNullViolation: null value in column "dbname" violates not-null constraint
DETAIL:  Failing row contains (7, null, null, null, null, mexa1cell01, User Writes, 120000, 24000, 94000, null, 20.0, null, null, null, null, 74bed9e15e9621841f0588331f9f51f3, 2026-08-17 11:57:37.610701).

[2026-08-17 11:57:49] INFO     | exadata_fc_writes_parser | ✅ FC Writes: 12 rows | Rejections: 0 (0 total) | Internal: 0
[2026-08-17 11:57:49] ERROR    | exadata_fc_writes_parser | ❌ null value in column "dbname" violates not-null constraint
DETAIL:  Failing row contains (8, null, null, null, null, mexa1cell01, User Writes, 120000, 24000, 94000, null, 20.0, null, null, null, null, 74bed9e15e9621841f0588331f9f51f3, 2026-08-17 11:57:49.451309).
Traceback (most recent call last):
  File "C:\AWR_Insight_Portal_v2\modules\awr\exadata_fc_writes_parser.py", line 209, in insert_all
    cur.execute("""INSERT INTO awr_exadata_fc_writes
    ~~~~~~~~~~~^^^^^^^^^^^^^^^^^^^^^^^^^^^^^^^^^^^^^
        (dbname,instance,begin_snap,snap_time,cell_name,write_section,
        ^^^^^^^^^^^^^^^^^^^^^^^^^^^^^^^^^^^^^^^^^^^^^^^^^^^^^^^^^^^^^^
    ...<8 lines>...
         r["partial_write_pct"],r["large_write_count"],r["large_write_type"],
         ^^^^^^^^^^^^^^^^^^^^^^^^^^^^^^^^^^^^^^^^^^^^^^^^^^^^^^^^^^^^^^^^^^^^
         r["skip_count"],r["skip_reason"],r["row_hash"]))
         ^^^^^^^^^^^^^^^^^^^^^^^^^^^^^^^^^^^^^^^^^^^^^^^^
psycopg2.errors.NotNullViolation: null value in column "dbname" violates not-null constraint
DETAIL:  Failing row contains (8, null, null, null, null, mexa1cell01, User Writes, 120000, 24000, 94000, null, 20.0, null, null, null, null, 74bed9e15e9621841f0588331f9f51f3, 2026-08-17 11:57:49.451309).

[2026-08-17 11:58:00] INFO     | exadata_fc_writes_parser | ✅ FC Writes: 12 rows | Rejections: 0 (0 total) | Internal: 0
[2026-08-17 11:58:00] ERROR    | exadata_fc_writes_parser | ❌ null value in column "dbname" violates not-null constraint
DETAIL:  Failing row contains (9, null, null, null, null, mexa1cell01, User Writes, 120000, 24000, 94000, null, 20.0, null, null, null, null, 74bed9e15e9621841f0588331f9f51f3, 2026-08-17 11:58:00.732123).
Traceback (most recent call last):
  File "C:\AWR_Insight_Portal_v2\modules\awr\exadata_fc_writes_parser.py", line 209, in insert_all
    cur.execute("""INSERT INTO awr_exadata_fc_writes
    ~~~~~~~~~~~^^^^^^^^^^^^^^^^^^^^^^^^^^^^^^^^^^^^^
        (dbname,instance,begin_snap,snap_time,cell_name,write_section,
        ^^^^^^^^^^^^^^^^^^^^^^^^^^^^^^^^^^^^^^^^^^^^^^^^^^^^^^^^^^^^^^
    ...<8 lines>...
         r["partial_write_pct"],r["large_write_count"],r["large_write_type"],
         ^^^^^^^^^^^^^^^^^^^^^^^^^^^^^^^^^^^^^^^^^^^^^^^^^^^^^^^^^^^^^^^^^^^^
         r["skip_count"],r["skip_reason"],r["row_hash"]))
         ^^^^^^^^^^^^^^^^^^^^^^^^^^^^^^^^^^^^^^^^^^^^^^^^
psycopg2.errors.NotNullViolation: null value in column "dbname" violates not-null constraint
DETAIL:  Failing row contains (9, null, null, null, null, mexa1cell01, User Writes, 120000, 24000, 94000, null, 20.0, null, null, null, null, 74bed9e15e9621841f0588331f9f51f3, 2026-08-17 11:58:00.732123).

[2026-08-17 11:58:12] INFO     | exadata_fc_writes_parser | ✅ FC Writes: 12 rows | Rejections: 0 (0 total) | Internal: 0
[2026-08-17 11:58:12] ERROR    | exadata_fc_writes_parser | ❌ null value in column "dbname" violates not-null constraint
DETAIL:  Failing row contains (10, null, null, null, null, mexa1cell01, User Writes, 120000, 24000, 94000, null, 20.0, null, null, null, null, 74bed9e15e9621841f0588331f9f51f3, 2026-08-17 11:58:12.163754).
Traceback (most recent call last):
  File "C:\AWR_Insight_Portal_v2\modules\awr\exadata_fc_writes_parser.py", line 209, in insert_all
    cur.execute("""INSERT INTO awr_exadata_fc_writes
    ~~~~~~~~~~~^^^^^^^^^^^^^^^^^^^^^^^^^^^^^^^^^^^^^
        (dbname,instance,begin_snap,snap_time,cell_name,write_section,
        ^^^^^^^^^^^^^^^^^^^^^^^^^^^^^^^^^^^^^^^^^^^^^^^^^^^^^^^^^^^^^^
    ...<8 lines>...
         r["partial_write_pct"],r["large_write_count"],r["large_write_type"],
         ^^^^^^^^^^^^^^^^^^^^^^^^^^^^^^^^^^^^^^^^^^^^^^^^^^^^^^^^^^^^^^^^^^^^
         r["skip_count"],r["skip_reason"],r["row_hash"]))
         ^^^^^^^^^^^^^^^^^^^^^^^^^^^^^^^^^^^^^^^^^^^^^^^^
psycopg2.errors.NotNullViolation: null value in column "dbname" violates not-null constraint
DETAIL:  Failing row contains (10, null, null, null, null, mexa1cell01, User Writes, 120000, 24000, 94000, null, 20.0, null, null, null, null, 74bed9e15e9621841f0588331f9f51f3, 2026-08-17 11:58:12.163754).

[2026-08-17 11:58:23] INFO     | exadata_fc_writes_parser | ✅ FC Writes: 12 rows | Rejections: 0 (0 total) | Internal: 0
[2026-08-17 11:58:23] ERROR    | exadata_fc_writes_parser | ❌ null value in column "dbname" violates not-null constraint
DETAIL:  Failing row contains (11, null, null, null, null, mexa1cell01, User Writes, 120000, 24000, 94000, null, 20.0, null, null, null, null, 74bed9e15e9621841f0588331f9f51f3, 2026-08-17 11:58:23.500177).
Traceback (most recent call last):
  File "C:\AWR_Insight_Portal_v2\modules\awr\exadata_fc_writes_parser.py", line 209, in insert_all
    cur.execute("""INSERT INTO awr_exadata_fc_writes
    ~~~~~~~~~~~^^^^^^^^^^^^^^^^^^^^^^^^^^^^^^^^^^^^^
        (dbname,instance,begin_snap,snap_time,cell_name,write_section,
        ^^^^^^^^^^^^^^^^^^^^^^^^^^^^^^^^^^^^^^^^^^^^^^^^^^^^^^^^^^^^^^
    ...<8 lines>...
         r["partial_write_pct"],r["large_write_count"],r["large_write_type"],
         ^^^^^^^^^^^^^^^^^^^^^^^^^^^^^^^^^^^^^^^^^^^^^^^^^^^^^^^^^^^^^^^^^^^^
         r["skip_count"],r["skip_reason"],r["row_hash"]))
         ^^^^^^^^^^^^^^^^^^^^^^^^^^^^^^^^^^^^^^^^^^^^^^^^
psycopg2.errors.NotNullViolation: null value in column "dbname" violates not-null constraint
DETAIL:  Failing row contains (11, null, null, null, null, mexa1cell01, User Writes, 120000, 24000, 94000, null, 20.0, null, null, null, null, 74bed9e15e9621841f0588331f9f51f3, 2026-08-17 11:58:23.500177).

[2026-08-17 11:58:34] INFO     | exadata_fc_writes_parser | ✅ FC Writes: 12 rows | Rejections: 0 (0 total) | Internal: 0
[2026-08-17 11:58:34] ERROR    | exadata_fc_writes_parser | ❌ null value in column "dbname" violates not-null constraint
DETAIL:  Failing row contains (12, null, null, null, null, mexa1cell01, User Writes, 120000, 24000, 94000, null, 20.0, null, null, null, null, 74bed9e15e9621841f0588331f9f51f3, 2026-08-17 11:58:34.424751).
Traceback (most recent call last):
  File "C:\AWR_Insight_Portal_v2\modules\awr\exadata_fc_writes_parser.py", line 209, in insert_all
    cur.execute("""INSERT INTO awr_exadata_fc_writes
    ~~~~~~~~~~~^^^^^^^^^^^^^^^^^^^^^^^^^^^^^^^^^^^^^
        (dbname,instance,begin_snap,snap_time,cell_name,write_section,
        ^^^^^^^^^^^^^^^^^^^^^^^^^^^^^^^^^^^^^^^^^^^^^^^^^^^^^^^^^^^^^^
    ...<8 lines>...
         r["partial_write_pct"],r["large_write_count"],r["large_write_type"],
         ^^^^^^^^^^^^^^^^^^^^^^^^^^^^^^^^^^^^^^^^^^^^^^^^^^^^^^^^^^^^^^^^^^^^
         r["skip_count"],r["skip_reason"],r["row_hash"]))
         ^^^^^^^^^^^^^^^^^^^^^^^^^^^^^^^^^^^^^^^^^^^^^^^^
psycopg2.errors.NotNullViolation: null value in column "dbname" violates not-null constraint
DETAIL:  Failing row contains (12, null, null, null, null, mexa1cell01, User Writes, 120000, 24000, 94000, null, 20.0, null, null, null, null, 74bed9e15e9621841f0588331f9f51f3, 2026-08-17 11:58:34.424751).

[2026-08-17 11:58:45] INFO     | exadata_fc_writes_parser | ✅ FC Writes: 12 rows | Rejections: 0 (0 total) | Internal: 0
[2026-08-17 11:58:45] ERROR    | exadata_fc_writes_parser | ❌ null value in column "dbname" violates not-null constraint
DETAIL:  Failing row contains (13, null, null, null, null, mexa1cell01, User Writes, 120000, 24000, 94000, null, 20.0, null, null, null, null, 74bed9e15e9621841f0588331f9f51f3, 2026-08-17 11:58:45.525045).
Traceback (most recent call last):
  File "C:\AWR_Insight_Portal_v2\modules\awr\exadata_fc_writes_parser.py", line 209, in insert_all
    cur.execute("""INSERT INTO awr_exadata_fc_writes
    ~~~~~~~~~~~^^^^^^^^^^^^^^^^^^^^^^^^^^^^^^^^^^^^^
        (dbname,instance,begin_snap,snap_time,cell_name,write_section,
        ^^^^^^^^^^^^^^^^^^^^^^^^^^^^^^^^^^^^^^^^^^^^^^^^^^^^^^^^^^^^^^
    ...<8 lines>...
         r["partial_write_pct"],r["large_write_count"],r["large_write_type"],
         ^^^^^^^^^^^^^^^^^^^^^^^^^^^^^^^^^^^^^^^^^^^^^^^^^^^^^^^^^^^^^^^^^^^^
         r["skip_count"],r["skip_reason"],r["row_hash"]))
         ^^^^^^^^^^^^^^^^^^^^^^^^^^^^^^^^^^^^^^^^^^^^^^^^
psycopg2.errors.NotNullViolation: null value in column "dbname" violates not-null constraint
DETAIL:  Failing row contains (13, null, null, null, null, mexa1cell01, User Writes, 120000, 24000, 94000, null, 20.0, null, null, null, null, 74bed9e15e9621841f0588331f9f51f3, 2026-08-17 11:58:45.525045).

[2026-08-17 11:58:57] INFO     | exadata_fc_writes_parser | ✅ FC Writes: 12 rows | Rejections: 0 (0 total) | Internal: 0
[2026-08-17 11:58:57] ERROR    | exadata_fc_writes_parser | ❌ null value in column "dbname" violates not-null constraint
DETAIL:  Failing row contains (14, null, null, null, null, mexa1cell01, User Writes, 120000, 24000, 94000, null, 20.0, null, null, null, null, 74bed9e15e9621841f0588331f9f51f3, 2026-08-17 11:58:57.665106).
Traceback (most recent call last):
  File "C:\AWR_Insight_Portal_v2\modules\awr\exadata_fc_writes_parser.py", line 209, in insert_all
    cur.execute("""INSERT INTO awr_exadata_fc_writes
    ~~~~~~~~~~~^^^^^^^^^^^^^^^^^^^^^^^^^^^^^^^^^^^^^
        (dbname,instance,begin_snap,snap_time,cell_name,write_section,
        ^^^^^^^^^^^^^^^^^^^^^^^^^^^^^^^^^^^^^^^^^^^^^^^^^^^^^^^^^^^^^^
    ...<8 lines>...
         r["partial_write_pct"],r["large_write_count"],r["large_write_type"],
         ^^^^^^^^^^^^^^^^^^^^^^^^^^^^^^^^^^^^^^^^^^^^^^^^^^^^^^^^^^^^^^^^^^^^
         r["skip_count"],r["skip_reason"],r["row_hash"]))
         ^^^^^^^^^^^^^^^^^^^^^^^^^^^^^^^^^^^^^^^^^^^^^^^^
psycopg2.errors.NotNullViolation: null value in column "dbname" violates not-null constraint
DETAIL:  Failing row contains (14, null, null, null, null, mexa1cell01, User Writes, 120000, 24000, 94000, null, 20.0, null, null, null, null, 74bed9e15e9621841f0588331f9f51f3, 2026-08-17 11:58:57.665106).

[2026-08-17 11:59:09] INFO     | exadata_fc_writes_parser | ✅ FC Writes: 12 rows | Rejections: 0 (0 total) | Internal: 0
[2026-08-17 11:59:09] ERROR    | exadata_fc_writes_parser | ❌ null value in column "dbname" violates not-null constraint
DETAIL:  Failing row contains (15, null, null, null, null, mexa1cell01, User Writes, 120000, 24000, 94000, null, 20.0, null, null, null, null, 74bed9e15e9621841f0588331f9f51f3, 2026-08-17 11:59:09.858682).
Traceback (most recent call last):
  File "C:\AWR_Insight_Portal_v2\modules\awr\exadata_fc_writes_parser.py", line 209, in insert_all
    cur.execute("""INSERT INTO awr_exadata_fc_writes
    ~~~~~~~~~~~^^^^^^^^^^^^^^^^^^^^^^^^^^^^^^^^^^^^^
        (dbname,instance,begin_snap,snap_time,cell_name,write_section,
        ^^^^^^^^^^^^^^^^^^^^^^^^^^^^^^^^^^^^^^^^^^^^^^^^^^^^^^^^^^^^^^
    ...<8 lines>...
         r["partial_write_pct"],r["large_write_count"],r["large_write_type"],
         ^^^^^^^^^^^^^^^^^^^^^^^^^^^^^^^^^^^^^^^^^^^^^^^^^^^^^^^^^^^^^^^^^^^^
         r["skip_count"],r["skip_reason"],r["row_hash"]))
         ^^^^^^^^^^^^^^^^^^^^^^^^^^^^^^^^^^^^^^^^^^^^^^^^
psycopg2.errors.NotNullViolation: null value in column "dbname" violates not-null constraint
DETAIL:  Failing row contains (15, null, null, null, null, mexa1cell01, User Writes, 120000, 24000, 94000, null, 20.0, null, null, null, null, 74bed9e15e9621841f0588331f9f51f3, 2026-08-17 11:59:09.858682).

[2026-08-17 11:59:21] INFO     | exadata_fc_writes_parser | ✅ FC Writes: 12 rows | Rejections: 0 (0 total) | Internal: 0
[2026-08-17 11:59:21] ERROR    | exadata_fc_writes_parser | ❌ null value in column "dbname" violates not-null constraint
DETAIL:  Failing row contains (16, null, null, null, null, mexa1cell01, User Writes, 120000, 24000, 94000, null, 20.0, null, null, null, null, 74bed9e15e9621841f0588331f9f51f3, 2026-08-17 11:59:21.591387).
Traceback (most recent call last):
  File "C:\AWR_Insight_Portal_v2\modules\awr\exadata_fc_writes_parser.py", line 209, in insert_all
    cur.execute("""INSERT INTO awr_exadata_fc_writes
    ~~~~~~~~~~~^^^^^^^^^^^^^^^^^^^^^^^^^^^^^^^^^^^^^
        (dbname,instance,begin_snap,snap_time,cell_name,write_section,
        ^^^^^^^^^^^^^^^^^^^^^^^^^^^^^^^^^^^^^^^^^^^^^^^^^^^^^^^^^^^^^^
    ...<8 lines>...
         r["partial_write_pct"],r["large_write_count"],r["large_write_type"],
         ^^^^^^^^^^^^^^^^^^^^^^^^^^^^^^^^^^^^^^^^^^^^^^^^^^^^^^^^^^^^^^^^^^^^
         r["skip_count"],r["skip_reason"],r["row_hash"]))
         ^^^^^^^^^^^^^^^^^^^^^^^^^^^^^^^^^^^^^^^^^^^^^^^^
psycopg2.errors.NotNullViolation: null value in column "dbname" violates not-null constraint
DETAIL:  Failing row contains (16, null, null, null, null, mexa1cell01, User Writes, 120000, 24000, 94000, null, 20.0, null, null, null, null, 74bed9e15e9621841f0588331f9f51f3, 2026-08-17 11:59:21.591387).

[2026-08-17 11:59:32] INFO     | exadata_fc_writes_parser | ✅ FC Writes: 12 rows | Rejections: 0 (0 total) | Internal: 0
[2026-08-17 11:59:32] ERROR    | exadata_fc_writes_parser | ❌ null value in column "dbname" violates not-null constraint
DETAIL:  Failing row contains (17, null, null, null, null, mexa1cell01, User Writes, 120000, 24000, 94000, 9747, 20.0, null, null, null, null, 74bed9e15e9621841f0588331f9f51f3, 2026-08-17 11:59:32.825874).
Traceback (most recent call last):
  File "C:\AWR_Insight_Portal_v2\modules\awr\exadata_fc_writes_parser.py", line 209, in insert_all
    cur.execute("""INSERT INTO awr_exadata_fc_writes
    ~~~~~~~~~~~^^^^^^^^^^^^^^^^^^^^^^^^^^^^^^^^^^^^^
        (dbname,instance,begin_snap,snap_time,cell_name,write_section,
        ^^^^^^^^^^^^^^^^^^^^^^^^^^^^^^^^^^^^^^^^^^^^^^^^^^^^^^^^^^^^^^
    ...<8 lines>...
         r["partial_write_pct"],r["large_write_count"],r["large_write_type"],
         ^^^^^^^^^^^^^^^^^^^^^^^^^^^^^^^^^^^^^^^^^^^^^^^^^^^^^^^^^^^^^^^^^^^^
         r["skip_count"],r["skip_reason"],r["row_hash"]))
         ^^^^^^^^^^^^^^^^^^^^^^^^^^^^^^^^^^^^^^^^^^^^^^^^
psycopg2.errors.NotNullViolation: null value in column "dbname" violates not-null constraint
DETAIL:  Failing row contains (17, null, null, null, null, mexa1cell01, User Writes, 120000, 24000, 94000, 9747, 20.0, null, null, null, null, 74bed9e15e9621841f0588331f9f51f3, 2026-08-17 11:59:32.825874).

[2026-08-17 11:59:43] INFO     | exadata_fc_writes_parser | ✅ FC Writes: 12 rows | Rejections: 0 (0 total) | Internal: 0
[2026-08-17 11:59:44] ERROR    | exadata_fc_writes_parser | ❌ null value in column "dbname" violates not-null constraint
DETAIL:  Failing row contains (18, null, null, null, null, mexa1cell01, User Writes, 120000, 24000, 94000, null, 20.0, null, null, null, null, 74bed9e15e9621841f0588331f9f51f3, 2026-08-17 11:59:44.116463).
Traceback (most recent call last):
  File "C:\AWR_Insight_Portal_v2\modules\awr\exadata_fc_writes_parser.py", line 209, in insert_all
    cur.execute("""INSERT INTO awr_exadata_fc_writes
    ~~~~~~~~~~~^^^^^^^^^^^^^^^^^^^^^^^^^^^^^^^^^^^^^
        (dbname,instance,begin_snap,snap_time,cell_name,write_section,
        ^^^^^^^^^^^^^^^^^^^^^^^^^^^^^^^^^^^^^^^^^^^^^^^^^^^^^^^^^^^^^^
    ...<8 lines>...
         r["partial_write_pct"],r["large_write_count"],r["large_write_type"],
         ^^^^^^^^^^^^^^^^^^^^^^^^^^^^^^^^^^^^^^^^^^^^^^^^^^^^^^^^^^^^^^^^^^^^
         r["skip_count"],r["skip_reason"],r["row_hash"]))
         ^^^^^^^^^^^^^^^^^^^^^^^^^^^^^^^^^^^^^^^^^^^^^^^^
psycopg2.errors.NotNullViolation: null value in column "dbname" violates not-null constraint
DETAIL:  Failing row contains (18, null, null, null, null, mexa1cell01, User Writes, 120000, 24000, 94000, null, 20.0, null, null, null, null, 74bed9e15e9621841f0588331f9f51f3, 2026-08-17 11:59:44.116463).

[2026-08-17 11:59:55] INFO     | exadata_fc_writes_parser | ✅ FC Writes: 12 rows | Rejections: 0 (0 total) | Internal: 0
[2026-08-17 11:59:55] ERROR    | exadata_fc_writes_parser | ❌ null value in column "dbname" violates not-null constraint
DETAIL:  Failing row contains (19, null, null, null, null, mexa1cell01, User Writes, 120000, 24000, 94000, null, 20.0, null, null, null, null, 74bed9e15e9621841f0588331f9f51f3, 2026-08-17 11:59:55.158505).
Traceback (most recent call last):
  File "C:\AWR_Insight_Portal_v2\modules\awr\exadata_fc_writes_parser.py", line 209, in insert_all
    cur.execute("""INSERT INTO awr_exadata_fc_writes
    ~~~~~~~~~~~^^^^^^^^^^^^^^^^^^^^^^^^^^^^^^^^^^^^^
        (dbname,instance,begin_snap,snap_time,cell_name,write_section,
        ^^^^^^^^^^^^^^^^^^^^^^^^^^^^^^^^^^^^^^^^^^^^^^^^^^^^^^^^^^^^^^
    ...<8 lines>...
         r["partial_write_pct"],r["large_write_count"],r["large_write_type"],
         ^^^^^^^^^^^^^^^^^^^^^^^^^^^^^^^^^^^^^^^^^^^^^^^^^^^^^^^^^^^^^^^^^^^^
         r["skip_count"],r["skip_reason"],r["row_hash"]))
         ^^^^^^^^^^^^^^^^^^^^^^^^^^^^^^^^^^^^^^^^^^^^^^^^
psycopg2.errors.NotNullViolation: null value in column "dbname" violates not-null constraint
DETAIL:  Failing row contains (19, null, null, null, null, mexa1cell01, User Writes, 120000, 24000, 94000, null, 20.0, null, null, null, null, 74bed9e15e9621841f0588331f9f51f3, 2026-08-17 11:59:55.158505).

[2026-08-17 12:00:06] INFO     | exadata_fc_writes_parser | ✅ FC Writes: 12 rows | Rejections: 0 (0 total) | Internal: 0
[2026-08-17 12:00:06] ERROR    | exadata_fc_writes_parser | ❌ null value in column "dbname" violates not-null constraint
DETAIL:  Failing row contains (20, null, null, null, null, mexa1cell01, User Writes, 120000, 24000, 94000, null, 20.0, null, null, null, null, 74bed9e15e9621841f0588331f9f51f3, 2026-08-17 12:00:06.483109).
Traceback (most recent call last):
  File "C:\AWR_Insight_Portal_v2\modules\awr\exadata_fc_writes_parser.py", line 209, in insert_all
    cur.execute("""INSERT INTO awr_exadata_fc_writes
    ~~~~~~~~~~~^^^^^^^^^^^^^^^^^^^^^^^^^^^^^^^^^^^^^
        (dbname,instance,begin_snap,snap_time,cell_name,write_section,
        ^^^^^^^^^^^^^^^^^^^^^^^^^^^^^^^^^^^^^^^^^^^^^^^^^^^^^^^^^^^^^^
    ...<8 lines>...
         r["partial_write_pct"],r["large_write_count"],r["large_write_type"],
         ^^^^^^^^^^^^^^^^^^^^^^^^^^^^^^^^^^^^^^^^^^^^^^^^^^^^^^^^^^^^^^^^^^^^
         r["skip_count"],r["skip_reason"],r["row_hash"]))
         ^^^^^^^^^^^^^^^^^^^^^^^^^^^^^^^^^^^^^^^^^^^^^^^^
psycopg2.errors.NotNullViolation: null value in column "dbname" violates not-null constraint
DETAIL:  Failing row contains (20, null, null, null, null, mexa1cell01, User Writes, 120000, 24000, 94000, null, 20.0, null, null, null, null, 74bed9e15e9621841f0588331f9f51f3, 2026-08-17 12:00:06.483109).

[2026-08-17 12:00:18] INFO     | exadata_fc_writes_parser | ✅ FC Writes: 12 rows | Rejections: 0 (0 total) | Internal: 0
[2026-08-17 12:00:18] ERROR    | exadata_fc_writes_parser | ❌ null value in column "dbname" violates not-null constraint
DETAIL:  Failing row contains (21, null, null, null, null, mexa1cell01, User Writes, 120000, 24000, 94000, 2904, 20.0, null, null, null, null, 74bed9e15e9621841f0588331f9f51f3, 2026-08-17 12:00:18.695442).
Traceback (most recent call last):
  File "C:\AWR_Insight_Portal_v2\modules\awr\exadata_fc_writes_parser.py", line 209, in insert_all
    cur.execute("""INSERT INTO awr_exadata_fc_writes
    ~~~~~~~~~~~^^^^^^^^^^^^^^^^^^^^^^^^^^^^^^^^^^^^^
        (dbname,instance,begin_snap,snap_time,cell_name,write_section,
        ^^^^^^^^^^^^^^^^^^^^^^^^^^^^^^^^^^^^^^^^^^^^^^^^^^^^^^^^^^^^^^
    ...<8 lines>...
         r["partial_write_pct"],r["large_write_count"],r["large_write_type"],
         ^^^^^^^^^^^^^^^^^^^^^^^^^^^^^^^^^^^^^^^^^^^^^^^^^^^^^^^^^^^^^^^^^^^^
         r["skip_count"],r["skip_reason"],r["row_hash"]))
         ^^^^^^^^^^^^^^^^^^^^^^^^^^^^^^^^^^^^^^^^^^^^^^^^
psycopg2.errors.NotNullViolation: null value in column "dbname" violates not-null constraint
DETAIL:  Failing row contains (21, null, null, null, null, mexa1cell01, User Writes, 120000, 24000, 94000, 2904, 20.0, null, null, null, null, 74bed9e15e9621841f0588331f9f51f3, 2026-08-17 12:00:18.695442).

[2026-08-17 12:00:30] INFO     | exadata_fc_writes_parser | ✅ FC Writes: 12 rows | Rejections: 0 (0 total) | Internal: 0
[2026-08-17 12:00:30] ERROR    | exadata_fc_writes_parser | ❌ null value in column "dbname" violates not-null constraint
DETAIL:  Failing row contains (22, null, null, null, null, mexa1cell01, User Writes, 120000, 24000, 94000, null, 20.0, null, null, null, null, 74bed9e15e9621841f0588331f9f51f3, 2026-08-17 12:00:30.863354).
Traceback (most recent call last):
  File "C:\AWR_Insight_Portal_v2\modules\awr\exadata_fc_writes_parser.py", line 209, in insert_all
    cur.execute("""INSERT INTO awr_exadata_fc_writes
    ~~~~~~~~~~~^^^^^^^^^^^^^^^^^^^^^^^^^^^^^^^^^^^^^
        (dbname,instance,begin_snap,snap_time,cell_name,write_section,
        ^^^^^^^^^^^^^^^^^^^^^^^^^^^^^^^^^^^^^^^^^^^^^^^^^^^^^^^^^^^^^^
    ...<8 lines>...
         r["partial_write_pct"],r["large_write_count"],r["large_write_type"],
         ^^^^^^^^^^^^^^^^^^^^^^^^^^^^^^^^^^^^^^^^^^^^^^^^^^^^^^^^^^^^^^^^^^^^
         r["skip_count"],r["skip_reason"],r["row_hash"]))
         ^^^^^^^^^^^^^^^^^^^^^^^^^^^^^^^^^^^^^^^^^^^^^^^^
psycopg2.errors.NotNullViolation: null value in column "dbname" violates not-null constraint
DETAIL:  Failing row contains (22, null, null, null, null, mexa1cell01, User Writes, 120000, 24000, 94000, null, 20.0, null, null, null, null, 74bed9e15e9621841f0588331f9f51f3, 2026-08-17 12:00:30.863354).

[2026-08-17 12:00:42] INFO     | exadata_fc_writes_parser | ✅ FC Writes: 12 rows | Rejections: 0 (0 total) | Internal: 0
[2026-08-17 12:00:43] ERROR    | exadata_fc_writes_parser | ❌ null value in column "dbname" violates not-null constraint
DETAIL:  Failing row contains (23, null, null, null, null, mexa1cell01, User Writes, 120000, 24000, 94000, 504, 20.0, null, null, null, null, 74bed9e15e9621841f0588331f9f51f3, 2026-08-17 12:00:43.173159).
Traceback (most recent call last):
  File "C:\AWR_Insight_Portal_v2\modules\awr\exadata_fc_writes_parser.py", line 209, in insert_all
    cur.execute("""INSERT INTO awr_exadata_fc_writes
    ~~~~~~~~~~~^^^^^^^^^^^^^^^^^^^^^^^^^^^^^^^^^^^^^
        (dbname,instance,begin_snap,snap_time,cell_name,write_section,
        ^^^^^^^^^^^^^^^^^^^^^^^^^^^^^^^^^^^^^^^^^^^^^^^^^^^^^^^^^^^^^^
    ...<8 lines>...
         r["partial_write_pct"],r["large_write_count"],r["large_write_type"],
         ^^^^^^^^^^^^^^^^^^^^^^^^^^^^^^^^^^^^^^^^^^^^^^^^^^^^^^^^^^^^^^^^^^^^
         r["skip_count"],r["skip_reason"],r["row_hash"]))
         ^^^^^^^^^^^^^^^^^^^^^^^^^^^^^^^^^^^^^^^^^^^^^^^^
psycopg2.errors.NotNullViolation: null value in column "dbname" violates not-null constraint
DETAIL:  Failing row contains (23, null, null, null, null, mexa1cell01, User Writes, 120000, 24000, 94000, 504, 20.0, null, null, null, null, 74bed9e15e9621841f0588331f9f51f3, 2026-08-17 12:00:43.173159).

[2026-08-17 12:00:54] INFO     | exadata_fc_writes_parser | ✅ FC Writes: 12 rows | Rejections: 0 (0 total) | Internal: 0
[2026-08-17 12:00:54] ERROR    | exadata_fc_writes_parser | ❌ null value in column "dbname" violates not-null constraint
DETAIL:  Failing row contains (24, null, null, null, null, mexa1cell01, User Writes, 120000, 24000, 94000, null, 20.0, null, null, null, null, 74bed9e15e9621841f0588331f9f51f3, 2026-08-17 12:00:54.96658).
Traceback (most recent call last):
  File "C:\AWR_Insight_Portal_v2\modules\awr\exadata_fc_writes_parser.py", line 209, in insert_all
    cur.execute("""INSERT INTO awr_exadata_fc_writes
    ~~~~~~~~~~~^^^^^^^^^^^^^^^^^^^^^^^^^^^^^^^^^^^^^
        (dbname,instance,begin_snap,snap_time,cell_name,write_section,
        ^^^^^^^^^^^^^^^^^^^^^^^^^^^^^^^^^^^^^^^^^^^^^^^^^^^^^^^^^^^^^^
    ...<8 lines>...
         r["partial_write_pct"],r["large_write_count"],r["large_write_type"],
         ^^^^^^^^^^^^^^^^^^^^^^^^^^^^^^^^^^^^^^^^^^^^^^^^^^^^^^^^^^^^^^^^^^^^
         r["skip_count"],r["skip_reason"],r["row_hash"]))
         ^^^^^^^^^^^^^^^^^^^^^^^^^^^^^^^^^^^^^^^^^^^^^^^^
psycopg2.errors.NotNullViolation: null value in column "dbname" violates not-null constraint
DETAIL:  Failing row contains (24, null, null, null, null, mexa1cell01, User Writes, 120000, 24000, 94000, null, 20.0, null, null, null, null, 74bed9e15e9621841f0588331f9f51f3, 2026-08-17 12:00:54.96658).

[2026-08-17 12:01:06] INFO     | exadata_fc_writes_parser | ✅ FC Writes: 12 rows | Rejections: 0 (0 total) | Internal: 0
[2026-08-17 12:01:06] ERROR    | exadata_fc_writes_parser | ❌ null value in column "dbname" violates not-null constraint
DETAIL:  Failing row contains (25, null, null, null, null, mexa1cell01, User Writes, 120000, 24000, 94000, 23064, 20.0, null, null, null, null, 74bed9e15e9621841f0588331f9f51f3, 2026-08-17 12:01:06.836634).
Traceback (most recent call last):
  File "C:\AWR_Insight_Portal_v2\modules\awr\exadata_fc_writes_parser.py", line 209, in insert_all
    cur.execute("""INSERT INTO awr_exadata_fc_writes
    ~~~~~~~~~~~^^^^^^^^^^^^^^^^^^^^^^^^^^^^^^^^^^^^^
        (dbname,instance,begin_snap,snap_time,cell_name,write_section,
        ^^^^^^^^^^^^^^^^^^^^^^^^^^^^^^^^^^^^^^^^^^^^^^^^^^^^^^^^^^^^^^
    ...<8 lines>...
         r["partial_write_pct"],r["large_write_count"],r["large_write_type"],
         ^^^^^^^^^^^^^^^^^^^^^^^^^^^^^^^^^^^^^^^^^^^^^^^^^^^^^^^^^^^^^^^^^^^^
         r["skip_count"],r["skip_reason"],r["row_hash"]))
         ^^^^^^^^^^^^^^^^^^^^^^^^^^^^^^^^^^^^^^^^^^^^^^^^
psycopg2.errors.NotNullViolation: null value in column "dbname" violates not-null constraint
DETAIL:  Failing row contains (25, null, null, null, null, mexa1cell01, User Writes, 120000, 24000, 94000, 23064, 20.0, null, null, null, null, 74bed9e15e9621841f0588331f9f51f3, 2026-08-17 12:01:06.836634).

[2026-08-17 12:01:18] INFO     | exadata_fc_writes_parser | ✅ FC Writes: 12 rows | Rejections: 0 (0 total) | Internal: 0
[2026-08-17 12:01:18] ERROR    | exadata_fc_writes_parser | ❌ null value in column "dbname" violates not-null constraint
DETAIL:  Failing row contains (26, null, null, null, null, mexa1cell01, User Writes, 120000, 24000, 94000, null, 20.0, null, null, null, null, 74bed9e15e9621841f0588331f9f51f3, 2026-08-17 12:01:18.567289).
Traceback (most recent call last):
  File "C:\AWR_Insight_Portal_v2\modules\awr\exadata_fc_writes_parser.py", line 209, in insert_all
    cur.execute("""INSERT INTO awr_exadata_fc_writes
    ~~~~~~~~~~~^^^^^^^^^^^^^^^^^^^^^^^^^^^^^^^^^^^^^
        (dbname,instance,begin_snap,snap_time,cell_name,write_section,
        ^^^^^^^^^^^^^^^^^^^^^^^^^^^^^^^^^^^^^^^^^^^^^^^^^^^^^^^^^^^^^^
    ...<8 lines>...
         r["partial_write_pct"],r["large_write_count"],r["large_write_type"],
         ^^^^^^^^^^^^^^^^^^^^^^^^^^^^^^^^^^^^^^^^^^^^^^^^^^^^^^^^^^^^^^^^^^^^
         r["skip_count"],r["skip_reason"],r["row_hash"]))
         ^^^^^^^^^^^^^^^^^^^^^^^^^^^^^^^^^^^^^^^^^^^^^^^^
psycopg2.errors.NotNullViolation: null value in column "dbname" violates not-null constraint
DETAIL:  Failing row contains (26, null, null, null, null, mexa1cell01, User Writes, 120000, 24000, 94000, null, 20.0, null, null, null, null, 74bed9e15e9621841f0588331f9f51f3, 2026-08-17 12:01:18.567289).

[2026-08-17 12:06:18] INFO     | exadata_fc_writes_parser | ✅ FC Writes: 0 rows | Rejections: 0 (0 total) | Internal: 0
[2026-08-17 12:07:49] INFO     | exadata_fc_writes_parser | ✅ FC Writes: 0 rows | Rejections: 0 (0 total) | Internal: 0
[2026-08-17 12:09:18] INFO     | exadata_fc_writes_parser | ✅ FC Writes: 0 rows | Rejections: 0 (0 total) | Internal: 0
[2026-08-17 12:10:52] INFO     | exadata_fc_writes_parser | ✅ FC Writes: 0 rows | Rejections: 0 (0 total) | Internal: 0
[2026-08-17 12:37:38] INFO     | exadata_fc_writes_parser | ✅ FC Writes: 0 rows | Rejections: 0 (0 total) | Internal: 0
[2026-08-17 12:39:13] INFO     | exadata_fc_writes_parser | ✅ FC Writes: 0 rows | Rejections: 0 (0 total) | Internal: 0
[2026-08-17 12:40:45] INFO     | exadata_fc_writes_parser | ✅ FC Writes: 0 rows | Rejections: 0 (0 total) | Internal: 0
[2026-08-17 12:42:21] INFO     | exadata_fc_writes_parser | ✅ FC Writes: 0 rows | Rejections: 0 (0 total) | Internal: 0
[2026-08-17 12:43:56] INFO     | exadata_fc_writes_parser | ✅ FC Writes: 0 rows | Rejections: 0 (0 total) | Internal: 0
[2026-08-17 13:35:38] INFO     | exadata_fc_writes_parser | ✅ FC Writes: 0 rows | Rejections: 0 (0 total) | Internal: 0
[2026-08-17 13:37:34] INFO     | exadata_fc_writes_parser | ✅ FC Writes: 0 rows | Rejections: 0 (0 total) | Internal: 0
[2026-08-17 13:39:02] INFO     | exadata_fc_writes_parser | ✅ FC Writes: 0 rows | Rejections: 0 (0 total) | Internal: 0
[2026-08-17 13:40:40] INFO     | exadata_fc_writes_parser | ✅ FC Writes: 0 rows | Rejections: 0 (0 total) | Internal: 0
[2026-08-17 13:42:21] INFO     | exadata_fc_writes_parser | ✅ FC Writes: 0 rows | Rejections: 0 (0 total) | Internal: 0
[2026-08-17 14:02:42] INFO     | exadata_fc_writes_parser | ✅ FC Writes: 0 rows | Rejections: 0 (0 total) | Internal: 0
[2026-08-17 14:04:22] INFO     | exadata_fc_writes_parser | ✅ FC Writes: 0 rows | Rejections: 0 (0 total) | Internal: 0
[2026-08-17 14:05:57] INFO     | exadata_fc_writes_parser | ✅ FC Writes: 0 rows | Rejections: 0 (0 total) | Internal: 0
[2026-08-17 14:07:37] INFO     | exadata_fc_writes_parser | ✅ FC Writes: 0 rows | Rejections: 0 (0 total) | Internal: 0
[2026-08-17 14:09:12] INFO     | exadata_fc_writes_parser | ✅ FC Writes: 0 rows | Rejections: 0 (0 total) | Internal: 0
[2026-08-17 14:10:49] INFO     | exadata_fc_writes_parser | ✅ FC Writes: 0 rows | Rejections: 0 (0 total) | Internal: 0
[2026-08-17 14:12:22] INFO     | exadata_fc_writes_parser | ✅ FC Writes: 0 rows | Rejections: 0 (0 total) | Internal: 0
[2026-08-17 14:14:55] INFO     | exadata_fc_writes_parser | ✅ FC Writes: 0 rows | Rejections: 0 (0 total) | Internal: 0
[2026-08-17 14:16:34] INFO     | exadata_fc_writes_parser | ✅ FC Writes: 0 rows | Rejections: 0 (0 total) | Internal: 0
[2026-08-17 14:33:15] INFO     | exadata_fc_writes_parser | ✅ FC Writes: 0 rows | Rejections: 0 (0 total) | Internal: 0
[2026-08-17 14:34:48] INFO     | exadata_fc_writes_parser | ✅ FC Writes: 0 rows | Rejections: 0 (0 total) | Internal: 0
[2026-08-17 14:36:18] INFO     | exadata_fc_writes_parser | ✅ FC Writes: 0 rows | Rejections: 0 (0 total) | Internal: 0
[2026-08-17 14:37:55] INFO     | exadata_fc_writes_parser | ✅ FC Writes: 0 rows | Rejections: 0 (0 total) | Internal: 0
[2026-08-17 14:39:28] INFO     | exadata_fc_writes_parser | ✅ FC Writes: 0 rows | Rejections: 0 (0 total) | Internal: 0
[2026-08-17 14:40:58] INFO     | exadata_fc_writes_parser | ✅ FC Writes: 0 rows | Rejections: 0 (0 total) | Internal: 0
[2026-08-17 14:42:26] INFO     | exadata_fc_writes_parser | ✅ FC Writes: 0 rows | Rejections: 0 (0 total) | Internal: 0
[2026-08-17 14:43:59] INFO     | exadata_fc_writes_parser | ✅ FC Writes: 0 rows | Rejections: 0 (0 total) | Internal: 0
[2026-08-17 14:45:32] INFO     | exadata_fc_writes_parser | ✅ FC Writes: 0 rows | Rejections: 0 (0 total) | Internal: 0
[2026-08-17 15:03:38] INFO     | exadata_fc_writes_parser | ✅ FC Writes: 0 rows | Rejections: 0 (0 total) | Internal: 0
[2026-08-17 15:05:11] INFO     | exadata_fc_writes_parser | ✅ FC Writes: 0 rows | Rejections: 0 (0 total) | Internal: 0
[2026-08-17 15:06:46] INFO     | exadata_fc_writes_parser | ✅ FC Writes: 0 rows | Rejections: 0 (0 total) | Internal: 0
[2026-08-17 15:08:21] INFO     | exadata_fc_writes_parser | ✅ FC Writes: 0 rows | Rejections: 0 (0 total) | Internal: 0
[2026-08-17 15:09:53] INFO     | exadata_fc_writes_parser | ✅ FC Writes: 0 rows | Rejections: 0 (0 total) | Internal: 0
[2026-08-17 15:11:22] INFO     | exadata_fc_writes_parser | ✅ FC Writes: 0 rows | Rejections: 0 (0 total) | Internal: 0
[2026-08-17 15:12:50] INFO     | exadata_fc_writes_parser | ✅ FC Writes: 0 rows | Rejections: 0 (0 total) | Internal: 0
[2026-08-17 15:14:23] INFO     | exadata_fc_writes_parser | ✅ FC Writes: 0 rows | Rejections: 0 (0 total) | Internal: 0
[2026-08-17 15:17:52] INFO     | exadata_fc_writes_parser | ✅ FC Writes: 0 rows | Rejections: 0 (0 total) | Internal: 0
[2026-08-17 15:19:28] INFO     | exadata_fc_writes_parser | ✅ FC Writes: 0 rows | Rejections: 0 (0 total) | Internal: 0
[2026-08-17 15:36:10] INFO     | exadata_fc_writes_parser | ✅ FC Writes: 0 rows | Rejections: 0 (0 total) | Internal: 0
[2026-08-17 15:37:40] INFO     | exadata_fc_writes_parser | ✅ FC Writes: 0 rows | Rejections: 0 (0 total) | Internal: 0
[2026-08-17 15:43:59] INFO     | exadata_fc_writes_parser | ✅ FC Writes: 0 rows | Rejections: 0 (0 total) | Internal: 0
[2026-08-17 15:45:33] INFO     | exadata_fc_writes_parser | ✅ FC Writes: 0 rows | Rejections: 0 (0 total) | Internal: 0
[2026-08-17 15:47:06] INFO     | exadata_fc_writes_parser | ✅ FC Writes: 0 rows | Rejections: 0 (0 total) | Internal: 0
[2026-08-17 15:48:41] INFO     | exadata_fc_writes_parser | ✅ FC Writes: 0 rows | Rejections: 0 (0 total) | Internal: 0
[2026-08-17 15:50:15] INFO     | exadata_fc_writes_parser | ✅ FC Writes: 0 rows | Rejections: 0 (0 total) | Internal: 0
[2026-08-17 15:51:52] INFO     | exadata_fc_writes_parser | ✅ FC Writes: 0 rows | Rejections: 0 (0 total) | Internal: 0
[2026-08-17 15:53:26] INFO     | exadata_fc_writes_parser | ✅ FC Writes: 0 rows | Rejections: 0 (0 total) | Internal: 0
[2026-08-17 15:55:00] INFO     | exadata_fc_writes_parser | ✅ FC Writes: 0 rows | Rejections: 0 (0 total) | Internal: 0
[2026-08-17 15:57:15] INFO     | exadata_fc_writes_parser | ✅ FC Writes: 0 rows | Rejections: 0 (0 total) | Internal: 0
[2026-08-17 16:06:54] INFO     | exadata_fc_writes_parser | ✅ FC Writes: 0 rows | Rejections: 0 (0 total) | Internal: 0
[2026-08-17 16:08:22] INFO     | exadata_fc_writes_parser | ✅ FC Writes: 0 rows | Rejections: 0 (0 total) | Internal: 0
[2026-08-17 16:09:51] INFO     | exadata_fc_writes_parser | ✅ FC Writes: 0 rows | Rejections: 0 (0 total) | Internal: 0
[2026-08-17 16:11:27] INFO     | exadata_fc_writes_parser | ✅ FC Writes: 0 rows | Rejections: 0 (0 total) | Internal: 0
[2026-08-17 16:12:56] INFO     | exadata_fc_writes_parser | ✅ FC Writes: 0 rows | Rejections: 0 (0 total) | Internal: 0
[2026-08-17 16:14:28] INFO     | exadata_fc_writes_parser | ✅ FC Writes: 0 rows | Rejections: 0 (0 total) | Internal: 0
[2026-08-17 16:15:42] INFO     | exadata_fc_writes_parser | ✅ FC Writes: 0 rows | Rejections: 0 (0 total) | Internal: 0
[2026-08-17 16:17:17] INFO     | exadata_fc_writes_parser | ✅ FC Writes: 0 rows | Rejections: 0 (0 total) | Internal: 0
[2026-08-17 16:18:49] INFO     | exadata_fc_writes_parser | ✅ FC Writes: 0 rows | Rejections: 0 (0 total) | Internal: 0
[2026-08-17 16:20:30] INFO     | exadata_fc_writes_parser | ✅ FC Writes: 0 rows | Rejections: 0 (0 total) | Internal: 0
[2026-08-17 16:21:33] INFO     | exadata_fc_writes_parser | ✅ FC Writes: 12 rows | Rejections: 0 (0 total) | Internal: 0
[2026-08-17 16:21:34] INFO     | exadata_fc_writes_parser | ✅ Inserted fw=12 rej=0 int=0
[2026-08-17 16:21:47] INFO     | exadata_fc_writes_parser | ✅ FC Writes: 12 rows | Rejections: 0 (0 total) | Internal: 0
[2026-08-17 16:21:47] INFO     | exadata_fc_writes_parser | ✅ Inserted fw=12 rej=0 int=0
[2026-08-17 16:21:59] INFO     | exadata_fc_writes_parser | ✅ FC Writes: 12 rows | Rejections: 0 (0 total) | Internal: 0
[2026-08-17 16:21:59] INFO     | exadata_fc_writes_parser | ✅ Inserted fw=12 rej=0 int=0
[2026-08-17 16:22:02] INFO     | exadata_fc_writes_parser | ✅ FC Writes: 0 rows | Rejections: 0 (0 total) | Internal: 0
[2026-08-17 16:22:12] INFO     | exadata_fc_writes_parser | ✅ FC Writes: 12 rows | Rejections: 0 (0 total) | Internal: 0
[2026-08-17 16:22:12] INFO     | exadata_fc_writes_parser | ✅ Inserted fw=12 rej=0 int=0
[2026-08-17 16:22:33] INFO     | exadata_fc_writes_parser | ✅ FC Writes: 12 rows | Rejections: 0 (0 total) | Internal: 0
[2026-08-17 16:22:34] INFO     | exadata_fc_writes_parser | ✅ Inserted fw=12 rej=0 int=0
[2026-08-17 16:22:46] INFO     | exadata_fc_writes_parser | ✅ FC Writes: 12 rows | Rejections: 0 (0 total) | Internal: 0
[2026-08-17 16:22:46] INFO     | exadata_fc_writes_parser | ✅ Inserted fw=12 rej=0 int=0
[2026-08-17 16:22:59] INFO     | exadata_fc_writes_parser | ✅ FC Writes: 12 rows | Rejections: 0 (0 total) | Internal: 0
[2026-08-17 16:22:59] INFO     | exadata_fc_writes_parser | ✅ Inserted fw=12 rej=0 int=0
[2026-08-17 16:23:12] INFO     | exadata_fc_writes_parser | ✅ FC Writes: 12 rows | Rejections: 0 (0 total) | Internal: 0
[2026-08-17 16:23:12] INFO     | exadata_fc_writes_parser | ✅ Inserted fw=12 rej=0 int=0
[2026-08-17 16:23:24] INFO     | exadata_fc_writes_parser | ✅ FC Writes: 12 rows | Rejections: 0 (0 total) | Internal: 0
[2026-08-17 16:23:24] INFO     | exadata_fc_writes_parser | ✅ Inserted fw=12 rej=0 int=0
[2026-08-17 16:23:34] INFO     | exadata_fc_writes_parser | ✅ FC Writes: 0 rows | Rejections: 0 (0 total) | Internal: 0
[2026-08-17 16:23:37] INFO     | exadata_fc_writes_parser | ✅ FC Writes: 12 rows | Rejections: 0 (0 total) | Internal: 0
[2026-08-17 16:23:37] INFO     | exadata_fc_writes_parser | ✅ Inserted fw=12 rej=0 int=0
[2026-08-17 16:23:49] INFO     | exadata_fc_writes_parser | ✅ FC Writes: 12 rows | Rejections: 0 (0 total) | Internal: 0
[2026-08-17 16:23:49] INFO     | exadata_fc_writes_parser | ✅ Inserted fw=12 rej=0 int=0
[2026-08-17 16:24:02] INFO     | exadata_fc_writes_parser | ✅ FC Writes: 12 rows | Rejections: 0 (0 total) | Internal: 0
[2026-08-17 16:24:02] INFO     | exadata_fc_writes_parser | ✅ Inserted fw=12 rej=0 int=0
[2026-08-17 16:24:15] INFO     | exadata_fc_writes_parser | ✅ FC Writes: 12 rows | Rejections: 0 (0 total) | Internal: 0
[2026-08-17 16:24:15] INFO     | exadata_fc_writes_parser | ✅ Inserted fw=12 rej=0 int=0
[2026-08-17 16:24:27] INFO     | exadata_fc_writes_parser | ✅ FC Writes: 12 rows | Rejections: 0 (0 total) | Internal: 0
[2026-08-17 16:24:27] INFO     | exadata_fc_writes_parser | ✅ Inserted fw=12 rej=0 int=0
[2026-08-17 16:24:39] INFO     | exadata_fc_writes_parser | ✅ FC Writes: 12 rows | Rejections: 0 (0 total) | Internal: 0
[2026-08-17 16:24:40] INFO     | exadata_fc_writes_parser | ✅ Inserted fw=12 rej=0 int=0
[2026-08-17 16:24:52] INFO     | exadata_fc_writes_parser | ✅ FC Writes: 12 rows | Rejections: 0 (0 total) | Internal: 0
[2026-08-17 16:24:52] INFO     | exadata_fc_writes_parser | ✅ Inserted fw=12 rej=0 int=0
[2026-08-17 16:25:04] INFO     | exadata_fc_writes_parser | ✅ FC Writes: 12 rows | Rejections: 0 (0 total) | Internal: 0
[2026-08-17 16:25:04] INFO     | exadata_fc_writes_parser | ✅ Inserted fw=12 rej=0 int=0
[2026-08-17 16:25:17] INFO     | exadata_fc_writes_parser | ✅ FC Writes: 12 rows | Rejections: 0 (0 total) | Internal: 0
[2026-08-17 16:25:17] INFO     | exadata_fc_writes_parser | ✅ Inserted fw=12 rej=0 int=0
[2026-08-17 16:25:29] INFO     | exadata_fc_writes_parser | ✅ FC Writes: 12 rows | Rejections: 0 (0 total) | Internal: 0
[2026-08-17 16:25:29] INFO     | exadata_fc_writes_parser | ✅ Inserted fw=12 rej=0 int=0
[2026-08-17 16:25:42] INFO     | exadata_fc_writes_parser | ✅ FC Writes: 12 rows | Rejections: 0 (0 total) | Internal: 0
[2026-08-17 16:25:42] INFO     | exadata_fc_writes_parser | ✅ Inserted fw=12 rej=0 int=0
[2026-08-17 16:40:30] INFO     | exadata_fc_writes_parser | ✅ FC Writes: 0 rows | Rejections: 0 (0 total) | Internal: 0
[2026-08-17 16:42:03] INFO     | exadata_fc_writes_parser | ✅ FC Writes: 0 rows | Rejections: 0 (0 total) | Internal: 0
[2026-08-17 16:43:35] INFO     | exadata_fc_writes_parser | ✅ FC Writes: 0 rows | Rejections: 0 (0 total) | Internal: 0
[2026-08-17 16:45:09] INFO     | exadata_fc_writes_parser | ✅ FC Writes: 0 rows | Rejections: 0 (0 total) | Internal: 0
[2026-08-17 16:46:40] INFO     | exadata_fc_writes_parser | ✅ FC Writes: 0 rows | Rejections: 0 (0 total) | Internal: 0
[2026-08-17 16:48:10] INFO     | exadata_fc_writes_parser | ✅ FC Writes: 0 rows | Rejections: 0 (0 total) | Internal: 0
[2026-08-17 16:49:43] INFO     | exadata_fc_writes_parser | ✅ FC Writes: 0 rows | Rejections: 0 (0 total) | Internal: 0
[2026-08-17 16:51:19] INFO     | exadata_fc_writes_parser | ✅ FC Writes: 0 rows | Rejections: 0 (0 total) | Internal: 0
[2026-08-17 16:52:50] INFO     | exadata_fc_writes_parser | ✅ FC Writes: 0 rows | Rejections: 0 (0 total) | Internal: 0
[2026-08-17 16:54:27] INFO     | exadata_fc_writes_parser | ✅ FC Writes: 0 rows | Rejections: 0 (0 total) | Internal: 0
[2026-08-17 16:55:57] INFO     | exadata_fc_writes_parser | ✅ FC Writes: 0 rows | Rejections: 0 (0 total) | Internal: 0
[2026-08-17 16:57:31] INFO     | exadata_fc_writes_parser | ✅ FC Writes: 0 rows | Rejections: 0 (0 total) | Internal: 0
[2026-08-17 16:59:00] INFO     | exadata_fc_writes_parser | ✅ FC Writes: 0 rows | Rejections: 0 (0 total) | Internal: 0
[2026-08-17 17:11:13] INFO     | exadata_fc_writes_parser | ✅ FC Writes: 0 rows | Rejections: 0 (0 total) | Internal: 0
[2026-08-17 17:12:46] INFO     | exadata_fc_writes_parser | ✅ FC Writes: 0 rows | Rejections: 0 (0 total) | Internal: 0
[2026-08-17 17:14:16] INFO     | exadata_fc_writes_parser | ✅ FC Writes: 0 rows | Rejections: 0 (0 total) | Internal: 0
[2026-08-17 17:15:50] INFO     | exadata_fc_writes_parser | ✅ FC Writes: 0 rows | Rejections: 0 (0 total) | Internal: 0
[2026-08-17 17:17:20] INFO     | exadata_fc_writes_parser | ✅ FC Writes: 0 rows | Rejections: 0 (0 total) | Internal: 0
[2026-08-17 17:18:58] INFO     | exadata_fc_writes_parser | ✅ FC Writes: 0 rows | Rejections: 0 (0 total) | Internal: 0
[2026-08-17 17:20:28] INFO     | exadata_fc_writes_parser | ✅ FC Writes: 0 rows | Rejections: 0 (0 total) | Internal: 0
[2026-08-17 17:22:03] INFO     | exadata_fc_writes_parser | ✅ FC Writes: 0 rows | Rejections: 0 (0 total) | Internal: 0
[2026-08-17 17:23:35] INFO     | exadata_fc_writes_parser | ✅ FC Writes: 0 rows | Rejections: 0 (0 total) | Internal: 0
[2026-08-17 17:25:09] INFO     | exadata_fc_writes_parser | ✅ FC Writes: 0 rows | Rejections: 0 (0 total) | Internal: 0
[2026-08-17 17:26:40] INFO     | exadata_fc_writes_parser | ✅ FC Writes: 0 rows | Rejections: 0 (0 total) | Internal: 0
[2026-08-17 17:28:13] INFO     | exadata_fc_writes_parser | ✅ FC Writes: 0 rows | Rejections: 0 (0 total) | Internal: 0
[2026-08-17 17:29:42] INFO     | exadata_fc_writes_parser | ✅ FC Writes: 0 rows | Rejections: 0 (0 total) | Internal: 0
[2026-08-17 17:31:12] INFO     | exadata_fc_writes_parser | ✅ FC Writes: 0 rows | Rejections: 0 (0 total) | Internal: 0
[2026-08-17 17:42:00] INFO     | exadata_fc_writes_parser | ✅ FC Writes: 0 rows | Rejections: 0 (0 total) | Internal: 0
[2026-08-17 17:43:36] INFO     | exadata_fc_writes_parser | ✅ FC Writes: 0 rows | Rejections: 0 (0 total) | Internal: 0
[2026-08-17 17:45:09] INFO     | exadata_fc_writes_parser | ✅ FC Writes: 0 rows | Rejections: 0 (0 total) | Internal: 0
[2026-08-17 17:46:43] INFO     | exadata_fc_writes_parser | ✅ FC Writes: 0 rows | Rejections: 0 (0 total) | Internal: 0
[2026-08-17 17:48:14] INFO     | exadata_fc_writes_parser | ✅ FC Writes: 0 rows | Rejections: 0 (0 total) | Internal: 0
[2026-08-17 17:49:44] INFO     | exadata_fc_writes_parser | ✅ FC Writes: 0 rows | Rejections: 0 (0 total) | Internal: 0
[2026-08-17 18:15:37] INFO     | exadata_fc_writes_parser | ✅ FC Writes: 0 rows | Rejections: 0 (0 total) | Internal: 0
[2026-08-18 09:35:53] INFO     | exadata_fc_writes_parser | ✅ FC Writes: 0 rows | Rejections: 0 (0 total) | Internal: 0
[2026-08-18 09:37:08] INFO     | exadata_fc_writes_parser | ✅ FC Writes: 0 rows | Rejections: 0 (0 total) | Internal: 0
[2026-08-18 09:38:48] INFO     | exadata_fc_writes_parser | ✅ FC Writes: 0 rows | Rejections: 0 (0 total) | Internal: 0
[2026-08-18 09:40:23] INFO     | exadata_fc_writes_parser | ✅ FC Writes: 0 rows | Rejections: 0 (0 total) | Internal: 0
[2026-08-18 09:41:59] INFO     | exadata_fc_writes_parser | ✅ FC Writes: 0 rows | Rejections: 0 (0 total) | Internal: 0
[2026-08-18 09:43:23] INFO     | exadata_fc_writes_parser | ✅ FC Writes: 0 rows | Rejections: 0 (0 total) | Internal: 0
[2026-08-18 09:44:44] INFO     | exadata_fc_writes_parser | ✅ FC Writes: 0 rows | Rejections: 0 (0 total) | Internal: 0
[2026-08-18 09:46:10] INFO     | exadata_fc_writes_parser | ✅ FC Writes: 0 rows | Rejections: 0 (0 total) | Internal: 0
[2026-08-18 09:47:48] INFO     | exadata_fc_writes_parser | ✅ FC Writes: 0 rows | Rejections: 0 (0 total) | Internal: 0
[2026-08-18 09:49:17] INFO     | exadata_fc_writes_parser | ✅ FC Writes: 0 rows | Rejections: 0 (0 total) | Internal: 0
[2026-08-18 09:50:44] INFO     | exadata_fc_writes_parser | ✅ FC Writes: 0 rows | Rejections: 0 (0 total) | Internal: 0
[2026-08-18 09:52:12] INFO     | exadata_fc_writes_parser | ✅ FC Writes: 0 rows | Rejections: 0 (0 total) | Internal: 0
[2026-08-18 09:53:52] INFO     | exadata_fc_writes_parser | ✅ FC Writes: 0 rows | Rejections: 0 (0 total) | Internal: 0
[2026-08-18 09:55:36] INFO     | exadata_fc_writes_parser | ✅ FC Writes: 0 rows | Rejections: 0 (0 total) | Internal: 0
[2026-08-18 09:57:28] INFO     | exadata_fc_writes_parser | ✅ FC Writes: 0 rows | Rejections: 0 (0 total) | Internal: 0
[2026-08-18 09:59:10] INFO     | exadata_fc_writes_parser | ✅ FC Writes: 0 rows | Rejections: 0 (0 total) | Internal: 0
[2026-08-18 10:00:42] INFO     | exadata_fc_writes_parser | ✅ FC Writes: 0 rows | Rejections: 0 (0 total) | Internal: 0
[2026-08-18 10:02:15] INFO     | exadata_fc_writes_parser | ✅ FC Writes: 0 rows | Rejections: 0 (0 total) | Internal: 0
[2026-08-18 10:03:40] INFO     | exadata_fc_writes_parser | ✅ FC Writes: 0 rows | Rejections: 0 (0 total) | Internal: 0
[2026-08-18 10:05:08] INFO     | exadata_fc_writes_parser | ✅ FC Writes: 0 rows | Rejections: 0 (0 total) | Internal: 0
[2026-08-18 10:07:00] INFO     | exadata_fc_writes_parser | ✅ FC Writes: 0 rows | Rejections: 0 (0 total) | Internal: 0
[2026-08-18 10:08:43] INFO     | exadata_fc_writes_parser | ✅ FC Writes: 0 rows | Rejections: 0 (0 total) | Internal: 0
[2026-08-18 10:10:10] INFO     | exadata_fc_writes_parser | ✅ FC Writes: 0 rows | Rejections: 0 (0 total) | Internal: 0
[2026-08-18 10:11:40] INFO     | exadata_fc_writes_parser | ✅ FC Writes: 0 rows | Rejections: 0 (0 total) | Internal: 0
[2026-08-18 10:31:12] INFO     | exadata_fc_writes_parser | ✅ FC Writes: 0 rows | Rejections: 0 (0 total) | Internal: 0
[2026-08-18 11:01:18] INFO     | exadata_fc_writes_parser | ✅ FC Writes: 0 rows | Rejections: 0 (0 total) | Internal: 0
[2026-08-18 11:03:01] INFO     | exadata_fc_writes_parser | ✅ FC Writes: 0 rows | Rejections: 0 (0 total) | Internal: 0
[2026-08-18 11:31:16] INFO     | exadata_fc_writes_parser | ✅ FC Writes: 0 rows | Rejections: 0 (0 total) | Internal: 0
[2026-08-18 11:32:46] INFO     | exadata_fc_writes_parser | ✅ FC Writes: 0 rows | Rejections: 0 (0 total) | Internal: 0
[2026-08-18 11:34:13] INFO     | exadata_fc_writes_parser | ✅ FC Writes: 0 rows | Rejections: 0 (0 total) | Internal: 0
[2026-08-18 12:02:44] INFO     | exadata_fc_writes_parser | ✅ FC Writes: 0 rows | Rejections: 0 (0 total) | Internal: 0
[2026-08-18 12:04:18] INFO     | exadata_fc_writes_parser | ✅ FC Writes: 0 rows | Rejections: 0 (0 total) | Internal: 0
[2026-08-18 12:05:49] INFO     | exadata_fc_writes_parser | ✅ FC Writes: 0 rows | Rejections: 0 (0 total) | Internal: 0
[2026-08-18 12:07:18] INFO     | exadata_fc_writes_parser | ✅ FC Writes: 0 rows | Rejections: 0 (0 total) | Internal: 0
[2026-08-18 12:32:57] INFO     | exadata_fc_writes_parser | ✅ FC Writes: 0 rows | Rejections: 0 (0 total) | Internal: 0
[2026-08-18 12:34:33] INFO     | exadata_fc_writes_parser | ✅ FC Writes: 0 rows | Rejections: 0 (0 total) | Internal: 0
[2026-08-18 12:36:08] INFO     | exadata_fc_writes_parser | ✅ FC Writes: 0 rows | Rejections: 0 (0 total) | Internal: 0
[2026-08-18 12:37:40] INFO     | exadata_fc_writes_parser | ✅ FC Writes: 0 rows | Rejections: 0 (0 total) | Internal: 0
[2026-08-18 12:39:13] INFO     | exadata_fc_writes_parser | ✅ FC Writes: 0 rows | Rejections: 0 (0 total) | Internal: 0
[2026-08-18 13:05:33] INFO     | exadata_fc_writes_parser | ✅ FC Writes: 0 rows | Rejections: 0 (0 total) | Internal: 0
[2026-08-18 13:07:03] INFO     | exadata_fc_writes_parser | ✅ FC Writes: 0 rows | Rejections: 0 (0 total) | Internal: 0
[2026-08-18 13:08:35] INFO     | exadata_fc_writes_parser | ✅ FC Writes: 0 rows | Rejections: 0 (0 total) | Internal: 0
[2026-08-18 13:10:06] INFO     | exadata_fc_writes_parser | ✅ FC Writes: 0 rows | Rejections: 0 (0 total) | Internal: 0
[2026-08-18 13:11:40] INFO     | exadata_fc_writes_parser | ✅ FC Writes: 0 rows | Rejections: 0 (0 total) | Internal: 0
[2026-08-18 13:13:15] INFO     | exadata_fc_writes_parser | ✅ FC Writes: 0 rows | Rejections: 0 (0 total) | Internal: 0
[2026-08-18 13:54:39] INFO     | exadata_fc_writes_parser | ✅ FC Writes: 0 rows | Rejections: 0 (0 total) | Internal: 0
[2026-08-18 13:56:15] INFO     | exadata_fc_writes_parser | ✅ FC Writes: 0 rows | Rejections: 0 (0 total) | Internal: 0
[2026-08-18 13:57:50] INFO     | exadata_fc_writes_parser | ✅ FC Writes: 0 rows | Rejections: 0 (0 total) | Internal: 0
[2026-08-18 13:59:18] INFO     | exadata_fc_writes_parser | ✅ FC Writes: 0 rows | Rejections: 0 (0 total) | Internal: 0
[2026-08-18 14:10:15] INFO     | exadata_fc_writes_parser | ✅ FC Writes: 0 rows | Rejections: 0 (0 total) | Internal: 0
[2026-08-18 14:11:50] INFO     | exadata_fc_writes_parser | ✅ FC Writes: 0 rows | Rejections: 0 (0 total) | Internal: 0
[2026-08-18 14:13:19] INFO     | exadata_fc_writes_parser | ✅ FC Writes: 0 rows | Rejections: 0 (0 total) | Internal: 0
