[2026-08-11 12:44:31] INFO     | exadata_perf_summary_parser | ✅ Parsed Exadata Performance Summary (FC%=28.4, XRMEM%=68.9, OLTP_hit=91.2%, Scan_hit=88.6%, read_skips=142840.0)
[2026-08-11 12:44:31] INFO     | exadata_perf_summary_parser | ✅ Inserted 1 rows into awr_exadata_perf_summary
[2026-08-11 12:44:45] INFO     | exadata_perf_summary_parser | ✅ Parsed Exadata Performance Summary (FC%=18.2, XRMEM%=65.1, OLTP_hit=84.6%, Scan_hit=78.3%, read_skips=284120.0)
[2026-08-11 12:44:45] INFO     | exadata_perf_summary_parser | ✅ Inserted 1 rows into awr_exadata_perf_summary
[2026-08-11 12:44:57] INFO     | exadata_perf_summary_parser | ✅ Parsed Exadata Performance Summary (FC%=8.4, XRMEM%=60.9, OLTP_hit=48.2%, Scan_hit=42.1%, read_skips=568240.0)
[2026-08-11 12:44:57] INFO     | exadata_perf_summary_parser | ✅ Inserted 1 rows into awr_exadata_perf_summary
[2026-08-11 12:45:10] INFO     | exadata_perf_summary_parser | ✅ Parsed Exadata Performance Summary (FC%=27.4, XRMEM%=68.9, OLTP_hit=88.4%, Scan_hit=82.1%, read_skips=142840.0)
[2026-08-11 12:45:10] INFO     | exadata_perf_summary_parser | ✅ Inserted 1 rows into awr_exadata_perf_summary
[2026-08-11 12:45:14] INFO     | exadata_perf_summary_parser | ✅ Parsed Exadata Performance Summary (FC%=27.2, XRMEM%=68.9, OLTP_hit=87.2%, Scan_hit=81.4%, read_skips=142840.0)
[2026-08-11 12:45:14] INFO     | exadata_perf_summary_parser | ✅ Inserted 1 rows into awr_exadata_perf_summary
[2026-08-11 12:45:17] INFO     | exadata_perf_summary_parser | ✅ Parsed Exadata Performance Summary (FC%=14.2, XRMEM%=60.5, OLTP_hit=62.4%, Scan_hit=55.8%, read_skips=158400.0)
[2026-08-11 12:45:17] INFO     | exadata_perf_summary_parser | ✅ Inserted 1 rows into awr_exadata_perf_summary
[2026-08-11 12:45:30] INFO     | exadata_perf_summary_parser | ✅ Parsed Exadata Performance Summary (FC%=20.8, XRMEM%=68.4, OLTP_hit=84.2%, Scan_hit=76.8%, read_skips=144200.0)
[2026-08-11 12:45:30] INFO     | exadata_perf_summary_parser | ✅ Inserted 1 rows into awr_exadata_perf_summary
[2026-08-11 12:45:42] INFO     | exadata_perf_summary_parser | ✅ Parsed Exadata Performance Summary (FC%=23.6, XRMEM%=67.8, OLTP_hit=88.6%, Scan_hit=82.4%, read_skips=145800.0)
[2026-08-11 12:45:42] INFO     | exadata_perf_summary_parser | ✅ Inserted 1 rows into awr_exadata_perf_summary
[2026-08-11 12:45:54] INFO     | exadata_perf_summary_parser | ✅ Parsed Exadata Performance Summary (FC%=22.4, XRMEM%=67.2, OLTP_hit=82.4%, Scan_hit=76.2%, read_skips=150400.0)
[2026-08-11 12:45:54] INFO     | exadata_perf_summary_parser | ✅ Inserted 1 rows into awr_exadata_perf_summary
[2026-08-11 12:46:07] INFO     | exadata_perf_summary_parser | ✅ Parsed Exadata Performance Summary (FC%=28.0, XRMEM%=68.9, OLTP_hit=90.1%, Scan_hit=86.4%, read_skips=142840.0)
[2026-08-11 12:46:07] INFO     | exadata_perf_summary_parser | ✅ Inserted 1 rows into awr_exadata_perf_summary
[2026-08-11 12:46:10] INFO     | exadata_perf_summary_parser | ✅ Parsed Exadata Performance Summary (FC%=22.0, XRMEM%=67.6, OLTP_hit=82.8%, Scan_hit=74.2%, read_skips=148200.0)
[2026-08-11 12:46:11] INFO     | exadata_perf_summary_parser | ✅ Inserted 1 rows into awr_exadata_perf_summary
[2026-08-11 12:46:24] INFO     | exadata_perf_summary_parser | ✅ Parsed Exadata Performance Summary (FC%=27.4, XRMEM%=68.9, OLTP_hit=88.2%, Scan_hit=82.8%, read_skips=142840.0)
[2026-08-11 12:46:24] INFO     | exadata_perf_summary_parser | ✅ Inserted 1 rows into awr_exadata_perf_summary
[2026-08-11 12:46:29] INFO     | exadata_perf_summary_parser | ✅ Parsed Exadata Performance Summary (FC%=25.4, XRMEM%=68.0, OLTP_hit=84.6%, Scan_hit=78.4%, read_skips=146400.0)
[2026-08-11 12:46:29] INFO     | exadata_perf_summary_parser | ✅ Inserted 1 rows into awr_exadata_perf_summary
[2026-08-11 12:46:44] INFO     | exadata_perf_summary_parser | ✅ Parsed Exadata Performance Summary (FC%=27.7, XRMEM%=68.9, OLTP_hit=89.4%, Scan_hit=84.2%, read_skips=142840.0)
[2026-08-11 12:46:44] INFO     | exadata_perf_summary_parser | ✅ Inserted 1 rows into awr_exadata_perf_summary
[2026-08-11 12:46:48] INFO     | exadata_perf_summary_parser | ✅ Parsed Exadata Performance Summary (FC%=12.6, XRMEM%=60.8, OLTP_hit=68.4%, Scan_hit=58.2%, read_skips=168400.0)
[2026-08-11 12:46:48] INFO     | exadata_perf_summary_parser | ✅ Inserted 1 rows into awr_exadata_perf_summary
[2026-08-11 12:47:03] INFO     | exadata_perf_summary_parser | ✅ Parsed Exadata Performance Summary (FC%=26.8, XRMEM%=68.9, OLTP_hit=86.4%, Scan_hit=78.2%, read_skips=142840.0)
[2026-08-11 12:47:04] INFO     | exadata_perf_summary_parser | ✅ Inserted 1 rows into awr_exadata_perf_summary
[2026-08-11 12:47:08] INFO     | exadata_perf_summary_parser | ✅ Parsed Exadata Performance Summary (FC%=25.5, XRMEM%=68.9, OLTP_hit=82.1%, Scan_hit=74.8%, read_skips=142840.0)
[2026-08-11 12:47:08] INFO     | exadata_perf_summary_parser | ✅ Inserted 1 rows into awr_exadata_perf_summary
[2026-08-11 12:47:13] INFO     | exadata_perf_summary_parser | ✅ Parsed Exadata Performance Summary (FC%=26.3, XRMEM%=68.9, OLTP_hit=85.2%, Scan_hit=79.4%, read_skips=142840.0)
[2026-08-11 12:47:13] INFO     | exadata_perf_summary_parser | ✅ Inserted 1 rows into awr_exadata_perf_summary
[2026-08-11 12:47:17] INFO     | exadata_perf_summary_parser | ✅ Parsed Exadata Performance Summary (FC%=5.8, XRMEM%=58.4, OLTP_hit=44.8%, Scan_hit=38.2%, read_skips=642840.0)
[2026-08-11 12:47:17] INFO     | exadata_perf_summary_parser | ✅ Inserted 1 rows into awr_exadata_perf_summary
[2026-08-11 12:47:31] INFO     | exadata_perf_summary_parser | ✅ Parsed Exadata Performance Summary (FC%=23.2, XRMEM%=68.9, OLTP_hit=76.4%, Scan_hit=68.2%, read_skips=142840.0)
[2026-08-11 12:47:31] INFO     | exadata_perf_summary_parser | ✅ Inserted 1 rows into awr_exadata_perf_summary
[2026-08-12 13:57:11] WARNING  | exadata_perf_summary_parser | ⚠️  Exadata Performance Summary section not found
[2026-08-12 14:39:55] WARNING  | exadata_perf_summary_parser | ⚠️  Exadata Performance Summary section not found
[2026-08-12 14:41:08] WARNING  | exadata_perf_summary_parser | ⚠️  Exadata Performance Summary section not found
[2026-08-12 14:43:43] INFO     | exadata_perf_summary_parser | ✅ Parsed Exadata Performance Summary (FC%=28.4, XRMEM%=68.9, OLTP_hit=91.2%, Scan_hit=88.6%, read_skips=142840.0)
[2026-08-12 14:43:43] INFO     | exadata_perf_summary_parser | ✅ Inserted 1 rows into awr_exadata_perf_summary
[2026-08-12 14:44:03] INFO     | exadata_perf_summary_parser | ✅ Parsed Exadata Performance Summary (FC%=18.2, XRMEM%=65.1, OLTP_hit=84.6%, Scan_hit=78.3%, read_skips=284120.0)
[2026-08-12 14:44:03] INFO     | exadata_perf_summary_parser | ✅ Inserted 1 rows into awr_exadata_perf_summary
[2026-08-12 14:44:21] INFO     | exadata_perf_summary_parser | ✅ Parsed Exadata Performance Summary (FC%=8.4, XRMEM%=60.9, OLTP_hit=48.2%, Scan_hit=42.1%, read_skips=568240.0)
[2026-08-12 14:44:21] INFO     | exadata_perf_summary_parser | ✅ Inserted 1 rows into awr_exadata_perf_summary
[2026-08-12 14:44:33] WARNING  | exadata_perf_summary_parser | ⚠️  Exadata Performance Summary section not found
[2026-08-12 14:44:37] INFO     | exadata_perf_summary_parser | ✅ Parsed Exadata Performance Summary (FC%=27.4, XRMEM%=68.9, OLTP_hit=88.4%, Scan_hit=82.1%, read_skips=142840.0)
[2026-08-12 14:44:37] INFO     | exadata_perf_summary_parser | ✅ Inserted 1 rows into awr_exadata_perf_summary
[2026-08-12 14:44:46] INFO     | exadata_perf_summary_parser | ✅ Parsed Exadata Performance Summary (FC%=27.2, XRMEM%=68.9, OLTP_hit=87.2%, Scan_hit=81.4%, read_skips=142840.0)
[2026-08-12 14:44:46] INFO     | exadata_perf_summary_parser | ✅ Inserted 1 rows into awr_exadata_perf_summary
[2026-08-12 14:44:55] WARNING  | exadata_perf_summary_parser | ⚠️  Exadata Performance Summary section not found
[2026-08-12 14:44:56] INFO     | exadata_perf_summary_parser | ✅ Parsed Exadata Performance Summary (FC%=14.2, XRMEM%=60.5, OLTP_hit=62.4%, Scan_hit=55.8%, read_skips=158400.0)
[2026-08-12 14:44:56] INFO     | exadata_perf_summary_parser | ✅ Inserted 1 rows into awr_exadata_perf_summary
[2026-08-12 14:45:13] WARNING  | exadata_perf_summary_parser | ⚠️  Exadata Performance Summary section not found
[2026-08-12 14:45:18] INFO     | exadata_perf_summary_parser | ✅ Parsed Exadata Performance Summary (FC%=20.8, XRMEM%=68.4, OLTP_hit=84.2%, Scan_hit=76.8%, read_skips=144200.0)
[2026-08-12 14:45:18] INFO     | exadata_perf_summary_parser | ✅ Inserted 1 rows into awr_exadata_perf_summary
[2026-08-12 14:45:35] WARNING  | exadata_perf_summary_parser | ⚠️  Exadata Performance Summary section not found
[2026-08-12 14:45:40] INFO     | exadata_perf_summary_parser | ✅ Parsed Exadata Performance Summary (FC%=23.6, XRMEM%=67.8, OLTP_hit=88.6%, Scan_hit=82.4%, read_skips=145800.0)
[2026-08-12 14:45:40] INFO     | exadata_perf_summary_parser | ✅ Inserted 1 rows into awr_exadata_perf_summary
[2026-08-12 14:45:56] WARNING  | exadata_perf_summary_parser | ⚠️  Exadata Performance Summary section not found
[2026-08-12 14:45:58] WARNING  | exadata_perf_summary_parser | ⚠️  Exadata Performance Summary section not found
[2026-08-12 14:46:06] INFO     | exadata_perf_summary_parser | ✅ Parsed Exadata Performance Summary (FC%=22.4, XRMEM%=67.2, OLTP_hit=82.4%, Scan_hit=76.2%, read_skips=150400.0)
[2026-08-12 14:46:07] INFO     | exadata_perf_summary_parser | ✅ Inserted 1 rows into awr_exadata_perf_summary
[2026-08-12 14:46:23] WARNING  | exadata_perf_summary_parser | ⚠️  Exadata Performance Summary section not found
[2026-08-12 14:46:30] INFO     | exadata_perf_summary_parser | ✅ Parsed Exadata Performance Summary (FC%=28.0, XRMEM%=68.9, OLTP_hit=90.1%, Scan_hit=86.4%, read_skips=142840.0)
[2026-08-12 14:46:30] INFO     | exadata_perf_summary_parser | ✅ Inserted 1 rows into awr_exadata_perf_summary
[2026-08-12 14:46:42] INFO     | exadata_perf_summary_parser | ✅ Parsed Exadata Performance Summary (FC%=22.0, XRMEM%=67.6, OLTP_hit=82.8%, Scan_hit=74.2%, read_skips=148200.0)
[2026-08-12 14:46:42] INFO     | exadata_perf_summary_parser | ✅ Inserted 1 rows into awr_exadata_perf_summary
[2026-08-12 14:46:46] WARNING  | exadata_perf_summary_parser | ⚠️  Exadata Performance Summary section not found
[2026-08-12 14:47:03] INFO     | exadata_perf_summary_parser | ✅ Parsed Exadata Performance Summary (FC%=27.4, XRMEM%=68.9, OLTP_hit=88.2%, Scan_hit=82.8%, read_skips=142840.0)
[2026-08-12 14:47:03] INFO     | exadata_perf_summary_parser | ✅ Inserted 1 rows into awr_exadata_perf_summary
[2026-08-12 14:47:05] WARNING  | exadata_perf_summary_parser | ⚠️  Exadata Performance Summary section not found
[2026-08-12 14:47:13] INFO     | exadata_perf_summary_parser | ✅ Parsed Exadata Performance Summary (FC%=25.4, XRMEM%=68.0, OLTP_hit=84.6%, Scan_hit=78.4%, read_skips=146400.0)
[2026-08-12 14:47:13] INFO     | exadata_perf_summary_parser | ✅ Inserted 1 rows into awr_exadata_perf_summary
[2026-08-12 14:47:31] WARNING  | exadata_perf_summary_parser | ⚠️  Exadata Performance Summary section not found
[2026-08-12 14:47:39] INFO     | exadata_perf_summary_parser | ✅ Parsed Exadata Performance Summary (FC%=27.7, XRMEM%=68.9, OLTP_hit=89.4%, Scan_hit=84.2%, read_skips=142840.0)
[2026-08-12 14:47:39] INFO     | exadata_perf_summary_parser | ✅ Inserted 1 rows into awr_exadata_perf_summary
[2026-08-12 14:47:50] INFO     | exadata_perf_summary_parser | ✅ Parsed Exadata Performance Summary (FC%=12.6, XRMEM%=60.8, OLTP_hit=68.4%, Scan_hit=58.2%, read_skips=168400.0)
[2026-08-12 14:47:51] INFO     | exadata_perf_summary_parser | ✅ Inserted 1 rows into awr_exadata_perf_summary
[2026-08-12 14:47:55] WARNING  | exadata_perf_summary_parser | ⚠️  Exadata Performance Summary section not found
[2026-08-12 14:48:10] WARNING  | exadata_perf_summary_parser | ⚠️  Exadata Performance Summary section not found
[2026-08-12 14:48:18] INFO     | exadata_perf_summary_parser | ✅ Parsed Exadata Performance Summary (FC%=26.8, XRMEM%=68.9, OLTP_hit=86.4%, Scan_hit=78.2%, read_skips=142840.0)
[2026-08-12 14:48:18] INFO     | exadata_perf_summary_parser | ✅ Inserted 1 rows into awr_exadata_perf_summary
[2026-08-12 14:48:25] INFO     | exadata_perf_summary_parser | ✅ Parsed Exadata Performance Summary (FC%=25.5, XRMEM%=68.9, OLTP_hit=82.1%, Scan_hit=74.8%, read_skips=142840.0)
[2026-08-12 14:48:25] INFO     | exadata_perf_summary_parser | ✅ Inserted 1 rows into awr_exadata_perf_summary
[2026-08-12 14:48:35] INFO     | exadata_perf_summary_parser | ✅ Parsed Exadata Performance Summary (FC%=26.3, XRMEM%=68.9, OLTP_hit=85.2%, Scan_hit=79.4%, read_skips=142840.0)
[2026-08-12 14:48:35] INFO     | exadata_perf_summary_parser | ✅ Inserted 1 rows into awr_exadata_perf_summary
[2026-08-12 14:48:44] INFO     | exadata_perf_summary_parser | ✅ Parsed Exadata Performance Summary (FC%=5.8, XRMEM%=58.4, OLTP_hit=44.8%, Scan_hit=38.2%, read_skips=642840.0)
[2026-08-12 14:48:44] INFO     | exadata_perf_summary_parser | ✅ Inserted 1 rows into awr_exadata_perf_summary
[2026-08-12 14:49:02] WARNING  | exadata_perf_summary_parser | ⚠️  Exadata Performance Summary section not found
[2026-08-12 14:49:05] INFO     | exadata_perf_summary_parser | ✅ Parsed Exadata Performance Summary (FC%=23.2, XRMEM%=68.9, OLTP_hit=76.4%, Scan_hit=68.2%, read_skips=142840.0)
[2026-08-12 14:49:06] INFO     | exadata_perf_summary_parser | ✅ Inserted 1 rows into awr_exadata_perf_summary
[2026-08-12 14:51:40] WARNING  | exadata_perf_summary_parser | ⚠️  Exadata Performance Summary section not found
[2026-08-12 14:52:05] WARNING  | exadata_perf_summary_parser | ⚠️  Exadata Performance Summary section not found
[2026-08-12 14:53:51] WARNING  | exadata_perf_summary_parser | ⚠️  Exadata Performance Summary section not found
[2026-08-12 14:55:51] WARNING  | exadata_perf_summary_parser | ⚠️  Exadata Performance Summary section not found
[2026-08-12 14:56:29] WARNING  | exadata_perf_summary_parser | ⚠️  Exadata Performance Summary section not found
[2026-08-12 14:58:39] WARNING  | exadata_perf_summary_parser | ⚠️  Exadata Performance Summary section not found
[2026-08-12 14:59:19] WARNING  | exadata_perf_summary_parser | ⚠️  Exadata Performance Summary section not found
[2026-08-12 15:00:51] WARNING  | exadata_perf_summary_parser | ⚠️  Exadata Performance Summary section not found
[2026-08-12 15:02:18] WARNING  | exadata_perf_summary_parser | ⚠️  Exadata Performance Summary section not found
[2026-08-12 15:02:31] WARNING  | exadata_perf_summary_parser | ⚠️  Exadata Performance Summary section not found
[2026-08-12 15:05:34] WARNING  | exadata_perf_summary_parser | ⚠️  Exadata Performance Summary section not found
[2026-08-12 15:08:08] WARNING  | exadata_perf_summary_parser | ⚠️  Exadata Performance Summary section not found
[2026-08-12 15:10:20] WARNING  | exadata_perf_summary_parser | ⚠️  Exadata Performance Summary section not found
[2026-08-12 15:12:45] WARNING  | exadata_perf_summary_parser | ⚠️  Exadata Performance Summary section not found
[2026-08-12 15:15:05] WARNING  | exadata_perf_summary_parser | ⚠️  Exadata Performance Summary section not found
[2026-08-12 15:17:11] WARNING  | exadata_perf_summary_parser | ⚠️  Exadata Performance Summary section not found
[2026-08-12 15:21:00] WARNING  | exadata_perf_summary_parser | ⚠️  Exadata Performance Summary section not found
[2026-08-12 15:23:06] WARNING  | exadata_perf_summary_parser | ⚠️  Exadata Performance Summary section not found
[2026-08-12 15:25:15] WARNING  | exadata_perf_summary_parser | ⚠️  Exadata Performance Summary section not found
[2026-08-12 15:25:26] WARNING  | exadata_perf_summary_parser | ⚠️  Exadata Performance Summary section not found
[2026-08-12 15:26:41] WARNING  | exadata_perf_summary_parser | ⚠️  Exadata Performance Summary section not found
[2026-08-12 15:27:24] WARNING  | exadata_perf_summary_parser | ⚠️  Exadata Performance Summary section not found
[2026-08-12 15:28:00] WARNING  | exadata_perf_summary_parser | ⚠️  Exadata Performance Summary section not found
[2026-08-12 15:29:19] WARNING  | exadata_perf_summary_parser | ⚠️  Exadata Performance Summary section not found
[2026-08-12 15:29:28] WARNING  | exadata_perf_summary_parser | ⚠️  Exadata Performance Summary section not found
[2026-08-12 15:30:48] WARNING  | exadata_perf_summary_parser | ⚠️  Exadata Performance Summary section not found
[2026-08-12 15:31:36] WARNING  | exadata_perf_summary_parser | ⚠️  Exadata Performance Summary section not found
[2026-08-12 15:32:20] WARNING  | exadata_perf_summary_parser | ⚠️  Exadata Performance Summary section not found
[2026-08-12 15:33:49] WARNING  | exadata_perf_summary_parser | ⚠️  Exadata Performance Summary section not found
[2026-08-12 15:33:51] WARNING  | exadata_perf_summary_parser | ⚠️  Exadata Performance Summary section not found
[2026-08-12 15:35:06] WARNING  | exadata_perf_summary_parser | ⚠️  Exadata Performance Summary section not found
[2026-08-12 15:35:59] WARNING  | exadata_perf_summary_parser | ⚠️  Exadata Performance Summary section not found
[2026-08-12 15:36:23] WARNING  | exadata_perf_summary_parser | ⚠️  Exadata Performance Summary section not found
[2026-08-12 15:37:44] WARNING  | exadata_perf_summary_parser | ⚠️  Exadata Performance Summary section not found
[2026-08-12 15:38:23] WARNING  | exadata_perf_summary_parser | ⚠️  Exadata Performance Summary section not found
[2026-08-12 15:39:18] WARNING  | exadata_perf_summary_parser | ⚠️  Exadata Performance Summary section not found
[2026-08-12 15:40:34] WARNING  | exadata_perf_summary_parser | ⚠️  Exadata Performance Summary section not found
[2026-08-12 15:40:37] WARNING  | exadata_perf_summary_parser | ⚠️  Exadata Performance Summary section not found
[2026-08-12 15:41:54] WARNING  | exadata_perf_summary_parser | ⚠️  Exadata Performance Summary section not found
[2026-08-12 15:42:53] WARNING  | exadata_perf_summary_parser | ⚠️  Exadata Performance Summary section not found
[2026-08-12 15:43:08] WARNING  | exadata_perf_summary_parser | ⚠️  Exadata Performance Summary section not found
[2026-08-12 15:45:16] WARNING  | exadata_perf_summary_parser | ⚠️  Exadata Performance Summary section not found
[2026-08-12 15:47:31] WARNING  | exadata_perf_summary_parser | ⚠️  Exadata Performance Summary section not found
[2026-08-12 15:49:44] WARNING  | exadata_perf_summary_parser | ⚠️  Exadata Performance Summary section not found
[2026-08-12 15:51:55] WARNING  | exadata_perf_summary_parser | ⚠️  Exadata Performance Summary section not found
[2026-08-12 15:54:25] WARNING  | exadata_perf_summary_parser | ⚠️  Exadata Performance Summary section not found
[2026-08-12 15:56:44] WARNING  | exadata_perf_summary_parser | ⚠️  Exadata Performance Summary section not found
[2026-08-12 15:59:07] WARNING  | exadata_perf_summary_parser | ⚠️  Exadata Performance Summary section not found
[2026-08-12 16:01:22] WARNING  | exadata_perf_summary_parser | ⚠️  Exadata Performance Summary section not found
[2026-08-12 16:03:42] WARNING  | exadata_perf_summary_parser | ⚠️  Exadata Performance Summary section not found
[2026-08-12 16:06:01] WARNING  | exadata_perf_summary_parser | ⚠️  Exadata Performance Summary section not found
[2026-08-12 16:08:15] WARNING  | exadata_perf_summary_parser | ⚠️  Exadata Performance Summary section not found
[2026-08-12 16:10:34] WARNING  | exadata_perf_summary_parser | ⚠️  Exadata Performance Summary section not found
[2026-08-12 16:12:52] WARNING  | exadata_perf_summary_parser | ⚠️  Exadata Performance Summary section not found
[2026-08-12 16:15:04] WARNING  | exadata_perf_summary_parser | ⚠️  Exadata Performance Summary section not found
[2026-08-12 16:17:19] WARNING  | exadata_perf_summary_parser | ⚠️  Exadata Performance Summary section not found
[2026-08-12 16:19:30] WARNING  | exadata_perf_summary_parser | ⚠️  Exadata Performance Summary section not found
[2026-08-12 16:21:39] WARNING  | exadata_perf_summary_parser | ⚠️  Exadata Performance Summary section not found
[2026-08-12 16:23:49] WARNING  | exadata_perf_summary_parser | ⚠️  Exadata Performance Summary section not found
[2026-08-12 16:26:02] WARNING  | exadata_perf_summary_parser | ⚠️  Exadata Performance Summary section not found
[2026-08-12 16:28:06] WARNING  | exadata_perf_summary_parser | ⚠️  Exadata Performance Summary section not found
[2026-08-12 16:30:16] WARNING  | exadata_perf_summary_parser | ⚠️  Exadata Performance Summary section not found
[2026-08-12 16:32:22] WARNING  | exadata_perf_summary_parser | ⚠️  Exadata Performance Summary section not found
[2026-08-12 16:34:32] WARNING  | exadata_perf_summary_parser | ⚠️  Exadata Performance Summary section not found
[2026-08-13 10:01:17] WARNING  | exadata_perf_summary_parser | ⚠️  Exadata Performance Summary section not found
[2026-08-13 10:33:40] WARNING  | exadata_perf_summary_parser | ⚠️  Exadata Performance Summary section not found
[2026-08-13 10:34:54] WARNING  | exadata_perf_summary_parser | ⚠️  Exadata Performance Summary section not found
[2026-08-13 11:06:49] WARNING  | exadata_perf_summary_parser | ⚠️  Exadata Performance Summary section not found
[2026-08-13 11:08:05] WARNING  | exadata_perf_summary_parser | ⚠️  Exadata Performance Summary section not found
[2026-08-13 11:09:21] WARNING  | exadata_perf_summary_parser | ⚠️  Exadata Performance Summary section not found
[2026-08-13 11:36:47] WARNING  | exadata_perf_summary_parser | ⚠️  Exadata Performance Summary section not found
[2026-08-13 11:38:03] WARNING  | exadata_perf_summary_parser | ⚠️  Exadata Performance Summary section not found
[2026-08-13 11:39:22] WARNING  | exadata_perf_summary_parser | ⚠️  Exadata Performance Summary section not found
[2026-08-13 11:40:36] WARNING  | exadata_perf_summary_parser | ⚠️  Exadata Performance Summary section not found
[2026-08-13 12:07:09] WARNING  | exadata_perf_summary_parser | ⚠️  Exadata Performance Summary section not found
[2026-08-13 12:08:24] WARNING  | exadata_perf_summary_parser | ⚠️  Exadata Performance Summary section not found
[2026-08-13 12:09:40] WARNING  | exadata_perf_summary_parser | ⚠️  Exadata Performance Summary section not found
[2026-08-13 12:10:54] WARNING  | exadata_perf_summary_parser | ⚠️  Exadata Performance Summary section not found
[2026-08-13 12:12:08] WARNING  | exadata_perf_summary_parser | ⚠️  Exadata Performance Summary section not found
[2026-08-13 12:45:19] WARNING  | exadata_perf_summary_parser | ⚠️  Exadata Performance Summary section not found
[2026-08-13 12:46:34] WARNING  | exadata_perf_summary_parser | ⚠️  Exadata Performance Summary section not found
[2026-08-13 12:47:54] WARNING  | exadata_perf_summary_parser | ⚠️  Exadata Performance Summary section not found
[2026-08-13 12:49:09] WARNING  | exadata_perf_summary_parser | ⚠️  Exadata Performance Summary section not found
[2026-08-13 12:50:24] WARNING  | exadata_perf_summary_parser | ⚠️  Exadata Performance Summary section not found
[2026-08-13 12:51:39] WARNING  | exadata_perf_summary_parser | ⚠️  Exadata Performance Summary section not found
[2026-08-13 13:15:36] WARNING  | exadata_perf_summary_parser | ⚠️  Exadata Performance Summary section not found
[2026-08-13 13:16:49] WARNING  | exadata_perf_summary_parser | ⚠️  Exadata Performance Summary section not found
[2026-08-13 13:18:00] WARNING  | exadata_perf_summary_parser | ⚠️  Exadata Performance Summary section not found
[2026-08-13 13:19:17] WARNING  | exadata_perf_summary_parser | ⚠️  Exadata Performance Summary section not found
[2026-08-13 13:20:33] WARNING  | exadata_perf_summary_parser | ⚠️  Exadata Performance Summary section not found
[2026-08-13 13:21:48] WARNING  | exadata_perf_summary_parser | ⚠️  Exadata Performance Summary section not found
[2026-08-13 13:23:04] WARNING  | exadata_perf_summary_parser | ⚠️  Exadata Performance Summary section not found
[2026-08-13 13:46:00] WARNING  | exadata_perf_summary_parser | ⚠️  Exadata Performance Summary section not found
[2026-08-13 13:47:08] WARNING  | exadata_perf_summary_parser | ⚠️  Exadata Performance Summary section not found
[2026-08-13 13:48:19] WARNING  | exadata_perf_summary_parser | ⚠️  Exadata Performance Summary section not found
[2026-08-13 13:49:25] WARNING  | exadata_perf_summary_parser | ⚠️  Exadata Performance Summary section not found
[2026-08-13 13:50:34] WARNING  | exadata_perf_summary_parser | ⚠️  Exadata Performance Summary section not found
[2026-08-13 13:51:48] WARNING  | exadata_perf_summary_parser | ⚠️  Exadata Performance Summary section not found
[2026-08-13 13:53:05] WARNING  | exadata_perf_summary_parser | ⚠️  Exadata Performance Summary section not found
[2026-08-13 13:54:15] WARNING  | exadata_perf_summary_parser | ⚠️  Exadata Performance Summary section not found
[2026-08-13 14:16:28] WARNING  | exadata_perf_summary_parser | ⚠️  Exadata Performance Summary section not found
[2026-08-13 14:17:35] WARNING  | exadata_perf_summary_parser | ⚠️  Exadata Performance Summary section not found
[2026-08-13 14:18:47] WARNING  | exadata_perf_summary_parser | ⚠️  Exadata Performance Summary section not found
[2026-08-13 14:19:52] WARNING  | exadata_perf_summary_parser | ⚠️  Exadata Performance Summary section not found
[2026-08-13 14:20:59] WARNING  | exadata_perf_summary_parser | ⚠️  Exadata Performance Summary section not found
[2026-08-13 14:22:03] WARNING  | exadata_perf_summary_parser | ⚠️  Exadata Performance Summary section not found
[2026-08-13 14:23:09] WARNING  | exadata_perf_summary_parser | ⚠️  Exadata Performance Summary section not found
[2026-08-13 14:24:15] WARNING  | exadata_perf_summary_parser | ⚠️  Exadata Performance Summary section not found
[2026-08-13 14:25:24] WARNING  | exadata_perf_summary_parser | ⚠️  Exadata Performance Summary section not found
[2026-08-13 14:46:46] WARNING  | exadata_perf_summary_parser | ⚠️  Exadata Performance Summary section not found
[2026-08-13 14:47:57] WARNING  | exadata_perf_summary_parser | ⚠️  Exadata Performance Summary section not found
[2026-08-13 14:49:10] WARNING  | exadata_perf_summary_parser | ⚠️  Exadata Performance Summary section not found
[2026-08-13 14:50:23] WARNING  | exadata_perf_summary_parser | ⚠️  Exadata Performance Summary section not found
[2026-08-13 14:51:39] WARNING  | exadata_perf_summary_parser | ⚠️  Exadata Performance Summary section not found
[2026-08-13 14:52:48] WARNING  | exadata_perf_summary_parser | ⚠️  Exadata Performance Summary section not found
[2026-08-13 14:53:57] WARNING  | exadata_perf_summary_parser | ⚠️  Exadata Performance Summary section not found
[2026-08-13 14:55:03] WARNING  | exadata_perf_summary_parser | ⚠️  Exadata Performance Summary section not found
[2026-08-13 14:56:19] WARNING  | exadata_perf_summary_parser | ⚠️  Exadata Performance Summary section not found
[2026-08-13 14:57:32] WARNING  | exadata_perf_summary_parser | ⚠️  Exadata Performance Summary section not found
[2026-08-13 15:17:53] WARNING  | exadata_perf_summary_parser | ⚠️  Exadata Performance Summary section not found
[2026-08-13 15:19:14] WARNING  | exadata_perf_summary_parser | ⚠️  Exadata Performance Summary section not found
[2026-08-13 15:20:33] WARNING  | exadata_perf_summary_parser | ⚠️  Exadata Performance Summary section not found
[2026-08-13 15:21:51] WARNING  | exadata_perf_summary_parser | ⚠️  Exadata Performance Summary section not found
[2026-08-13 15:23:09] WARNING  | exadata_perf_summary_parser | ⚠️  Exadata Performance Summary section not found
[2026-08-13 15:24:25] WARNING  | exadata_perf_summary_parser | ⚠️  Exadata Performance Summary section not found
[2026-08-13 15:25:44] WARNING  | exadata_perf_summary_parser | ⚠️  Exadata Performance Summary section not found
[2026-08-13 15:27:03] WARNING  | exadata_perf_summary_parser | ⚠️  Exadata Performance Summary section not found
[2026-08-13 15:28:24] WARNING  | exadata_perf_summary_parser | ⚠️  Exadata Performance Summary section not found
[2026-08-13 15:29:43] WARNING  | exadata_perf_summary_parser | ⚠️  Exadata Performance Summary section not found
[2026-08-13 15:31:03] WARNING  | exadata_perf_summary_parser | ⚠️  Exadata Performance Summary section not found
[2026-08-13 15:50:02] WARNING  | exadata_perf_summary_parser | ⚠️  Exadata Performance Summary section not found
[2026-08-13 15:51:20] WARNING  | exadata_perf_summary_parser | ⚠️  Exadata Performance Summary section not found
[2026-08-13 15:52:34] WARNING  | exadata_perf_summary_parser | ⚠️  Exadata Performance Summary section not found
[2026-08-13 15:53:49] WARNING  | exadata_perf_summary_parser | ⚠️  Exadata Performance Summary section not found
[2026-08-13 15:55:04] WARNING  | exadata_perf_summary_parser | ⚠️  Exadata Performance Summary section not found
[2026-08-13 15:56:18] WARNING  | exadata_perf_summary_parser | ⚠️  Exadata Performance Summary section not found
[2026-08-13 15:57:34] WARNING  | exadata_perf_summary_parser | ⚠️  Exadata Performance Summary section not found
[2026-08-13 15:58:52] WARNING  | exadata_perf_summary_parser | ⚠️  Exadata Performance Summary section not found
[2026-08-13 16:00:08] WARNING  | exadata_perf_summary_parser | ⚠️  Exadata Performance Summary section not found
[2026-08-13 16:01:22] WARNING  | exadata_perf_summary_parser | ⚠️  Exadata Performance Summary section not found
[2026-08-13 16:02:32] WARNING  | exadata_perf_summary_parser | ⚠️  Exadata Performance Summary section not found
[2026-08-13 16:03:47] WARNING  | exadata_perf_summary_parser | ⚠️  Exadata Performance Summary section not found
[2026-08-13 16:23:38] WARNING  | exadata_perf_summary_parser | ⚠️  Exadata Performance Summary section not found
[2026-08-13 16:24:54] WARNING  | exadata_perf_summary_parser | ⚠️  Exadata Performance Summary section not found
[2026-08-13 16:26:11] WARNING  | exadata_perf_summary_parser | ⚠️  Exadata Performance Summary section not found
[2026-08-13 16:27:27] WARNING  | exadata_perf_summary_parser | ⚠️  Exadata Performance Summary section not found
[2026-08-13 16:28:40] WARNING  | exadata_perf_summary_parser | ⚠️  Exadata Performance Summary section not found
[2026-08-13 16:34:02] WARNING  | exadata_perf_summary_parser | ⚠️  Exadata Performance Summary section not found
[2026-08-13 16:35:17] WARNING  | exadata_perf_summary_parser | ⚠️  Exadata Performance Summary section not found
[2026-08-13 16:36:32] WARNING  | exadata_perf_summary_parser | ⚠️  Exadata Performance Summary section not found
[2026-08-13 16:37:52] WARNING  | exadata_perf_summary_parser | ⚠️  Exadata Performance Summary section not found
[2026-08-13 16:39:08] WARNING  | exadata_perf_summary_parser | ⚠️  Exadata Performance Summary section not found
[2026-08-13 16:40:23] WARNING  | exadata_perf_summary_parser | ⚠️  Exadata Performance Summary section not found
[2026-08-13 16:41:38] WARNING  | exadata_perf_summary_parser | ⚠️  Exadata Performance Summary section not found
[2026-08-13 16:42:54] WARNING  | exadata_perf_summary_parser | ⚠️  Exadata Performance Summary section not found
[2026-08-13 16:54:39] WARNING  | exadata_perf_summary_parser | ⚠️  Exadata Performance Summary section not found
[2026-08-13 16:55:49] WARNING  | exadata_perf_summary_parser | ⚠️  Exadata Performance Summary section not found
[2026-08-13 16:57:04] WARNING  | exadata_perf_summary_parser | ⚠️  Exadata Performance Summary section not found
[2026-08-13 16:58:20] WARNING  | exadata_perf_summary_parser | ⚠️  Exadata Performance Summary section not found
[2026-08-13 17:29:05] WARNING  | exadata_perf_summary_parser | ⚠️  Exadata Performance Summary section not found
[2026-08-13 17:30:09] WARNING  | exadata_perf_summary_parser | ⚠️  Exadata Performance Summary section not found
[2026-08-13 17:31:28] WARNING  | exadata_perf_summary_parser | ⚠️  Exadata Performance Summary section not found
[2026-08-13 17:32:42] WARNING  | exadata_perf_summary_parser | ⚠️  Exadata Performance Summary section not found
[2026-08-14 12:01:41] INFO     | exadata_perf_summary_parser | ✅ Parsed Exadata Performance Summary (FC%=None, XRMEM%=None, OLTP_hit=None%, Scan_hit=None%, read_skips=None)
[2026-08-14 12:01:41] ERROR    | exadata_perf_summary_parser | ❌ Failed inserting Exadata Performance Summary: null value in column "dbname" violates not-null constraint
DETAIL:  Failing row contains (127, null, null, null, null, null, null, null, null, null, null, null, null, null, a5551c5ef39a89257caf045a3318a0ff, 2026-08-14 12:01:41.624998).
Traceback (most recent call last):
  File "C:\AWR_Insight_Portal_v2\modules\awr\exadata_perf_summary_parser.py", line 253, in insert_perf_summary
    cur.execute(sql, (
    ~~~~~~~~~~~^^^^^^^
        r["dbname"], r["instance"], r["begin_snap"], r["snap_time"],
        ^^^^^^^^^^^^^^^^^^^^^^^^^^^^^^^^^^^^^^^^^^^^^^^^^^^^^^^^^^^^
    ...<3 lines>...
        r["scrub_io_mbps"], r["fc_read_miss_count"], r["row_hash"],
        ^^^^^^^^^^^^^^^^^^^^^^^^^^^^^^^^^^^^^^^^^^^^^^^^^^^^^^^^^^^
    ))
    ^^
psycopg2.errors.NotNullViolation: null value in column "dbname" violates not-null constraint
DETAIL:  Failing row contains (127, null, null, null, null, null, null, null, null, null, null, null, null, null, a5551c5ef39a89257caf045a3318a0ff, 2026-08-14 12:01:41.624998).

[2026-08-14 12:01:48] INFO     | exadata_perf_summary_parser | ✅ Parsed Exadata Performance Summary (FC%=None, XRMEM%=None, OLTP_hit=None%, Scan_hit=None%, read_skips=None)
[2026-08-14 12:01:48] ERROR    | exadata_perf_summary_parser | ❌ Failed inserting Exadata Performance Summary: null value in column "dbname" violates not-null constraint
DETAIL:  Failing row contains (128, null, null, null, null, null, null, null, null, null, null, null, null, null, a5551c5ef39a89257caf045a3318a0ff, 2026-08-14 12:01:48.127782).
Traceback (most recent call last):
  File "C:\AWR_Insight_Portal_v2\modules\awr\exadata_perf_summary_parser.py", line 253, in insert_perf_summary
    cur.execute(sql, (
    ~~~~~~~~~~~^^^^^^^
        r["dbname"], r["instance"], r["begin_snap"], r["snap_time"],
        ^^^^^^^^^^^^^^^^^^^^^^^^^^^^^^^^^^^^^^^^^^^^^^^^^^^^^^^^^^^^
    ...<3 lines>...
        r["scrub_io_mbps"], r["fc_read_miss_count"], r["row_hash"],
        ^^^^^^^^^^^^^^^^^^^^^^^^^^^^^^^^^^^^^^^^^^^^^^^^^^^^^^^^^^^
    ))
    ^^
psycopg2.errors.NotNullViolation: null value in column "dbname" violates not-null constraint
DETAIL:  Failing row contains (128, null, null, null, null, null, null, null, null, null, null, null, null, null, a5551c5ef39a89257caf045a3318a0ff, 2026-08-14 12:01:48.127782).

[2026-08-14 12:01:53] INFO     | exadata_perf_summary_parser | ✅ Parsed Exadata Performance Summary (FC%=None, XRMEM%=None, OLTP_hit=None%, Scan_hit=None%, read_skips=None)
[2026-08-14 12:01:53] ERROR    | exadata_perf_summary_parser | ❌ Failed inserting Exadata Performance Summary: null value in column "dbname" violates not-null constraint
DETAIL:  Failing row contains (129, null, null, null, null, null, null, null, null, null, null, null, null, null, a5551c5ef39a89257caf045a3318a0ff, 2026-08-14 12:01:53.592235).
Traceback (most recent call last):
  File "C:\AWR_Insight_Portal_v2\modules\awr\exadata_perf_summary_parser.py", line 253, in insert_perf_summary
    cur.execute(sql, (
    ~~~~~~~~~~~^^^^^^^
        r["dbname"], r["instance"], r["begin_snap"], r["snap_time"],
        ^^^^^^^^^^^^^^^^^^^^^^^^^^^^^^^^^^^^^^^^^^^^^^^^^^^^^^^^^^^^
    ...<3 lines>...
        r["scrub_io_mbps"], r["fc_read_miss_count"], r["row_hash"],
        ^^^^^^^^^^^^^^^^^^^^^^^^^^^^^^^^^^^^^^^^^^^^^^^^^^^^^^^^^^^
    ))
    ^^
psycopg2.errors.NotNullViolation: null value in column "dbname" violates not-null constraint
DETAIL:  Failing row contains (129, null, null, null, null, null, null, null, null, null, null, null, null, null, a5551c5ef39a89257caf045a3318a0ff, 2026-08-14 12:01:53.592235).

[2026-08-14 12:01:59] INFO     | exadata_perf_summary_parser | ✅ Parsed Exadata Performance Summary (FC%=None, XRMEM%=None, OLTP_hit=None%, Scan_hit=None%, read_skips=None)
[2026-08-14 12:01:59] ERROR    | exadata_perf_summary_parser | ❌ Failed inserting Exadata Performance Summary: null value in column "dbname" violates not-null constraint
DETAIL:  Failing row contains (130, null, null, null, null, null, null, null, null, null, null, null, null, null, a5551c5ef39a89257caf045a3318a0ff, 2026-08-14 12:01:59.267636).
Traceback (most recent call last):
  File "C:\AWR_Insight_Portal_v2\modules\awr\exadata_perf_summary_parser.py", line 253, in insert_perf_summary
    cur.execute(sql, (
    ~~~~~~~~~~~^^^^^^^
        r["dbname"], r["instance"], r["begin_snap"], r["snap_time"],
        ^^^^^^^^^^^^^^^^^^^^^^^^^^^^^^^^^^^^^^^^^^^^^^^^^^^^^^^^^^^^
    ...<3 lines>...
        r["scrub_io_mbps"], r["fc_read_miss_count"], r["row_hash"],
        ^^^^^^^^^^^^^^^^^^^^^^^^^^^^^^^^^^^^^^^^^^^^^^^^^^^^^^^^^^^
    ))
    ^^
psycopg2.errors.NotNullViolation: null value in column "dbname" violates not-null constraint
DETAIL:  Failing row contains (130, null, null, null, null, null, null, null, null, null, null, null, null, null, a5551c5ef39a89257caf045a3318a0ff, 2026-08-14 12:01:59.267636).

[2026-08-14 12:02:04] INFO     | exadata_perf_summary_parser | ✅ Parsed Exadata Performance Summary (FC%=None, XRMEM%=None, OLTP_hit=None%, Scan_hit=None%, read_skips=None)
[2026-08-14 12:02:04] ERROR    | exadata_perf_summary_parser | ❌ Failed inserting Exadata Performance Summary: null value in column "dbname" violates not-null constraint
DETAIL:  Failing row contains (131, null, null, null, null, null, null, null, null, null, null, null, null, null, a5551c5ef39a89257caf045a3318a0ff, 2026-08-14 12:02:04.694916).
Traceback (most recent call last):
  File "C:\AWR_Insight_Portal_v2\modules\awr\exadata_perf_summary_parser.py", line 253, in insert_perf_summary
    cur.execute(sql, (
    ~~~~~~~~~~~^^^^^^^
        r["dbname"], r["instance"], r["begin_snap"], r["snap_time"],
        ^^^^^^^^^^^^^^^^^^^^^^^^^^^^^^^^^^^^^^^^^^^^^^^^^^^^^^^^^^^^
    ...<3 lines>...
        r["scrub_io_mbps"], r["fc_read_miss_count"], r["row_hash"],
        ^^^^^^^^^^^^^^^^^^^^^^^^^^^^^^^^^^^^^^^^^^^^^^^^^^^^^^^^^^^
    ))
    ^^
psycopg2.errors.NotNullViolation: null value in column "dbname" violates not-null constraint
DETAIL:  Failing row contains (131, null, null, null, null, null, null, null, null, null, null, null, null, null, a5551c5ef39a89257caf045a3318a0ff, 2026-08-14 12:02:04.694916).

[2026-08-14 12:02:10] INFO     | exadata_perf_summary_parser | ✅ Parsed Exadata Performance Summary (FC%=None, XRMEM%=None, OLTP_hit=None%, Scan_hit=None%, read_skips=None)
[2026-08-14 12:02:10] ERROR    | exadata_perf_summary_parser | ❌ Failed inserting Exadata Performance Summary: null value in column "dbname" violates not-null constraint
DETAIL:  Failing row contains (132, null, null, null, null, null, null, null, null, null, null, null, null, null, a5551c5ef39a89257caf045a3318a0ff, 2026-08-14 12:02:10.692658).
Traceback (most recent call last):
  File "C:\AWR_Insight_Portal_v2\modules\awr\exadata_perf_summary_parser.py", line 253, in insert_perf_summary
    cur.execute(sql, (
    ~~~~~~~~~~~^^^^^^^
        r["dbname"], r["instance"], r["begin_snap"], r["snap_time"],
        ^^^^^^^^^^^^^^^^^^^^^^^^^^^^^^^^^^^^^^^^^^^^^^^^^^^^^^^^^^^^
    ...<3 lines>...
        r["scrub_io_mbps"], r["fc_read_miss_count"], r["row_hash"],
        ^^^^^^^^^^^^^^^^^^^^^^^^^^^^^^^^^^^^^^^^^^^^^^^^^^^^^^^^^^^
    ))
    ^^
psycopg2.errors.NotNullViolation: null value in column "dbname" violates not-null constraint
DETAIL:  Failing row contains (132, null, null, null, null, null, null, null, null, null, null, null, null, null, a5551c5ef39a89257caf045a3318a0ff, 2026-08-14 12:02:10.692658).

[2026-08-14 12:08:56] WARNING  | exadata_perf_summary_parser | ⚠️  Exadata Performance Summary section not found
[2026-08-14 12:10:14] WARNING  | exadata_perf_summary_parser | ⚠️  Exadata Performance Summary section not found
[2026-08-14 12:11:30] WARNING  | exadata_perf_summary_parser | ⚠️  Exadata Performance Summary section not found
[2026-08-17 11:57:38] INFO     | exadata_perf_summary_parser | ✅ Parsed Exadata Performance Summary (FC%=None, XRMEM%=None, OLTP_hit=99.57%, Scan_hit=97.2%, read_skips=0.3)
[2026-08-17 11:57:38] ERROR    | exadata_perf_summary_parser | ❌ Failed inserting Exadata Performance Summary: null value in column "dbname" violates not-null constraint
DETAIL:  Failing row contains (133, null, null, null, null, null, null, 86.7, 99.57, 97.2, 0, 0, 17.5, 1, 19812aa208eac887314ecbbd218351d8, 2026-08-17 11:57:38.838483).
Traceback (most recent call last):
  File "C:\AWR_Insight_Portal_v2\modules\awr\exadata_perf_summary_parser.py", line 253, in insert_perf_summary
    cur.execute(sql, (
    ~~~~~~~~~~~^^^^^^^
        r["dbname"], r["instance"], r["begin_snap"], r["snap_time"],
        ^^^^^^^^^^^^^^^^^^^^^^^^^^^^^^^^^^^^^^^^^^^^^^^^^^^^^^^^^^^^
    ...<3 lines>...
        r["scrub_io_mbps"], r["fc_read_miss_count"], r["row_hash"],
        ^^^^^^^^^^^^^^^^^^^^^^^^^^^^^^^^^^^^^^^^^^^^^^^^^^^^^^^^^^^
    ))
    ^^
psycopg2.errors.NotNullViolation: null value in column "dbname" violates not-null constraint
DETAIL:  Failing row contains (133, null, null, null, null, null, null, 86.7, 99.57, 97.2, 0, 0, 17.5, 1, 19812aa208eac887314ecbbd218351d8, 2026-08-17 11:57:38.838483).

[2026-08-17 11:57:50] INFO     | exadata_perf_summary_parser | ✅ Parsed Exadata Performance Summary (FC%=None, XRMEM%=None, OLTP_hit=97.8%, Scan_hit=99.1%, read_skips=0.1)
[2026-08-17 11:57:50] ERROR    | exadata_perf_summary_parser | ❌ Failed inserting Exadata Performance Summary: null value in column "dbname" violates not-null constraint
DETAIL:  Failing row contains (134, null, null, null, null, null, null, 84.2, 97.8, 99.1, 0, 0, 15.2, 0, c9d333f7f0199d661fd19a4a3cd52d3c, 2026-08-17 11:57:50.490684).
Traceback (most recent call last):
  File "C:\AWR_Insight_Portal_v2\modules\awr\exadata_perf_summary_parser.py", line 253, in insert_perf_summary
    cur.execute(sql, (
    ~~~~~~~~~~~^^^^^^^
        r["dbname"], r["instance"], r["begin_snap"], r["snap_time"],
        ^^^^^^^^^^^^^^^^^^^^^^^^^^^^^^^^^^^^^^^^^^^^^^^^^^^^^^^^^^^^
    ...<3 lines>...
        r["scrub_io_mbps"], r["fc_read_miss_count"], r["row_hash"],
        ^^^^^^^^^^^^^^^^^^^^^^^^^^^^^^^^^^^^^^^^^^^^^^^^^^^^^^^^^^^
    ))
    ^^
psycopg2.errors.NotNullViolation: null value in column "dbname" violates not-null constraint
DETAIL:  Failing row contains (134, null, null, null, null, null, null, 84.2, 97.8, 99.1, 0, 0, 15.2, 0, c9d333f7f0199d661fd19a4a3cd52d3c, 2026-08-17 11:57:50.490684).

[2026-08-17 11:58:01] INFO     | exadata_perf_summary_parser | ✅ Parsed Exadata Performance Summary (FC%=None, XRMEM%=None, OLTP_hit=98.4%, Scan_hit=96.8%, read_skips=0.2)
[2026-08-17 11:58:01] ERROR    | exadata_perf_summary_parser | ❌ Failed inserting Exadata Performance Summary: null value in column "dbname" violates not-null constraint
DETAIL:  Failing row contains (135, null, null, null, null, null, null, 88.1, 98.4, 96.8, 0, 0, 14.8, 2, 6ba81e8e495cedd0bc95f8253c0f6919, 2026-08-17 11:58:01.703378).
Traceback (most recent call last):
  File "C:\AWR_Insight_Portal_v2\modules\awr\exadata_perf_summary_parser.py", line 253, in insert_perf_summary
    cur.execute(sql, (
    ~~~~~~~~~~~^^^^^^^
        r["dbname"], r["instance"], r["begin_snap"], r["snap_time"],
        ^^^^^^^^^^^^^^^^^^^^^^^^^^^^^^^^^^^^^^^^^^^^^^^^^^^^^^^^^^^^
    ...<3 lines>...
        r["scrub_io_mbps"], r["fc_read_miss_count"], r["row_hash"],
        ^^^^^^^^^^^^^^^^^^^^^^^^^^^^^^^^^^^^^^^^^^^^^^^^^^^^^^^^^^^
    ))
    ^^
psycopg2.errors.NotNullViolation: null value in column "dbname" violates not-null constraint
DETAIL:  Failing row contains (135, null, null, null, null, null, null, 88.1, 98.4, 96.8, 0, 0, 14.8, 2, 6ba81e8e495cedd0bc95f8253c0f6919, 2026-08-17 11:58:01.703378).

[2026-08-17 11:58:12] INFO     | exadata_perf_summary_parser | ✅ Parsed Exadata Performance Summary (FC%=None, XRMEM%=None, OLTP_hit=99.9%, Scan_hit=99.8%, read_skips=0.0)
[2026-08-17 11:58:13] ERROR    | exadata_perf_summary_parser | ❌ Failed inserting Exadata Performance Summary: null value in column "dbname" violates not-null constraint
DETAIL:  Failing row contains (136, null, null, null, null, null, null, 95.4, 99.9, 99.8, 0, 0, 2.1, 0, 9d13567051d2b89e5ec99756eb81b2e9, 2026-08-17 11:58:13.114002).
Traceback (most recent call last):
  File "C:\AWR_Insight_Portal_v2\modules\awr\exadata_perf_summary_parser.py", line 253, in insert_perf_summary
    cur.execute(sql, (
    ~~~~~~~~~~~^^^^^^^
        r["dbname"], r["instance"], r["begin_snap"], r["snap_time"],
        ^^^^^^^^^^^^^^^^^^^^^^^^^^^^^^^^^^^^^^^^^^^^^^^^^^^^^^^^^^^^
    ...<3 lines>...
        r["scrub_io_mbps"], r["fc_read_miss_count"], r["row_hash"],
        ^^^^^^^^^^^^^^^^^^^^^^^^^^^^^^^^^^^^^^^^^^^^^^^^^^^^^^^^^^^
    ))
    ^^
psycopg2.errors.NotNullViolation: null value in column "dbname" violates not-null constraint
DETAIL:  Failing row contains (136, null, null, null, null, null, null, 95.4, 99.9, 99.8, 0, 0, 2.1, 0, 9d13567051d2b89e5ec99756eb81b2e9, 2026-08-17 11:58:13.114002).

[2026-08-17 11:58:24] INFO     | exadata_perf_summary_parser | ✅ Parsed Exadata Performance Summary (FC%=None, XRMEM%=None, OLTP_hit=100.0%, Scan_hit=100.1%, read_skips=0.0)
[2026-08-17 11:58:24] ERROR    | exadata_perf_summary_parser | ❌ Failed inserting Exadata Performance Summary: null value in column "dbname" violates not-null constraint
DETAIL:  Failing row contains (137, null, null, null, null, null, null, 86.73, 100.0, 100.1, 0, 0, 17461.0, 0, 9d13567051d2b89e5ec99756eb81b2e9, 2026-08-17 11:58:24.460326).
Traceback (most recent call last):
  File "C:\AWR_Insight_Portal_v2\modules\awr\exadata_perf_summary_parser.py", line 253, in insert_perf_summary
    cur.execute(sql, (
    ~~~~~~~~~~~^^^^^^^
        r["dbname"], r["instance"], r["begin_snap"], r["snap_time"],
        ^^^^^^^^^^^^^^^^^^^^^^^^^^^^^^^^^^^^^^^^^^^^^^^^^^^^^^^^^^^^
    ...<3 lines>...
        r["scrub_io_mbps"], r["fc_read_miss_count"], r["row_hash"],
        ^^^^^^^^^^^^^^^^^^^^^^^^^^^^^^^^^^^^^^^^^^^^^^^^^^^^^^^^^^^
    ))
    ^^
psycopg2.errors.NotNullViolation: null value in column "dbname" violates not-null constraint
DETAIL:  Failing row contains (137, null, null, null, null, null, null, 86.73, 100.0, 100.1, 0, 0, 17461.0, 0, 9d13567051d2b89e5ec99756eb81b2e9, 2026-08-17 11:58:24.460326).

[2026-08-17 11:58:35] INFO     | exadata_perf_summary_parser | ✅ Parsed Exadata Performance Summary (FC%=None, XRMEM%=None, OLTP_hit=74.2%, Scan_hit=68.4%, read_skips=2.4)
[2026-08-17 11:58:35] ERROR    | exadata_perf_summary_parser | ❌ Failed inserting Exadata Performance Summary: null value in column "dbname" violates not-null constraint
DETAIL:  Failing row contains (138, null, null, null, null, null, null, 82.4, 74.2, 68.4, 2, 0, 18.2, 62, c36d6e2b2e19d62a3b07bc00c67f80ab, 2026-08-17 11:58:35.430395).
Traceback (most recent call last):
  File "C:\AWR_Insight_Portal_v2\modules\awr\exadata_perf_summary_parser.py", line 253, in insert_perf_summary
    cur.execute(sql, (
    ~~~~~~~~~~~^^^^^^^
        r["dbname"], r["instance"], r["begin_snap"], r["snap_time"],
        ^^^^^^^^^^^^^^^^^^^^^^^^^^^^^^^^^^^^^^^^^^^^^^^^^^^^^^^^^^^^
    ...<3 lines>...
        r["scrub_io_mbps"], r["fc_read_miss_count"], r["row_hash"],
        ^^^^^^^^^^^^^^^^^^^^^^^^^^^^^^^^^^^^^^^^^^^^^^^^^^^^^^^^^^^
    ))
    ^^
psycopg2.errors.NotNullViolation: null value in column "dbname" violates not-null constraint
DETAIL:  Failing row contains (138, null, null, null, null, null, null, 82.4, 74.2, 68.4, 2, 0, 18.2, 62, c36d6e2b2e19d62a3b07bc00c67f80ab, 2026-08-17 11:58:35.430395).

[2026-08-17 11:58:46] INFO     | exadata_perf_summary_parser | ✅ Parsed Exadata Performance Summary (FC%=None, XRMEM%=None, OLTP_hit=44.8%, Scan_hit=38.2%, read_skips=28.4)
[2026-08-17 11:58:46] ERROR    | exadata_perf_summary_parser | ❌ Failed inserting Exadata Performance Summary: null value in column "dbname" violates not-null constraint
DETAIL:  Failing row contains (139, null, null, null, null, null, null, 58.2, 44.8, 38.2, 28, 4, 2.1, 284, 353be2e82236a91038abceb3f964ca5d, 2026-08-17 11:58:46.759104).
Traceback (most recent call last):
  File "C:\AWR_Insight_Portal_v2\modules\awr\exadata_perf_summary_parser.py", line 253, in insert_perf_summary
    cur.execute(sql, (
    ~~~~~~~~~~~^^^^^^^
        r["dbname"], r["instance"], r["begin_snap"], r["snap_time"],
        ^^^^^^^^^^^^^^^^^^^^^^^^^^^^^^^^^^^^^^^^^^^^^^^^^^^^^^^^^^^^
    ...<3 lines>...
        r["scrub_io_mbps"], r["fc_read_miss_count"], r["row_hash"],
        ^^^^^^^^^^^^^^^^^^^^^^^^^^^^^^^^^^^^^^^^^^^^^^^^^^^^^^^^^^^
    ))
    ^^
psycopg2.errors.NotNullViolation: null value in column "dbname" violates not-null constraint
DETAIL:  Failing row contains (139, null, null, null, null, null, null, 58.2, 44.8, 38.2, 28, 4, 2.1, 284, 353be2e82236a91038abceb3f964ca5d, 2026-08-17 11:58:46.759104).

[2026-08-17 11:58:58] INFO     | exadata_perf_summary_parser | ✅ Parsed Exadata Performance Summary (FC%=None, XRMEM%=None, OLTP_hit=92.4%, Scan_hit=28.4%, read_skips=0.4)
[2026-08-17 11:58:58] ERROR    | exadata_perf_summary_parser | ❌ Failed inserting Exadata Performance Summary: null value in column "dbname" violates not-null constraint
DETAIL:  Failing row contains (140, null, null, null, null, null, null, 84.2, 92.4, 28.4, 0, 0, 16.8, 8, 1bca7e114fe7d4371ae390e58f9e0f33, 2026-08-17 11:58:58.678622).
Traceback (most recent call last):
  File "C:\AWR_Insight_Portal_v2\modules\awr\exadata_perf_summary_parser.py", line 253, in insert_perf_summary
    cur.execute(sql, (
    ~~~~~~~~~~~^^^^^^^
        r["dbname"], r["instance"], r["begin_snap"], r["snap_time"],
        ^^^^^^^^^^^^^^^^^^^^^^^^^^^^^^^^^^^^^^^^^^^^^^^^^^^^^^^^^^^^
    ...<3 lines>...
        r["scrub_io_mbps"], r["fc_read_miss_count"], r["row_hash"],
        ^^^^^^^^^^^^^^^^^^^^^^^^^^^^^^^^^^^^^^^^^^^^^^^^^^^^^^^^^^^
    ))
    ^^
psycopg2.errors.NotNullViolation: null value in column "dbname" violates not-null constraint
DETAIL:  Failing row contains (140, null, null, null, null, null, null, 84.2, 92.4, 28.4, 0, 0, 16.8, 8, 1bca7e114fe7d4371ae390e58f9e0f33, 2026-08-17 11:58:58.678622).

[2026-08-17 11:59:10] INFO     | exadata_perf_summary_parser | ✅ Parsed Exadata Performance Summary (FC%=None, XRMEM%=None, OLTP_hit=62.4%, Scan_hit=88.4%, read_skips=8.4)
[2026-08-17 11:59:10] ERROR    | exadata_perf_summary_parser | ❌ Failed inserting Exadata Performance Summary: null value in column "dbname" violates not-null constraint
DETAIL:  Failing row contains (141, null, null, null, null, null, null, 84.2, 62.4, 88.4, 8, 2, 14.8, 82, b40759e8e6a0c51c92d34cfa25dce3c3, 2026-08-17 11:59:10.677462).
Traceback (most recent call last):
  File "C:\AWR_Insight_Portal_v2\modules\awr\exadata_perf_summary_parser.py", line 253, in insert_perf_summary
    cur.execute(sql, (
    ~~~~~~~~~~~^^^^^^^
        r["dbname"], r["instance"], r["begin_snap"], r["snap_time"],
        ^^^^^^^^^^^^^^^^^^^^^^^^^^^^^^^^^^^^^^^^^^^^^^^^^^^^^^^^^^^^
    ...<3 lines>...
        r["scrub_io_mbps"], r["fc_read_miss_count"], r["row_hash"],
        ^^^^^^^^^^^^^^^^^^^^^^^^^^^^^^^^^^^^^^^^^^^^^^^^^^^^^^^^^^^
    ))
    ^^
psycopg2.errors.NotNullViolation: null value in column "dbname" violates not-null constraint
DETAIL:  Failing row contains (141, null, null, null, null, null, null, 84.2, 62.4, 88.4, 8, 2, 14.8, 82, b40759e8e6a0c51c92d34cfa25dce3c3, 2026-08-17 11:59:10.677462).

[2026-08-17 11:59:22] INFO     | exadata_perf_summary_parser | ✅ Parsed Exadata Performance Summary (FC%=None, XRMEM%=None, OLTP_hit=94.8%, Scan_hit=92.4%, read_skips=0.8)
[2026-08-17 11:59:22] ERROR    | exadata_perf_summary_parser | ❌ Failed inserting Exadata Performance Summary: null value in column "dbname" violates not-null constraint
DETAIL:  Failing row contains (142, null, null, null, null, null, null, 86.4, 94.8, 92.4, 0, 0, 16.4, 4, 9f14cecc84cabeb8ab8ee2966d3fe480, 2026-08-17 11:59:22.532434).
Traceback (most recent call last):
  File "C:\AWR_Insight_Portal_v2\modules\awr\exadata_perf_summary_parser.py", line 253, in insert_perf_summary
    cur.execute(sql, (
    ~~~~~~~~~~~^^^^^^^
        r["dbname"], r["instance"], r["begin_snap"], r["snap_time"],
        ^^^^^^^^^^^^^^^^^^^^^^^^^^^^^^^^^^^^^^^^^^^^^^^^^^^^^^^^^^^^
    ...<3 lines>...
        r["scrub_io_mbps"], r["fc_read_miss_count"], r["row_hash"],
        ^^^^^^^^^^^^^^^^^^^^^^^^^^^^^^^^^^^^^^^^^^^^^^^^^^^^^^^^^^^
    ))
    ^^
psycopg2.errors.NotNullViolation: null value in column "dbname" violates not-null constraint
DETAIL:  Failing row contains (142, null, null, null, null, null, null, 86.4, 94.8, 92.4, 0, 0, 16.4, 4, 9f14cecc84cabeb8ab8ee2966d3fe480, 2026-08-17 11:59:22.532434).

[2026-08-17 11:59:33] INFO     | exadata_perf_summary_parser | ✅ Parsed Exadata Performance Summary (FC%=None, XRMEM%=None, OLTP_hit=88.4%, Scan_hit=84.2%, read_skips=1.8)
[2026-08-17 11:59:33] ERROR    | exadata_perf_summary_parser | ❌ Failed inserting Exadata Performance Summary: null value in column "dbname" violates not-null constraint
DETAIL:  Failing row contains (143, null, null, null, null, null, null, 82.4, 88.4, 84.2, 1, 0, 16.8, 8, f8f624b8b64a24bdced99decf473cc3f, 2026-08-17 11:59:33.926676).
Traceback (most recent call last):
  File "C:\AWR_Insight_Portal_v2\modules\awr\exadata_perf_summary_parser.py", line 253, in insert_perf_summary
    cur.execute(sql, (
    ~~~~~~~~~~~^^^^^^^
        r["dbname"], r["instance"], r["begin_snap"], r["snap_time"],
        ^^^^^^^^^^^^^^^^^^^^^^^^^^^^^^^^^^^^^^^^^^^^^^^^^^^^^^^^^^^^
    ...<3 lines>...
        r["scrub_io_mbps"], r["fc_read_miss_count"], r["row_hash"],
        ^^^^^^^^^^^^^^^^^^^^^^^^^^^^^^^^^^^^^^^^^^^^^^^^^^^^^^^^^^^
    ))
    ^^
psycopg2.errors.NotNullViolation: null value in column "dbname" violates not-null constraint
DETAIL:  Failing row contains (143, null, null, null, null, null, null, 82.4, 88.4, 84.2, 1, 0, 16.8, 8, f8f624b8b64a24bdced99decf473cc3f, 2026-08-17 11:59:33.926676).

[2026-08-17 11:59:44] INFO     | exadata_perf_summary_parser | ✅ Parsed Exadata Performance Summary (FC%=None, XRMEM%=None, OLTP_hit=97.4%, Scan_hit=95.4%, read_skips=0.4)
[2026-08-17 11:59:45] ERROR    | exadata_perf_summary_parser | ❌ Failed inserting Exadata Performance Summary: null value in column "dbname" violates not-null constraint
DETAIL:  Failing row contains (144, null, null, null, null, null, null, 86.4, 97.4, 95.4, 0, 0, 18.2, 4, 1bca7e114fe7d4371ae390e58f9e0f33, 2026-08-17 11:59:45.073361).
Traceback (most recent call last):
  File "C:\AWR_Insight_Portal_v2\modules\awr\exadata_perf_summary_parser.py", line 253, in insert_perf_summary
    cur.execute(sql, (
    ~~~~~~~~~~~^^^^^^^
        r["dbname"], r["instance"], r["begin_snap"], r["snap_time"],
        ^^^^^^^^^^^^^^^^^^^^^^^^^^^^^^^^^^^^^^^^^^^^^^^^^^^^^^^^^^^^
    ...<3 lines>...
        r["scrub_io_mbps"], r["fc_read_miss_count"], r["row_hash"],
        ^^^^^^^^^^^^^^^^^^^^^^^^^^^^^^^^^^^^^^^^^^^^^^^^^^^^^^^^^^^
    ))
    ^^
psycopg2.errors.NotNullViolation: null value in column "dbname" violates not-null constraint
DETAIL:  Failing row contains (144, null, null, null, null, null, null, 86.4, 97.4, 95.4, 0, 0, 18.2, 4, 1bca7e114fe7d4371ae390e58f9e0f33, 2026-08-17 11:59:45.073361).

[2026-08-17 11:59:56] INFO     | exadata_perf_summary_parser | ✅ Parsed Exadata Performance Summary (FC%=None, XRMEM%=None, OLTP_hit=96.4%, Scan_hit=94.2%, read_skips=0.8)
[2026-08-17 11:59:56] ERROR    | exadata_perf_summary_parser | ❌ Failed inserting Exadata Performance Summary: null value in column "dbname" violates not-null constraint
DETAIL:  Failing row contains (145, null, null, null, null, null, null, 84.4, 96.4, 94.2, 0, 0, 18.2, 6, 9f14cecc84cabeb8ab8ee2966d3fe480, 2026-08-17 11:59:56.167127).
Traceback (most recent call last):
  File "C:\AWR_Insight_Portal_v2\modules\awr\exadata_perf_summary_parser.py", line 253, in insert_perf_summary
    cur.execute(sql, (
    ~~~~~~~~~~~^^^^^^^
        r["dbname"], r["instance"], r["begin_snap"], r["snap_time"],
        ^^^^^^^^^^^^^^^^^^^^^^^^^^^^^^^^^^^^^^^^^^^^^^^^^^^^^^^^^^^^
    ...<3 lines>...
        r["scrub_io_mbps"], r["fc_read_miss_count"], r["row_hash"],
        ^^^^^^^^^^^^^^^^^^^^^^^^^^^^^^^^^^^^^^^^^^^^^^^^^^^^^^^^^^^
    ))
    ^^
psycopg2.errors.NotNullViolation: null value in column "dbname" violates not-null constraint
DETAIL:  Failing row contains (145, null, null, null, null, null, null, 84.4, 96.4, 94.2, 0, 0, 18.2, 6, 9f14cecc84cabeb8ab8ee2966d3fe480, 2026-08-17 11:59:56.167127).

[2026-08-17 12:00:07] INFO     | exadata_perf_summary_parser | ✅ Parsed Exadata Performance Summary (FC%=None, XRMEM%=None, OLTP_hit=94.2%, Scan_hit=92.4%, read_skips=0.8)
[2026-08-17 12:00:07] ERROR    | exadata_perf_summary_parser | ❌ Failed inserting Exadata Performance Summary: null value in column "dbname" violates not-null constraint
DETAIL:  Failing row contains (146, null, null, null, null, null, null, 84.2, 94.2, 92.4, 0, 0, 82461.0, 8, 9f14cecc84cabeb8ab8ee2966d3fe480, 2026-08-17 12:00:07.530683).
Traceback (most recent call last):
  File "C:\AWR_Insight_Portal_v2\modules\awr\exadata_perf_summary_parser.py", line 253, in insert_perf_summary
    cur.execute(sql, (
    ~~~~~~~~~~~^^^^^^^
        r["dbname"], r["instance"], r["begin_snap"], r["snap_time"],
        ^^^^^^^^^^^^^^^^^^^^^^^^^^^^^^^^^^^^^^^^^^^^^^^^^^^^^^^^^^^^
    ...<3 lines>...
        r["scrub_io_mbps"], r["fc_read_miss_count"], r["row_hash"],
        ^^^^^^^^^^^^^^^^^^^^^^^^^^^^^^^^^^^^^^^^^^^^^^^^^^^^^^^^^^^
    ))
    ^^
psycopg2.errors.NotNullViolation: null value in column "dbname" violates not-null constraint
DETAIL:  Failing row contains (146, null, null, null, null, null, null, 84.2, 94.2, 92.4, 0, 0, 82461.0, 8, 9f14cecc84cabeb8ab8ee2966d3fe480, 2026-08-17 12:00:07.530683).

[2026-08-17 12:00:19] INFO     | exadata_perf_summary_parser | ✅ Parsed Exadata Performance Summary (FC%=None, XRMEM%=None, OLTP_hit=86.4%, Scan_hit=84.2%, read_skips=2.4)
[2026-08-17 12:00:19] ERROR    | exadata_perf_summary_parser | ❌ Failed inserting Exadata Performance Summary: null value in column "dbname" violates not-null constraint
DETAIL:  Failing row contains (147, null, null, null, null, null, null, 82.4, 86.4, 84.2, 2, 1, 16.8, 14, c36d6e2b2e19d62a3b07bc00c67f80ab, 2026-08-17 12:00:19.802256).
Traceback (most recent call last):
  File "C:\AWR_Insight_Portal_v2\modules\awr\exadata_perf_summary_parser.py", line 253, in insert_perf_summary
    cur.execute(sql, (
    ~~~~~~~~~~~^^^^^^^
        r["dbname"], r["instance"], r["begin_snap"], r["snap_time"],
        ^^^^^^^^^^^^^^^^^^^^^^^^^^^^^^^^^^^^^^^^^^^^^^^^^^^^^^^^^^^^
    ...<3 lines>...
        r["scrub_io_mbps"], r["fc_read_miss_count"], r["row_hash"],
        ^^^^^^^^^^^^^^^^^^^^^^^^^^^^^^^^^^^^^^^^^^^^^^^^^^^^^^^^^^^
    ))
    ^^
psycopg2.errors.NotNullViolation: null value in column "dbname" violates not-null constraint
DETAIL:  Failing row contains (147, null, null, null, null, null, null, 82.4, 86.4, 84.2, 2, 1, 16.8, 14, c36d6e2b2e19d62a3b07bc00c67f80ab, 2026-08-17 12:00:19.802256).

[2026-08-17 12:00:31] INFO     | exadata_perf_summary_parser | ✅ Parsed Exadata Performance Summary (FC%=None, XRMEM%=None, OLTP_hit=91.4%, Scan_hit=90.2%, read_skips=1.8)
[2026-08-17 12:00:31] ERROR    | exadata_perf_summary_parser | ❌ Failed inserting Exadata Performance Summary: null value in column "dbname" violates not-null constraint
DETAIL:  Failing row contains (148, null, null, null, null, null, null, 84.4, 91.4, 90.2, 1, 0, 16.8, 12, f8f624b8b64a24bdced99decf473cc3f, 2026-08-17 12:00:31.939757).
Traceback (most recent call last):
  File "C:\AWR_Insight_Portal_v2\modules\awr\exadata_perf_summary_parser.py", line 253, in insert_perf_summary
    cur.execute(sql, (
    ~~~~~~~~~~~^^^^^^^
        r["dbname"], r["instance"], r["begin_snap"], r["snap_time"],
        ^^^^^^^^^^^^^^^^^^^^^^^^^^^^^^^^^^^^^^^^^^^^^^^^^^^^^^^^^^^^
    ...<3 lines>...
        r["scrub_io_mbps"], r["fc_read_miss_count"], r["row_hash"],
        ^^^^^^^^^^^^^^^^^^^^^^^^^^^^^^^^^^^^^^^^^^^^^^^^^^^^^^^^^^^
    ))
    ^^
psycopg2.errors.NotNullViolation: null value in column "dbname" violates not-null constraint
DETAIL:  Failing row contains (148, null, null, null, null, null, null, 84.4, 91.4, 90.2, 1, 0, 16.8, 12, f8f624b8b64a24bdced99decf473cc3f, 2026-08-17 12:00:31.939757).

[2026-08-17 12:00:44] INFO     | exadata_perf_summary_parser | ✅ Parsed Exadata Performance Summary (FC%=None, XRMEM%=None, OLTP_hit=88.4%, Scan_hit=86.4%, read_skips=4.4)
[2026-08-17 12:00:44] ERROR    | exadata_perf_summary_parser | ❌ Failed inserting Exadata Performance Summary: null value in column "dbname" violates not-null constraint
DETAIL:  Failing row contains (149, null, null, null, null, null, null, 82.4, 88.4, 86.4, 4, 2, 16.8, 24, 9a983f14bb6789e8c6e78b8635d22562, 2026-08-17 12:00:44.33295).
Traceback (most recent call last):
  File "C:\AWR_Insight_Portal_v2\modules\awr\exadata_perf_summary_parser.py", line 253, in insert_perf_summary
    cur.execute(sql, (
    ~~~~~~~~~~~^^^^^^^
        r["dbname"], r["instance"], r["begin_snap"], r["snap_time"],
        ^^^^^^^^^^^^^^^^^^^^^^^^^^^^^^^^^^^^^^^^^^^^^^^^^^^^^^^^^^^^
    ...<3 lines>...
        r["scrub_io_mbps"], r["fc_read_miss_count"], r["row_hash"],
        ^^^^^^^^^^^^^^^^^^^^^^^^^^^^^^^^^^^^^^^^^^^^^^^^^^^^^^^^^^^
    ))
    ^^
psycopg2.errors.NotNullViolation: null value in column "dbname" violates not-null constraint
DETAIL:  Failing row contains (149, null, null, null, null, null, null, 82.4, 88.4, 86.4, 4, 2, 16.8, 24, 9a983f14bb6789e8c6e78b8635d22562, 2026-08-17 12:00:44.33295).

[2026-08-17 12:00:55] INFO     | exadata_perf_summary_parser | ✅ Parsed Exadata Performance Summary (FC%=None, XRMEM%=None, OLTP_hit=97.8%, Scan_hit=58.2%, read_skips=8.4)
[2026-08-17 12:00:56] ERROR    | exadata_perf_summary_parser | ❌ Failed inserting Exadata Performance Summary: null value in column "dbname" violates not-null constraint
DETAIL:  Failing row contains (150, null, null, null, null, null, null, 84.2, 97.8, 58.2, 8, 2, 16.8, 28, b40759e8e6a0c51c92d34cfa25dce3c3, 2026-08-17 12:00:56.002915).
Traceback (most recent call last):
  File "C:\AWR_Insight_Portal_v2\modules\awr\exadata_perf_summary_parser.py", line 253, in insert_perf_summary
    cur.execute(sql, (
    ~~~~~~~~~~~^^^^^^^
        r["dbname"], r["instance"], r["begin_snap"], r["snap_time"],
        ^^^^^^^^^^^^^^^^^^^^^^^^^^^^^^^^^^^^^^^^^^^^^^^^^^^^^^^^^^^^
    ...<3 lines>...
        r["scrub_io_mbps"], r["fc_read_miss_count"], r["row_hash"],
        ^^^^^^^^^^^^^^^^^^^^^^^^^^^^^^^^^^^^^^^^^^^^^^^^^^^^^^^^^^^
    ))
    ^^
psycopg2.errors.NotNullViolation: null value in column "dbname" violates not-null constraint
DETAIL:  Failing row contains (150, null, null, null, null, null, null, 84.2, 97.8, 58.2, 8, 2, 16.8, 28, b40759e8e6a0c51c92d34cfa25dce3c3, 2026-08-17 12:00:56.002915).

[2026-08-17 12:01:07] INFO     | exadata_perf_summary_parser | ✅ Parsed Exadata Performance Summary (FC%=None, XRMEM%=None, OLTP_hit=44.8%, Scan_hit=24.2%, read_skips=624.4)
[2026-08-17 12:01:08] ERROR    | exadata_perf_summary_parser | ❌ Failed inserting Exadata Performance Summary: null value in column "dbname" violates not-null constraint
DETAIL:  Failing row contains (151, null, null, null, null, null, null, 44.2, 44.8, 24.2, 624, 214, 2.4, 284, 976735e48c26ec6636992194bbfc8d37, 2026-08-17 12:01:08.005297).
Traceback (most recent call last):
  File "C:\AWR_Insight_Portal_v2\modules\awr\exadata_perf_summary_parser.py", line 253, in insert_perf_summary
    cur.execute(sql, (
    ~~~~~~~~~~~^^^^^^^
        r["dbname"], r["instance"], r["begin_snap"], r["snap_time"],
        ^^^^^^^^^^^^^^^^^^^^^^^^^^^^^^^^^^^^^^^^^^^^^^^^^^^^^^^^^^^^
    ...<3 lines>...
        r["scrub_io_mbps"], r["fc_read_miss_count"], r["row_hash"],
        ^^^^^^^^^^^^^^^^^^^^^^^^^^^^^^^^^^^^^^^^^^^^^^^^^^^^^^^^^^^
    ))
    ^^
psycopg2.errors.NotNullViolation: null value in column "dbname" violates not-null constraint
DETAIL:  Failing row contains (151, null, null, null, null, null, null, 44.2, 44.8, 24.2, 624, 214, 2.4, 284, 976735e48c26ec6636992194bbfc8d37, 2026-08-17 12:01:08.005297).

[2026-08-17 12:01:19] INFO     | exadata_perf_summary_parser | ✅ Parsed Exadata Performance Summary (FC%=None, XRMEM%=None, OLTP_hit=88.4%, Scan_hit=84.4%, read_skips=2.4)
[2026-08-17 12:01:19] ERROR    | exadata_perf_summary_parser | ❌ Failed inserting Exadata Performance Summary: null value in column "dbname" violates not-null constraint
DETAIL:  Failing row contains (152, null, null, null, null, null, null, 84.4, 88.4, 84.4, 2, 0, 18.4, 28, c36d6e2b2e19d62a3b07bc00c67f80ab, 2026-08-17 12:01:19.578531).
Traceback (most recent call last):
  File "C:\AWR_Insight_Portal_v2\modules\awr\exadata_perf_summary_parser.py", line 253, in insert_perf_summary
    cur.execute(sql, (
    ~~~~~~~~~~~^^^^^^^
        r["dbname"], r["instance"], r["begin_snap"], r["snap_time"],
        ^^^^^^^^^^^^^^^^^^^^^^^^^^^^^^^^^^^^^^^^^^^^^^^^^^^^^^^^^^^^
    ...<3 lines>...
        r["scrub_io_mbps"], r["fc_read_miss_count"], r["row_hash"],
        ^^^^^^^^^^^^^^^^^^^^^^^^^^^^^^^^^^^^^^^^^^^^^^^^^^^^^^^^^^^
    ))
    ^^
psycopg2.errors.NotNullViolation: null value in column "dbname" violates not-null constraint
DETAIL:  Failing row contains (152, null, null, null, null, null, null, 84.4, 88.4, 84.4, 2, 0, 18.4, 28, c36d6e2b2e19d62a3b07bc00c67f80ab, 2026-08-17 12:01:19.578531).

[2026-08-17 12:06:25] WARNING  | exadata_perf_summary_parser | ⚠️  Exadata Performance Summary section not found
[2026-08-17 12:07:55] WARNING  | exadata_perf_summary_parser | ⚠️  Exadata Performance Summary section not found
[2026-08-17 12:09:25] WARNING  | exadata_perf_summary_parser | ⚠️  Exadata Performance Summary section not found
[2026-08-17 12:10:59] WARNING  | exadata_perf_summary_parser | ⚠️  Exadata Performance Summary section not found
[2026-08-17 12:37:45] WARNING  | exadata_perf_summary_parser | ⚠️  Exadata Performance Summary section not found
[2026-08-17 12:39:21] WARNING  | exadata_perf_summary_parser | ⚠️  Exadata Performance Summary section not found
[2026-08-17 12:40:52] WARNING  | exadata_perf_summary_parser | ⚠️  Exadata Performance Summary section not found
[2026-08-17 12:42:28] WARNING  | exadata_perf_summary_parser | ⚠️  Exadata Performance Summary section not found
[2026-08-17 12:44:03] WARNING  | exadata_perf_summary_parser | ⚠️  Exadata Performance Summary section not found
[2026-08-17 13:36:04] WARNING  | exadata_perf_summary_parser | ⚠️  Exadata Performance Summary section not found
[2026-08-17 13:37:42] WARNING  | exadata_perf_summary_parser | ⚠️  Exadata Performance Summary section not found
[2026-08-17 13:39:09] WARNING  | exadata_perf_summary_parser | ⚠️  Exadata Performance Summary section not found
[2026-08-17 13:40:48] WARNING  | exadata_perf_summary_parser | ⚠️  Exadata Performance Summary section not found
[2026-08-17 13:42:29] WARNING  | exadata_perf_summary_parser | ⚠️  Exadata Performance Summary section not found
[2026-08-17 14:02:50] WARNING  | exadata_perf_summary_parser | ⚠️  Exadata Performance Summary section not found
[2026-08-17 14:04:29] WARNING  | exadata_perf_summary_parser | ⚠️  Exadata Performance Summary section not found
[2026-08-17 14:06:05] WARNING  | exadata_perf_summary_parser | ⚠️  Exadata Performance Summary section not found
[2026-08-17 14:07:44] WARNING  | exadata_perf_summary_parser | ⚠️  Exadata Performance Summary section not found
[2026-08-17 14:09:19] WARNING  | exadata_perf_summary_parser | ⚠️  Exadata Performance Summary section not found
[2026-08-17 14:10:56] WARNING  | exadata_perf_summary_parser | ⚠️  Exadata Performance Summary section not found
[2026-08-17 14:12:29] WARNING  | exadata_perf_summary_parser | ⚠️  Exadata Performance Summary section not found
[2026-08-17 14:15:03] WARNING  | exadata_perf_summary_parser | ⚠️  Exadata Performance Summary section not found
[2026-08-17 14:16:41] WARNING  | exadata_perf_summary_parser | ⚠️  Exadata Performance Summary section not found
[2026-08-17 14:33:22] WARNING  | exadata_perf_summary_parser | ⚠️  Exadata Performance Summary section not found
[2026-08-17 14:34:55] WARNING  | exadata_perf_summary_parser | ⚠️  Exadata Performance Summary section not found
[2026-08-17 14:36:26] WARNING  | exadata_perf_summary_parser | ⚠️  Exadata Performance Summary section not found
[2026-08-17 14:38:03] WARNING  | exadata_perf_summary_parser | ⚠️  Exadata Performance Summary section not found
[2026-08-17 14:39:35] WARNING  | exadata_perf_summary_parser | ⚠️  Exadata Performance Summary section not found
[2026-08-17 14:41:05] WARNING  | exadata_perf_summary_parser | ⚠️  Exadata Performance Summary section not found
[2026-08-17 14:42:34] WARNING  | exadata_perf_summary_parser | ⚠️  Exadata Performance Summary section not found
[2026-08-17 14:44:06] WARNING  | exadata_perf_summary_parser | ⚠️  Exadata Performance Summary section not found
[2026-08-17 14:45:40] WARNING  | exadata_perf_summary_parser | ⚠️  Exadata Performance Summary section not found
[2026-08-17 15:03:46] WARNING  | exadata_perf_summary_parser | ⚠️  Exadata Performance Summary section not found
[2026-08-17 15:05:20] WARNING  | exadata_perf_summary_parser | ⚠️  Exadata Performance Summary section not found
[2026-08-17 15:06:53] WARNING  | exadata_perf_summary_parser | ⚠️  Exadata Performance Summary section not found
[2026-08-17 15:08:28] WARNING  | exadata_perf_summary_parser | ⚠️  Exadata Performance Summary section not found
[2026-08-17 15:10:00] WARNING  | exadata_perf_summary_parser | ⚠️  Exadata Performance Summary section not found
[2026-08-17 15:11:29] WARNING  | exadata_perf_summary_parser | ⚠️  Exadata Performance Summary section not found
[2026-08-17 15:12:57] WARNING  | exadata_perf_summary_parser | ⚠️  Exadata Performance Summary section not found
[2026-08-17 15:14:30] WARNING  | exadata_perf_summary_parser | ⚠️  Exadata Performance Summary section not found
[2026-08-17 15:17:59] WARNING  | exadata_perf_summary_parser | ⚠️  Exadata Performance Summary section not found
[2026-08-17 15:19:35] WARNING  | exadata_perf_summary_parser | ⚠️  Exadata Performance Summary section not found
[2026-08-17 15:36:16] WARNING  | exadata_perf_summary_parser | ⚠️  Exadata Performance Summary section not found
[2026-08-17 15:37:47] WARNING  | exadata_perf_summary_parser | ⚠️  Exadata Performance Summary section not found
[2026-08-17 15:44:07] WARNING  | exadata_perf_summary_parser | ⚠️  Exadata Performance Summary section not found
[2026-08-17 15:45:40] WARNING  | exadata_perf_summary_parser | ⚠️  Exadata Performance Summary section not found
[2026-08-17 15:47:14] WARNING  | exadata_perf_summary_parser | ⚠️  Exadata Performance Summary section not found
[2026-08-17 15:48:48] WARNING  | exadata_perf_summary_parser | ⚠️  Exadata Performance Summary section not found
[2026-08-17 15:50:23] WARNING  | exadata_perf_summary_parser | ⚠️  Exadata Performance Summary section not found
[2026-08-17 15:51:59] WARNING  | exadata_perf_summary_parser | ⚠️  Exadata Performance Summary section not found
[2026-08-17 15:53:34] WARNING  | exadata_perf_summary_parser | ⚠️  Exadata Performance Summary section not found
[2026-08-17 15:55:07] WARNING  | exadata_perf_summary_parser | ⚠️  Exadata Performance Summary section not found
[2026-08-17 15:57:23] WARNING  | exadata_perf_summary_parser | ⚠️  Exadata Performance Summary section not found
[2026-08-17 16:07:02] WARNING  | exadata_perf_summary_parser | ⚠️  Exadata Performance Summary section not found
[2026-08-17 16:08:29] WARNING  | exadata_perf_summary_parser | ⚠️  Exadata Performance Summary section not found
[2026-08-17 16:09:59] WARNING  | exadata_perf_summary_parser | ⚠️  Exadata Performance Summary section not found
[2026-08-17 16:11:34] WARNING  | exadata_perf_summary_parser | ⚠️  Exadata Performance Summary section not found
[2026-08-17 16:13:03] WARNING  | exadata_perf_summary_parser | ⚠️  Exadata Performance Summary section not found
[2026-08-17 16:14:35] WARNING  | exadata_perf_summary_parser | ⚠️  Exadata Performance Summary section not found
[2026-08-17 16:15:49] WARNING  | exadata_perf_summary_parser | ⚠️  Exadata Performance Summary section not found
[2026-08-17 16:17:24] WARNING  | exadata_perf_summary_parser | ⚠️  Exadata Performance Summary section not found
[2026-08-17 16:18:57] WARNING  | exadata_perf_summary_parser | ⚠️  Exadata Performance Summary section not found
[2026-08-17 16:20:38] WARNING  | exadata_perf_summary_parser | ⚠️  Exadata Performance Summary section not found
[2026-08-17 16:21:35] INFO     | exadata_perf_summary_parser | ✅ Parsed Exadata Performance Summary (FC%=None, XRMEM%=None, OLTP_hit=99.57%, Scan_hit=97.2%, read_skips=0.3)
[2026-08-17 16:21:35] INFO     | exadata_perf_summary_parser | ✅ Inserted 1 rows into awr_exadata_perf_summary
[2026-08-17 16:21:48] INFO     | exadata_perf_summary_parser | ✅ Parsed Exadata Performance Summary (FC%=None, XRMEM%=None, OLTP_hit=97.8%, Scan_hit=99.1%, read_skips=0.1)
[2026-08-17 16:21:48] INFO     | exadata_perf_summary_parser | ✅ Inserted 1 rows into awr_exadata_perf_summary
[2026-08-17 16:22:00] INFO     | exadata_perf_summary_parser | ✅ Parsed Exadata Performance Summary (FC%=None, XRMEM%=None, OLTP_hit=98.4%, Scan_hit=96.8%, read_skips=0.2)
[2026-08-17 16:22:00] INFO     | exadata_perf_summary_parser | ✅ Inserted 1 rows into awr_exadata_perf_summary
[2026-08-17 16:22:10] WARNING  | exadata_perf_summary_parser | ⚠️  Exadata Performance Summary section not found
[2026-08-17 16:22:13] INFO     | exadata_perf_summary_parser | ✅ Parsed Exadata Performance Summary (FC%=None, XRMEM%=None, OLTP_hit=99.9%, Scan_hit=99.8%, read_skips=0.0)
[2026-08-17 16:22:13] INFO     | exadata_perf_summary_parser | ✅ Inserted 1 rows into awr_exadata_perf_summary
[2026-08-17 16:22:35] INFO     | exadata_perf_summary_parser | ✅ Parsed Exadata Performance Summary (FC%=None, XRMEM%=None, OLTP_hit=100.0%, Scan_hit=100.1%, read_skips=0.0)
[2026-08-17 16:22:35] INFO     | exadata_perf_summary_parser | ✅ Inserted 1 rows into awr_exadata_perf_summary
[2026-08-17 16:22:47] INFO     | exadata_perf_summary_parser | ✅ Parsed Exadata Performance Summary (FC%=None, XRMEM%=None, OLTP_hit=74.2%, Scan_hit=68.4%, read_skips=2.4)
[2026-08-17 16:22:47] INFO     | exadata_perf_summary_parser | ✅ Inserted 1 rows into awr_exadata_perf_summary
[2026-08-17 16:23:00] INFO     | exadata_perf_summary_parser | ✅ Parsed Exadata Performance Summary (FC%=None, XRMEM%=None, OLTP_hit=44.8%, Scan_hit=38.2%, read_skips=28.4)
[2026-08-17 16:23:00] INFO     | exadata_perf_summary_parser | ✅ Inserted 1 rows into awr_exadata_perf_summary
[2026-08-17 16:23:13] INFO     | exadata_perf_summary_parser | ✅ Parsed Exadata Performance Summary (FC%=None, XRMEM%=None, OLTP_hit=92.4%, Scan_hit=28.4%, read_skips=0.4)
[2026-08-17 16:23:13] INFO     | exadata_perf_summary_parser | ✅ Inserted 1 rows into awr_exadata_perf_summary
[2026-08-17 16:23:25] INFO     | exadata_perf_summary_parser | ✅ Parsed Exadata Performance Summary (FC%=None, XRMEM%=None, OLTP_hit=62.4%, Scan_hit=88.4%, read_skips=8.4)
[2026-08-17 16:23:25] INFO     | exadata_perf_summary_parser | ✅ Inserted 1 rows into awr_exadata_perf_summary
[2026-08-17 16:23:38] INFO     | exadata_perf_summary_parser | ✅ Parsed Exadata Performance Summary (FC%=None, XRMEM%=None, OLTP_hit=94.8%, Scan_hit=92.4%, read_skips=0.8)
[2026-08-17 16:23:38] INFO     | exadata_perf_summary_parser | ✅ Inserted 1 rows into awr_exadata_perf_summary
[2026-08-17 16:23:41] WARNING  | exadata_perf_summary_parser | ⚠️  Exadata Performance Summary section not found
[2026-08-17 16:23:50] INFO     | exadata_perf_summary_parser | ✅ Parsed Exadata Performance Summary (FC%=None, XRMEM%=None, OLTP_hit=88.4%, Scan_hit=84.2%, read_skips=1.8)
[2026-08-17 16:23:50] INFO     | exadata_perf_summary_parser | ✅ Inserted 1 rows into awr_exadata_perf_summary
[2026-08-17 16:24:03] INFO     | exadata_perf_summary_parser | ✅ Parsed Exadata Performance Summary (FC%=None, XRMEM%=None, OLTP_hit=97.4%, Scan_hit=95.4%, read_skips=0.4)
[2026-08-17 16:24:03] INFO     | exadata_perf_summary_parser | ✅ Inserted 1 rows into awr_exadata_perf_summary
[2026-08-17 16:24:16] INFO     | exadata_perf_summary_parser | ✅ Parsed Exadata Performance Summary (FC%=None, XRMEM%=None, OLTP_hit=96.4%, Scan_hit=94.2%, read_skips=0.8)
[2026-08-17 16:24:16] INFO     | exadata_perf_summary_parser | ✅ Inserted 1 rows into awr_exadata_perf_summary
[2026-08-17 16:24:28] INFO     | exadata_perf_summary_parser | ✅ Parsed Exadata Performance Summary (FC%=None, XRMEM%=None, OLTP_hit=94.2%, Scan_hit=92.4%, read_skips=0.8)
[2026-08-17 16:24:28] INFO     | exadata_perf_summary_parser | ✅ Inserted 1 rows into awr_exadata_perf_summary
[2026-08-17 16:24:40] INFO     | exadata_perf_summary_parser | ✅ Parsed Exadata Performance Summary (FC%=None, XRMEM%=None, OLTP_hit=86.4%, Scan_hit=84.2%, read_skips=2.4)
[2026-08-17 16:24:41] INFO     | exadata_perf_summary_parser | ✅ Inserted 1 rows into awr_exadata_perf_summary
[2026-08-17 16:24:53] INFO     | exadata_perf_summary_parser | ✅ Parsed Exadata Performance Summary (FC%=None, XRMEM%=None, OLTP_hit=91.4%, Scan_hit=90.2%, read_skips=1.8)
[2026-08-17 16:24:53] INFO     | exadata_perf_summary_parser | ✅ Inserted 1 rows into awr_exadata_perf_summary
[2026-08-17 16:25:05] INFO     | exadata_perf_summary_parser | ✅ Parsed Exadata Performance Summary (FC%=None, XRMEM%=None, OLTP_hit=88.4%, Scan_hit=86.4%, read_skips=4.4)
[2026-08-17 16:25:06] INFO     | exadata_perf_summary_parser | ✅ Inserted 1 rows into awr_exadata_perf_summary
[2026-08-17 16:25:18] INFO     | exadata_perf_summary_parser | ✅ Parsed Exadata Performance Summary (FC%=None, XRMEM%=None, OLTP_hit=97.8%, Scan_hit=58.2%, read_skips=8.4)
[2026-08-17 16:25:18] INFO     | exadata_perf_summary_parser | ✅ Inserted 1 rows into awr_exadata_perf_summary
[2026-08-17 16:25:30] INFO     | exadata_perf_summary_parser | ✅ Parsed Exadata Performance Summary (FC%=None, XRMEM%=None, OLTP_hit=44.8%, Scan_hit=24.2%, read_skips=624.4)
[2026-08-17 16:25:31] INFO     | exadata_perf_summary_parser | ✅ Inserted 1 rows into awr_exadata_perf_summary
[2026-08-17 16:25:43] INFO     | exadata_perf_summary_parser | ✅ Parsed Exadata Performance Summary (FC%=None, XRMEM%=None, OLTP_hit=88.4%, Scan_hit=84.4%, read_skips=2.4)
[2026-08-17 16:25:44] INFO     | exadata_perf_summary_parser | ✅ Inserted 1 rows into awr_exadata_perf_summary
[2026-08-17 16:40:37] WARNING  | exadata_perf_summary_parser | ⚠️  Exadata Performance Summary section not found
[2026-08-17 16:42:10] WARNING  | exadata_perf_summary_parser | ⚠️  Exadata Performance Summary section not found
[2026-08-17 16:43:43] WARNING  | exadata_perf_summary_parser | ⚠️  Exadata Performance Summary section not found
[2026-08-17 16:45:16] WARNING  | exadata_perf_summary_parser | ⚠️  Exadata Performance Summary section not found
[2026-08-17 16:46:48] WARNING  | exadata_perf_summary_parser | ⚠️  Exadata Performance Summary section not found
[2026-08-17 16:48:17] WARNING  | exadata_perf_summary_parser | ⚠️  Exadata Performance Summary section not found
[2026-08-17 16:49:51] WARNING  | exadata_perf_summary_parser | ⚠️  Exadata Performance Summary section not found
[2026-08-17 16:51:26] WARNING  | exadata_perf_summary_parser | ⚠️  Exadata Performance Summary section not found
[2026-08-17 16:52:58] WARNING  | exadata_perf_summary_parser | ⚠️  Exadata Performance Summary section not found
[2026-08-17 16:54:34] WARNING  | exadata_perf_summary_parser | ⚠️  Exadata Performance Summary section not found
[2026-08-17 16:56:04] WARNING  | exadata_perf_summary_parser | ⚠️  Exadata Performance Summary section not found
[2026-08-17 16:57:39] WARNING  | exadata_perf_summary_parser | ⚠️  Exadata Performance Summary section not found
[2026-08-17 16:59:07] WARNING  | exadata_perf_summary_parser | ⚠️  Exadata Performance Summary section not found
[2026-08-17 17:11:20] WARNING  | exadata_perf_summary_parser | ⚠️  Exadata Performance Summary section not found
[2026-08-17 17:12:53] WARNING  | exadata_perf_summary_parser | ⚠️  Exadata Performance Summary section not found
[2026-08-17 17:14:23] WARNING  | exadata_perf_summary_parser | ⚠️  Exadata Performance Summary section not found
[2026-08-17 17:15:57] WARNING  | exadata_perf_summary_parser | ⚠️  Exadata Performance Summary section not found
[2026-08-17 17:17:28] WARNING  | exadata_perf_summary_parser | ⚠️  Exadata Performance Summary section not found
[2026-08-17 17:19:05] WARNING  | exadata_perf_summary_parser | ⚠️  Exadata Performance Summary section not found
[2026-08-17 17:20:36] WARNING  | exadata_perf_summary_parser | ⚠️  Exadata Performance Summary section not found
[2026-08-17 17:22:10] WARNING  | exadata_perf_summary_parser | ⚠️  Exadata Performance Summary section not found
[2026-08-17 17:23:43] WARNING  | exadata_perf_summary_parser | ⚠️  Exadata Performance Summary section not found
[2026-08-17 17:25:16] WARNING  | exadata_perf_summary_parser | ⚠️  Exadata Performance Summary section not found
[2026-08-17 17:26:47] WARNING  | exadata_perf_summary_parser | ⚠️  Exadata Performance Summary section not found
[2026-08-17 17:28:20] WARNING  | exadata_perf_summary_parser | ⚠️  Exadata Performance Summary section not found
[2026-08-17 17:29:49] WARNING  | exadata_perf_summary_parser | ⚠️  Exadata Performance Summary section not found
[2026-08-17 17:31:19] WARNING  | exadata_perf_summary_parser | ⚠️  Exadata Performance Summary section not found
[2026-08-17 17:42:08] WARNING  | exadata_perf_summary_parser | ⚠️  Exadata Performance Summary section not found
[2026-08-17 17:43:43] WARNING  | exadata_perf_summary_parser | ⚠️  Exadata Performance Summary section not found
[2026-08-17 17:45:16] WARNING  | exadata_perf_summary_parser | ⚠️  Exadata Performance Summary section not found
[2026-08-17 17:46:50] WARNING  | exadata_perf_summary_parser | ⚠️  Exadata Performance Summary section not found
[2026-08-17 17:48:21] WARNING  | exadata_perf_summary_parser | ⚠️  Exadata Performance Summary section not found
[2026-08-17 17:49:50] WARNING  | exadata_perf_summary_parser | ⚠️  Exadata Performance Summary section not found
[2026-08-17 18:16:12] WARNING  | exadata_perf_summary_parser | ⚠️  Exadata Performance Summary section not found
[2026-08-18 09:36:00] WARNING  | exadata_perf_summary_parser | ⚠️  Exadata Performance Summary section not found
[2026-08-18 09:37:15] WARNING  | exadata_perf_summary_parser | ⚠️  Exadata Performance Summary section not found
[2026-08-18 09:38:56] WARNING  | exadata_perf_summary_parser | ⚠️  Exadata Performance Summary section not found
[2026-08-18 09:40:31] WARNING  | exadata_perf_summary_parser | ⚠️  Exadata Performance Summary section not found
[2026-08-18 09:42:05] WARNING  | exadata_perf_summary_parser | ⚠️  Exadata Performance Summary section not found
[2026-08-18 09:43:30] WARNING  | exadata_perf_summary_parser | ⚠️  Exadata Performance Summary section not found
[2026-08-18 09:44:50] WARNING  | exadata_perf_summary_parser | ⚠️  Exadata Performance Summary section not found
[2026-08-18 09:46:17] WARNING  | exadata_perf_summary_parser | ⚠️  Exadata Performance Summary section not found
[2026-08-18 09:47:56] WARNING  | exadata_perf_summary_parser | ⚠️  Exadata Performance Summary section not found
[2026-08-18 09:49:23] WARNING  | exadata_perf_summary_parser | ⚠️  Exadata Performance Summary section not found
[2026-08-18 09:50:50] WARNING  | exadata_perf_summary_parser | ⚠️  Exadata Performance Summary section not found
[2026-08-18 09:52:20] WARNING  | exadata_perf_summary_parser | ⚠️  Exadata Performance Summary section not found
[2026-08-18 09:54:00] WARNING  | exadata_perf_summary_parser | ⚠️  Exadata Performance Summary section not found
[2026-08-18 09:55:45] WARNING  | exadata_perf_summary_parser | ⚠️  Exadata Performance Summary section not found
[2026-08-18 09:57:35] WARNING  | exadata_perf_summary_parser | ⚠️  Exadata Performance Summary section not found
[2026-08-18 09:59:16] WARNING  | exadata_perf_summary_parser | ⚠️  Exadata Performance Summary section not found
[2026-08-18 10:00:50] WARNING  | exadata_perf_summary_parser | ⚠️  Exadata Performance Summary section not found
[2026-08-18 10:02:21] WARNING  | exadata_perf_summary_parser | ⚠️  Exadata Performance Summary section not found
[2026-08-18 10:03:47] WARNING  | exadata_perf_summary_parser | ⚠️  Exadata Performance Summary section not found
[2026-08-18 10:05:14] WARNING  | exadata_perf_summary_parser | ⚠️  Exadata Performance Summary section not found
[2026-08-18 10:07:08] WARNING  | exadata_perf_summary_parser | ⚠️  Exadata Performance Summary section not found
[2026-08-18 10:08:49] WARNING  | exadata_perf_summary_parser | ⚠️  Exadata Performance Summary section not found
[2026-08-18 10:10:15] WARNING  | exadata_perf_summary_parser | ⚠️  Exadata Performance Summary section not found
[2026-08-18 10:11:47] WARNING  | exadata_perf_summary_parser | ⚠️  Exadata Performance Summary section not found
[2026-08-18 10:31:19] WARNING  | exadata_perf_summary_parser | ⚠️  Exadata Performance Summary section not found
[2026-08-18 11:01:26] WARNING  | exadata_perf_summary_parser | ⚠️  Exadata Performance Summary section not found
[2026-08-18 11:03:10] WARNING  | exadata_perf_summary_parser | ⚠️  Exadata Performance Summary section not found
[2026-08-18 11:31:23] WARNING  | exadata_perf_summary_parser | ⚠️  Exadata Performance Summary section not found
[2026-08-18 11:32:53] WARNING  | exadata_perf_summary_parser | ⚠️  Exadata Performance Summary section not found
[2026-08-18 11:34:20] WARNING  | exadata_perf_summary_parser | ⚠️  Exadata Performance Summary section not found
[2026-08-18 12:02:51] WARNING  | exadata_perf_summary_parser | ⚠️  Exadata Performance Summary section not found
[2026-08-18 12:04:26] WARNING  | exadata_perf_summary_parser | ⚠️  Exadata Performance Summary section not found
[2026-08-18 12:05:56] WARNING  | exadata_perf_summary_parser | ⚠️  Exadata Performance Summary section not found
[2026-08-18 12:07:26] WARNING  | exadata_perf_summary_parser | ⚠️  Exadata Performance Summary section not found
[2026-08-18 12:33:02] WARNING  | exadata_perf_summary_parser | ⚠️  Exadata Performance Summary section not found
[2026-08-18 12:34:40] WARNING  | exadata_perf_summary_parser | ⚠️  Exadata Performance Summary section not found
[2026-08-18 12:36:15] WARNING  | exadata_perf_summary_parser | ⚠️  Exadata Performance Summary section not found
[2026-08-18 12:37:47] WARNING  | exadata_perf_summary_parser | ⚠️  Exadata Performance Summary section not found
[2026-08-18 12:39:21] WARNING  | exadata_perf_summary_parser | ⚠️  Exadata Performance Summary section not found
[2026-08-18 13:05:40] WARNING  | exadata_perf_summary_parser | ⚠️  Exadata Performance Summary section not found
[2026-08-18 13:07:10] WARNING  | exadata_perf_summary_parser | ⚠️  Exadata Performance Summary section not found
[2026-08-18 13:08:42] WARNING  | exadata_perf_summary_parser | ⚠️  Exadata Performance Summary section not found
[2026-08-18 13:10:13] WARNING  | exadata_perf_summary_parser | ⚠️  Exadata Performance Summary section not found
[2026-08-18 13:11:48] WARNING  | exadata_perf_summary_parser | ⚠️  Exadata Performance Summary section not found
[2026-08-18 13:13:22] WARNING  | exadata_perf_summary_parser | ⚠️  Exadata Performance Summary section not found
[2026-08-18 13:54:47] WARNING  | exadata_perf_summary_parser | ⚠️  Exadata Performance Summary section not found
[2026-08-18 13:56:22] WARNING  | exadata_perf_summary_parser | ⚠️  Exadata Performance Summary section not found
[2026-08-18 13:57:56] WARNING  | exadata_perf_summary_parser | ⚠️  Exadata Performance Summary section not found
[2026-08-18 13:59:25] WARNING  | exadata_perf_summary_parser | ⚠️  Exadata Performance Summary section not found
[2026-08-18 14:10:22] WARNING  | exadata_perf_summary_parser | ⚠️  Exadata Performance Summary section not found
[2026-08-18 14:11:57] WARNING  | exadata_perf_summary_parser | ⚠️  Exadata Performance Summary section not found
[2026-08-18 14:13:27] WARNING  | exadata_perf_summary_parser | ⚠️  Exadata Performance Summary section not found
