[2026-08-17 11:57:38] INFO     | exadata_single_block_reads_parser | ✅ Parsed Single Block Reads (flash%=3.7, disk%=47.94, xrmem%=48.36)
[2026-08-17 11:57:39] ERROR    | exadata_single_block_reads_parser | ❌ Single Block Reads insert failed: null value in column "dbname" violates not-null constraint
DETAIL:  Failing row contains (1, null, null, null, null, 381670, 298820, 16888, 107233, 259174, 419.88, 328.73, 18.58, 117.97, 285.12, 3.70, 47.94, 48.36, 1391.30, 18021.30, 18180.40, 39a7be3edaebc920d152c0783aef5022, 2026-08-17 11:57:39.015197).
Traceback (most recent call last):
  File "C:\AWR_Insight_Portal_v2\modules\awr\exadata_single_block_reads_parser.py", line 130, in insert_single_block_reads
    cur.execute(sql,(r["dbname"],r["instance"],r["begin_snap"],r["snap_time"],
    ~~~~~~~~~~~^^^^^^^^^^^^^^^^^^^^^^^^^^^^^^^^^^^^^^^^^^^^^^^^^^^^^^^^^^^^^^^
        r["phys_read_total_io"],r["phys_read_io_reqs"],r["fc_read_hits"],
        ^^^^^^^^^^^^^^^^^^^^^^^^^^^^^^^^^^^^^^^^^^^^^^^^^^^^^^^^^^^^^^^^^
    ...<4 lines>...
        r["small_reads_flash_ps"],r["small_reads_disk_ps"],r["small_reads_xrmem_ps"],
        ^^^^^^^^^^^^^^^^^^^^^^^^^^^^^^^^^^^^^^^^^^^^^^^^^^^^^^^^^^^^^^^^^^^^^^^^^^^^^
        r["row_hash"]))
        ^^^^^^^^^^^^^^^
psycopg2.errors.NotNullViolation: null value in column "dbname" violates not-null constraint
DETAIL:  Failing row contains (1, null, null, null, null, 381670, 298820, 16888, 107233, 259174, 419.88, 328.73, 18.58, 117.97, 285.12, 3.70, 47.94, 48.36, 1391.30, 18021.30, 18180.40, 39a7be3edaebc920d152c0783aef5022, 2026-08-17 11:57:39.015197).

[2026-08-17 11:57:50] INFO     | exadata_single_block_reads_parser | ✅ Parsed Single Block Reads (flash%=34.93, disk%=42.91, xrmem%=22.16)
[2026-08-17 11:57:50] ERROR    | exadata_single_block_reads_parser | ❌ Single Block Reads insert failed: null value in column "dbname" violates not-null constraint
DETAIL:  Failing row contains (2, null, null, null, null, 381670, 298820, 16888, 107233, 259174, 419.88, 328.73, 18.58, 117.97, 285.12, 34.93, 42.91, 22.16, 6371.20, 7826.00, 4042.00, 39a7be3edaebc920d152c0783aef5022, 2026-08-17 11:57:50.714096).
Traceback (most recent call last):
  File "C:\AWR_Insight_Portal_v2\modules\awr\exadata_single_block_reads_parser.py", line 130, in insert_single_block_reads
    cur.execute(sql,(r["dbname"],r["instance"],r["begin_snap"],r["snap_time"],
    ~~~~~~~~~~~^^^^^^^^^^^^^^^^^^^^^^^^^^^^^^^^^^^^^^^^^^^^^^^^^^^^^^^^^^^^^^^
        r["phys_read_total_io"],r["phys_read_io_reqs"],r["fc_read_hits"],
        ^^^^^^^^^^^^^^^^^^^^^^^^^^^^^^^^^^^^^^^^^^^^^^^^^^^^^^^^^^^^^^^^^
    ...<4 lines>...
        r["small_reads_flash_ps"],r["small_reads_disk_ps"],r["small_reads_xrmem_ps"],
        ^^^^^^^^^^^^^^^^^^^^^^^^^^^^^^^^^^^^^^^^^^^^^^^^^^^^^^^^^^^^^^^^^^^^^^^^^^^^^
        r["row_hash"]))
        ^^^^^^^^^^^^^^^
psycopg2.errors.NotNullViolation: null value in column "dbname" violates not-null constraint
DETAIL:  Failing row contains (2, null, null, null, null, 381670, 298820, 16888, 107233, 259174, 419.88, 328.73, 18.58, 117.97, 285.12, 34.93, 42.91, 22.16, 6371.20, 7826.00, 4042.00, 39a7be3edaebc920d152c0783aef5022, 2026-08-17 11:57:50.714096).

[2026-08-17 11:58:01] INFO     | exadata_single_block_reads_parser | ✅ Parsed Single Block Reads (flash%=14.44, disk%=46.99, xrmem%=38.56)
[2026-08-17 11:58:01] ERROR    | exadata_single_block_reads_parser | ❌ Single Block Reads insert failed: null value in column "dbname" violates not-null constraint
DETAIL:  Failing row contains (3, null, null, null, null, 381670, 298820, 16888, 107233, 259174, 419.88, 328.73, 18.58, 117.97, 285.12, 14.44, 46.99, 38.56, 3977.60, 12943.00, 10621.00, 39a7be3edaebc920d152c0783aef5022, 2026-08-17 11:58:01.884792).
Traceback (most recent call last):
  File "C:\AWR_Insight_Portal_v2\modules\awr\exadata_single_block_reads_parser.py", line 130, in insert_single_block_reads
    cur.execute(sql,(r["dbname"],r["instance"],r["begin_snap"],r["snap_time"],
    ~~~~~~~~~~~^^^^^^^^^^^^^^^^^^^^^^^^^^^^^^^^^^^^^^^^^^^^^^^^^^^^^^^^^^^^^^^
        r["phys_read_total_io"],r["phys_read_io_reqs"],r["fc_read_hits"],
        ^^^^^^^^^^^^^^^^^^^^^^^^^^^^^^^^^^^^^^^^^^^^^^^^^^^^^^^^^^^^^^^^^
    ...<4 lines>...
        r["small_reads_flash_ps"],r["small_reads_disk_ps"],r["small_reads_xrmem_ps"],
        ^^^^^^^^^^^^^^^^^^^^^^^^^^^^^^^^^^^^^^^^^^^^^^^^^^^^^^^^^^^^^^^^^^^^^^^^^^^^^
        r["row_hash"]))
        ^^^^^^^^^^^^^^^
psycopg2.errors.NotNullViolation: null value in column "dbname" violates not-null constraint
DETAIL:  Failing row contains (3, null, null, null, null, 381670, 298820, 16888, 107233, 259174, 419.88, 328.73, 18.58, 117.97, 285.12, 14.44, 46.99, 38.56, 3977.60, 12943.00, 10621.00, 39a7be3edaebc920d152c0783aef5022, 2026-08-17 11:58:01.884792).

[2026-08-17 11:58:13] INFO     | exadata_single_block_reads_parser | ✅ Parsed Single Block Reads (flash%=4.41, disk%=26.71, xrmem%=68.88)
[2026-08-17 11:58:13] ERROR    | exadata_single_block_reads_parser | ❌ Single Block Reads insert failed: null value in column "dbname" violates not-null constraint
DETAIL:  Failing row contains (4, null, null, null, null, 381670, 298820, 16888, 107233, 259174, 419.88, 328.73, 18.58, 117.97, 285.12, 4.41, 26.71, 68.88, 1619.20, 9804.00, 25284.00, 39a7be3edaebc920d152c0783aef5022, 2026-08-17 11:58:13.308616).
Traceback (most recent call last):
  File "C:\AWR_Insight_Portal_v2\modules\awr\exadata_single_block_reads_parser.py", line 130, in insert_single_block_reads
    cur.execute(sql,(r["dbname"],r["instance"],r["begin_snap"],r["snap_time"],
    ~~~~~~~~~~~^^^^^^^^^^^^^^^^^^^^^^^^^^^^^^^^^^^^^^^^^^^^^^^^^^^^^^^^^^^^^^^
        r["phys_read_total_io"],r["phys_read_io_reqs"],r["fc_read_hits"],
        ^^^^^^^^^^^^^^^^^^^^^^^^^^^^^^^^^^^^^^^^^^^^^^^^^^^^^^^^^^^^^^^^^
    ...<4 lines>...
        r["small_reads_flash_ps"],r["small_reads_disk_ps"],r["small_reads_xrmem_ps"],
        ^^^^^^^^^^^^^^^^^^^^^^^^^^^^^^^^^^^^^^^^^^^^^^^^^^^^^^^^^^^^^^^^^^^^^^^^^^^^^
        r["row_hash"]))
        ^^^^^^^^^^^^^^^
psycopg2.errors.NotNullViolation: null value in column "dbname" violates not-null constraint
DETAIL:  Failing row contains (4, null, null, null, null, 381670, 298820, 16888, 107233, 259174, 419.88, 328.73, 18.58, 117.97, 285.12, 4.41, 26.71, 68.88, 1619.20, 9804.00, 25284.00, 39a7be3edaebc920d152c0783aef5022, 2026-08-17 11:58:13.308616).

[2026-08-17 11:58:24] INFO     | exadata_single_block_reads_parser | ✅ Parsed Single Block Reads (flash%=3.7, disk%=47.94, xrmem%=48.36)
[2026-08-17 11:58:24] ERROR    | exadata_single_block_reads_parser | ❌ Single Block Reads insert failed: null value in column "dbname" violates not-null constraint
DETAIL:  Failing row contains (5, null, null, null, null, 381670, 298820, 16888, 107233, 259174, 419.88, 328.73, 18.58, 117.97, 285.12, 3.70, 47.94, 48.36, 1391.30, 18021.30, 18180.40, 39a7be3edaebc920d152c0783aef5022, 2026-08-17 11:58:24.638028).
Traceback (most recent call last):
  File "C:\AWR_Insight_Portal_v2\modules\awr\exadata_single_block_reads_parser.py", line 130, in insert_single_block_reads
    cur.execute(sql,(r["dbname"],r["instance"],r["begin_snap"],r["snap_time"],
    ~~~~~~~~~~~^^^^^^^^^^^^^^^^^^^^^^^^^^^^^^^^^^^^^^^^^^^^^^^^^^^^^^^^^^^^^^^
        r["phys_read_total_io"],r["phys_read_io_reqs"],r["fc_read_hits"],
        ^^^^^^^^^^^^^^^^^^^^^^^^^^^^^^^^^^^^^^^^^^^^^^^^^^^^^^^^^^^^^^^^^
    ...<4 lines>...
        r["small_reads_flash_ps"],r["small_reads_disk_ps"],r["small_reads_xrmem_ps"],
        ^^^^^^^^^^^^^^^^^^^^^^^^^^^^^^^^^^^^^^^^^^^^^^^^^^^^^^^^^^^^^^^^^^^^^^^^^^^^^
        r["row_hash"]))
        ^^^^^^^^^^^^^^^
psycopg2.errors.NotNullViolation: null value in column "dbname" violates not-null constraint
DETAIL:  Failing row contains (5, null, null, null, null, 381670, 298820, 16888, 107233, 259174, 419.88, 328.73, 18.58, 117.97, 285.12, 3.70, 47.94, 48.36, 1391.30, 18021.30, 18180.40, 39a7be3edaebc920d152c0783aef5022, 2026-08-17 11:58:24.638028).

[2026-08-17 11:58:35] INFO     | exadata_single_block_reads_parser | ✅ Parsed Single Block Reads (flash%=12.95, disk%=72.76, xrmem%=14.28)
[2026-08-17 11:58:35] ERROR    | exadata_single_block_reads_parser | ❌ Single Block Reads insert failed: null value in column "dbname" violates not-null constraint
DETAIL:  Failing row contains (6, null, null, null, null, 381670, 298820, 16888, 107233, 259174, 419.88, 328.73, 18.58, 117.97, 285.12, 12.95, 72.76, 14.28, 3704.80, 20812.00, 4085.00, 39a7be3edaebc920d152c0783aef5022, 2026-08-17 11:58:35.591367).
Traceback (most recent call last):
  File "C:\AWR_Insight_Portal_v2\modules\awr\exadata_single_block_reads_parser.py", line 130, in insert_single_block_reads
    cur.execute(sql,(r["dbname"],r["instance"],r["begin_snap"],r["snap_time"],
    ~~~~~~~~~~~^^^^^^^^^^^^^^^^^^^^^^^^^^^^^^^^^^^^^^^^^^^^^^^^^^^^^^^^^^^^^^^
        r["phys_read_total_io"],r["phys_read_io_reqs"],r["fc_read_hits"],
        ^^^^^^^^^^^^^^^^^^^^^^^^^^^^^^^^^^^^^^^^^^^^^^^^^^^^^^^^^^^^^^^^^
    ...<4 lines>...
        r["small_reads_flash_ps"],r["small_reads_disk_ps"],r["small_reads_xrmem_ps"],
        ^^^^^^^^^^^^^^^^^^^^^^^^^^^^^^^^^^^^^^^^^^^^^^^^^^^^^^^^^^^^^^^^^^^^^^^^^^^^^
        r["row_hash"]))
        ^^^^^^^^^^^^^^^
psycopg2.errors.NotNullViolation: null value in column "dbname" violates not-null constraint
DETAIL:  Failing row contains (6, null, null, null, null, 381670, 298820, 16888, 107233, 259174, 419.88, 328.73, 18.58, 117.97, 285.12, 12.95, 72.76, 14.28, 3704.80, 20812.00, 4085.00, 39a7be3edaebc920d152c0783aef5022, 2026-08-17 11:58:35.591367).

[2026-08-17 11:58:46] INFO     | exadata_single_block_reads_parser | ✅ Parsed Single Block Reads (flash%=1.84, disk%=94.73, xrmem%=3.43)
[2026-08-17 11:58:46] ERROR    | exadata_single_block_reads_parser | ❌ Single Block Reads insert failed: null value in column "dbname" violates not-null constraint
DETAIL:  Failing row contains (7, null, null, null, null, 381670, 298820, 16888, 107233, 259174, 419.88, 328.73, 18.58, 117.97, 285.12, 1.84, 94.73, 3.43, 739.20, 38012.00, 1376.00, 39a7be3edaebc920d152c0783aef5022, 2026-08-17 11:58:46.982785).
Traceback (most recent call last):
  File "C:\AWR_Insight_Portal_v2\modules\awr\exadata_single_block_reads_parser.py", line 130, in insert_single_block_reads
    cur.execute(sql,(r["dbname"],r["instance"],r["begin_snap"],r["snap_time"],
    ~~~~~~~~~~~^^^^^^^^^^^^^^^^^^^^^^^^^^^^^^^^^^^^^^^^^^^^^^^^^^^^^^^^^^^^^^^
        r["phys_read_total_io"],r["phys_read_io_reqs"],r["fc_read_hits"],
        ^^^^^^^^^^^^^^^^^^^^^^^^^^^^^^^^^^^^^^^^^^^^^^^^^^^^^^^^^^^^^^^^^
    ...<4 lines>...
        r["small_reads_flash_ps"],r["small_reads_disk_ps"],r["small_reads_xrmem_ps"],
        ^^^^^^^^^^^^^^^^^^^^^^^^^^^^^^^^^^^^^^^^^^^^^^^^^^^^^^^^^^^^^^^^^^^^^^^^^^^^^
        r["row_hash"]))
        ^^^^^^^^^^^^^^^
psycopg2.errors.NotNullViolation: null value in column "dbname" violates not-null constraint
DETAIL:  Failing row contains (7, null, null, null, null, 381670, 298820, 16888, 107233, 259174, 419.88, 328.73, 18.58, 117.97, 285.12, 1.84, 94.73, 3.43, 739.20, 38012.00, 1376.00, 39a7be3edaebc920d152c0783aef5022, 2026-08-17 11:58:46.982785).

[2026-08-17 11:58:58] INFO     | exadata_single_block_reads_parser | ✅ Parsed Single Block Reads (flash%=3.28, disk%=95.15, xrmem%=1.58)
[2026-08-17 11:58:58] ERROR    | exadata_single_block_reads_parser | ❌ Single Block Reads insert failed: null value in column "dbname" violates not-null constraint
DETAIL:  Failing row contains (8, null, null, null, null, 381670, 298820, 16888, 107233, 259174, 419.88, 328.73, 18.58, 117.97, 285.12, 3.28, 95.15, 1.58, 1249.60, 36292.00, 602.00, 39a7be3edaebc920d152c0783aef5022, 2026-08-17 11:58:58.871288).
Traceback (most recent call last):
  File "C:\AWR_Insight_Portal_v2\modules\awr\exadata_single_block_reads_parser.py", line 130, in insert_single_block_reads
    cur.execute(sql,(r["dbname"],r["instance"],r["begin_snap"],r["snap_time"],
    ~~~~~~~~~~~^^^^^^^^^^^^^^^^^^^^^^^^^^^^^^^^^^^^^^^^^^^^^^^^^^^^^^^^^^^^^^^
        r["phys_read_total_io"],r["phys_read_io_reqs"],r["fc_read_hits"],
        ^^^^^^^^^^^^^^^^^^^^^^^^^^^^^^^^^^^^^^^^^^^^^^^^^^^^^^^^^^^^^^^^^
    ...<4 lines>...
        r["small_reads_flash_ps"],r["small_reads_disk_ps"],r["small_reads_xrmem_ps"],
        ^^^^^^^^^^^^^^^^^^^^^^^^^^^^^^^^^^^^^^^^^^^^^^^^^^^^^^^^^^^^^^^^^^^^^^^^^^^^^
        r["row_hash"]))
        ^^^^^^^^^^^^^^^
psycopg2.errors.NotNullViolation: null value in column "dbname" violates not-null constraint
DETAIL:  Failing row contains (8, null, null, null, null, 381670, 298820, 16888, 107233, 259174, 419.88, 328.73, 18.58, 117.97, 285.12, 3.28, 95.15, 1.58, 1249.60, 36292.00, 602.00, 39a7be3edaebc920d152c0783aef5022, 2026-08-17 11:58:58.871288).

[2026-08-17 11:59:10] INFO     | exadata_single_block_reads_parser | ✅ Parsed Single Block Reads (flash%=7.51, disk%=80.61, xrmem%=11.88)
[2026-08-17 11:59:10] ERROR    | exadata_single_block_reads_parser | ❌ Single Block Reads insert failed: null value in column "dbname" violates not-null constraint
DETAIL:  Failing row contains (9, null, null, null, null, 381670, 298820, 16888, 107233, 259174, 419.88, 328.73, 18.58, 117.97, 285.12, 7.51, 80.61, 11.88, 2499.20, 26832.00, 3956.00, 39a7be3edaebc920d152c0783aef5022, 2026-08-17 11:59:10.914934).
Traceback (most recent call last):
  File "C:\AWR_Insight_Portal_v2\modules\awr\exadata_single_block_reads_parser.py", line 130, in insert_single_block_reads
    cur.execute(sql,(r["dbname"],r["instance"],r["begin_snap"],r["snap_time"],
    ~~~~~~~~~~~^^^^^^^^^^^^^^^^^^^^^^^^^^^^^^^^^^^^^^^^^^^^^^^^^^^^^^^^^^^^^^^
        r["phys_read_total_io"],r["phys_read_io_reqs"],r["fc_read_hits"],
        ^^^^^^^^^^^^^^^^^^^^^^^^^^^^^^^^^^^^^^^^^^^^^^^^^^^^^^^^^^^^^^^^^
    ...<4 lines>...
        r["small_reads_flash_ps"],r["small_reads_disk_ps"],r["small_reads_xrmem_ps"],
        ^^^^^^^^^^^^^^^^^^^^^^^^^^^^^^^^^^^^^^^^^^^^^^^^^^^^^^^^^^^^^^^^^^^^^^^^^^^^^
        r["row_hash"]))
        ^^^^^^^^^^^^^^^
psycopg2.errors.NotNullViolation: null value in column "dbname" violates not-null constraint
DETAIL:  Failing row contains (9, null, null, null, null, 381670, 298820, 16888, 107233, 259174, 419.88, 328.73, 18.58, 117.97, 285.12, 7.51, 80.61, 11.88, 2499.20, 26832.00, 3956.00, 39a7be3edaebc920d152c0783aef5022, 2026-08-17 11:59:10.914934).

[2026-08-17 11:59:22] INFO     | exadata_single_block_reads_parser | ✅ Parsed Single Block Reads (flash%=30.7, disk%=53.51, xrmem%=15.79)
[2026-08-17 11:59:22] ERROR    | exadata_single_block_reads_parser | ❌ Single Block Reads insert failed: null value in column "dbname" violates not-null constraint
DETAIL:  Failing row contains (10, null, null, null, null, 381670, 298820, 16888, 107233, 259174, 419.88, 328.73, 18.58, 117.97, 285.12, 30.70, 53.51, 15.79, 6019.20, 10492.00, 3096.00, 39a7be3edaebc920d152c0783aef5022, 2026-08-17 11:59:22.712082).
Traceback (most recent call last):
  File "C:\AWR_Insight_Portal_v2\modules\awr\exadata_single_block_reads_parser.py", line 130, in insert_single_block_reads
    cur.execute(sql,(r["dbname"],r["instance"],r["begin_snap"],r["snap_time"],
    ~~~~~~~~~~~^^^^^^^^^^^^^^^^^^^^^^^^^^^^^^^^^^^^^^^^^^^^^^^^^^^^^^^^^^^^^^^
        r["phys_read_total_io"],r["phys_read_io_reqs"],r["fc_read_hits"],
        ^^^^^^^^^^^^^^^^^^^^^^^^^^^^^^^^^^^^^^^^^^^^^^^^^^^^^^^^^^^^^^^^^
    ...<4 lines>...
        r["small_reads_flash_ps"],r["small_reads_disk_ps"],r["small_reads_xrmem_ps"],
        ^^^^^^^^^^^^^^^^^^^^^^^^^^^^^^^^^^^^^^^^^^^^^^^^^^^^^^^^^^^^^^^^^^^^^^^^^^^^^
        r["row_hash"]))
        ^^^^^^^^^^^^^^^
psycopg2.errors.NotNullViolation: null value in column "dbname" violates not-null constraint
DETAIL:  Failing row contains (10, null, null, null, null, 381670, 298820, 16888, 107233, 259174, 419.88, 328.73, 18.58, 117.97, 285.12, 30.70, 53.51, 15.79, 6019.20, 10492.00, 3096.00, 39a7be3edaebc920d152c0783aef5022, 2026-08-17 11:59:22.712082).

[2026-08-17 11:59:33] INFO     | exadata_single_block_reads_parser | ✅ Parsed Single Block Reads (flash%=22.32, disk%=64.24, xrmem%=13.44)
[2026-08-17 11:59:34] ERROR    | exadata_single_block_reads_parser | ❌ Single Block Reads insert failed: null value in column "dbname" violates not-null constraint
DETAIL:  Failing row contains (11, null, null, null, null, 381670, 298820, 16888, 107233, 259174, 419.88, 328.73, 18.58, 117.97, 285.12, 22.32, 64.24, 13.44, 5139.20, 14792.00, 3096.00, 39a7be3edaebc920d152c0783aef5022, 2026-08-17 11:59:34.098193).
Traceback (most recent call last):
  File "C:\AWR_Insight_Portal_v2\modules\awr\exadata_single_block_reads_parser.py", line 130, in insert_single_block_reads
    cur.execute(sql,(r["dbname"],r["instance"],r["begin_snap"],r["snap_time"],
    ~~~~~~~~~~~^^^^^^^^^^^^^^^^^^^^^^^^^^^^^^^^^^^^^^^^^^^^^^^^^^^^^^^^^^^^^^^
        r["phys_read_total_io"],r["phys_read_io_reqs"],r["fc_read_hits"],
        ^^^^^^^^^^^^^^^^^^^^^^^^^^^^^^^^^^^^^^^^^^^^^^^^^^^^^^^^^^^^^^^^^
    ...<4 lines>...
        r["small_reads_flash_ps"],r["small_reads_disk_ps"],r["small_reads_xrmem_ps"],
        ^^^^^^^^^^^^^^^^^^^^^^^^^^^^^^^^^^^^^^^^^^^^^^^^^^^^^^^^^^^^^^^^^^^^^^^^^^^^^
        r["row_hash"]))
        ^^^^^^^^^^^^^^^
psycopg2.errors.NotNullViolation: null value in column "dbname" violates not-null constraint
DETAIL:  Failing row contains (11, null, null, null, null, 381670, 298820, 16888, 107233, 259174, 419.88, 328.73, 18.58, 117.97, 285.12, 22.32, 64.24, 13.44, 5139.20, 14792.00, 3096.00, 39a7be3edaebc920d152c0783aef5022, 2026-08-17 11:59:34.098193).

[2026-08-17 11:59:45] INFO     | exadata_single_block_reads_parser | ✅ Parsed Single Block Reads (flash%=34.93, disk%=48.09, xrmem%=16.97)
[2026-08-17 11:59:45] ERROR    | exadata_single_block_reads_parser | ❌ Single Block Reads insert failed: null value in column "dbname" violates not-null constraint
DETAIL:  Failing row contains (12, null, null, null, null, 381670, 298820, 16888, 107233, 259174, 419.88, 328.73, 18.58, 117.97, 285.12, 34.93, 48.09, 16.97, 6371.20, 8772.00, 3096.00, 39a7be3edaebc920d152c0783aef5022, 2026-08-17 11:59:45.243774).
Traceback (most recent call last):
  File "C:\AWR_Insight_Portal_v2\modules\awr\exadata_single_block_reads_parser.py", line 130, in insert_single_block_reads
    cur.execute(sql,(r["dbname"],r["instance"],r["begin_snap"],r["snap_time"],
    ~~~~~~~~~~~^^^^^^^^^^^^^^^^^^^^^^^^^^^^^^^^^^^^^^^^^^^^^^^^^^^^^^^^^^^^^^^
        r["phys_read_total_io"],r["phys_read_io_reqs"],r["fc_read_hits"],
        ^^^^^^^^^^^^^^^^^^^^^^^^^^^^^^^^^^^^^^^^^^^^^^^^^^^^^^^^^^^^^^^^^
    ...<4 lines>...
        r["small_reads_flash_ps"],r["small_reads_disk_ps"],r["small_reads_xrmem_ps"],
        ^^^^^^^^^^^^^^^^^^^^^^^^^^^^^^^^^^^^^^^^^^^^^^^^^^^^^^^^^^^^^^^^^^^^^^^^^^^^^
        r["row_hash"]))
        ^^^^^^^^^^^^^^^
psycopg2.errors.NotNullViolation: null value in column "dbname" violates not-null constraint
DETAIL:  Failing row contains (12, null, null, null, null, 381670, 298820, 16888, 107233, 259174, 419.88, 328.73, 18.58, 117.97, 285.12, 34.93, 48.09, 16.97, 6371.20, 8772.00, 3096.00, 39a7be3edaebc920d152c0783aef5022, 2026-08-17 11:59:45.243774).

[2026-08-17 11:59:56] INFO     | exadata_single_block_reads_parser | ✅ Parsed Single Block Reads (flash%=42.62, disk%=38.25, xrmem%=19.13)
[2026-08-17 11:59:56] ERROR    | exadata_single_block_reads_parser | ❌ Single Block Reads insert failed: null value in column "dbname" violates not-null constraint
DETAIL:  Failing row contains (13, null, null, null, null, 381670, 298820, 16888, 107233, 259174, 419.88, 328.73, 18.58, 117.97, 285.12, 42.62, 38.25, 19.13, 6899.20, 6192.00, 3096.00, 39a7be3edaebc920d152c0783aef5022, 2026-08-17 11:59:56.346221).
Traceback (most recent call last):
  File "C:\AWR_Insight_Portal_v2\modules\awr\exadata_single_block_reads_parser.py", line 130, in insert_single_block_reads
    cur.execute(sql,(r["dbname"],r["instance"],r["begin_snap"],r["snap_time"],
    ~~~~~~~~~~~^^^^^^^^^^^^^^^^^^^^^^^^^^^^^^^^^^^^^^^^^^^^^^^^^^^^^^^^^^^^^^^
        r["phys_read_total_io"],r["phys_read_io_reqs"],r["fc_read_hits"],
        ^^^^^^^^^^^^^^^^^^^^^^^^^^^^^^^^^^^^^^^^^^^^^^^^^^^^^^^^^^^^^^^^^
    ...<4 lines>...
        r["small_reads_flash_ps"],r["small_reads_disk_ps"],r["small_reads_xrmem_ps"],
        ^^^^^^^^^^^^^^^^^^^^^^^^^^^^^^^^^^^^^^^^^^^^^^^^^^^^^^^^^^^^^^^^^^^^^^^^^^^^^
        r["row_hash"]))
        ^^^^^^^^^^^^^^^
psycopg2.errors.NotNullViolation: null value in column "dbname" violates not-null constraint
DETAIL:  Failing row contains (13, null, null, null, null, 381670, 298820, 16888, 107233, 259174, 419.88, 328.73, 18.58, 117.97, 285.12, 42.62, 38.25, 19.13, 6899.20, 6192.00, 3096.00, 39a7be3edaebc920d152c0783aef5022, 2026-08-17 11:59:56.346221).

[2026-08-17 12:00:07] INFO     | exadata_single_block_reads_parser | ✅ Parsed Single Block Reads (flash%=30.7, disk%=53.51, xrmem%=15.79)
[2026-08-17 12:00:07] ERROR    | exadata_single_block_reads_parser | ❌ Single Block Reads insert failed: null value in column "dbname" violates not-null constraint
DETAIL:  Failing row contains (14, null, null, null, null, 381670, 298820, 16888, 107233, 259174, 419.88, 328.73, 18.58, 117.97, 285.12, 30.70, 53.51, 15.79, 6019.20, 10492.00, 3096.00, 39a7be3edaebc920d152c0783aef5022, 2026-08-17 12:00:07.710906).
Traceback (most recent call last):
  File "C:\AWR_Insight_Portal_v2\modules\awr\exadata_single_block_reads_parser.py", line 130, in insert_single_block_reads
    cur.execute(sql,(r["dbname"],r["instance"],r["begin_snap"],r["snap_time"],
    ~~~~~~~~~~~^^^^^^^^^^^^^^^^^^^^^^^^^^^^^^^^^^^^^^^^^^^^^^^^^^^^^^^^^^^^^^^
        r["phys_read_total_io"],r["phys_read_io_reqs"],r["fc_read_hits"],
        ^^^^^^^^^^^^^^^^^^^^^^^^^^^^^^^^^^^^^^^^^^^^^^^^^^^^^^^^^^^^^^^^^
    ...<4 lines>...
        r["small_reads_flash_ps"],r["small_reads_disk_ps"],r["small_reads_xrmem_ps"],
        ^^^^^^^^^^^^^^^^^^^^^^^^^^^^^^^^^^^^^^^^^^^^^^^^^^^^^^^^^^^^^^^^^^^^^^^^^^^^^
        r["row_hash"]))
        ^^^^^^^^^^^^^^^
psycopg2.errors.NotNullViolation: null value in column "dbname" violates not-null constraint
DETAIL:  Failing row contains (14, null, null, null, null, 381670, 298820, 16888, 107233, 259174, 419.88, 328.73, 18.58, 117.97, 285.12, 30.70, 53.51, 15.79, 6019.20, 10492.00, 3096.00, 39a7be3edaebc920d152c0783aef5022, 2026-08-17 12:00:07.710906).

[2026-08-17 12:00:19] INFO     | exadata_single_block_reads_parser | ✅ Parsed Single Block Reads (flash%=27.02, disk%=58.22, xrmem%=14.76)
[2026-08-17 12:00:20] ERROR    | exadata_single_block_reads_parser | ❌ Single Block Reads insert failed: null value in column "dbname" violates not-null constraint
DETAIL:  Failing row contains (15, null, null, null, null, 381670, 298820, 16888, 107233, 259174, 419.88, 328.73, 18.58, 117.97, 285.12, 27.02, 58.22, 14.76, 5667.20, 12212.00, 3096.00, 39a7be3edaebc920d152c0783aef5022, 2026-08-17 12:00:20.151177).
Traceback (most recent call last):
  File "C:\AWR_Insight_Portal_v2\modules\awr\exadata_single_block_reads_parser.py", line 130, in insert_single_block_reads
    cur.execute(sql,(r["dbname"],r["instance"],r["begin_snap"],r["snap_time"],
    ~~~~~~~~~~~^^^^^^^^^^^^^^^^^^^^^^^^^^^^^^^^^^^^^^^^^^^^^^^^^^^^^^^^^^^^^^^
        r["phys_read_total_io"],r["phys_read_io_reqs"],r["fc_read_hits"],
        ^^^^^^^^^^^^^^^^^^^^^^^^^^^^^^^^^^^^^^^^^^^^^^^^^^^^^^^^^^^^^^^^^
    ...<4 lines>...
        r["small_reads_flash_ps"],r["small_reads_disk_ps"],r["small_reads_xrmem_ps"],
        ^^^^^^^^^^^^^^^^^^^^^^^^^^^^^^^^^^^^^^^^^^^^^^^^^^^^^^^^^^^^^^^^^^^^^^^^^^^^^
        r["row_hash"]))
        ^^^^^^^^^^^^^^^
psycopg2.errors.NotNullViolation: null value in column "dbname" violates not-null constraint
DETAIL:  Failing row contains (15, null, null, null, null, 381670, 298820, 16888, 107233, 259174, 419.88, 328.73, 18.58, 117.97, 285.12, 27.02, 58.22, 14.76, 5667.20, 12212.00, 3096.00, 39a7be3edaebc920d152c0783aef5022, 2026-08-17 12:00:20.151177).

[2026-08-17 12:00:31] INFO     | exadata_single_block_reads_parser | ✅ Parsed Single Block Reads (flash%=37.29, disk%=45.07, xrmem%=17.64)
[2026-08-17 12:00:32] ERROR    | exadata_single_block_reads_parser | ❌ Single Block Reads insert failed: null value in column "dbname" violates not-null constraint
DETAIL:  Failing row contains (16, null, null, null, null, 381670, 298820, 16888, 107233, 259174, 419.88, 328.73, 18.58, 117.97, 285.12, 37.29, 45.07, 17.64, 6547.20, 7912.00, 3096.00, 39a7be3edaebc920d152c0783aef5022, 2026-08-17 12:00:32.10189).
Traceback (most recent call last):
  File "C:\AWR_Insight_Portal_v2\modules\awr\exadata_single_block_reads_parser.py", line 130, in insert_single_block_reads
    cur.execute(sql,(r["dbname"],r["instance"],r["begin_snap"],r["snap_time"],
    ~~~~~~~~~~~^^^^^^^^^^^^^^^^^^^^^^^^^^^^^^^^^^^^^^^^^^^^^^^^^^^^^^^^^^^^^^^
        r["phys_read_total_io"],r["phys_read_io_reqs"],r["fc_read_hits"],
        ^^^^^^^^^^^^^^^^^^^^^^^^^^^^^^^^^^^^^^^^^^^^^^^^^^^^^^^^^^^^^^^^^
    ...<4 lines>...
        r["small_reads_flash_ps"],r["small_reads_disk_ps"],r["small_reads_xrmem_ps"],
        ^^^^^^^^^^^^^^^^^^^^^^^^^^^^^^^^^^^^^^^^^^^^^^^^^^^^^^^^^^^^^^^^^^^^^^^^^^^^^
        r["row_hash"]))
        ^^^^^^^^^^^^^^^
psycopg2.errors.NotNullViolation: null value in column "dbname" violates not-null constraint
DETAIL:  Failing row contains (16, null, null, null, null, 381670, 298820, 16888, 107233, 259174, 419.88, 328.73, 18.58, 117.97, 285.12, 37.29, 45.07, 17.64, 6547.20, 7912.00, 3096.00, 39a7be3edaebc920d152c0783aef5022, 2026-08-17 12:00:32.10189).

[2026-08-17 12:00:44] INFO     | exadata_single_block_reads_parser | ✅ Parsed Single Block Reads (flash%=25.35, disk%=60.35, xrmem%=14.29)
[2026-08-17 12:00:44] ERROR    | exadata_single_block_reads_parser | ❌ Single Block Reads insert failed: null value in column "dbname" violates not-null constraint
DETAIL:  Failing row contains (17, null, null, null, null, 381670, 298820, 16888, 107233, 259174, 419.88, 328.73, 18.58, 117.97, 285.12, 25.35, 60.35, 14.29, 5491.20, 13072.00, 3096.00, 39a7be3edaebc920d152c0783aef5022, 2026-08-17 12:00:44.518408).
Traceback (most recent call last):
  File "C:\AWR_Insight_Portal_v2\modules\awr\exadata_single_block_reads_parser.py", line 130, in insert_single_block_reads
    cur.execute(sql,(r["dbname"],r["instance"],r["begin_snap"],r["snap_time"],
    ~~~~~~~~~~~^^^^^^^^^^^^^^^^^^^^^^^^^^^^^^^^^^^^^^^^^^^^^^^^^^^^^^^^^^^^^^^
        r["phys_read_total_io"],r["phys_read_io_reqs"],r["fc_read_hits"],
        ^^^^^^^^^^^^^^^^^^^^^^^^^^^^^^^^^^^^^^^^^^^^^^^^^^^^^^^^^^^^^^^^^
    ...<4 lines>...
        r["small_reads_flash_ps"],r["small_reads_disk_ps"],r["small_reads_xrmem_ps"],
        ^^^^^^^^^^^^^^^^^^^^^^^^^^^^^^^^^^^^^^^^^^^^^^^^^^^^^^^^^^^^^^^^^^^^^^^^^^^^^
        r["row_hash"]))
        ^^^^^^^^^^^^^^^
psycopg2.errors.NotNullViolation: null value in column "dbname" violates not-null constraint
DETAIL:  Failing row contains (17, null, null, null, null, 381670, 298820, 16888, 107233, 259174, 419.88, 328.73, 18.58, 117.97, 285.12, 25.35, 60.35, 14.29, 5491.20, 13072.00, 3096.00, 39a7be3edaebc920d152c0783aef5022, 2026-08-17 12:00:44.518408).

[2026-08-17 12:00:56] INFO     | exadata_single_block_reads_parser | ✅ Parsed Single Block Reads (flash%=11.31, disk%=78.32, xrmem%=10.37)
[2026-08-17 12:00:56] ERROR    | exadata_single_block_reads_parser | ❌ Single Block Reads insert failed: null value in column "dbname" violates not-null constraint
DETAIL:  Failing row contains (18, null, null, null, null, 381670, 298820, 16888, 107233, 259174, 419.88, 328.73, 18.58, 117.97, 285.12, 11.31, 78.32, 10.37, 3379.20, 23392.00, 3096.00, 39a7be3edaebc920d152c0783aef5022, 2026-08-17 12:00:56.167963).
Traceback (most recent call last):
  File "C:\AWR_Insight_Portal_v2\modules\awr\exadata_single_block_reads_parser.py", line 130, in insert_single_block_reads
    cur.execute(sql,(r["dbname"],r["instance"],r["begin_snap"],r["snap_time"],
    ~~~~~~~~~~~^^^^^^^^^^^^^^^^^^^^^^^^^^^^^^^^^^^^^^^^^^^^^^^^^^^^^^^^^^^^^^^
        r["phys_read_total_io"],r["phys_read_io_reqs"],r["fc_read_hits"],
        ^^^^^^^^^^^^^^^^^^^^^^^^^^^^^^^^^^^^^^^^^^^^^^^^^^^^^^^^^^^^^^^^^
    ...<4 lines>...
        r["small_reads_flash_ps"],r["small_reads_disk_ps"],r["small_reads_xrmem_ps"],
        ^^^^^^^^^^^^^^^^^^^^^^^^^^^^^^^^^^^^^^^^^^^^^^^^^^^^^^^^^^^^^^^^^^^^^^^^^^^^^
        r["row_hash"]))
        ^^^^^^^^^^^^^^^
psycopg2.errors.NotNullViolation: null value in column "dbname" violates not-null constraint
DETAIL:  Failing row contains (18, null, null, null, null, 381670, 298820, 16888, 107233, 259174, 419.88, 328.73, 18.58, 117.97, 285.12, 11.31, 78.32, 10.37, 3379.20, 23392.00, 3096.00, 39a7be3edaebc920d152c0783aef5022, 2026-08-17 12:00:56.167963).

[2026-08-17 12:01:08] INFO     | exadata_single_block_reads_parser | ✅ Parsed Single Block Reads (flash%=1.24, disk%=96.87, xrmem%=1.89)
[2026-08-17 12:01:08] ERROR    | exadata_single_block_reads_parser | ❌ Single Block Reads insert failed: null value in column "dbname" violates not-null constraint
DETAIL:  Failing row contains (19, null, null, null, null, 381670, 298820, 16888, 107233, 259174, 419.88, 328.73, 18.58, 117.97, 285.12, 1.24, 96.87, 1.89, 510.40, 39732.00, 774.00, 39a7be3edaebc920d152c0783aef5022, 2026-08-17 12:01:08.190243).
Traceback (most recent call last):
  File "C:\AWR_Insight_Portal_v2\modules\awr\exadata_single_block_reads_parser.py", line 130, in insert_single_block_reads
    cur.execute(sql,(r["dbname"],r["instance"],r["begin_snap"],r["snap_time"],
    ~~~~~~~~~~~^^^^^^^^^^^^^^^^^^^^^^^^^^^^^^^^^^^^^^^^^^^^^^^^^^^^^^^^^^^^^^^
        r["phys_read_total_io"],r["phys_read_io_reqs"],r["fc_read_hits"],
        ^^^^^^^^^^^^^^^^^^^^^^^^^^^^^^^^^^^^^^^^^^^^^^^^^^^^^^^^^^^^^^^^^
    ...<4 lines>...
        r["small_reads_flash_ps"],r["small_reads_disk_ps"],r["small_reads_xrmem_ps"],
        ^^^^^^^^^^^^^^^^^^^^^^^^^^^^^^^^^^^^^^^^^^^^^^^^^^^^^^^^^^^^^^^^^^^^^^^^^^^^^
        r["row_hash"]))
        ^^^^^^^^^^^^^^^
psycopg2.errors.NotNullViolation: null value in column "dbname" violates not-null constraint
DETAIL:  Failing row contains (19, null, null, null, null, 381670, 298820, 16888, 107233, 259174, 419.88, 328.73, 18.58, 117.97, 285.12, 1.24, 96.87, 1.89, 510.40, 39732.00, 774.00, 39a7be3edaebc920d152c0783aef5022, 2026-08-17 12:01:08.190243).

[2026-08-17 12:01:19] INFO     | exadata_single_block_reads_parser | ✅ Parsed Single Block Reads (flash%=25.35, disk%=56.38, xrmem%=18.26)
[2026-08-17 12:01:19] ERROR    | exadata_single_block_reads_parser | ❌ Single Block Reads insert failed: null value in column "dbname" violates not-null constraint
DETAIL:  Failing row contains (20, null, null, null, null, 381670, 298820, 16888, 107233, 259174, 419.88, 328.73, 18.58, 117.97, 285.12, 25.35, 56.38, 18.26, 5491.20, 12212.00, 3956.00, 39a7be3edaebc920d152c0783aef5022, 2026-08-17 12:01:19.755214).
Traceback (most recent call last):
  File "C:\AWR_Insight_Portal_v2\modules\awr\exadata_single_block_reads_parser.py", line 130, in insert_single_block_reads
    cur.execute(sql,(r["dbname"],r["instance"],r["begin_snap"],r["snap_time"],
    ~~~~~~~~~~~^^^^^^^^^^^^^^^^^^^^^^^^^^^^^^^^^^^^^^^^^^^^^^^^^^^^^^^^^^^^^^^
        r["phys_read_total_io"],r["phys_read_io_reqs"],r["fc_read_hits"],
        ^^^^^^^^^^^^^^^^^^^^^^^^^^^^^^^^^^^^^^^^^^^^^^^^^^^^^^^^^^^^^^^^^
    ...<4 lines>...
        r["small_reads_flash_ps"],r["small_reads_disk_ps"],r["small_reads_xrmem_ps"],
        ^^^^^^^^^^^^^^^^^^^^^^^^^^^^^^^^^^^^^^^^^^^^^^^^^^^^^^^^^^^^^^^^^^^^^^^^^^^^^
        r["row_hash"]))
        ^^^^^^^^^^^^^^^
psycopg2.errors.NotNullViolation: null value in column "dbname" violates not-null constraint
DETAIL:  Failing row contains (20, null, null, null, null, 381670, 298820, 16888, 107233, 259174, 419.88, 328.73, 18.58, 117.97, 285.12, 25.35, 56.38, 18.26, 5491.20, 12212.00, 3956.00, 39a7be3edaebc920d152c0783aef5022, 2026-08-17 12:01:19.755214).

[2026-08-17 12:06:27] WARNING  | exadata_single_block_reads_parser | ⚠️  Single Block Reads section not found
[2026-08-17 12:07:56] WARNING  | exadata_single_block_reads_parser | ⚠️  Single Block Reads section not found
[2026-08-17 12:09:27] WARNING  | exadata_single_block_reads_parser | ⚠️  Single Block Reads section not found
[2026-08-17 12:11:00] WARNING  | exadata_single_block_reads_parser | ⚠️  Single Block Reads section not found
[2026-08-17 12:37:47] WARNING  | exadata_single_block_reads_parser | ⚠️  Single Block Reads section not found
[2026-08-17 12:39:22] WARNING  | exadata_single_block_reads_parser | ⚠️  Single Block Reads section not found
[2026-08-17 12:40:54] WARNING  | exadata_single_block_reads_parser | ⚠️  Single Block Reads section not found
[2026-08-17 12:42:29] WARNING  | exadata_single_block_reads_parser | ⚠️  Single Block Reads section not found
[2026-08-17 12:44:04] WARNING  | exadata_single_block_reads_parser | ⚠️  Single Block Reads section not found
[2026-08-17 13:36:06] WARNING  | exadata_single_block_reads_parser | ⚠️  Single Block Reads section not found
[2026-08-17 13:37:43] WARNING  | exadata_single_block_reads_parser | ⚠️  Single Block Reads section not found
[2026-08-17 13:39:10] WARNING  | exadata_single_block_reads_parser | ⚠️  Single Block Reads section not found
[2026-08-17 13:40:50] WARNING  | exadata_single_block_reads_parser | ⚠️  Single Block Reads section not found
[2026-08-17 13:42:30] WARNING  | exadata_single_block_reads_parser | ⚠️  Single Block Reads section not found
[2026-08-17 14:02:51] WARNING  | exadata_single_block_reads_parser | ⚠️  Single Block Reads section not found
[2026-08-17 14:04:31] WARNING  | exadata_single_block_reads_parser | ⚠️  Single Block Reads section not found
[2026-08-17 14:06:06] WARNING  | exadata_single_block_reads_parser | ⚠️  Single Block Reads section not found
[2026-08-17 14:07:46] WARNING  | exadata_single_block_reads_parser | ⚠️  Single Block Reads section not found
[2026-08-17 14:09:20] WARNING  | exadata_single_block_reads_parser | ⚠️  Single Block Reads section not found
[2026-08-17 14:10:58] WARNING  | exadata_single_block_reads_parser | ⚠️  Single Block Reads section not found
[2026-08-17 14:12:31] WARNING  | exadata_single_block_reads_parser | ⚠️  Single Block Reads section not found
[2026-08-17 14:15:05] WARNING  | exadata_single_block_reads_parser | ⚠️  Single Block Reads section not found
[2026-08-17 14:16:42] WARNING  | exadata_single_block_reads_parser | ⚠️  Single Block Reads section not found
[2026-08-17 14:33:24] WARNING  | exadata_single_block_reads_parser | ⚠️  Single Block Reads section not found
[2026-08-17 14:34:56] WARNING  | exadata_single_block_reads_parser | ⚠️  Single Block Reads section not found
[2026-08-17 14:36:27] WARNING  | exadata_single_block_reads_parser | ⚠️  Single Block Reads section not found
[2026-08-17 14:38:04] WARNING  | exadata_single_block_reads_parser | ⚠️  Single Block Reads section not found
[2026-08-17 14:39:37] WARNING  | exadata_single_block_reads_parser | ⚠️  Single Block Reads section not found
[2026-08-17 14:41:06] WARNING  | exadata_single_block_reads_parser | ⚠️  Single Block Reads section not found
[2026-08-17 14:42:35] WARNING  | exadata_single_block_reads_parser | ⚠️  Single Block Reads section not found
[2026-08-17 14:44:07] WARNING  | exadata_single_block_reads_parser | ⚠️  Single Block Reads section not found
[2026-08-17 14:45:41] WARNING  | exadata_single_block_reads_parser | ⚠️  Single Block Reads section not found
[2026-08-17 15:03:47] WARNING  | exadata_single_block_reads_parser | ⚠️  Single Block Reads section not found
[2026-08-17 15:05:21] WARNING  | exadata_single_block_reads_parser | ⚠️  Single Block Reads section not found
[2026-08-17 15:06:55] WARNING  | exadata_single_block_reads_parser | ⚠️  Single Block Reads section not found
[2026-08-17 15:08:30] WARNING  | exadata_single_block_reads_parser | ⚠️  Single Block Reads section not found
[2026-08-17 15:10:01] WARNING  | exadata_single_block_reads_parser | ⚠️  Single Block Reads section not found
[2026-08-17 15:11:30] WARNING  | exadata_single_block_reads_parser | ⚠️  Single Block Reads section not found
[2026-08-17 15:12:58] WARNING  | exadata_single_block_reads_parser | ⚠️  Single Block Reads section not found
[2026-08-17 15:14:32] WARNING  | exadata_single_block_reads_parser | ⚠️  Single Block Reads section not found
[2026-08-17 15:18:01] WARNING  | exadata_single_block_reads_parser | ⚠️  Single Block Reads section not found
[2026-08-17 15:19:37] WARNING  | exadata_single_block_reads_parser | ⚠️  Single Block Reads section not found
[2026-08-17 15:36:18] WARNING  | exadata_single_block_reads_parser | ⚠️  Single Block Reads section not found
[2026-08-17 15:37:48] WARNING  | exadata_single_block_reads_parser | ⚠️  Single Block Reads section not found
[2026-08-17 15:44:08] WARNING  | exadata_single_block_reads_parser | ⚠️  Single Block Reads section not found
[2026-08-17 15:45:41] WARNING  | exadata_single_block_reads_parser | ⚠️  Single Block Reads section not found
[2026-08-17 15:47:15] WARNING  | exadata_single_block_reads_parser | ⚠️  Single Block Reads section not found
[2026-08-17 15:48:49] WARNING  | exadata_single_block_reads_parser | ⚠️  Single Block Reads section not found
[2026-08-17 15:50:24] WARNING  | exadata_single_block_reads_parser | ⚠️  Single Block Reads section not found
[2026-08-17 15:52:00] WARNING  | exadata_single_block_reads_parser | ⚠️  Single Block Reads section not found
[2026-08-17 15:53:35] WARNING  | exadata_single_block_reads_parser | ⚠️  Single Block Reads section not found
[2026-08-17 15:55:08] WARNING  | exadata_single_block_reads_parser | ⚠️  Single Block Reads section not found
[2026-08-17 15:57:24] WARNING  | exadata_single_block_reads_parser | ⚠️  Single Block Reads section not found
[2026-08-17 16:07:03] WARNING  | exadata_single_block_reads_parser | ⚠️  Single Block Reads section not found
[2026-08-17 16:08:30] WARNING  | exadata_single_block_reads_parser | ⚠️  Single Block Reads section not found
[2026-08-17 16:10:00] WARNING  | exadata_single_block_reads_parser | ⚠️  Single Block Reads section not found
[2026-08-17 16:11:35] WARNING  | exadata_single_block_reads_parser | ⚠️  Single Block Reads section not found
[2026-08-17 16:13:04] WARNING  | exadata_single_block_reads_parser | ⚠️  Single Block Reads section not found
[2026-08-17 16:14:36] WARNING  | exadata_single_block_reads_parser | ⚠️  Single Block Reads section not found
[2026-08-17 16:15:51] WARNING  | exadata_single_block_reads_parser | ⚠️  Single Block Reads section not found
[2026-08-17 16:17:25] WARNING  | exadata_single_block_reads_parser | ⚠️  Single Block Reads section not found
[2026-08-17 16:18:58] WARNING  | exadata_single_block_reads_parser | ⚠️  Single Block Reads section not found
[2026-08-17 16:20:39] WARNING  | exadata_single_block_reads_parser | ⚠️  Single Block Reads section not found
[2026-08-17 16:21:35] INFO     | exadata_single_block_reads_parser | ✅ Parsed Single Block Reads (flash%=3.7, disk%=47.94, xrmem%=48.36)
[2026-08-17 16:21:35] INFO     | exadata_single_block_reads_parser | ✅ Inserted 1 rows into awr_exadata_single_block_reads
[2026-08-17 16:21:48] INFO     | exadata_single_block_reads_parser | ✅ Parsed Single Block Reads (flash%=34.93, disk%=42.91, xrmem%=22.16)
[2026-08-17 16:21:48] INFO     | exadata_single_block_reads_parser | ✅ Inserted 1 rows into awr_exadata_single_block_reads
[2026-08-17 16:22:00] INFO     | exadata_single_block_reads_parser | ✅ Parsed Single Block Reads (flash%=14.44, disk%=46.99, xrmem%=38.56)
[2026-08-17 16:22:00] INFO     | exadata_single_block_reads_parser | ✅ Inserted 1 rows into awr_exadata_single_block_reads
[2026-08-17 16:22:11] WARNING  | exadata_single_block_reads_parser | ⚠️  Single Block Reads section not found
[2026-08-17 16:22:13] INFO     | exadata_single_block_reads_parser | ✅ Parsed Single Block Reads (flash%=4.41, disk%=26.71, xrmem%=68.88)
[2026-08-17 16:22:13] INFO     | exadata_single_block_reads_parser | ✅ Inserted 1 rows into awr_exadata_single_block_reads
[2026-08-17 16:22:35] INFO     | exadata_single_block_reads_parser | ✅ Parsed Single Block Reads (flash%=3.7, disk%=47.94, xrmem%=48.36)
[2026-08-17 16:22:35] INFO     | exadata_single_block_reads_parser | ✅ Inserted 1 rows into awr_exadata_single_block_reads
[2026-08-17 16:22:48] INFO     | exadata_single_block_reads_parser | ✅ Parsed Single Block Reads (flash%=12.95, disk%=72.76, xrmem%=14.28)
[2026-08-17 16:22:48] INFO     | exadata_single_block_reads_parser | ✅ Inserted 1 rows into awr_exadata_single_block_reads
[2026-08-17 16:23:00] INFO     | exadata_single_block_reads_parser | ✅ Parsed Single Block Reads (flash%=1.84, disk%=94.73, xrmem%=3.43)
[2026-08-17 16:23:01] INFO     | exadata_single_block_reads_parser | ✅ Inserted 1 rows into awr_exadata_single_block_reads
[2026-08-17 16:23:13] INFO     | exadata_single_block_reads_parser | ✅ Parsed Single Block Reads (flash%=3.28, disk%=95.15, xrmem%=1.58)
[2026-08-17 16:23:13] INFO     | exadata_single_block_reads_parser | ✅ Inserted 1 rows into awr_exadata_single_block_reads
[2026-08-17 16:23:25] INFO     | exadata_single_block_reads_parser | ✅ Parsed Single Block Reads (flash%=7.51, disk%=80.61, xrmem%=11.88)
[2026-08-17 16:23:25] INFO     | exadata_single_block_reads_parser | ✅ Inserted 1 rows into awr_exadata_single_block_reads
[2026-08-17 16:23:38] INFO     | exadata_single_block_reads_parser | ✅ Parsed Single Block Reads (flash%=30.7, disk%=53.51, xrmem%=15.79)
[2026-08-17 16:23:38] INFO     | exadata_single_block_reads_parser | ✅ Inserted 1 rows into awr_exadata_single_block_reads
[2026-08-17 16:23:42] WARNING  | exadata_single_block_reads_parser | ⚠️  Single Block Reads section not found
[2026-08-17 16:23:50] INFO     | exadata_single_block_reads_parser | ✅ Parsed Single Block Reads (flash%=22.32, disk%=64.24, xrmem%=13.44)
[2026-08-17 16:23:51] INFO     | exadata_single_block_reads_parser | ✅ Inserted 1 rows into awr_exadata_single_block_reads
[2026-08-17 16:24:03] INFO     | exadata_single_block_reads_parser | ✅ Parsed Single Block Reads (flash%=34.93, disk%=48.09, xrmem%=16.97)
[2026-08-17 16:24:03] INFO     | exadata_single_block_reads_parser | ✅ Inserted 1 rows into awr_exadata_single_block_reads
[2026-08-17 16:24:16] INFO     | exadata_single_block_reads_parser | ✅ Parsed Single Block Reads (flash%=42.62, disk%=38.25, xrmem%=19.13)
[2026-08-17 16:24:16] INFO     | exadata_single_block_reads_parser | ✅ Inserted 1 rows into awr_exadata_single_block_reads
[2026-08-17 16:24:28] INFO     | exadata_single_block_reads_parser | ✅ Parsed Single Block Reads (flash%=30.7, disk%=53.51, xrmem%=15.79)
[2026-08-17 16:24:28] INFO     | exadata_single_block_reads_parser | ✅ Inserted 1 rows into awr_exadata_single_block_reads
[2026-08-17 16:24:41] INFO     | exadata_single_block_reads_parser | ✅ Parsed Single Block Reads (flash%=27.02, disk%=58.22, xrmem%=14.76)
[2026-08-17 16:24:41] INFO     | exadata_single_block_reads_parser | ✅ Inserted 1 rows into awr_exadata_single_block_reads
[2026-08-17 16:24:53] INFO     | exadata_single_block_reads_parser | ✅ Parsed Single Block Reads (flash%=37.29, disk%=45.07, xrmem%=17.64)
[2026-08-17 16:24:53] INFO     | exadata_single_block_reads_parser | ✅ Inserted 1 rows into awr_exadata_single_block_reads
[2026-08-17 16:25:06] INFO     | exadata_single_block_reads_parser | ✅ Parsed Single Block Reads (flash%=25.35, disk%=60.35, xrmem%=14.29)
[2026-08-17 16:25:06] INFO     | exadata_single_block_reads_parser | ✅ Inserted 1 rows into awr_exadata_single_block_reads
[2026-08-17 16:25:18] INFO     | exadata_single_block_reads_parser | ✅ Parsed Single Block Reads (flash%=11.31, disk%=78.32, xrmem%=10.37)
[2026-08-17 16:25:18] INFO     | exadata_single_block_reads_parser | ✅ Inserted 1 rows into awr_exadata_single_block_reads
[2026-08-17 16:25:31] INFO     | exadata_single_block_reads_parser | ✅ Parsed Single Block Reads (flash%=1.24, disk%=96.87, xrmem%=1.89)
[2026-08-17 16:25:31] INFO     | exadata_single_block_reads_parser | ✅ Inserted 1 rows into awr_exadata_single_block_reads
[2026-08-17 16:25:44] INFO     | exadata_single_block_reads_parser | ✅ Parsed Single Block Reads (flash%=25.35, disk%=56.38, xrmem%=18.26)
[2026-08-17 16:25:44] INFO     | exadata_single_block_reads_parser | ✅ Inserted 1 rows into awr_exadata_single_block_reads
[2026-08-17 16:40:38] WARNING  | exadata_single_block_reads_parser | ⚠️  Single Block Reads section not found
[2026-08-17 16:42:11] WARNING  | exadata_single_block_reads_parser | ⚠️  Single Block Reads section not found
[2026-08-17 16:43:44] WARNING  | exadata_single_block_reads_parser | ⚠️  Single Block Reads section not found
[2026-08-17 16:45:18] WARNING  | exadata_single_block_reads_parser | ⚠️  Single Block Reads section not found
[2026-08-17 16:46:49] WARNING  | exadata_single_block_reads_parser | ⚠️  Single Block Reads section not found
[2026-08-17 16:48:19] WARNING  | exadata_single_block_reads_parser | ⚠️  Single Block Reads section not found
[2026-08-17 16:49:52] WARNING  | exadata_single_block_reads_parser | ⚠️  Single Block Reads section not found
[2026-08-17 16:51:28] WARNING  | exadata_single_block_reads_parser | ⚠️  Single Block Reads section not found
[2026-08-17 16:52:59] WARNING  | exadata_single_block_reads_parser | ⚠️  Single Block Reads section not found
[2026-08-17 16:54:35] WARNING  | exadata_single_block_reads_parser | ⚠️  Single Block Reads section not found
[2026-08-17 16:56:06] WARNING  | exadata_single_block_reads_parser | ⚠️  Single Block Reads section not found
[2026-08-17 16:57:40] WARNING  | exadata_single_block_reads_parser | ⚠️  Single Block Reads section not found
[2026-08-17 16:59:08] WARNING  | exadata_single_block_reads_parser | ⚠️  Single Block Reads section not found
[2026-08-17 17:11:22] WARNING  | exadata_single_block_reads_parser | ⚠️  Single Block Reads section not found
[2026-08-17 17:12:54] WARNING  | exadata_single_block_reads_parser | ⚠️  Single Block Reads section not found
[2026-08-17 17:14:25] WARNING  | exadata_single_block_reads_parser | ⚠️  Single Block Reads section not found
[2026-08-17 17:15:59] WARNING  | exadata_single_block_reads_parser | ⚠️  Single Block Reads section not found
[2026-08-17 17:17:29] WARNING  | exadata_single_block_reads_parser | ⚠️  Single Block Reads section not found
[2026-08-17 17:19:07] WARNING  | exadata_single_block_reads_parser | ⚠️  Single Block Reads section not found
[2026-08-17 17:20:37] WARNING  | exadata_single_block_reads_parser | ⚠️  Single Block Reads section not found
[2026-08-17 17:22:12] WARNING  | exadata_single_block_reads_parser | ⚠️  Single Block Reads section not found
[2026-08-17 17:23:44] WARNING  | exadata_single_block_reads_parser | ⚠️  Single Block Reads section not found
[2026-08-17 17:25:17] WARNING  | exadata_single_block_reads_parser | ⚠️  Single Block Reads section not found
[2026-08-17 17:26:49] WARNING  | exadata_single_block_reads_parser | ⚠️  Single Block Reads section not found
[2026-08-17 17:28:21] WARNING  | exadata_single_block_reads_parser | ⚠️  Single Block Reads section not found
[2026-08-17 17:29:50] WARNING  | exadata_single_block_reads_parser | ⚠️  Single Block Reads section not found
[2026-08-17 17:31:20] WARNING  | exadata_single_block_reads_parser | ⚠️  Single Block Reads section not found
[2026-08-17 17:42:09] WARNING  | exadata_single_block_reads_parser | ⚠️  Single Block Reads section not found
[2026-08-17 17:43:44] WARNING  | exadata_single_block_reads_parser | ⚠️  Single Block Reads section not found
[2026-08-17 17:45:18] WARNING  | exadata_single_block_reads_parser | ⚠️  Single Block Reads section not found
[2026-08-17 17:46:51] WARNING  | exadata_single_block_reads_parser | ⚠️  Single Block Reads section not found
[2026-08-17 17:48:22] WARNING  | exadata_single_block_reads_parser | ⚠️  Single Block Reads section not found
[2026-08-17 17:49:51] WARNING  | exadata_single_block_reads_parser | ⚠️  Single Block Reads section not found
[2026-08-17 18:16:14] WARNING  | exadata_single_block_reads_parser | ⚠️  Single Block Reads section not found
[2026-08-18 09:36:00] WARNING  | exadata_single_block_reads_parser | ⚠️  Single Block Reads section not found
[2026-08-18 09:37:17] WARNING  | exadata_single_block_reads_parser | ⚠️  Single Block Reads section not found
[2026-08-18 09:38:57] WARNING  | exadata_single_block_reads_parser | ⚠️  Single Block Reads section not found
[2026-08-18 09:40:32] WARNING  | exadata_single_block_reads_parser | ⚠️  Single Block Reads section not found
[2026-08-18 09:42:06] WARNING  | exadata_single_block_reads_parser | ⚠️  Single Block Reads section not found
[2026-08-18 09:43:31] WARNING  | exadata_single_block_reads_parser | ⚠️  Single Block Reads section not found
[2026-08-18 09:44:51] WARNING  | exadata_single_block_reads_parser | ⚠️  Single Block Reads section not found
[2026-08-18 09:46:18] WARNING  | exadata_single_block_reads_parser | ⚠️  Single Block Reads section not found
[2026-08-18 09:47:57] WARNING  | exadata_single_block_reads_parser | ⚠️  Single Block Reads section not found
[2026-08-18 09:49:24] WARNING  | exadata_single_block_reads_parser | ⚠️  Single Block Reads section not found
[2026-08-18 09:50:51] WARNING  | exadata_single_block_reads_parser | ⚠️  Single Block Reads section not found
[2026-08-18 09:52:21] WARNING  | exadata_single_block_reads_parser | ⚠️  Single Block Reads section not found
[2026-08-18 09:54:01] WARNING  | exadata_single_block_reads_parser | ⚠️  Single Block Reads section not found
[2026-08-18 09:55:47] WARNING  | exadata_single_block_reads_parser | ⚠️  Single Block Reads section not found
[2026-08-18 09:57:36] WARNING  | exadata_single_block_reads_parser | ⚠️  Single Block Reads section not found
[2026-08-18 09:59:17] WARNING  | exadata_single_block_reads_parser | ⚠️  Single Block Reads section not found
[2026-08-18 10:00:52] WARNING  | exadata_single_block_reads_parser | ⚠️  Single Block Reads section not found
[2026-08-18 10:02:22] WARNING  | exadata_single_block_reads_parser | ⚠️  Single Block Reads section not found
[2026-08-18 10:03:48] WARNING  | exadata_single_block_reads_parser | ⚠️  Single Block Reads section not found
[2026-08-18 10:05:15] WARNING  | exadata_single_block_reads_parser | ⚠️  Single Block Reads section not found
[2026-08-18 10:07:09] WARNING  | exadata_single_block_reads_parser | ⚠️  Single Block Reads section not found
[2026-08-18 10:08:50] WARNING  | exadata_single_block_reads_parser | ⚠️  Single Block Reads section not found
[2026-08-18 10:10:17] WARNING  | exadata_single_block_reads_parser | ⚠️  Single Block Reads section not found
[2026-08-18 10:11:49] WARNING  | exadata_single_block_reads_parser | ⚠️  Single Block Reads section not found
[2026-08-18 10:31:20] WARNING  | exadata_single_block_reads_parser | ⚠️  Single Block Reads section not found
[2026-08-18 11:01:27] WARNING  | exadata_single_block_reads_parser | ⚠️  Single Block Reads section not found
[2026-08-18 11:03:11] WARNING  | exadata_single_block_reads_parser | ⚠️  Single Block Reads section not found
[2026-08-18 11:31:24] WARNING  | exadata_single_block_reads_parser | ⚠️  Single Block Reads section not found
[2026-08-18 11:32:54] WARNING  | exadata_single_block_reads_parser | ⚠️  Single Block Reads section not found
[2026-08-18 11:34:21] WARNING  | exadata_single_block_reads_parser | ⚠️  Single Block Reads section not found
[2026-08-18 12:02:53] WARNING  | exadata_single_block_reads_parser | ⚠️  Single Block Reads section not found
[2026-08-18 12:04:27] WARNING  | exadata_single_block_reads_parser | ⚠️  Single Block Reads section not found
[2026-08-18 12:05:57] WARNING  | exadata_single_block_reads_parser | ⚠️  Single Block Reads section not found
[2026-08-18 12:07:27] WARNING  | exadata_single_block_reads_parser | ⚠️  Single Block Reads section not found
[2026-08-18 12:33:03] WARNING  | exadata_single_block_reads_parser | ⚠️  Single Block Reads section not found
[2026-08-18 12:34:41] WARNING  | exadata_single_block_reads_parser | ⚠️  Single Block Reads section not found
[2026-08-18 12:36:16] WARNING  | exadata_single_block_reads_parser | ⚠️  Single Block Reads section not found
[2026-08-18 12:37:49] WARNING  | exadata_single_block_reads_parser | ⚠️  Single Block Reads section not found
[2026-08-18 12:39:22] WARNING  | exadata_single_block_reads_parser | ⚠️  Single Block Reads section not found
[2026-08-18 13:05:41] WARNING  | exadata_single_block_reads_parser | ⚠️  Single Block Reads section not found
[2026-08-18 13:07:11] WARNING  | exadata_single_block_reads_parser | ⚠️  Single Block Reads section not found
[2026-08-18 13:08:44] WARNING  | exadata_single_block_reads_parser | ⚠️  Single Block Reads section not found
[2026-08-18 13:10:15] WARNING  | exadata_single_block_reads_parser | ⚠️  Single Block Reads section not found
[2026-08-18 13:11:49] WARNING  | exadata_single_block_reads_parser | ⚠️  Single Block Reads section not found
[2026-08-18 13:13:23] WARNING  | exadata_single_block_reads_parser | ⚠️  Single Block Reads section not found
[2026-08-18 13:54:48] WARNING  | exadata_single_block_reads_parser | ⚠️  Single Block Reads section not found
[2026-08-18 13:56:23] WARNING  | exadata_single_block_reads_parser | ⚠️  Single Block Reads section not found
[2026-08-18 13:57:57] WARNING  | exadata_single_block_reads_parser | ⚠️  Single Block Reads section not found
[2026-08-18 13:59:26] WARNING  | exadata_single_block_reads_parser | ⚠️  Single Block Reads section not found
[2026-08-18 14:10:24] WARNING  | exadata_single_block_reads_parser | ⚠️  Single Block Reads section not found
[2026-08-18 14:11:58] WARNING  | exadata_single_block_reads_parser | ⚠️  Single Block Reads section not found
[2026-08-18 14:13:28] WARNING  | exadata_single_block_reads_parser | ⚠️  Single Block Reads section not found
