[2026-08-11 12:44:30] INFO     | exadata_fc_reads_parser | ✅ Parsed 10 Flash Cache User Reads rows
[2026-08-11 12:44:30] INFO     | exadata_fc_reads_parser | ✅ Inserted 10 rows into awr_exadata_fc_reads
[2026-08-11 12:44:44] INFO     | exadata_fc_reads_parser | ✅ Parsed 10 Flash Cache User Reads rows | LOW hit%: ['exacell04(OLTP 5.1%)', 'exacell04(Scan 4.2%)', 'All(Scan 78.3%)']
[2026-08-11 12:44:44] INFO     | exadata_fc_reads_parser | ✅ Inserted 10 rows into awr_exadata_fc_reads
[2026-08-11 12:44:57] INFO     | exadata_fc_reads_parser | ✅ Parsed 8 Flash Cache User Reads rows | LOW hit%: ['exacell01(OLTP 48.2%)', 'exacell01(Scan 42.1%)', 'exacell03(OLTP 48.2%)', 'exacell03(Scan 42.1%)', 'exacell02(OLTP 5.1%)', 'exacell02(Scan 4.2%)', 'exacell04(OLTP 5.1%)', 'exacell04(Scan 4.2%)']
[2026-08-11 12:44:57] INFO     | exadata_fc_reads_parser | ✅ Inserted 8 rows into awr_exadata_fc_reads
[2026-08-11 12:45:10] INFO     | exadata_fc_reads_parser | ✅ Parsed 8 Flash Cache User Reads rows
[2026-08-11 12:45:10] INFO     | exadata_fc_reads_parser | ✅ Inserted 8 rows into awr_exadata_fc_reads
[2026-08-11 12:45:13] INFO     | exadata_fc_reads_parser | ✅ Parsed 8 Flash Cache User Reads rows
[2026-08-11 12:45:13] INFO     | exadata_fc_reads_parser | ✅ Inserted 8 rows into awr_exadata_fc_reads
[2026-08-11 12:45:17] INFO     | exadata_fc_reads_parser | ✅ Parsed 8 Flash Cache User Reads rows | LOW hit%: ['exacell04(OLTP 62.4%)', 'exacell04(Scan 55.8%)', 'exacell01(OLTP 62.4%)', 'exacell01(Scan 55.8%)', 'exacell03(OLTP 62.4%)', 'exacell03(Scan 55.8%)', 'exacell02(OLTP 62.4%)', 'exacell02(Scan 55.8%)']
[2026-08-11 12:45:17] INFO     | exadata_fc_reads_parser | ✅ Inserted 8 rows into awr_exadata_fc_reads
[2026-08-11 12:45:29] INFO     | exadata_fc_reads_parser | ✅ Parsed 8 Flash Cache User Reads rows | LOW hit%: ['exacell01(Scan 76.8%)', 'exacell02(Scan 76.8%)', 'exacell03(Scan 76.8%)', 'exacell04(Scan 76.8%)']
[2026-08-11 12:45:29] INFO     | exadata_fc_reads_parser | ✅ Inserted 8 rows into awr_exadata_fc_reads
[2026-08-11 12:45:42] INFO     | exadata_fc_reads_parser | ✅ Parsed 8 Flash Cache User Reads rows
[2026-08-11 12:45:42] INFO     | exadata_fc_reads_parser | ✅ Inserted 8 rows into awr_exadata_fc_reads
[2026-08-11 12:45:54] INFO     | exadata_fc_reads_parser | ✅ Parsed 8 Flash Cache User Reads rows | LOW hit%: ['exacell02(Scan 76.2%)', 'exacell01(Scan 76.2%)', 'exacell03(Scan 76.2%)', 'exacell04(Scan 76.2%)']
[2026-08-11 12:45:54] INFO     | exadata_fc_reads_parser | ✅ Inserted 8 rows into awr_exadata_fc_reads
[2026-08-11 12:46:07] INFO     | exadata_fc_reads_parser | ✅ Parsed 8 Flash Cache User Reads rows
[2026-08-11 12:46:07] INFO     | exadata_fc_reads_parser | ✅ Inserted 8 rows into awr_exadata_fc_reads
[2026-08-11 12:46:10] INFO     | exadata_fc_reads_parser | ✅ Parsed 8 Flash Cache User Reads rows | LOW hit%: ['exacell02(Scan 74.2%)', 'exacell04(Scan 74.2%)', 'exacell03(Scan 74.2%)', 'exacell01(Scan 74.2%)']
[2026-08-11 12:46:10] INFO     | exadata_fc_reads_parser | ✅ Inserted 8 rows into awr_exadata_fc_reads
[2026-08-11 12:46:24] INFO     | exadata_fc_reads_parser | ✅ Parsed 8 Flash Cache User Reads rows
[2026-08-11 12:46:24] INFO     | exadata_fc_reads_parser | ✅ Inserted 8 rows into awr_exadata_fc_reads
[2026-08-11 12:46:29] INFO     | exadata_fc_reads_parser | ✅ Parsed 8 Flash Cache User Reads rows | LOW hit%: ['exacell04(Scan 78.4%)', 'exacell03(Scan 78.4%)', 'exacell02(Scan 78.4%)', 'exacell01(Scan 78.4%)']
[2026-08-11 12:46:29] INFO     | exadata_fc_reads_parser | ✅ Inserted 8 rows into awr_exadata_fc_reads
[2026-08-11 12:46:43] INFO     | exadata_fc_reads_parser | ✅ Parsed 8 Flash Cache User Reads rows
[2026-08-11 12:46:43] INFO     | exadata_fc_reads_parser | ✅ Inserted 8 rows into awr_exadata_fc_reads
[2026-08-11 12:46:47] INFO     | exadata_fc_reads_parser | ✅ Parsed 8 Flash Cache User Reads rows | LOW hit%: ['exacell02(OLTP 68.4%)', 'exacell02(Scan 58.2%)', 'exacell04(OLTP 68.4%)', 'exacell04(Scan 58.2%)', 'exacell03(OLTP 68.4%)', 'exacell03(Scan 58.2%)', 'exacell01(OLTP 68.4%)', 'exacell01(Scan 58.2%)']
[2026-08-11 12:46:47] INFO     | exadata_fc_reads_parser | ✅ Inserted 8 rows into awr_exadata_fc_reads
[2026-08-11 12:47:03] INFO     | exadata_fc_reads_parser | ✅ Parsed 8 Flash Cache User Reads rows | LOW hit%: ['exacell04(Scan 78.2%)', 'exacell02(Scan 78.2%)', 'exacell03(Scan 78.2%)', 'exacell01(Scan 78.2%)']
[2026-08-11 12:47:03] INFO     | exadata_fc_reads_parser | ✅ Inserted 8 rows into awr_exadata_fc_reads
[2026-08-11 12:47:07] INFO     | exadata_fc_reads_parser | ✅ Parsed 8 Flash Cache User Reads rows | LOW hit%: ['exacell04(Scan 74.8%)', 'exacell01(Scan 74.8%)', 'exacell03(Scan 74.8%)', 'exacell02(Scan 74.8%)']
[2026-08-11 12:47:07] INFO     | exadata_fc_reads_parser | ✅ Inserted 8 rows into awr_exadata_fc_reads
[2026-08-11 12:47:12] INFO     | exadata_fc_reads_parser | ✅ Parsed 8 Flash Cache User Reads rows | LOW hit%: ['exacell03(Scan 79.4%)', 'exacell04(Scan 79.4%)', 'exacell01(Scan 79.4%)', 'exacell02(Scan 79.4%)']
[2026-08-11 12:47:13] INFO     | exadata_fc_reads_parser | ✅ Inserted 8 rows into awr_exadata_fc_reads
[2026-08-11 12:47:16] INFO     | exadata_fc_reads_parser | ✅ Parsed 8 Flash Cache User Reads rows | LOW hit%: ['exacell01(OLTP 44.8%)', 'exacell01(Scan 38.2%)', 'exacell04(OLTP 5.1%)', 'exacell04(Scan 4.2%)', 'exacell03(OLTP 44.8%)', 'exacell03(Scan 38.2%)', 'exacell02(OLTP 44.8%)', 'exacell02(Scan 38.2%)']
[2026-08-11 12:47:16] INFO     | exadata_fc_reads_parser | ✅ Inserted 8 rows into awr_exadata_fc_reads
[2026-08-11 12:47:31] INFO     | exadata_fc_reads_parser | ✅ Parsed 8 Flash Cache User Reads rows | LOW hit%: ['exacell01(OLTP 76.4%)', 'exacell01(Scan 68.2%)', 'exacell03(OLTP 76.4%)', 'exacell03(Scan 68.2%)', 'exacell02(OLTP 76.4%)', 'exacell02(Scan 68.2%)', 'exacell04(OLTP 76.4%)', 'exacell04(Scan 68.2%)']
[2026-08-11 12:47:31] INFO     | exadata_fc_reads_parser | ✅ Inserted 8 rows into awr_exadata_fc_reads
[2026-08-12 13:57:06] WARNING  | exadata_fc_reads_parser | ⚠️  Flash Cache User Reads Per Second section not found
[2026-08-12 13:57:06] WARNING  | exadata_fc_reads_parser | ⚠️  No Flash Cache User Reads data found
[2026-08-12 14:39:49] WARNING  | exadata_fc_reads_parser | ⚠️  Flash Cache User Reads Per Second section not found
[2026-08-12 14:39:49] WARNING  | exadata_fc_reads_parser | ⚠️  No Flash Cache User Reads data found
[2026-08-12 14:41:03] WARNING  | exadata_fc_reads_parser | ⚠️  Flash Cache User Reads Per Second section not found
[2026-08-12 14:41:03] WARNING  | exadata_fc_reads_parser | ⚠️  No Flash Cache User Reads data found
[2026-08-12 14:43:42] INFO     | exadata_fc_reads_parser | ✅ Parsed 10 Flash Cache User Reads rows
[2026-08-12 14:43:42] INFO     | exadata_fc_reads_parser | ✅ Inserted 10 rows into awr_exadata_fc_reads
[2026-08-12 14:44:03] INFO     | exadata_fc_reads_parser | ✅ Parsed 10 Flash Cache User Reads rows | LOW hit%: ['exacell04(OLTP 5.1%)', 'exacell04(Scan 4.2%)', 'All(Scan 78.3%)']
[2026-08-12 14:44:03] INFO     | exadata_fc_reads_parser | ✅ Inserted 10 rows into awr_exadata_fc_reads
[2026-08-12 14:44:20] INFO     | exadata_fc_reads_parser | ✅ Parsed 8 Flash Cache User Reads rows | LOW hit%: ['exacell02(OLTP 5.1%)', 'exacell02(Scan 4.2%)', 'exacell03(OLTP 48.2%)', 'exacell03(Scan 42.1%)', 'exacell01(OLTP 48.2%)', 'exacell01(Scan 42.1%)', 'exacell04(OLTP 5.1%)', 'exacell04(Scan 4.2%)']
[2026-08-12 14:44:20] INFO     | exadata_fc_reads_parser | ✅ Inserted 8 rows into awr_exadata_fc_reads
[2026-08-12 14:44:32] WARNING  | exadata_fc_reads_parser | ⚠️  Flash Cache User Reads Per Second section not found
[2026-08-12 14:44:32] WARNING  | exadata_fc_reads_parser | ⚠️  No Flash Cache User Reads data found
[2026-08-12 14:44:37] INFO     | exadata_fc_reads_parser | ✅ Parsed 8 Flash Cache User Reads rows
[2026-08-12 14:44:37] INFO     | exadata_fc_reads_parser | ✅ Inserted 8 rows into awr_exadata_fc_reads
[2026-08-12 14:44:44] INFO     | exadata_fc_reads_parser | ✅ Parsed 8 Flash Cache User Reads rows
[2026-08-12 14:44:45] INFO     | exadata_fc_reads_parser | ✅ Inserted 8 rows into awr_exadata_fc_reads
[2026-08-12 14:44:54] WARNING  | exadata_fc_reads_parser | ⚠️  Flash Cache User Reads Per Second section not found
[2026-08-12 14:44:54] WARNING  | exadata_fc_reads_parser | ⚠️  No Flash Cache User Reads data found
[2026-08-12 14:44:55] INFO     | exadata_fc_reads_parser | ✅ Parsed 8 Flash Cache User Reads rows | LOW hit%: ['exacell02(OLTP 62.4%)', 'exacell02(Scan 55.8%)', 'exacell04(OLTP 62.4%)', 'exacell04(Scan 55.8%)', 'exacell01(OLTP 62.4%)', 'exacell01(Scan 55.8%)', 'exacell03(OLTP 62.4%)', 'exacell03(Scan 55.8%)']
[2026-08-12 14:44:55] INFO     | exadata_fc_reads_parser | ✅ Inserted 8 rows into awr_exadata_fc_reads
[2026-08-12 14:45:12] WARNING  | exadata_fc_reads_parser | ⚠️  Flash Cache User Reads Per Second section not found
[2026-08-12 14:45:12] WARNING  | exadata_fc_reads_parser | ⚠️  No Flash Cache User Reads data found
[2026-08-12 14:45:16] INFO     | exadata_fc_reads_parser | ✅ Parsed 8 Flash Cache User Reads rows | LOW hit%: ['exacell04(Scan 76.8%)', 'exacell03(Scan 76.8%)', 'exacell01(Scan 76.8%)', 'exacell02(Scan 76.8%)']
[2026-08-12 14:45:16] INFO     | exadata_fc_reads_parser | ✅ Inserted 8 rows into awr_exadata_fc_reads
[2026-08-12 14:45:33] WARNING  | exadata_fc_reads_parser | ⚠️  Flash Cache User Reads Per Second section not found
[2026-08-12 14:45:33] WARNING  | exadata_fc_reads_parser | ⚠️  No Flash Cache User Reads data found
[2026-08-12 14:45:39] INFO     | exadata_fc_reads_parser | ✅ Parsed 8 Flash Cache User Reads rows
[2026-08-12 14:45:39] INFO     | exadata_fc_reads_parser | ✅ Inserted 8 rows into awr_exadata_fc_reads
[2026-08-12 14:45:45] WARNING  | exadata_fc_reads_parser | ⚠️  Flash Cache User Reads Per Second section not found
[2026-08-12 14:45:45] WARNING  | exadata_fc_reads_parser | ⚠️  No Flash Cache User Reads data found
[2026-08-12 14:45:56] WARNING  | exadata_fc_reads_parser | ⚠️  Flash Cache User Reads Per Second section not found
[2026-08-12 14:45:56] WARNING  | exadata_fc_reads_parser | ⚠️  No Flash Cache User Reads data found
[2026-08-12 14:46:05] INFO     | exadata_fc_reads_parser | ✅ Parsed 8 Flash Cache User Reads rows | LOW hit%: ['exacell03(Scan 76.2%)', 'exacell02(Scan 76.2%)', 'exacell04(Scan 76.2%)', 'exacell01(Scan 76.2%)']
[2026-08-12 14:46:05] INFO     | exadata_fc_reads_parser | ✅ Inserted 8 rows into awr_exadata_fc_reads
[2026-08-12 14:46:22] WARNING  | exadata_fc_reads_parser | ⚠️  Flash Cache User Reads Per Second section not found
[2026-08-12 14:46:22] WARNING  | exadata_fc_reads_parser | ⚠️  No Flash Cache User Reads data found
[2026-08-12 14:46:30] INFO     | exadata_fc_reads_parser | ✅ Parsed 8 Flash Cache User Reads rows
[2026-08-12 14:46:30] INFO     | exadata_fc_reads_parser | ✅ Inserted 8 rows into awr_exadata_fc_reads
[2026-08-12 14:46:40] INFO     | exadata_fc_reads_parser | ✅ Parsed 8 Flash Cache User Reads rows | LOW hit%: ['exacell03(Scan 74.2%)', 'exacell01(Scan 74.2%)', 'exacell04(Scan 74.2%)', 'exacell02(Scan 74.2%)']
[2026-08-12 14:46:40] INFO     | exadata_fc_reads_parser | ✅ Inserted 8 rows into awr_exadata_fc_reads
[2026-08-12 14:46:45] WARNING  | exadata_fc_reads_parser | ⚠️  Flash Cache User Reads Per Second section not found
[2026-08-12 14:46:45] WARNING  | exadata_fc_reads_parser | ⚠️  No Flash Cache User Reads data found
[2026-08-12 14:47:02] INFO     | exadata_fc_reads_parser | ✅ Parsed 8 Flash Cache User Reads rows
[2026-08-12 14:47:02] INFO     | exadata_fc_reads_parser | ✅ Inserted 8 rows into awr_exadata_fc_reads
[2026-08-12 14:47:05] WARNING  | exadata_fc_reads_parser | ⚠️  Flash Cache User Reads Per Second section not found
[2026-08-12 14:47:05] WARNING  | exadata_fc_reads_parser | ⚠️  No Flash Cache User Reads data found
[2026-08-12 14:47:11] INFO     | exadata_fc_reads_parser | ✅ Parsed 8 Flash Cache User Reads rows | LOW hit%: ['exacell02(Scan 78.4%)', 'exacell03(Scan 78.4%)', 'exacell01(Scan 78.4%)', 'exacell04(Scan 78.4%)']
[2026-08-12 14:47:11] INFO     | exadata_fc_reads_parser | ✅ Inserted 8 rows into awr_exadata_fc_reads
[2026-08-12 14:47:30] WARNING  | exadata_fc_reads_parser | ⚠️  Flash Cache User Reads Per Second section not found
[2026-08-12 14:47:30] WARNING  | exadata_fc_reads_parser | ⚠️  No Flash Cache User Reads data found
[2026-08-12 14:47:39] INFO     | exadata_fc_reads_parser | ✅ Parsed 8 Flash Cache User Reads rows
[2026-08-12 14:47:39] INFO     | exadata_fc_reads_parser | ✅ Inserted 8 rows into awr_exadata_fc_reads
[2026-08-12 14:47:49] WARNING  | exadata_fc_reads_parser | ⚠️  Flash Cache User Reads Per Second section not found
[2026-08-12 14:47:49] INFO     | exadata_fc_reads_parser | ✅ Parsed 8 Flash Cache User Reads rows | LOW hit%: ['exacell04(OLTP 68.4%)', 'exacell04(Scan 58.2%)', 'exacell01(OLTP 68.4%)', 'exacell01(Scan 58.2%)', 'exacell03(OLTP 68.4%)', 'exacell03(Scan 58.2%)', 'exacell02(OLTP 68.4%)', 'exacell02(Scan 58.2%)']
[2026-08-12 14:47:49] WARNING  | exadata_fc_reads_parser | ⚠️  No Flash Cache User Reads data found
[2026-08-12 14:47:49] INFO     | exadata_fc_reads_parser | ✅ Inserted 8 rows into awr_exadata_fc_reads
[2026-08-12 14:47:54] WARNING  | exadata_fc_reads_parser | ⚠️  Flash Cache User Reads Per Second section not found
[2026-08-12 14:47:54] WARNING  | exadata_fc_reads_parser | ⚠️  No Flash Cache User Reads data found
[2026-08-12 14:48:17] INFO     | exadata_fc_reads_parser | ✅ Parsed 8 Flash Cache User Reads rows | LOW hit%: ['exacell03(Scan 78.2%)', 'exacell01(Scan 78.2%)', 'exacell04(Scan 78.2%)', 'exacell02(Scan 78.2%)']
[2026-08-12 14:48:17] INFO     | exadata_fc_reads_parser | ✅ Inserted 8 rows into awr_exadata_fc_reads
[2026-08-12 14:48:25] INFO     | exadata_fc_reads_parser | ✅ Parsed 8 Flash Cache User Reads rows | LOW hit%: ['exacell01(Scan 74.8%)', 'exacell03(Scan 74.8%)', 'exacell04(Scan 74.8%)', 'exacell02(Scan 74.8%)']
[2026-08-12 14:48:25] INFO     | exadata_fc_reads_parser | ✅ Inserted 8 rows into awr_exadata_fc_reads
[2026-08-12 14:48:34] INFO     | exadata_fc_reads_parser | ✅ Parsed 8 Flash Cache User Reads rows | LOW hit%: ['exacell01(Scan 79.4%)', 'exacell04(Scan 79.4%)', 'exacell03(Scan 79.4%)', 'exacell02(Scan 79.4%)']
[2026-08-12 14:48:34] INFO     | exadata_fc_reads_parser | ✅ Inserted 8 rows into awr_exadata_fc_reads
[2026-08-12 14:48:43] INFO     | exadata_fc_reads_parser | ✅ Parsed 8 Flash Cache User Reads rows | LOW hit%: ['exacell02(OLTP 44.8%)', 'exacell02(Scan 38.2%)', 'exacell01(OLTP 44.8%)', 'exacell01(Scan 38.2%)', 'exacell03(OLTP 44.8%)', 'exacell03(Scan 38.2%)', 'exacell04(OLTP 5.1%)', 'exacell04(Scan 4.2%)']
[2026-08-12 14:48:43] INFO     | exadata_fc_reads_parser | ✅ Inserted 8 rows into awr_exadata_fc_reads
[2026-08-12 14:48:52] WARNING  | exadata_fc_reads_parser | ⚠️  Flash Cache User Reads Per Second section not found
[2026-08-12 14:48:52] WARNING  | exadata_fc_reads_parser | ⚠️  No Flash Cache User Reads data found
[2026-08-12 14:49:05] INFO     | exadata_fc_reads_parser | ✅ Parsed 8 Flash Cache User Reads rows | LOW hit%: ['exacell02(OLTP 76.4%)', 'exacell02(Scan 68.2%)', 'exacell01(OLTP 76.4%)', 'exacell01(Scan 68.2%)', 'exacell03(OLTP 76.4%)', 'exacell03(Scan 68.2%)', 'exacell04(OLTP 76.4%)', 'exacell04(Scan 68.2%)']
[2026-08-12 14:49:05] INFO     | exadata_fc_reads_parser | ✅ Inserted 8 rows into awr_exadata_fc_reads
[2026-08-12 14:51:30] WARNING  | exadata_fc_reads_parser | ⚠️  Flash Cache User Reads Per Second section not found
[2026-08-12 14:51:31] WARNING  | exadata_fc_reads_parser | ⚠️  No Flash Cache User Reads data found
[2026-08-12 14:51:52] WARNING  | exadata_fc_reads_parser | ⚠️  Flash Cache User Reads Per Second section not found
[2026-08-12 14:51:52] WARNING  | exadata_fc_reads_parser | ⚠️  No Flash Cache User Reads data found
[2026-08-12 14:53:42] WARNING  | exadata_fc_reads_parser | ⚠️  Flash Cache User Reads Per Second section not found
[2026-08-12 14:53:42] WARNING  | exadata_fc_reads_parser | ⚠️  No Flash Cache User Reads data found
[2026-08-12 14:55:37] WARNING  | exadata_fc_reads_parser | ⚠️  Flash Cache User Reads Per Second section not found
[2026-08-12 14:55:37] WARNING  | exadata_fc_reads_parser | ⚠️  No Flash Cache User Reads data found
[2026-08-12 14:56:20] WARNING  | exadata_fc_reads_parser | ⚠️  Flash Cache User Reads Per Second section not found
[2026-08-12 14:56:20] WARNING  | exadata_fc_reads_parser | ⚠️  No Flash Cache User Reads data found
[2026-08-12 14:58:31] WARNING  | exadata_fc_reads_parser | ⚠️  Flash Cache User Reads Per Second section not found
[2026-08-12 14:58:31] WARNING  | exadata_fc_reads_parser | ⚠️  No Flash Cache User Reads data found
[2026-08-12 14:59:04] WARNING  | exadata_fc_reads_parser | ⚠️  Flash Cache User Reads Per Second section not found
[2026-08-12 14:59:04] WARNING  | exadata_fc_reads_parser | ⚠️  No Flash Cache User Reads data found
[2026-08-12 15:00:42] WARNING  | exadata_fc_reads_parser | ⚠️  Flash Cache User Reads Per Second section not found
[2026-08-12 15:00:43] WARNING  | exadata_fc_reads_parser | ⚠️  No Flash Cache User Reads data found
[2026-08-12 15:02:10] WARNING  | exadata_fc_reads_parser | ⚠️  Flash Cache User Reads Per Second section not found
[2026-08-12 15:02:10] WARNING  | exadata_fc_reads_parser | ⚠️  No Flash Cache User Reads data found
[2026-08-12 15:02:18] WARNING  | exadata_fc_reads_parser | ⚠️  Flash Cache User Reads Per Second section not found
[2026-08-12 15:02:18] WARNING  | exadata_fc_reads_parser | ⚠️  No Flash Cache User Reads data found
[2026-08-12 15:05:26] WARNING  | exadata_fc_reads_parser | ⚠️  Flash Cache User Reads Per Second section not found
[2026-08-12 15:05:26] WARNING  | exadata_fc_reads_parser | ⚠️  No Flash Cache User Reads data found
[2026-08-12 15:07:58] WARNING  | exadata_fc_reads_parser | ⚠️  Flash Cache User Reads Per Second section not found
[2026-08-12 15:07:59] WARNING  | exadata_fc_reads_parser | ⚠️  No Flash Cache User Reads data found
[2026-08-12 15:10:10] WARNING  | exadata_fc_reads_parser | ⚠️  Flash Cache User Reads Per Second section not found
[2026-08-12 15:10:11] WARNING  | exadata_fc_reads_parser | ⚠️  No Flash Cache User Reads data found
[2026-08-12 15:12:36] WARNING  | exadata_fc_reads_parser | ⚠️  Flash Cache User Reads Per Second section not found
[2026-08-12 15:12:36] WARNING  | exadata_fc_reads_parser | ⚠️  No Flash Cache User Reads data found
[2026-08-12 15:14:56] WARNING  | exadata_fc_reads_parser | ⚠️  Flash Cache User Reads Per Second section not found
[2026-08-12 15:14:56] WARNING  | exadata_fc_reads_parser | ⚠️  No Flash Cache User Reads data found
[2026-08-12 15:17:03] WARNING  | exadata_fc_reads_parser | ⚠️  Flash Cache User Reads Per Second section not found
[2026-08-12 15:17:03] WARNING  | exadata_fc_reads_parser | ⚠️  No Flash Cache User Reads data found
[2026-08-12 15:20:52] WARNING  | exadata_fc_reads_parser | ⚠️  Flash Cache User Reads Per Second section not found
[2026-08-12 15:20:52] WARNING  | exadata_fc_reads_parser | ⚠️  No Flash Cache User Reads data found
[2026-08-12 15:22:57] WARNING  | exadata_fc_reads_parser | ⚠️  Flash Cache User Reads Per Second section not found
[2026-08-12 15:22:57] WARNING  | exadata_fc_reads_parser | ⚠️  No Flash Cache User Reads data found
[2026-08-12 15:25:06] WARNING  | exadata_fc_reads_parser | ⚠️  Flash Cache User Reads Per Second section not found
[2026-08-12 15:25:07] WARNING  | exadata_fc_reads_parser | ⚠️  No Flash Cache User Reads data found
[2026-08-12 15:25:21] WARNING  | exadata_fc_reads_parser | ⚠️  Flash Cache User Reads Per Second section not found
[2026-08-12 15:25:21] WARNING  | exadata_fc_reads_parser | ⚠️  No Flash Cache User Reads data found
[2026-08-12 15:26:35] WARNING  | exadata_fc_reads_parser | ⚠️  Flash Cache User Reads Per Second section not found
[2026-08-12 15:26:35] WARNING  | exadata_fc_reads_parser | ⚠️  No Flash Cache User Reads data found
[2026-08-12 15:27:15] WARNING  | exadata_fc_reads_parser | ⚠️  Flash Cache User Reads Per Second section not found
[2026-08-12 15:27:15] WARNING  | exadata_fc_reads_parser | ⚠️  No Flash Cache User Reads data found
[2026-08-12 15:27:55] WARNING  | exadata_fc_reads_parser | ⚠️  Flash Cache User Reads Per Second section not found
[2026-08-12 15:27:55] WARNING  | exadata_fc_reads_parser | ⚠️  No Flash Cache User Reads data found
[2026-08-12 15:29:14] WARNING  | exadata_fc_reads_parser | ⚠️  Flash Cache User Reads Per Second section not found
[2026-08-12 15:29:14] WARNING  | exadata_fc_reads_parser | ⚠️  No Flash Cache User Reads data found
[2026-08-12 15:29:20] WARNING  | exadata_fc_reads_parser | ⚠️  Flash Cache User Reads Per Second section not found
[2026-08-12 15:29:20] WARNING  | exadata_fc_reads_parser | ⚠️  No Flash Cache User Reads data found
[2026-08-12 15:30:42] WARNING  | exadata_fc_reads_parser | ⚠️  Flash Cache User Reads Per Second section not found
[2026-08-12 15:30:42] WARNING  | exadata_fc_reads_parser | ⚠️  No Flash Cache User Reads data found
[2026-08-12 15:31:27] WARNING  | exadata_fc_reads_parser | ⚠️  Flash Cache User Reads Per Second section not found
[2026-08-12 15:31:27] WARNING  | exadata_fc_reads_parser | ⚠️  No Flash Cache User Reads data found
[2026-08-12 15:32:14] WARNING  | exadata_fc_reads_parser | ⚠️  Flash Cache User Reads Per Second section not found
[2026-08-12 15:32:14] WARNING  | exadata_fc_reads_parser | ⚠️  No Flash Cache User Reads data found
[2026-08-12 15:33:39] WARNING  | exadata_fc_reads_parser | ⚠️  Flash Cache User Reads Per Second section not found
[2026-08-12 15:33:39] WARNING  | exadata_fc_reads_parser | ⚠️  No Flash Cache User Reads data found
[2026-08-12 15:33:46] WARNING  | exadata_fc_reads_parser | ⚠️  Flash Cache User Reads Per Second section not found
[2026-08-12 15:33:46] WARNING  | exadata_fc_reads_parser | ⚠️  No Flash Cache User Reads data found
[2026-08-12 15:35:01] WARNING  | exadata_fc_reads_parser | ⚠️  Flash Cache User Reads Per Second section not found
[2026-08-12 15:35:01] WARNING  | exadata_fc_reads_parser | ⚠️  No Flash Cache User Reads data found
[2026-08-12 15:35:50] WARNING  | exadata_fc_reads_parser | ⚠️  Flash Cache User Reads Per Second section not found
[2026-08-12 15:35:50] WARNING  | exadata_fc_reads_parser | ⚠️  No Flash Cache User Reads data found
[2026-08-12 15:36:18] WARNING  | exadata_fc_reads_parser | ⚠️  Flash Cache User Reads Per Second section not found
[2026-08-12 15:36:18] WARNING  | exadata_fc_reads_parser | ⚠️  No Flash Cache User Reads data found
[2026-08-12 15:37:38] WARNING  | exadata_fc_reads_parser | ⚠️  Flash Cache User Reads Per Second section not found
[2026-08-12 15:37:38] WARNING  | exadata_fc_reads_parser | ⚠️  No Flash Cache User Reads data found
[2026-08-12 15:38:14] WARNING  | exadata_fc_reads_parser | ⚠️  Flash Cache User Reads Per Second section not found
[2026-08-12 15:38:14] WARNING  | exadata_fc_reads_parser | ⚠️  No Flash Cache User Reads data found
[2026-08-12 15:39:12] WARNING  | exadata_fc_reads_parser | ⚠️  Flash Cache User Reads Per Second section not found
[2026-08-12 15:39:12] WARNING  | exadata_fc_reads_parser | ⚠️  No Flash Cache User Reads data found
[2026-08-12 15:40:28] WARNING  | exadata_fc_reads_parser | ⚠️  Flash Cache User Reads Per Second section not found
[2026-08-12 15:40:28] WARNING  | exadata_fc_reads_parser | ⚠️  No Flash Cache User Reads data found
[2026-08-12 15:40:28] WARNING  | exadata_fc_reads_parser | ⚠️  Flash Cache User Reads Per Second section not found
[2026-08-12 15:40:28] WARNING  | exadata_fc_reads_parser | ⚠️  No Flash Cache User Reads data found
[2026-08-12 15:41:49] WARNING  | exadata_fc_reads_parser | ⚠️  Flash Cache User Reads Per Second section not found
[2026-08-12 15:41:49] WARNING  | exadata_fc_reads_parser | ⚠️  No Flash Cache User Reads data found
[2026-08-12 15:42:43] WARNING  | exadata_fc_reads_parser | ⚠️  Flash Cache User Reads Per Second section not found
[2026-08-12 15:42:43] WARNING  | exadata_fc_reads_parser | ⚠️  No Flash Cache User Reads data found
[2026-08-12 15:43:03] WARNING  | exadata_fc_reads_parser | ⚠️  Flash Cache User Reads Per Second section not found
[2026-08-12 15:43:03] WARNING  | exadata_fc_reads_parser | ⚠️  No Flash Cache User Reads data found
[2026-08-12 15:45:07] WARNING  | exadata_fc_reads_parser | ⚠️  Flash Cache User Reads Per Second section not found
[2026-08-12 15:45:07] WARNING  | exadata_fc_reads_parser | ⚠️  No Flash Cache User Reads data found
[2026-08-12 15:47:22] WARNING  | exadata_fc_reads_parser | ⚠️  Flash Cache User Reads Per Second section not found
[2026-08-12 15:47:22] WARNING  | exadata_fc_reads_parser | ⚠️  No Flash Cache User Reads data found
[2026-08-12 15:49:35] WARNING  | exadata_fc_reads_parser | ⚠️  Flash Cache User Reads Per Second section not found
[2026-08-12 15:49:35] WARNING  | exadata_fc_reads_parser | ⚠️  No Flash Cache User Reads data found
[2026-08-12 15:51:46] WARNING  | exadata_fc_reads_parser | ⚠️  Flash Cache User Reads Per Second section not found
[2026-08-12 15:51:46] WARNING  | exadata_fc_reads_parser | ⚠️  No Flash Cache User Reads data found
[2026-08-12 15:54:15] WARNING  | exadata_fc_reads_parser | ⚠️  Flash Cache User Reads Per Second section not found
[2026-08-12 15:54:15] WARNING  | exadata_fc_reads_parser | ⚠️  No Flash Cache User Reads data found
[2026-08-12 15:56:34] WARNING  | exadata_fc_reads_parser | ⚠️  Flash Cache User Reads Per Second section not found
[2026-08-12 15:56:34] WARNING  | exadata_fc_reads_parser | ⚠️  No Flash Cache User Reads data found
[2026-08-12 15:58:58] WARNING  | exadata_fc_reads_parser | ⚠️  Flash Cache User Reads Per Second section not found
[2026-08-12 15:58:58] WARNING  | exadata_fc_reads_parser | ⚠️  No Flash Cache User Reads data found
[2026-08-12 16:01:12] WARNING  | exadata_fc_reads_parser | ⚠️  Flash Cache User Reads Per Second section not found
[2026-08-12 16:01:13] WARNING  | exadata_fc_reads_parser | ⚠️  No Flash Cache User Reads data found
[2026-08-12 16:03:33] WARNING  | exadata_fc_reads_parser | ⚠️  Flash Cache User Reads Per Second section not found
[2026-08-12 16:03:33] WARNING  | exadata_fc_reads_parser | ⚠️  No Flash Cache User Reads data found
[2026-08-12 16:05:51] WARNING  | exadata_fc_reads_parser | ⚠️  Flash Cache User Reads Per Second section not found
[2026-08-12 16:05:52] WARNING  | exadata_fc_reads_parser | ⚠️  No Flash Cache User Reads data found
[2026-08-12 16:08:06] WARNING  | exadata_fc_reads_parser | ⚠️  Flash Cache User Reads Per Second section not found
[2026-08-12 16:08:06] WARNING  | exadata_fc_reads_parser | ⚠️  No Flash Cache User Reads data found
[2026-08-12 16:10:24] WARNING  | exadata_fc_reads_parser | ⚠️  Flash Cache User Reads Per Second section not found
[2026-08-12 16:10:24] WARNING  | exadata_fc_reads_parser | ⚠️  No Flash Cache User Reads data found
[2026-08-12 16:12:42] WARNING  | exadata_fc_reads_parser | ⚠️  Flash Cache User Reads Per Second section not found
[2026-08-12 16:12:42] WARNING  | exadata_fc_reads_parser | ⚠️  No Flash Cache User Reads data found
[2026-08-12 16:14:55] WARNING  | exadata_fc_reads_parser | ⚠️  Flash Cache User Reads Per Second section not found
[2026-08-12 16:14:55] WARNING  | exadata_fc_reads_parser | ⚠️  No Flash Cache User Reads data found
[2026-08-12 16:17:10] WARNING  | exadata_fc_reads_parser | ⚠️  Flash Cache User Reads Per Second section not found
[2026-08-12 16:17:10] WARNING  | exadata_fc_reads_parser | ⚠️  No Flash Cache User Reads data found
[2026-08-12 16:19:20] WARNING  | exadata_fc_reads_parser | ⚠️  Flash Cache User Reads Per Second section not found
[2026-08-12 16:19:21] WARNING  | exadata_fc_reads_parser | ⚠️  No Flash Cache User Reads data found
[2026-08-12 16:21:30] WARNING  | exadata_fc_reads_parser | ⚠️  Flash Cache User Reads Per Second section not found
[2026-08-12 16:21:30] WARNING  | exadata_fc_reads_parser | ⚠️  No Flash Cache User Reads data found
[2026-08-12 16:23:41] WARNING  | exadata_fc_reads_parser | ⚠️  Flash Cache User Reads Per Second section not found
[2026-08-12 16:23:41] WARNING  | exadata_fc_reads_parser | ⚠️  No Flash Cache User Reads data found
[2026-08-12 16:25:54] WARNING  | exadata_fc_reads_parser | ⚠️  Flash Cache User Reads Per Second section not found
[2026-08-12 16:25:54] WARNING  | exadata_fc_reads_parser | ⚠️  No Flash Cache User Reads data found
[2026-08-12 16:27:58] WARNING  | exadata_fc_reads_parser | ⚠️  Flash Cache User Reads Per Second section not found
[2026-08-12 16:27:58] WARNING  | exadata_fc_reads_parser | ⚠️  No Flash Cache User Reads data found
[2026-08-12 16:30:07] WARNING  | exadata_fc_reads_parser | ⚠️  Flash Cache User Reads Per Second section not found
[2026-08-12 16:30:07] WARNING  | exadata_fc_reads_parser | ⚠️  No Flash Cache User Reads data found
[2026-08-12 16:32:13] WARNING  | exadata_fc_reads_parser | ⚠️  Flash Cache User Reads Per Second section not found
[2026-08-12 16:32:13] WARNING  | exadata_fc_reads_parser | ⚠️  No Flash Cache User Reads data found
[2026-08-12 16:34:23] WARNING  | exadata_fc_reads_parser | ⚠️  Flash Cache User Reads Per Second section not found
[2026-08-12 16:34:23] WARNING  | exadata_fc_reads_parser | ⚠️  No Flash Cache User Reads data found
[2026-08-13 10:01:12] WARNING  | exadata_fc_reads_parser | ⚠️  Flash Cache User Reads Per Second section not found
[2026-08-13 10:01:12] WARNING  | exadata_fc_reads_parser | ⚠️  No Flash Cache User Reads data found
[2026-08-13 10:33:35] WARNING  | exadata_fc_reads_parser | ⚠️  Flash Cache User Reads Per Second section not found
[2026-08-13 10:33:35] WARNING  | exadata_fc_reads_parser | ⚠️  No Flash Cache User Reads data found
[2026-08-13 10:34:49] WARNING  | exadata_fc_reads_parser | ⚠️  Flash Cache User Reads Per Second section not found
[2026-08-13 10:34:49] WARNING  | exadata_fc_reads_parser | ⚠️  No Flash Cache User Reads data found
[2026-08-13 11:06:44] WARNING  | exadata_fc_reads_parser | ⚠️  Flash Cache User Reads Per Second section not found
[2026-08-13 11:06:44] WARNING  | exadata_fc_reads_parser | ⚠️  No Flash Cache User Reads data found
[2026-08-13 11:07:59] WARNING  | exadata_fc_reads_parser | ⚠️  Flash Cache User Reads Per Second section not found
[2026-08-13 11:07:59] WARNING  | exadata_fc_reads_parser | ⚠️  No Flash Cache User Reads data found
[2026-08-13 11:09:16] WARNING  | exadata_fc_reads_parser | ⚠️  Flash Cache User Reads Per Second section not found
[2026-08-13 11:09:16] WARNING  | exadata_fc_reads_parser | ⚠️  No Flash Cache User Reads data found
[2026-08-13 11:36:42] WARNING  | exadata_fc_reads_parser | ⚠️  Flash Cache User Reads Per Second section not found
[2026-08-13 11:36:42] WARNING  | exadata_fc_reads_parser | ⚠️  No Flash Cache User Reads data found
[2026-08-13 11:37:58] WARNING  | exadata_fc_reads_parser | ⚠️  Flash Cache User Reads Per Second section not found
[2026-08-13 11:37:58] WARNING  | exadata_fc_reads_parser | ⚠️  No Flash Cache User Reads data found
[2026-08-13 11:39:17] WARNING  | exadata_fc_reads_parser | ⚠️  Flash Cache User Reads Per Second section not found
[2026-08-13 11:39:17] WARNING  | exadata_fc_reads_parser | ⚠️  No Flash Cache User Reads data found
[2026-08-13 11:40:31] WARNING  | exadata_fc_reads_parser | ⚠️  Flash Cache User Reads Per Second section not found
[2026-08-13 11:40:31] WARNING  | exadata_fc_reads_parser | ⚠️  No Flash Cache User Reads data found
[2026-08-13 12:07:03] WARNING  | exadata_fc_reads_parser | ⚠️  Flash Cache User Reads Per Second section not found
[2026-08-13 12:07:04] WARNING  | exadata_fc_reads_parser | ⚠️  No Flash Cache User Reads data found
[2026-08-13 12:08:19] WARNING  | exadata_fc_reads_parser | ⚠️  Flash Cache User Reads Per Second section not found
[2026-08-13 12:08:19] WARNING  | exadata_fc_reads_parser | ⚠️  No Flash Cache User Reads data found
[2026-08-13 12:09:36] WARNING  | exadata_fc_reads_parser | ⚠️  Flash Cache User Reads Per Second section not found
[2026-08-13 12:09:36] WARNING  | exadata_fc_reads_parser | ⚠️  No Flash Cache User Reads data found
[2026-08-13 12:10:50] WARNING  | exadata_fc_reads_parser | ⚠️  Flash Cache User Reads Per Second section not found
[2026-08-13 12:10:50] WARNING  | exadata_fc_reads_parser | ⚠️  No Flash Cache User Reads data found
[2026-08-13 12:12:04] WARNING  | exadata_fc_reads_parser | ⚠️  Flash Cache User Reads Per Second section not found
[2026-08-13 12:12:04] WARNING  | exadata_fc_reads_parser | ⚠️  No Flash Cache User Reads data found
[2026-08-13 12:45:14] WARNING  | exadata_fc_reads_parser | ⚠️  Flash Cache User Reads Per Second section not found
[2026-08-13 12:45:14] WARNING  | exadata_fc_reads_parser | ⚠️  No Flash Cache User Reads data found
[2026-08-13 12:46:29] WARNING  | exadata_fc_reads_parser | ⚠️  Flash Cache User Reads Per Second section not found
[2026-08-13 12:46:29] WARNING  | exadata_fc_reads_parser | ⚠️  No Flash Cache User Reads data found
[2026-08-13 12:47:49] WARNING  | exadata_fc_reads_parser | ⚠️  Flash Cache User Reads Per Second section not found
[2026-08-13 12:47:49] WARNING  | exadata_fc_reads_parser | ⚠️  No Flash Cache User Reads data found
[2026-08-13 12:49:05] WARNING  | exadata_fc_reads_parser | ⚠️  Flash Cache User Reads Per Second section not found
[2026-08-13 12:49:05] WARNING  | exadata_fc_reads_parser | ⚠️  No Flash Cache User Reads data found
[2026-08-13 12:50:20] WARNING  | exadata_fc_reads_parser | ⚠️  Flash Cache User Reads Per Second section not found
[2026-08-13 12:50:20] WARNING  | exadata_fc_reads_parser | ⚠️  No Flash Cache User Reads data found
[2026-08-13 12:51:34] WARNING  | exadata_fc_reads_parser | ⚠️  Flash Cache User Reads Per Second section not found
[2026-08-13 12:51:34] WARNING  | exadata_fc_reads_parser | ⚠️  No Flash Cache User Reads data found
[2026-08-13 13:15:30] WARNING  | exadata_fc_reads_parser | ⚠️  Flash Cache User Reads Per Second section not found
[2026-08-13 13:15:30] WARNING  | exadata_fc_reads_parser | ⚠️  No Flash Cache User Reads data found
[2026-08-13 13:16:44] WARNING  | exadata_fc_reads_parser | ⚠️  Flash Cache User Reads Per Second section not found
[2026-08-13 13:16:44] WARNING  | exadata_fc_reads_parser | ⚠️  No Flash Cache User Reads data found
[2026-08-13 13:17:55] WARNING  | exadata_fc_reads_parser | ⚠️  Flash Cache User Reads Per Second section not found
[2026-08-13 13:17:55] WARNING  | exadata_fc_reads_parser | ⚠️  No Flash Cache User Reads data found
[2026-08-13 13:19:12] WARNING  | exadata_fc_reads_parser | ⚠️  Flash Cache User Reads Per Second section not found
[2026-08-13 13:19:12] WARNING  | exadata_fc_reads_parser | ⚠️  No Flash Cache User Reads data found
[2026-08-13 13:20:29] WARNING  | exadata_fc_reads_parser | ⚠️  Flash Cache User Reads Per Second section not found
[2026-08-13 13:20:29] WARNING  | exadata_fc_reads_parser | ⚠️  No Flash Cache User Reads data found
[2026-08-13 13:21:43] WARNING  | exadata_fc_reads_parser | ⚠️  Flash Cache User Reads Per Second section not found
[2026-08-13 13:21:43] WARNING  | exadata_fc_reads_parser | ⚠️  No Flash Cache User Reads data found
[2026-08-13 13:22:59] WARNING  | exadata_fc_reads_parser | ⚠️  Flash Cache User Reads Per Second section not found
[2026-08-13 13:22:59] WARNING  | exadata_fc_reads_parser | ⚠️  No Flash Cache User Reads data found
[2026-08-13 13:45:56] WARNING  | exadata_fc_reads_parser | ⚠️  Flash Cache User Reads Per Second section not found
[2026-08-13 13:45:56] WARNING  | exadata_fc_reads_parser | ⚠️  No Flash Cache User Reads data found
[2026-08-13 13:47:04] WARNING  | exadata_fc_reads_parser | ⚠️  Flash Cache User Reads Per Second section not found
[2026-08-13 13:47:04] WARNING  | exadata_fc_reads_parser | ⚠️  No Flash Cache User Reads data found
[2026-08-13 13:48:15] WARNING  | exadata_fc_reads_parser | ⚠️  Flash Cache User Reads Per Second section not found
[2026-08-13 13:48:15] WARNING  | exadata_fc_reads_parser | ⚠️  No Flash Cache User Reads data found
[2026-08-13 13:49:21] WARNING  | exadata_fc_reads_parser | ⚠️  Flash Cache User Reads Per Second section not found
[2026-08-13 13:49:21] WARNING  | exadata_fc_reads_parser | ⚠️  No Flash Cache User Reads data found
[2026-08-13 13:50:29] WARNING  | exadata_fc_reads_parser | ⚠️  Flash Cache User Reads Per Second section not found
[2026-08-13 13:50:30] WARNING  | exadata_fc_reads_parser | ⚠️  No Flash Cache User Reads data found
[2026-08-13 13:51:42] WARNING  | exadata_fc_reads_parser | ⚠️  Flash Cache User Reads Per Second section not found
[2026-08-13 13:51:43] WARNING  | exadata_fc_reads_parser | ⚠️  No Flash Cache User Reads data found
[2026-08-13 13:53:01] WARNING  | exadata_fc_reads_parser | ⚠️  Flash Cache User Reads Per Second section not found
[2026-08-13 13:53:01] WARNING  | exadata_fc_reads_parser | ⚠️  No Flash Cache User Reads data found
[2026-08-13 13:54:11] WARNING  | exadata_fc_reads_parser | ⚠️  Flash Cache User Reads Per Second section not found
[2026-08-13 13:54:11] WARNING  | exadata_fc_reads_parser | ⚠️  No Flash Cache User Reads data found
[2026-08-13 14:16:24] WARNING  | exadata_fc_reads_parser | ⚠️  Flash Cache User Reads Per Second section not found
[2026-08-13 14:16:24] WARNING  | exadata_fc_reads_parser | ⚠️  No Flash Cache User Reads data found
[2026-08-13 14:17:31] WARNING  | exadata_fc_reads_parser | ⚠️  Flash Cache User Reads Per Second section not found
[2026-08-13 14:17:31] WARNING  | exadata_fc_reads_parser | ⚠️  No Flash Cache User Reads data found
[2026-08-13 14:18:43] WARNING  | exadata_fc_reads_parser | ⚠️  Flash Cache User Reads Per Second section not found
[2026-08-13 14:18:43] WARNING  | exadata_fc_reads_parser | ⚠️  No Flash Cache User Reads data found
[2026-08-13 14:19:48] WARNING  | exadata_fc_reads_parser | ⚠️  Flash Cache User Reads Per Second section not found
[2026-08-13 14:19:48] WARNING  | exadata_fc_reads_parser | ⚠️  No Flash Cache User Reads data found
[2026-08-13 14:20:55] WARNING  | exadata_fc_reads_parser | ⚠️  Flash Cache User Reads Per Second section not found
[2026-08-13 14:20:55] WARNING  | exadata_fc_reads_parser | ⚠️  No Flash Cache User Reads data found
[2026-08-13 14:21:59] WARNING  | exadata_fc_reads_parser | ⚠️  Flash Cache User Reads Per Second section not found
[2026-08-13 14:22:00] WARNING  | exadata_fc_reads_parser | ⚠️  No Flash Cache User Reads data found
[2026-08-13 14:23:05] WARNING  | exadata_fc_reads_parser | ⚠️  Flash Cache User Reads Per Second section not found
[2026-08-13 14:23:05] WARNING  | exadata_fc_reads_parser | ⚠️  No Flash Cache User Reads data found
[2026-08-13 14:24:11] WARNING  | exadata_fc_reads_parser | ⚠️  Flash Cache User Reads Per Second section not found
[2026-08-13 14:24:11] WARNING  | exadata_fc_reads_parser | ⚠️  No Flash Cache User Reads data found
[2026-08-13 14:25:20] WARNING  | exadata_fc_reads_parser | ⚠️  Flash Cache User Reads Per Second section not found
[2026-08-13 14:25:20] WARNING  | exadata_fc_reads_parser | ⚠️  No Flash Cache User Reads data found
[2026-08-13 14:46:41] WARNING  | exadata_fc_reads_parser | ⚠️  Flash Cache User Reads Per Second section not found
[2026-08-13 14:46:41] WARNING  | exadata_fc_reads_parser | ⚠️  No Flash Cache User Reads data found
[2026-08-13 14:47:53] WARNING  | exadata_fc_reads_parser | ⚠️  Flash Cache User Reads Per Second section not found
[2026-08-13 14:47:53] WARNING  | exadata_fc_reads_parser | ⚠️  No Flash Cache User Reads data found
[2026-08-13 14:49:06] WARNING  | exadata_fc_reads_parser | ⚠️  Flash Cache User Reads Per Second section not found
[2026-08-13 14:49:06] WARNING  | exadata_fc_reads_parser | ⚠️  No Flash Cache User Reads data found
[2026-08-13 14:50:18] WARNING  | exadata_fc_reads_parser | ⚠️  Flash Cache User Reads Per Second section not found
[2026-08-13 14:50:18] WARNING  | exadata_fc_reads_parser | ⚠️  No Flash Cache User Reads data found
[2026-08-13 14:51:35] WARNING  | exadata_fc_reads_parser | ⚠️  Flash Cache User Reads Per Second section not found
[2026-08-13 14:51:35] WARNING  | exadata_fc_reads_parser | ⚠️  No Flash Cache User Reads data found
[2026-08-13 14:52:44] WARNING  | exadata_fc_reads_parser | ⚠️  Flash Cache User Reads Per Second section not found
[2026-08-13 14:52:44] WARNING  | exadata_fc_reads_parser | ⚠️  No Flash Cache User Reads data found
[2026-08-13 14:53:53] WARNING  | exadata_fc_reads_parser | ⚠️  Flash Cache User Reads Per Second section not found
[2026-08-13 14:53:53] WARNING  | exadata_fc_reads_parser | ⚠️  No Flash Cache User Reads data found
[2026-08-13 14:54:58] WARNING  | exadata_fc_reads_parser | ⚠️  Flash Cache User Reads Per Second section not found
[2026-08-13 14:54:58] WARNING  | exadata_fc_reads_parser | ⚠️  No Flash Cache User Reads data found
[2026-08-13 14:56:14] WARNING  | exadata_fc_reads_parser | ⚠️  Flash Cache User Reads Per Second section not found
[2026-08-13 14:56:14] WARNING  | exadata_fc_reads_parser | ⚠️  No Flash Cache User Reads data found
[2026-08-13 14:57:28] WARNING  | exadata_fc_reads_parser | ⚠️  Flash Cache User Reads Per Second section not found
[2026-08-13 14:57:28] WARNING  | exadata_fc_reads_parser | ⚠️  No Flash Cache User Reads data found
[2026-08-13 15:17:48] WARNING  | exadata_fc_reads_parser | ⚠️  Flash Cache User Reads Per Second section not found
[2026-08-13 15:17:48] WARNING  | exadata_fc_reads_parser | ⚠️  No Flash Cache User Reads data found
[2026-08-13 15:19:09] WARNING  | exadata_fc_reads_parser | ⚠️  Flash Cache User Reads Per Second section not found
[2026-08-13 15:19:09] WARNING  | exadata_fc_reads_parser | ⚠️  No Flash Cache User Reads data found
[2026-08-13 15:20:27] WARNING  | exadata_fc_reads_parser | ⚠️  Flash Cache User Reads Per Second section not found
[2026-08-13 15:20:27] WARNING  | exadata_fc_reads_parser | ⚠️  No Flash Cache User Reads data found
[2026-08-13 15:21:46] WARNING  | exadata_fc_reads_parser | ⚠️  Flash Cache User Reads Per Second section not found
[2026-08-13 15:21:46] WARNING  | exadata_fc_reads_parser | ⚠️  No Flash Cache User Reads data found
[2026-08-13 15:23:05] WARNING  | exadata_fc_reads_parser | ⚠️  Flash Cache User Reads Per Second section not found
[2026-08-13 15:23:05] WARNING  | exadata_fc_reads_parser | ⚠️  No Flash Cache User Reads data found
[2026-08-13 15:24:20] WARNING  | exadata_fc_reads_parser | ⚠️  Flash Cache User Reads Per Second section not found
[2026-08-13 15:24:20] WARNING  | exadata_fc_reads_parser | ⚠️  No Flash Cache User Reads data found
[2026-08-13 15:25:39] WARNING  | exadata_fc_reads_parser | ⚠️  Flash Cache User Reads Per Second section not found
[2026-08-13 15:25:39] WARNING  | exadata_fc_reads_parser | ⚠️  No Flash Cache User Reads data found
[2026-08-13 15:26:58] WARNING  | exadata_fc_reads_parser | ⚠️  Flash Cache User Reads Per Second section not found
[2026-08-13 15:26:58] WARNING  | exadata_fc_reads_parser | ⚠️  No Flash Cache User Reads data found
[2026-08-13 15:28:19] WARNING  | exadata_fc_reads_parser | ⚠️  Flash Cache User Reads Per Second section not found
[2026-08-13 15:28:19] WARNING  | exadata_fc_reads_parser | ⚠️  No Flash Cache User Reads data found
[2026-08-13 15:29:38] WARNING  | exadata_fc_reads_parser | ⚠️  Flash Cache User Reads Per Second section not found
[2026-08-13 15:29:38] WARNING  | exadata_fc_reads_parser | ⚠️  No Flash Cache User Reads data found
[2026-08-13 15:30:58] WARNING  | exadata_fc_reads_parser | ⚠️  Flash Cache User Reads Per Second section not found
[2026-08-13 15:30:58] WARNING  | exadata_fc_reads_parser | ⚠️  No Flash Cache User Reads data found
[2026-08-13 15:49:57] WARNING  | exadata_fc_reads_parser | ⚠️  Flash Cache User Reads Per Second section not found
[2026-08-13 15:49:57] WARNING  | exadata_fc_reads_parser | ⚠️  No Flash Cache User Reads data found
[2026-08-13 15:51:15] WARNING  | exadata_fc_reads_parser | ⚠️  Flash Cache User Reads Per Second section not found
[2026-08-13 15:51:15] WARNING  | exadata_fc_reads_parser | ⚠️  No Flash Cache User Reads data found
[2026-08-13 15:52:29] WARNING  | exadata_fc_reads_parser | ⚠️  Flash Cache User Reads Per Second section not found
[2026-08-13 15:52:29] WARNING  | exadata_fc_reads_parser | ⚠️  No Flash Cache User Reads data found
[2026-08-13 15:53:44] WARNING  | exadata_fc_reads_parser | ⚠️  Flash Cache User Reads Per Second section not found
[2026-08-13 15:53:44] WARNING  | exadata_fc_reads_parser | ⚠️  No Flash Cache User Reads data found
[2026-08-13 15:55:00] WARNING  | exadata_fc_reads_parser | ⚠️  Flash Cache User Reads Per Second section not found
[2026-08-13 15:55:00] WARNING  | exadata_fc_reads_parser | ⚠️  No Flash Cache User Reads data found
[2026-08-13 15:56:13] WARNING  | exadata_fc_reads_parser | ⚠️  Flash Cache User Reads Per Second section not found
[2026-08-13 15:56:13] WARNING  | exadata_fc_reads_parser | ⚠️  No Flash Cache User Reads data found
[2026-08-13 15:57:29] WARNING  | exadata_fc_reads_parser | ⚠️  Flash Cache User Reads Per Second section not found
[2026-08-13 15:57:29] WARNING  | exadata_fc_reads_parser | ⚠️  No Flash Cache User Reads data found
[2026-08-13 15:58:47] WARNING  | exadata_fc_reads_parser | ⚠️  Flash Cache User Reads Per Second section not found
[2026-08-13 15:58:47] WARNING  | exadata_fc_reads_parser | ⚠️  No Flash Cache User Reads data found
[2026-08-13 16:00:04] WARNING  | exadata_fc_reads_parser | ⚠️  Flash Cache User Reads Per Second section not found
[2026-08-13 16:00:04] WARNING  | exadata_fc_reads_parser | ⚠️  No Flash Cache User Reads data found
[2026-08-13 16:01:17] WARNING  | exadata_fc_reads_parser | ⚠️  Flash Cache User Reads Per Second section not found
[2026-08-13 16:01:17] WARNING  | exadata_fc_reads_parser | ⚠️  No Flash Cache User Reads data found
[2026-08-13 16:02:27] WARNING  | exadata_fc_reads_parser | ⚠️  Flash Cache User Reads Per Second section not found
[2026-08-13 16:02:27] WARNING  | exadata_fc_reads_parser | ⚠️  No Flash Cache User Reads data found
[2026-08-13 16:03:42] WARNING  | exadata_fc_reads_parser | ⚠️  Flash Cache User Reads Per Second section not found
[2026-08-13 16:03:42] WARNING  | exadata_fc_reads_parser | ⚠️  No Flash Cache User Reads data found
[2026-08-13 16:23:33] WARNING  | exadata_fc_reads_parser | ⚠️  Flash Cache User Reads Per Second section not found
[2026-08-13 16:23:33] WARNING  | exadata_fc_reads_parser | ⚠️  No Flash Cache User Reads data found
[2026-08-13 16:24:49] WARNING  | exadata_fc_reads_parser | ⚠️  Flash Cache User Reads Per Second section not found
[2026-08-13 16:24:49] WARNING  | exadata_fc_reads_parser | ⚠️  No Flash Cache User Reads data found
[2026-08-13 16:26:07] WARNING  | exadata_fc_reads_parser | ⚠️  Flash Cache User Reads Per Second section not found
[2026-08-13 16:26:07] WARNING  | exadata_fc_reads_parser | ⚠️  No Flash Cache User Reads data found
[2026-08-13 16:27:22] WARNING  | exadata_fc_reads_parser | ⚠️  Flash Cache User Reads Per Second section not found
[2026-08-13 16:27:22] WARNING  | exadata_fc_reads_parser | ⚠️  No Flash Cache User Reads data found
[2026-08-13 16:28:36] WARNING  | exadata_fc_reads_parser | ⚠️  Flash Cache User Reads Per Second section not found
[2026-08-13 16:28:36] WARNING  | exadata_fc_reads_parser | ⚠️  No Flash Cache User Reads data found
[2026-08-13 16:33:58] WARNING  | exadata_fc_reads_parser | ⚠️  Flash Cache User Reads Per Second section not found
[2026-08-13 16:33:58] WARNING  | exadata_fc_reads_parser | ⚠️  No Flash Cache User Reads data found
[2026-08-13 16:35:12] WARNING  | exadata_fc_reads_parser | ⚠️  Flash Cache User Reads Per Second section not found
[2026-08-13 16:35:12] WARNING  | exadata_fc_reads_parser | ⚠️  No Flash Cache User Reads data found
[2026-08-13 16:36:27] WARNING  | exadata_fc_reads_parser | ⚠️  Flash Cache User Reads Per Second section not found
[2026-08-13 16:36:27] WARNING  | exadata_fc_reads_parser | ⚠️  No Flash Cache User Reads data found
[2026-08-13 16:37:47] WARNING  | exadata_fc_reads_parser | ⚠️  Flash Cache User Reads Per Second section not found
[2026-08-13 16:37:47] WARNING  | exadata_fc_reads_parser | ⚠️  No Flash Cache User Reads data found
[2026-08-13 16:39:03] WARNING  | exadata_fc_reads_parser | ⚠️  Flash Cache User Reads Per Second section not found
[2026-08-13 16:39:03] WARNING  | exadata_fc_reads_parser | ⚠️  No Flash Cache User Reads data found
[2026-08-13 16:40:18] WARNING  | exadata_fc_reads_parser | ⚠️  Flash Cache User Reads Per Second section not found
[2026-08-13 16:40:18] WARNING  | exadata_fc_reads_parser | ⚠️  No Flash Cache User Reads data found
[2026-08-13 16:41:33] WARNING  | exadata_fc_reads_parser | ⚠️  Flash Cache User Reads Per Second section not found
[2026-08-13 16:41:33] WARNING  | exadata_fc_reads_parser | ⚠️  No Flash Cache User Reads data found
[2026-08-13 16:42:50] WARNING  | exadata_fc_reads_parser | ⚠️  Flash Cache User Reads Per Second section not found
[2026-08-13 16:42:50] WARNING  | exadata_fc_reads_parser | ⚠️  No Flash Cache User Reads data found
[2026-08-13 16:54:34] WARNING  | exadata_fc_reads_parser | ⚠️  Flash Cache User Reads Per Second section not found
[2026-08-13 16:54:34] WARNING  | exadata_fc_reads_parser | ⚠️  No Flash Cache User Reads data found
[2026-08-13 16:55:44] WARNING  | exadata_fc_reads_parser | ⚠️  Flash Cache User Reads Per Second section not found
[2026-08-13 16:55:44] WARNING  | exadata_fc_reads_parser | ⚠️  No Flash Cache User Reads data found
[2026-08-13 16:57:00] WARNING  | exadata_fc_reads_parser | ⚠️  Flash Cache User Reads Per Second section not found
[2026-08-13 16:57:00] WARNING  | exadata_fc_reads_parser | ⚠️  No Flash Cache User Reads data found
[2026-08-13 16:58:15] WARNING  | exadata_fc_reads_parser | ⚠️  Flash Cache User Reads Per Second section not found
[2026-08-13 16:58:15] WARNING  | exadata_fc_reads_parser | ⚠️  No Flash Cache User Reads data found
[2026-08-13 17:29:00] WARNING  | exadata_fc_reads_parser | ⚠️  Flash Cache User Reads Per Second section not found
[2026-08-13 17:29:00] WARNING  | exadata_fc_reads_parser | ⚠️  No Flash Cache User Reads data found
[2026-08-13 17:30:03] WARNING  | exadata_fc_reads_parser | ⚠️  Flash Cache User Reads Per Second section not found
[2026-08-13 17:30:04] WARNING  | exadata_fc_reads_parser | ⚠️  No Flash Cache User Reads data found
[2026-08-13 17:31:24] WARNING  | exadata_fc_reads_parser | ⚠️  Flash Cache User Reads Per Second section not found
[2026-08-13 17:31:24] WARNING  | exadata_fc_reads_parser | ⚠️  No Flash Cache User Reads data found
[2026-08-13 17:32:37] WARNING  | exadata_fc_reads_parser | ⚠️  Flash Cache User Reads Per Second section not found
[2026-08-13 17:32:37] WARNING  | exadata_fc_reads_parser | ⚠️  No Flash Cache User Reads data found
[2026-08-14 12:01:40] WARNING  | exadata_fc_reads_parser | ⚠️  Flash Cache User Reads Per Second section not found
[2026-08-14 12:01:40] WARNING  | exadata_fc_reads_parser | ⚠️  No Flash Cache User Reads data found
[2026-08-14 12:01:47] WARNING  | exadata_fc_reads_parser | ⚠️  Flash Cache User Reads Per Second section not found
[2026-08-14 12:01:47] WARNING  | exadata_fc_reads_parser | ⚠️  No Flash Cache User Reads data found
[2026-08-14 12:01:53] WARNING  | exadata_fc_reads_parser | ⚠️  Flash Cache User Reads Per Second section not found
[2026-08-14 12:01:53] WARNING  | exadata_fc_reads_parser | ⚠️  No Flash Cache User Reads data found
[2026-08-14 12:01:58] WARNING  | exadata_fc_reads_parser | ⚠️  Flash Cache User Reads Per Second section not found
[2026-08-14 12:01:58] WARNING  | exadata_fc_reads_parser | ⚠️  No Flash Cache User Reads data found
[2026-08-14 12:02:04] WARNING  | exadata_fc_reads_parser | ⚠️  Flash Cache User Reads Per Second section not found
[2026-08-14 12:02:04] WARNING  | exadata_fc_reads_parser | ⚠️  No Flash Cache User Reads data found
[2026-08-14 12:02:10] WARNING  | exadata_fc_reads_parser | ⚠️  Flash Cache User Reads Per Second section not found
[2026-08-14 12:02:10] WARNING  | exadata_fc_reads_parser | ⚠️  No Flash Cache User Reads data found
[2026-08-14 12:08:51] WARNING  | exadata_fc_reads_parser | ⚠️  Flash Cache User Reads Per Second section not found
[2026-08-14 12:08:51] WARNING  | exadata_fc_reads_parser | ⚠️  No Flash Cache User Reads data found
[2026-08-14 12:10:09] WARNING  | exadata_fc_reads_parser | ⚠️  Flash Cache User Reads Per Second section not found
[2026-08-14 12:10:09] WARNING  | exadata_fc_reads_parser | ⚠️  No Flash Cache User Reads data found
[2026-08-14 12:11:25] WARNING  | exadata_fc_reads_parser | ⚠️  Flash Cache User Reads Per Second section not found
[2026-08-14 12:11:25] WARNING  | exadata_fc_reads_parser | ⚠️  No Flash Cache User Reads data found
[2026-08-17 11:57:37] WARNING  | exadata_fc_reads_parser | ⚠️  Flash Cache User Reads Per Second section not found
[2026-08-17 11:57:37] WARNING  | exadata_fc_reads_parser | ⚠️  No Flash Cache User Reads data found
[2026-08-17 11:57:48] WARNING  | exadata_fc_reads_parser | ⚠️  Flash Cache User Reads Per Second section not found
[2026-08-17 11:57:48] WARNING  | exadata_fc_reads_parser | ⚠️  No Flash Cache User Reads data found
[2026-08-17 11:58:00] WARNING  | exadata_fc_reads_parser | ⚠️  Flash Cache User Reads Per Second section not found
[2026-08-17 11:58:00] WARNING  | exadata_fc_reads_parser | ⚠️  No Flash Cache User Reads data found
[2026-08-17 11:58:11] WARNING  | exadata_fc_reads_parser | ⚠️  Flash Cache User Reads Per Second section not found
[2026-08-17 11:58:11] WARNING  | exadata_fc_reads_parser | ⚠️  No Flash Cache User Reads data found
[2026-08-17 11:58:23] WARNING  | exadata_fc_reads_parser | ⚠️  Flash Cache User Reads Per Second section not found
[2026-08-17 11:58:23] WARNING  | exadata_fc_reads_parser | ⚠️  No Flash Cache User Reads data found
[2026-08-17 11:58:34] WARNING  | exadata_fc_reads_parser | ⚠️  Flash Cache User Reads Per Second section not found
[2026-08-17 11:58:34] WARNING  | exadata_fc_reads_parser | ⚠️  No Flash Cache User Reads data found
[2026-08-17 11:58:45] WARNING  | exadata_fc_reads_parser | ⚠️  Flash Cache User Reads Per Second section not found
[2026-08-17 11:58:45] WARNING  | exadata_fc_reads_parser | ⚠️  No Flash Cache User Reads data found
[2026-08-17 11:58:57] WARNING  | exadata_fc_reads_parser | ⚠️  Flash Cache User Reads Per Second section not found
[2026-08-17 11:58:57] WARNING  | exadata_fc_reads_parser | ⚠️  No Flash Cache User Reads data found
[2026-08-17 11:59:09] WARNING  | exadata_fc_reads_parser | ⚠️  Flash Cache User Reads Per Second section not found
[2026-08-17 11:59:09] WARNING  | exadata_fc_reads_parser | ⚠️  No Flash Cache User Reads data found
[2026-08-17 11:59:21] WARNING  | exadata_fc_reads_parser | ⚠️  Flash Cache User Reads Per Second section not found
[2026-08-17 11:59:21] WARNING  | exadata_fc_reads_parser | ⚠️  No Flash Cache User Reads data found
[2026-08-17 11:59:32] WARNING  | exadata_fc_reads_parser | ⚠️  Flash Cache User Reads Per Second section not found
[2026-08-17 11:59:32] WARNING  | exadata_fc_reads_parser | ⚠️  No Flash Cache User Reads data found
[2026-08-17 11:59:43] WARNING  | exadata_fc_reads_parser | ⚠️  Flash Cache User Reads Per Second section not found
[2026-08-17 11:59:43] WARNING  | exadata_fc_reads_parser | ⚠️  No Flash Cache User Reads data found
[2026-08-17 11:59:54] WARNING  | exadata_fc_reads_parser | ⚠️  Flash Cache User Reads Per Second section not found
[2026-08-17 11:59:54] WARNING  | exadata_fc_reads_parser | ⚠️  No Flash Cache User Reads data found
[2026-08-17 12:00:06] WARNING  | exadata_fc_reads_parser | ⚠️  Flash Cache User Reads Per Second section not found
[2026-08-17 12:00:06] WARNING  | exadata_fc_reads_parser | ⚠️  No Flash Cache User Reads data found
[2026-08-17 12:00:18] WARNING  | exadata_fc_reads_parser | ⚠️  Flash Cache User Reads Per Second section not found
[2026-08-17 12:00:18] WARNING  | exadata_fc_reads_parser | ⚠️  No Flash Cache User Reads data found
[2026-08-17 12:00:30] WARNING  | exadata_fc_reads_parser | ⚠️  Flash Cache User Reads Per Second section not found
[2026-08-17 12:00:30] WARNING  | exadata_fc_reads_parser | ⚠️  No Flash Cache User Reads data found
[2026-08-17 12:00:42] WARNING  | exadata_fc_reads_parser | ⚠️  Flash Cache User Reads Per Second section not found
[2026-08-17 12:00:42] WARNING  | exadata_fc_reads_parser | ⚠️  No Flash Cache User Reads data found
[2026-08-17 12:00:54] WARNING  | exadata_fc_reads_parser | ⚠️  Flash Cache User Reads Per Second section not found
[2026-08-17 12:00:54] WARNING  | exadata_fc_reads_parser | ⚠️  No Flash Cache User Reads data found
[2026-08-17 12:01:06] WARNING  | exadata_fc_reads_parser | ⚠️  Flash Cache User Reads Per Second section not found
[2026-08-17 12:01:06] WARNING  | exadata_fc_reads_parser | ⚠️  No Flash Cache User Reads data found
[2026-08-17 12:01:18] WARNING  | exadata_fc_reads_parser | ⚠️  Flash Cache User Reads Per Second section not found
[2026-08-17 12:01:18] WARNING  | exadata_fc_reads_parser | ⚠️  No Flash Cache User Reads data found
[2026-08-17 12:06:15] WARNING  | exadata_fc_reads_parser | ⚠️  Flash Cache User Reads Per Second section not found
[2026-08-17 12:06:15] WARNING  | exadata_fc_reads_parser | ⚠️  No Flash Cache User Reads data found
[2026-08-17 12:07:46] WARNING  | exadata_fc_reads_parser | ⚠️  Flash Cache User Reads Per Second section not found
[2026-08-17 12:07:46] WARNING  | exadata_fc_reads_parser | ⚠️  No Flash Cache User Reads data found
[2026-08-17 12:09:15] WARNING  | exadata_fc_reads_parser | ⚠️  Flash Cache User Reads Per Second section not found
[2026-08-17 12:09:15] WARNING  | exadata_fc_reads_parser | ⚠️  No Flash Cache User Reads data found
[2026-08-17 12:10:49] WARNING  | exadata_fc_reads_parser | ⚠️  Flash Cache User Reads Per Second section not found
[2026-08-17 12:10:49] WARNING  | exadata_fc_reads_parser | ⚠️  No Flash Cache User Reads data found
[2026-08-17 12:37:35] WARNING  | exadata_fc_reads_parser | ⚠️  Flash Cache User Reads Per Second section not found
[2026-08-17 12:37:35] WARNING  | exadata_fc_reads_parser | ⚠️  No Flash Cache User Reads data found
[2026-08-17 12:39:11] WARNING  | exadata_fc_reads_parser | ⚠️  Flash Cache User Reads Per Second section not found
[2026-08-17 12:39:11] WARNING  | exadata_fc_reads_parser | ⚠️  No Flash Cache User Reads data found
[2026-08-17 12:40:42] WARNING  | exadata_fc_reads_parser | ⚠️  Flash Cache User Reads Per Second section not found
[2026-08-17 12:40:42] WARNING  | exadata_fc_reads_parser | ⚠️  No Flash Cache User Reads data found
[2026-08-17 12:42:18] WARNING  | exadata_fc_reads_parser | ⚠️  Flash Cache User Reads Per Second section not found
[2026-08-17 12:42:18] WARNING  | exadata_fc_reads_parser | ⚠️  No Flash Cache User Reads data found
[2026-08-17 12:43:53] WARNING  | exadata_fc_reads_parser | ⚠️  Flash Cache User Reads Per Second section not found
[2026-08-17 12:43:53] WARNING  | exadata_fc_reads_parser | ⚠️  No Flash Cache User Reads data found
[2026-08-17 13:29:38] WARNING  | exadata_fc_reads_parser | ⚠️  Flash Cache User Reads Per Second section not found
[2026-08-17 13:29:38] WARNING  | exadata_fc_reads_parser | ⚠️  No Flash Cache User Reads data found
[2026-08-17 13:37:32] WARNING  | exadata_fc_reads_parser | ⚠️  Flash Cache User Reads Per Second section not found
[2026-08-17 13:37:32] WARNING  | exadata_fc_reads_parser | ⚠️  No Flash Cache User Reads data found
[2026-08-17 13:38:59] WARNING  | exadata_fc_reads_parser | ⚠️  Flash Cache User Reads Per Second section not found
[2026-08-17 13:38:59] WARNING  | exadata_fc_reads_parser | ⚠️  No Flash Cache User Reads data found
[2026-08-17 13:40:38] WARNING  | exadata_fc_reads_parser | ⚠️  Flash Cache User Reads Per Second section not found
[2026-08-17 13:40:38] WARNING  | exadata_fc_reads_parser | ⚠️  No Flash Cache User Reads data found
[2026-08-17 13:42:19] WARNING  | exadata_fc_reads_parser | ⚠️  Flash Cache User Reads Per Second section not found
[2026-08-17 13:42:19] WARNING  | exadata_fc_reads_parser | ⚠️  No Flash Cache User Reads data found
[2026-08-17 14:02:39] WARNING  | exadata_fc_reads_parser | ⚠️  Flash Cache User Reads Per Second section not found
[2026-08-17 14:02:39] WARNING  | exadata_fc_reads_parser | ⚠️  No Flash Cache User Reads data found
[2026-08-17 14:04:19] WARNING  | exadata_fc_reads_parser | ⚠️  Flash Cache User Reads Per Second section not found
[2026-08-17 14:04:19] WARNING  | exadata_fc_reads_parser | ⚠️  No Flash Cache User Reads data found
[2026-08-17 14:05:54] WARNING  | exadata_fc_reads_parser | ⚠️  Flash Cache User Reads Per Second section not found
[2026-08-17 14:05:54] WARNING  | exadata_fc_reads_parser | ⚠️  No Flash Cache User Reads data found
[2026-08-17 14:07:34] WARNING  | exadata_fc_reads_parser | ⚠️  Flash Cache User Reads Per Second section not found
[2026-08-17 14:07:34] WARNING  | exadata_fc_reads_parser | ⚠️  No Flash Cache User Reads data found
[2026-08-17 14:09:09] WARNING  | exadata_fc_reads_parser | ⚠️  Flash Cache User Reads Per Second section not found
[2026-08-17 14:09:09] WARNING  | exadata_fc_reads_parser | ⚠️  No Flash Cache User Reads data found
[2026-08-17 14:10:46] WARNING  | exadata_fc_reads_parser | ⚠️  Flash Cache User Reads Per Second section not found
[2026-08-17 14:10:46] WARNING  | exadata_fc_reads_parser | ⚠️  No Flash Cache User Reads data found
[2026-08-17 14:12:20] WARNING  | exadata_fc_reads_parser | ⚠️  Flash Cache User Reads Per Second section not found
[2026-08-17 14:12:20] WARNING  | exadata_fc_reads_parser | ⚠️  No Flash Cache User Reads data found
[2026-08-17 14:14:53] WARNING  | exadata_fc_reads_parser | ⚠️  Flash Cache User Reads Per Second section not found
[2026-08-17 14:14:53] WARNING  | exadata_fc_reads_parser | ⚠️  No Flash Cache User Reads data found
[2026-08-17 14:16:31] WARNING  | exadata_fc_reads_parser | ⚠️  Flash Cache User Reads Per Second section not found
[2026-08-17 14:16:31] WARNING  | exadata_fc_reads_parser | ⚠️  No Flash Cache User Reads data found
[2026-08-17 14:33:12] WARNING  | exadata_fc_reads_parser | ⚠️  Flash Cache User Reads Per Second section not found
[2026-08-17 14:33:12] WARNING  | exadata_fc_reads_parser | ⚠️  No Flash Cache User Reads data found
[2026-08-17 14:34:45] WARNING  | exadata_fc_reads_parser | ⚠️  Flash Cache User Reads Per Second section not found
[2026-08-17 14:34:45] WARNING  | exadata_fc_reads_parser | ⚠️  No Flash Cache User Reads data found
[2026-08-17 14:36:16] WARNING  | exadata_fc_reads_parser | ⚠️  Flash Cache User Reads Per Second section not found
[2026-08-17 14:36:16] WARNING  | exadata_fc_reads_parser | ⚠️  No Flash Cache User Reads data found
[2026-08-17 14:37:52] WARNING  | exadata_fc_reads_parser | ⚠️  Flash Cache User Reads Per Second section not found
[2026-08-17 14:37:52] WARNING  | exadata_fc_reads_parser | ⚠️  No Flash Cache User Reads data found
[2026-08-17 14:39:25] WARNING  | exadata_fc_reads_parser | ⚠️  Flash Cache User Reads Per Second section not found
[2026-08-17 14:39:26] WARNING  | exadata_fc_reads_parser | ⚠️  No Flash Cache User Reads data found
[2026-08-17 14:40:55] WARNING  | exadata_fc_reads_parser | ⚠️  Flash Cache User Reads Per Second section not found
[2026-08-17 14:40:56] WARNING  | exadata_fc_reads_parser | ⚠️  No Flash Cache User Reads data found
[2026-08-17 14:42:24] WARNING  | exadata_fc_reads_parser | ⚠️  Flash Cache User Reads Per Second section not found
[2026-08-17 14:42:24] WARNING  | exadata_fc_reads_parser | ⚠️  No Flash Cache User Reads data found
[2026-08-17 14:43:57] WARNING  | exadata_fc_reads_parser | ⚠️  Flash Cache User Reads Per Second section not found
[2026-08-17 14:43:57] WARNING  | exadata_fc_reads_parser | ⚠️  No Flash Cache User Reads data found
[2026-08-17 14:45:29] WARNING  | exadata_fc_reads_parser | ⚠️  Flash Cache User Reads Per Second section not found
[2026-08-17 14:45:29] WARNING  | exadata_fc_reads_parser | ⚠️  No Flash Cache User Reads data found
[2026-08-17 15:03:36] WARNING  | exadata_fc_reads_parser | ⚠️  Flash Cache User Reads Per Second section not found
[2026-08-17 15:03:36] WARNING  | exadata_fc_reads_parser | ⚠️  No Flash Cache User Reads data found
[2026-08-17 15:05:09] WARNING  | exadata_fc_reads_parser | ⚠️  Flash Cache User Reads Per Second section not found
[2026-08-17 15:05:09] WARNING  | exadata_fc_reads_parser | ⚠️  No Flash Cache User Reads data found
[2026-08-17 15:06:43] WARNING  | exadata_fc_reads_parser | ⚠️  Flash Cache User Reads Per Second section not found
[2026-08-17 15:06:43] WARNING  | exadata_fc_reads_parser | ⚠️  No Flash Cache User Reads data found
[2026-08-17 15:08:19] WARNING  | exadata_fc_reads_parser | ⚠️  Flash Cache User Reads Per Second section not found
[2026-08-17 15:08:19] WARNING  | exadata_fc_reads_parser | ⚠️  No Flash Cache User Reads data found
[2026-08-17 15:09:50] WARNING  | exadata_fc_reads_parser | ⚠️  Flash Cache User Reads Per Second section not found
[2026-08-17 15:09:50] WARNING  | exadata_fc_reads_parser | ⚠️  No Flash Cache User Reads data found
[2026-08-17 15:11:20] WARNING  | exadata_fc_reads_parser | ⚠️  Flash Cache User Reads Per Second section not found
[2026-08-17 15:11:20] WARNING  | exadata_fc_reads_parser | ⚠️  No Flash Cache User Reads data found
[2026-08-17 15:12:47] WARNING  | exadata_fc_reads_parser | ⚠️  Flash Cache User Reads Per Second section not found
[2026-08-17 15:12:47] WARNING  | exadata_fc_reads_parser | ⚠️  No Flash Cache User Reads data found
[2026-08-17 15:14:20] WARNING  | exadata_fc_reads_parser | ⚠️  Flash Cache User Reads Per Second section not found
[2026-08-17 15:14:20] WARNING  | exadata_fc_reads_parser | ⚠️  No Flash Cache User Reads data found
[2026-08-17 15:17:49] WARNING  | exadata_fc_reads_parser | ⚠️  Flash Cache User Reads Per Second section not found
[2026-08-17 15:17:49] WARNING  | exadata_fc_reads_parser | ⚠️  No Flash Cache User Reads data found
[2026-08-17 15:19:25] WARNING  | exadata_fc_reads_parser | ⚠️  Flash Cache User Reads Per Second section not found
[2026-08-17 15:19:25] WARNING  | exadata_fc_reads_parser | ⚠️  No Flash Cache User Reads data found
[2026-08-17 15:36:07] WARNING  | exadata_fc_reads_parser | ⚠️  Flash Cache User Reads Per Second section not found
[2026-08-17 15:36:07] WARNING  | exadata_fc_reads_parser | ⚠️  No Flash Cache User Reads data found
[2026-08-17 15:37:37] WARNING  | exadata_fc_reads_parser | ⚠️  Flash Cache User Reads Per Second section not found
[2026-08-17 15:37:37] WARNING  | exadata_fc_reads_parser | ⚠️  No Flash Cache User Reads data found
[2026-08-17 15:43:56] WARNING  | exadata_fc_reads_parser | ⚠️  Flash Cache User Reads Per Second section not found
[2026-08-17 15:43:56] WARNING  | exadata_fc_reads_parser | ⚠️  No Flash Cache User Reads data found
[2026-08-17 15:45:30] WARNING  | exadata_fc_reads_parser | ⚠️  Flash Cache User Reads Per Second section not found
[2026-08-17 15:45:30] WARNING  | exadata_fc_reads_parser | ⚠️  No Flash Cache User Reads data found
[2026-08-17 15:47:04] WARNING  | exadata_fc_reads_parser | ⚠️  Flash Cache User Reads Per Second section not found
[2026-08-17 15:47:04] WARNING  | exadata_fc_reads_parser | ⚠️  No Flash Cache User Reads data found
[2026-08-17 15:48:38] WARNING  | exadata_fc_reads_parser | ⚠️  Flash Cache User Reads Per Second section not found
[2026-08-17 15:48:39] WARNING  | exadata_fc_reads_parser | ⚠️  No Flash Cache User Reads data found
[2026-08-17 15:50:12] WARNING  | exadata_fc_reads_parser | ⚠️  Flash Cache User Reads Per Second section not found
[2026-08-17 15:50:12] WARNING  | exadata_fc_reads_parser | ⚠️  No Flash Cache User Reads data found
[2026-08-17 15:51:49] WARNING  | exadata_fc_reads_parser | ⚠️  Flash Cache User Reads Per Second section not found
[2026-08-17 15:51:49] WARNING  | exadata_fc_reads_parser | ⚠️  No Flash Cache User Reads data found
[2026-08-17 15:53:24] WARNING  | exadata_fc_reads_parser | ⚠️  Flash Cache User Reads Per Second section not found
[2026-08-17 15:53:24] WARNING  | exadata_fc_reads_parser | ⚠️  No Flash Cache User Reads data found
[2026-08-17 15:54:58] WARNING  | exadata_fc_reads_parser | ⚠️  Flash Cache User Reads Per Second section not found
[2026-08-17 15:54:58] WARNING  | exadata_fc_reads_parser | ⚠️  No Flash Cache User Reads data found
[2026-08-17 15:57:13] WARNING  | exadata_fc_reads_parser | ⚠️  Flash Cache User Reads Per Second section not found
[2026-08-17 15:57:13] WARNING  | exadata_fc_reads_parser | ⚠️  No Flash Cache User Reads data found
[2026-08-17 16:06:51] WARNING  | exadata_fc_reads_parser | ⚠️  Flash Cache User Reads Per Second section not found
[2026-08-17 16:06:52] WARNING  | exadata_fc_reads_parser | ⚠️  No Flash Cache User Reads data found
[2026-08-17 16:08:19] WARNING  | exadata_fc_reads_parser | ⚠️  Flash Cache User Reads Per Second section not found
[2026-08-17 16:08:19] WARNING  | exadata_fc_reads_parser | ⚠️  No Flash Cache User Reads data found
[2026-08-17 16:09:49] WARNING  | exadata_fc_reads_parser | ⚠️  Flash Cache User Reads Per Second section not found
[2026-08-17 16:09:49] WARNING  | exadata_fc_reads_parser | ⚠️  No Flash Cache User Reads data found
[2026-08-17 16:11:24] WARNING  | exadata_fc_reads_parser | ⚠️  Flash Cache User Reads Per Second section not found
[2026-08-17 16:11:24] WARNING  | exadata_fc_reads_parser | ⚠️  No Flash Cache User Reads data found
[2026-08-17 16:12:53] WARNING  | exadata_fc_reads_parser | ⚠️  Flash Cache User Reads Per Second section not found
[2026-08-17 16:12:53] WARNING  | exadata_fc_reads_parser | ⚠️  No Flash Cache User Reads data found
[2026-08-17 16:14:25] WARNING  | exadata_fc_reads_parser | ⚠️  Flash Cache User Reads Per Second section not found
[2026-08-17 16:14:25] WARNING  | exadata_fc_reads_parser | ⚠️  No Flash Cache User Reads data found
[2026-08-17 16:15:39] WARNING  | exadata_fc_reads_parser | ⚠️  Flash Cache User Reads Per Second section not found
[2026-08-17 16:15:39] WARNING  | exadata_fc_reads_parser | ⚠️  No Flash Cache User Reads data found
[2026-08-17 16:17:14] WARNING  | exadata_fc_reads_parser | ⚠️  Flash Cache User Reads Per Second section not found
[2026-08-17 16:17:14] WARNING  | exadata_fc_reads_parser | ⚠️  No Flash Cache User Reads data found
[2026-08-17 16:18:46] WARNING  | exadata_fc_reads_parser | ⚠️  Flash Cache User Reads Per Second section not found
[2026-08-17 16:18:46] WARNING  | exadata_fc_reads_parser | ⚠️  No Flash Cache User Reads data found
[2026-08-17 16:20:28] WARNING  | exadata_fc_reads_parser | ⚠️  Flash Cache User Reads Per Second section not found
[2026-08-17 16:20:28] WARNING  | exadata_fc_reads_parser | ⚠️  No Flash Cache User Reads data found
[2026-08-17 16:21:33] WARNING  | exadata_fc_reads_parser | ⚠️  Flash Cache User Reads Per Second section not found
[2026-08-17 16:21:33] WARNING  | exadata_fc_reads_parser | ⚠️  No Flash Cache User Reads data found
[2026-08-17 16:21:47] WARNING  | exadata_fc_reads_parser | ⚠️  Flash Cache User Reads Per Second section not found
[2026-08-17 16:21:47] WARNING  | exadata_fc_reads_parser | ⚠️  No Flash Cache User Reads data found
[2026-08-17 16:21:59] WARNING  | exadata_fc_reads_parser | ⚠️  Flash Cache User Reads Per Second section not found
[2026-08-17 16:21:59] WARNING  | exadata_fc_reads_parser | ⚠️  No Flash Cache User Reads data found
[2026-08-17 16:22:00] WARNING  | exadata_fc_reads_parser | ⚠️  Flash Cache User Reads Per Second section not found
[2026-08-17 16:22:00] WARNING  | exadata_fc_reads_parser | ⚠️  No Flash Cache User Reads data found
[2026-08-17 16:22:12] WARNING  | exadata_fc_reads_parser | ⚠️  Flash Cache User Reads Per Second section not found
[2026-08-17 16:22:12] WARNING  | exadata_fc_reads_parser | ⚠️  No Flash Cache User Reads data found
[2026-08-17 16:22:33] WARNING  | exadata_fc_reads_parser | ⚠️  Flash Cache User Reads Per Second section not found
[2026-08-17 16:22:33] WARNING  | exadata_fc_reads_parser | ⚠️  No Flash Cache User Reads data found
[2026-08-17 16:22:46] WARNING  | exadata_fc_reads_parser | ⚠️  Flash Cache User Reads Per Second section not found
[2026-08-17 16:22:46] WARNING  | exadata_fc_reads_parser | ⚠️  No Flash Cache User Reads data found
[2026-08-17 16:22:59] WARNING  | exadata_fc_reads_parser | ⚠️  Flash Cache User Reads Per Second section not found
[2026-08-17 16:22:59] WARNING  | exadata_fc_reads_parser | ⚠️  No Flash Cache User Reads data found
[2026-08-17 16:23:11] WARNING  | exadata_fc_reads_parser | ⚠️  Flash Cache User Reads Per Second section not found
[2026-08-17 16:23:11] WARNING  | exadata_fc_reads_parser | ⚠️  No Flash Cache User Reads data found
[2026-08-17 16:23:24] WARNING  | exadata_fc_reads_parser | ⚠️  Flash Cache User Reads Per Second section not found
[2026-08-17 16:23:24] WARNING  | exadata_fc_reads_parser | ⚠️  No Flash Cache User Reads data found
[2026-08-17 16:23:32] WARNING  | exadata_fc_reads_parser | ⚠️  Flash Cache User Reads Per Second section not found
[2026-08-17 16:23:32] WARNING  | exadata_fc_reads_parser | ⚠️  No Flash Cache User Reads data found
[2026-08-17 16:23:36] WARNING  | exadata_fc_reads_parser | ⚠️  Flash Cache User Reads Per Second section not found
[2026-08-17 16:23:36] WARNING  | exadata_fc_reads_parser | ⚠️  No Flash Cache User Reads data found
[2026-08-17 16:23:49] WARNING  | exadata_fc_reads_parser | ⚠️  Flash Cache User Reads Per Second section not found
[2026-08-17 16:23:49] WARNING  | exadata_fc_reads_parser | ⚠️  No Flash Cache User Reads data found
[2026-08-17 16:24:02] WARNING  | exadata_fc_reads_parser | ⚠️  Flash Cache User Reads Per Second section not found
[2026-08-17 16:24:02] WARNING  | exadata_fc_reads_parser | ⚠️  No Flash Cache User Reads data found
[2026-08-17 16:24:14] WARNING  | exadata_fc_reads_parser | ⚠️  Flash Cache User Reads Per Second section not found
[2026-08-17 16:24:14] WARNING  | exadata_fc_reads_parser | ⚠️  No Flash Cache User Reads data found
[2026-08-17 16:24:27] WARNING  | exadata_fc_reads_parser | ⚠️  Flash Cache User Reads Per Second section not found
[2026-08-17 16:24:27] WARNING  | exadata_fc_reads_parser | ⚠️  No Flash Cache User Reads data found
[2026-08-17 16:24:39] WARNING  | exadata_fc_reads_parser | ⚠️  Flash Cache User Reads Per Second section not found
[2026-08-17 16:24:39] WARNING  | exadata_fc_reads_parser | ⚠️  No Flash Cache User Reads data found
[2026-08-17 16:24:52] WARNING  | exadata_fc_reads_parser | ⚠️  Flash Cache User Reads Per Second section not found
[2026-08-17 16:24:52] WARNING  | exadata_fc_reads_parser | ⚠️  No Flash Cache User Reads data found
[2026-08-17 16:25:04] WARNING  | exadata_fc_reads_parser | ⚠️  Flash Cache User Reads Per Second section not found
[2026-08-17 16:25:04] WARNING  | exadata_fc_reads_parser | ⚠️  No Flash Cache User Reads data found
[2026-08-17 16:25:17] WARNING  | exadata_fc_reads_parser | ⚠️  Flash Cache User Reads Per Second section not found
[2026-08-17 16:25:17] WARNING  | exadata_fc_reads_parser | ⚠️  No Flash Cache User Reads data found
[2026-08-17 16:25:29] WARNING  | exadata_fc_reads_parser | ⚠️  Flash Cache User Reads Per Second section not found
[2026-08-17 16:25:29] WARNING  | exadata_fc_reads_parser | ⚠️  No Flash Cache User Reads data found
[2026-08-17 16:25:42] WARNING  | exadata_fc_reads_parser | ⚠️  Flash Cache User Reads Per Second section not found
[2026-08-17 16:25:42] WARNING  | exadata_fc_reads_parser | ⚠️  No Flash Cache User Reads data found
[2026-08-17 16:40:27] WARNING  | exadata_fc_reads_parser | ⚠️  Flash Cache User Reads Per Second section not found
[2026-08-17 16:40:27] WARNING  | exadata_fc_reads_parser | ⚠️  No Flash Cache User Reads data found
[2026-08-17 16:42:01] WARNING  | exadata_fc_reads_parser | ⚠️  Flash Cache User Reads Per Second section not found
[2026-08-17 16:42:01] WARNING  | exadata_fc_reads_parser | ⚠️  No Flash Cache User Reads data found
[2026-08-17 16:43:32] WARNING  | exadata_fc_reads_parser | ⚠️  Flash Cache User Reads Per Second section not found
[2026-08-17 16:43:32] WARNING  | exadata_fc_reads_parser | ⚠️  No Flash Cache User Reads data found
[2026-08-17 16:45:06] WARNING  | exadata_fc_reads_parser | ⚠️  Flash Cache User Reads Per Second section not found
[2026-08-17 16:45:07] WARNING  | exadata_fc_reads_parser | ⚠️  No Flash Cache User Reads data found
[2026-08-17 16:46:38] WARNING  | exadata_fc_reads_parser | ⚠️  Flash Cache User Reads Per Second section not found
[2026-08-17 16:46:38] WARNING  | exadata_fc_reads_parser | ⚠️  No Flash Cache User Reads data found
[2026-08-17 16:48:08] WARNING  | exadata_fc_reads_parser | ⚠️  Flash Cache User Reads Per Second section not found
[2026-08-17 16:48:08] WARNING  | exadata_fc_reads_parser | ⚠️  No Flash Cache User Reads data found
[2026-08-17 16:49:40] WARNING  | exadata_fc_reads_parser | ⚠️  Flash Cache User Reads Per Second section not found
[2026-08-17 16:49:40] WARNING  | exadata_fc_reads_parser | ⚠️  No Flash Cache User Reads data found
[2026-08-17 16:51:17] WARNING  | exadata_fc_reads_parser | ⚠️  Flash Cache User Reads Per Second section not found
[2026-08-17 16:51:17] WARNING  | exadata_fc_reads_parser | ⚠️  No Flash Cache User Reads data found
[2026-08-17 16:52:47] WARNING  | exadata_fc_reads_parser | ⚠️  Flash Cache User Reads Per Second section not found
[2026-08-17 16:52:47] WARNING  | exadata_fc_reads_parser | ⚠️  No Flash Cache User Reads data found
[2026-08-17 16:54:24] WARNING  | exadata_fc_reads_parser | ⚠️  Flash Cache User Reads Per Second section not found
[2026-08-17 16:54:24] WARNING  | exadata_fc_reads_parser | ⚠️  No Flash Cache User Reads data found
[2026-08-17 16:55:54] WARNING  | exadata_fc_reads_parser | ⚠️  Flash Cache User Reads Per Second section not found
[2026-08-17 16:55:54] WARNING  | exadata_fc_reads_parser | ⚠️  No Flash Cache User Reads data found
[2026-08-17 16:57:29] WARNING  | exadata_fc_reads_parser | ⚠️  Flash Cache User Reads Per Second section not found
[2026-08-17 16:57:29] WARNING  | exadata_fc_reads_parser | ⚠️  No Flash Cache User Reads data found
[2026-08-17 16:58:58] WARNING  | exadata_fc_reads_parser | ⚠️  Flash Cache User Reads Per Second section not found
[2026-08-17 16:58:58] WARNING  | exadata_fc_reads_parser | ⚠️  No Flash Cache User Reads data found
[2026-08-17 17:11:10] WARNING  | exadata_fc_reads_parser | ⚠️  Flash Cache User Reads Per Second section not found
[2026-08-17 17:11:11] WARNING  | exadata_fc_reads_parser | ⚠️  No Flash Cache User Reads data found
[2026-08-17 17:12:43] WARNING  | exadata_fc_reads_parser | ⚠️  Flash Cache User Reads Per Second section not found
[2026-08-17 17:12:43] WARNING  | exadata_fc_reads_parser | ⚠️  No Flash Cache User Reads data found
[2026-08-17 17:14:13] WARNING  | exadata_fc_reads_parser | ⚠️  Flash Cache User Reads Per Second section not found
[2026-08-17 17:14:14] WARNING  | exadata_fc_reads_parser | ⚠️  No Flash Cache User Reads data found
[2026-08-17 17:15:48] WARNING  | exadata_fc_reads_parser | ⚠️  Flash Cache User Reads Per Second section not found
[2026-08-17 17:15:48] WARNING  | exadata_fc_reads_parser | ⚠️  No Flash Cache User Reads data found
[2026-08-17 17:17:18] WARNING  | exadata_fc_reads_parser | ⚠️  Flash Cache User Reads Per Second section not found
[2026-08-17 17:17:18] WARNING  | exadata_fc_reads_parser | ⚠️  No Flash Cache User Reads data found
[2026-08-17 17:18:56] WARNING  | exadata_fc_reads_parser | ⚠️  Flash Cache User Reads Per Second section not found
[2026-08-17 17:18:56] WARNING  | exadata_fc_reads_parser | ⚠️  No Flash Cache User Reads data found
[2026-08-17 17:20:25] WARNING  | exadata_fc_reads_parser | ⚠️  Flash Cache User Reads Per Second section not found
[2026-08-17 17:20:26] WARNING  | exadata_fc_reads_parser | ⚠️  No Flash Cache User Reads data found
[2026-08-17 17:22:00] WARNING  | exadata_fc_reads_parser | ⚠️  Flash Cache User Reads Per Second section not found
[2026-08-17 17:22:00] WARNING  | exadata_fc_reads_parser | ⚠️  No Flash Cache User Reads data found
[2026-08-17 17:23:33] WARNING  | exadata_fc_reads_parser | ⚠️  Flash Cache User Reads Per Second section not found
[2026-08-17 17:23:33] WARNING  | exadata_fc_reads_parser | ⚠️  No Flash Cache User Reads data found
[2026-08-17 17:25:06] WARNING  | exadata_fc_reads_parser | ⚠️  Flash Cache User Reads Per Second section not found
[2026-08-17 17:25:06] WARNING  | exadata_fc_reads_parser | ⚠️  No Flash Cache User Reads data found
[2026-08-17 17:26:37] WARNING  | exadata_fc_reads_parser | ⚠️  Flash Cache User Reads Per Second section not found
[2026-08-17 17:26:37] WARNING  | exadata_fc_reads_parser | ⚠️  No Flash Cache User Reads data found
[2026-08-17 17:28:10] WARNING  | exadata_fc_reads_parser | ⚠️  Flash Cache User Reads Per Second section not found
[2026-08-17 17:28:10] WARNING  | exadata_fc_reads_parser | ⚠️  No Flash Cache User Reads data found
[2026-08-17 17:29:40] WARNING  | exadata_fc_reads_parser | ⚠️  Flash Cache User Reads Per Second section not found
[2026-08-17 17:29:40] WARNING  | exadata_fc_reads_parser | ⚠️  No Flash Cache User Reads data found
[2026-08-17 17:31:09] WARNING  | exadata_fc_reads_parser | ⚠️  Flash Cache User Reads Per Second section not found
[2026-08-17 17:31:09] WARNING  | exadata_fc_reads_parser | ⚠️  No Flash Cache User Reads data found
[2026-08-17 17:41:58] WARNING  | exadata_fc_reads_parser | ⚠️  Flash Cache User Reads Per Second section not found
[2026-08-17 17:41:58] WARNING  | exadata_fc_reads_parser | ⚠️  No Flash Cache User Reads data found
[2026-08-17 17:43:33] WARNING  | exadata_fc_reads_parser | ⚠️  Flash Cache User Reads Per Second section not found
[2026-08-17 17:43:33] WARNING  | exadata_fc_reads_parser | ⚠️  No Flash Cache User Reads data found
[2026-08-17 17:45:06] WARNING  | exadata_fc_reads_parser | ⚠️  Flash Cache User Reads Per Second section not found
[2026-08-17 17:45:06] WARNING  | exadata_fc_reads_parser | ⚠️  No Flash Cache User Reads data found
[2026-08-17 17:46:40] WARNING  | exadata_fc_reads_parser | ⚠️  Flash Cache User Reads Per Second section not found
[2026-08-17 17:46:40] WARNING  | exadata_fc_reads_parser | ⚠️  No Flash Cache User Reads data found
[2026-08-17 17:48:11] WARNING  | exadata_fc_reads_parser | ⚠️  Flash Cache User Reads Per Second section not found
[2026-08-17 17:48:11] WARNING  | exadata_fc_reads_parser | ⚠️  No Flash Cache User Reads data found
[2026-08-17 17:49:41] WARNING  | exadata_fc_reads_parser | ⚠️  Flash Cache User Reads Per Second section not found
[2026-08-17 17:49:41] WARNING  | exadata_fc_reads_parser | ⚠️  No Flash Cache User Reads data found
[2026-08-17 18:15:33] WARNING  | exadata_fc_reads_parser | ⚠️  Flash Cache User Reads Per Second section not found
[2026-08-17 18:15:33] WARNING  | exadata_fc_reads_parser | ⚠️  No Flash Cache User Reads data found
[2026-08-18 09:35:50] WARNING  | exadata_fc_reads_parser | ⚠️  Flash Cache User Reads Per Second section not found
[2026-08-18 09:35:50] WARNING  | exadata_fc_reads_parser | ⚠️  No Flash Cache User Reads data found
[2026-08-18 09:37:05] WARNING  | exadata_fc_reads_parser | ⚠️  Flash Cache User Reads Per Second section not found
[2026-08-18 09:37:05] WARNING  | exadata_fc_reads_parser | ⚠️  No Flash Cache User Reads data found
[2026-08-18 09:38:45] WARNING  | exadata_fc_reads_parser | ⚠️  Flash Cache User Reads Per Second section not found
[2026-08-18 09:38:45] WARNING  | exadata_fc_reads_parser | ⚠️  No Flash Cache User Reads data found
[2026-08-18 09:40:20] WARNING  | exadata_fc_reads_parser | ⚠️  Flash Cache User Reads Per Second section not found
[2026-08-18 09:40:20] WARNING  | exadata_fc_reads_parser | ⚠️  No Flash Cache User Reads data found
[2026-08-18 09:41:56] WARNING  | exadata_fc_reads_parser | ⚠️  Flash Cache User Reads Per Second section not found
[2026-08-18 09:41:57] WARNING  | exadata_fc_reads_parser | ⚠️  No Flash Cache User Reads data found
[2026-08-18 09:43:21] WARNING  | exadata_fc_reads_parser | ⚠️  Flash Cache User Reads Per Second section not found
[2026-08-18 09:43:21] WARNING  | exadata_fc_reads_parser | ⚠️  No Flash Cache User Reads data found
[2026-08-18 09:44:42] WARNING  | exadata_fc_reads_parser | ⚠️  Flash Cache User Reads Per Second section not found
[2026-08-18 09:44:42] WARNING  | exadata_fc_reads_parser | ⚠️  No Flash Cache User Reads data found
[2026-08-18 09:46:07] WARNING  | exadata_fc_reads_parser | ⚠️  Flash Cache User Reads Per Second section not found
[2026-08-18 09:46:08] WARNING  | exadata_fc_reads_parser | ⚠️  No Flash Cache User Reads data found
[2026-08-18 09:47:45] WARNING  | exadata_fc_reads_parser | ⚠️  Flash Cache User Reads Per Second section not found
[2026-08-18 09:47:45] WARNING  | exadata_fc_reads_parser | ⚠️  No Flash Cache User Reads data found
[2026-08-18 09:49:14] WARNING  | exadata_fc_reads_parser | ⚠️  Flash Cache User Reads Per Second section not found
[2026-08-18 09:49:15] WARNING  | exadata_fc_reads_parser | ⚠️  No Flash Cache User Reads data found
[2026-08-18 09:50:41] WARNING  | exadata_fc_reads_parser | ⚠️  Flash Cache User Reads Per Second section not found
[2026-08-18 09:50:42] WARNING  | exadata_fc_reads_parser | ⚠️  No Flash Cache User Reads data found
[2026-08-18 09:52:09] WARNING  | exadata_fc_reads_parser | ⚠️  Flash Cache User Reads Per Second section not found
[2026-08-18 09:52:09] WARNING  | exadata_fc_reads_parser | ⚠️  No Flash Cache User Reads data found
[2026-08-18 09:53:50] WARNING  | exadata_fc_reads_parser | ⚠️  Flash Cache User Reads Per Second section not found
[2026-08-18 09:53:50] WARNING  | exadata_fc_reads_parser | ⚠️  No Flash Cache User Reads data found
[2026-08-18 09:55:33] WARNING  | exadata_fc_reads_parser | ⚠️  Flash Cache User Reads Per Second section not found
[2026-08-18 09:55:33] WARNING  | exadata_fc_reads_parser | ⚠️  No Flash Cache User Reads data found
[2026-08-18 09:57:25] WARNING  | exadata_fc_reads_parser | ⚠️  Flash Cache User Reads Per Second section not found
[2026-08-18 09:57:25] WARNING  | exadata_fc_reads_parser | ⚠️  No Flash Cache User Reads data found
[2026-08-18 09:59:08] WARNING  | exadata_fc_reads_parser | ⚠️  Flash Cache User Reads Per Second section not found
[2026-08-18 09:59:08] WARNING  | exadata_fc_reads_parser | ⚠️  No Flash Cache User Reads data found
[2026-08-18 10:00:39] WARNING  | exadata_fc_reads_parser | ⚠️  Flash Cache User Reads Per Second section not found
[2026-08-18 10:00:39] WARNING  | exadata_fc_reads_parser | ⚠️  No Flash Cache User Reads data found
[2026-08-18 10:02:13] WARNING  | exadata_fc_reads_parser | ⚠️  Flash Cache User Reads Per Second section not found
[2026-08-18 10:02:13] WARNING  | exadata_fc_reads_parser | ⚠️  No Flash Cache User Reads data found
[2026-08-18 10:03:38] WARNING  | exadata_fc_reads_parser | ⚠️  Flash Cache User Reads Per Second section not found
[2026-08-18 10:03:38] WARNING  | exadata_fc_reads_parser | ⚠️  No Flash Cache User Reads data found
[2026-08-18 10:05:05] WARNING  | exadata_fc_reads_parser | ⚠️  Flash Cache User Reads Per Second section not found
[2026-08-18 10:05:05] WARNING  | exadata_fc_reads_parser | ⚠️  No Flash Cache User Reads data found
[2026-08-18 10:06:57] WARNING  | exadata_fc_reads_parser | ⚠️  Flash Cache User Reads Per Second section not found
[2026-08-18 10:06:57] WARNING  | exadata_fc_reads_parser | ⚠️  No Flash Cache User Reads data found
[2026-08-18 10:08:41] WARNING  | exadata_fc_reads_parser | ⚠️  Flash Cache User Reads Per Second section not found
[2026-08-18 10:08:41] WARNING  | exadata_fc_reads_parser | ⚠️  No Flash Cache User Reads data found
[2026-08-18 10:10:07] WARNING  | exadata_fc_reads_parser | ⚠️  Flash Cache User Reads Per Second section not found
[2026-08-18 10:10:07] WARNING  | exadata_fc_reads_parser | ⚠️  No Flash Cache User Reads data found
[2026-08-18 10:11:37] WARNING  | exadata_fc_reads_parser | ⚠️  Flash Cache User Reads Per Second section not found
[2026-08-18 10:11:37] WARNING  | exadata_fc_reads_parser | ⚠️  No Flash Cache User Reads data found
[2026-08-18 10:31:09] WARNING  | exadata_fc_reads_parser | ⚠️  Flash Cache User Reads Per Second section not found
[2026-08-18 10:31:09] WARNING  | exadata_fc_reads_parser | ⚠️  No Flash Cache User Reads data found
[2026-08-18 11:01:16] WARNING  | exadata_fc_reads_parser | ⚠️  Flash Cache User Reads Per Second section not found
[2026-08-18 11:01:16] WARNING  | exadata_fc_reads_parser | ⚠️  No Flash Cache User Reads data found
[2026-08-18 11:02:57] WARNING  | exadata_fc_reads_parser | ⚠️  Flash Cache User Reads Per Second section not found
[2026-08-18 11:02:57] WARNING  | exadata_fc_reads_parser | ⚠️  No Flash Cache User Reads data found
[2026-08-18 11:31:13] WARNING  | exadata_fc_reads_parser | ⚠️  Flash Cache User Reads Per Second section not found
[2026-08-18 11:31:13] WARNING  | exadata_fc_reads_parser | ⚠️  No Flash Cache User Reads data found
[2026-08-18 11:32:43] WARNING  | exadata_fc_reads_parser | ⚠️  Flash Cache User Reads Per Second section not found
[2026-08-18 11:32:43] WARNING  | exadata_fc_reads_parser | ⚠️  No Flash Cache User Reads data found
[2026-08-18 11:34:10] WARNING  | exadata_fc_reads_parser | ⚠️  Flash Cache User Reads Per Second section not found
[2026-08-18 11:34:10] WARNING  | exadata_fc_reads_parser | ⚠️  No Flash Cache User Reads data found
[2026-08-18 12:02:41] WARNING  | exadata_fc_reads_parser | ⚠️  Flash Cache User Reads Per Second section not found
[2026-08-18 12:02:41] WARNING  | exadata_fc_reads_parser | ⚠️  No Flash Cache User Reads data found
[2026-08-18 12:04:15] WARNING  | exadata_fc_reads_parser | ⚠️  Flash Cache User Reads Per Second section not found
[2026-08-18 12:04:15] WARNING  | exadata_fc_reads_parser | ⚠️  No Flash Cache User Reads data found
[2026-08-18 12:05:46] WARNING  | exadata_fc_reads_parser | ⚠️  Flash Cache User Reads Per Second section not found
[2026-08-18 12:05:46] WARNING  | exadata_fc_reads_parser | ⚠️  No Flash Cache User Reads data found
[2026-08-18 12:07:16] WARNING  | exadata_fc_reads_parser | ⚠️  Flash Cache User Reads Per Second section not found
[2026-08-18 12:07:16] WARNING  | exadata_fc_reads_parser | ⚠️  No Flash Cache User Reads data found
[2026-08-18 12:32:56] WARNING  | exadata_fc_reads_parser | ⚠️  Flash Cache User Reads Per Second section not found
[2026-08-18 12:32:56] WARNING  | exadata_fc_reads_parser | ⚠️  No Flash Cache User Reads data found
[2026-08-18 12:34:30] WARNING  | exadata_fc_reads_parser | ⚠️  Flash Cache User Reads Per Second section not found
[2026-08-18 12:34:30] WARNING  | exadata_fc_reads_parser | ⚠️  No Flash Cache User Reads data found
[2026-08-18 12:36:05] WARNING  | exadata_fc_reads_parser | ⚠️  Flash Cache User Reads Per Second section not found
[2026-08-18 12:36:05] WARNING  | exadata_fc_reads_parser | ⚠️  No Flash Cache User Reads data found
[2026-08-18 12:37:37] WARNING  | exadata_fc_reads_parser | ⚠️  Flash Cache User Reads Per Second section not found
[2026-08-18 12:37:37] WARNING  | exadata_fc_reads_parser | ⚠️  No Flash Cache User Reads data found
[2026-08-18 12:39:12] WARNING  | exadata_fc_reads_parser | ⚠️  Flash Cache User Reads Per Second section not found
[2026-08-18 12:39:12] WARNING  | exadata_fc_reads_parser | ⚠️  No Flash Cache User Reads data found
[2026-08-18 13:05:30] WARNING  | exadata_fc_reads_parser | ⚠️  Flash Cache User Reads Per Second section not found
[2026-08-18 13:05:30] WARNING  | exadata_fc_reads_parser | ⚠️  No Flash Cache User Reads data found
[2026-08-18 13:07:00] WARNING  | exadata_fc_reads_parser | ⚠️  Flash Cache User Reads Per Second section not found
[2026-08-18 13:07:00] WARNING  | exadata_fc_reads_parser | ⚠️  No Flash Cache User Reads data found
[2026-08-18 13:08:33] WARNING  | exadata_fc_reads_parser | ⚠️  Flash Cache User Reads Per Second section not found
[2026-08-18 13:08:33] WARNING  | exadata_fc_reads_parser | ⚠️  No Flash Cache User Reads data found
[2026-08-18 13:10:03] WARNING  | exadata_fc_reads_parser | ⚠️  Flash Cache User Reads Per Second section not found
[2026-08-18 13:10:03] WARNING  | exadata_fc_reads_parser | ⚠️  No Flash Cache User Reads data found
[2026-08-18 13:11:38] WARNING  | exadata_fc_reads_parser | ⚠️  Flash Cache User Reads Per Second section not found
[2026-08-18 13:11:38] WARNING  | exadata_fc_reads_parser | ⚠️  No Flash Cache User Reads data found
[2026-08-18 13:13:12] WARNING  | exadata_fc_reads_parser | ⚠️  Flash Cache User Reads Per Second section not found
[2026-08-18 13:13:12] WARNING  | exadata_fc_reads_parser | ⚠️  No Flash Cache User Reads data found
[2026-08-18 13:54:37] WARNING  | exadata_fc_reads_parser | ⚠️  Flash Cache User Reads Per Second section not found
[2026-08-18 13:54:37] WARNING  | exadata_fc_reads_parser | ⚠️  No Flash Cache User Reads data found
[2026-08-18 13:56:12] WARNING  | exadata_fc_reads_parser | ⚠️  Flash Cache User Reads Per Second section not found
[2026-08-18 13:56:12] WARNING  | exadata_fc_reads_parser | ⚠️  No Flash Cache User Reads data found
[2026-08-18 13:57:47] WARNING  | exadata_fc_reads_parser | ⚠️  Flash Cache User Reads Per Second section not found
[2026-08-18 13:57:47] WARNING  | exadata_fc_reads_parser | ⚠️  No Flash Cache User Reads data found
[2026-08-18 13:59:15] WARNING  | exadata_fc_reads_parser | ⚠️  Flash Cache User Reads Per Second section not found
[2026-08-18 13:59:15] WARNING  | exadata_fc_reads_parser | ⚠️  No Flash Cache User Reads data found
[2026-08-18 14:10:12] WARNING  | exadata_fc_reads_parser | ⚠️  Flash Cache User Reads Per Second section not found
[2026-08-18 14:10:12] WARNING  | exadata_fc_reads_parser | ⚠️  No Flash Cache User Reads data found
[2026-08-18 14:11:47] WARNING  | exadata_fc_reads_parser | ⚠️  Flash Cache User Reads Per Second section not found
[2026-08-18 14:11:47] WARNING  | exadata_fc_reads_parser | ⚠️  No Flash Cache User Reads data found
[2026-08-18 14:13:17] WARNING  | exadata_fc_reads_parser | ⚠️  Flash Cache User Reads Per Second section not found
[2026-08-18 14:13:17] WARNING  | exadata_fc_reads_parser | ⚠️  No Flash Cache User Reads data found
