[2026-08-11 12:44:30] WARNING  | exadata_config_parser | ⚠️  Exadata Configuration section not found
[2026-08-11 12:44:44] WARNING  | exadata_config_parser | ⚠️  Exadata Configuration section not found
[2026-08-11 12:44:57] WARNING  | exadata_config_parser | ⚠️  Exadata Configuration section not found
[2026-08-11 12:45:10] WARNING  | exadata_config_parser | ⚠️  Exadata Configuration section not found
[2026-08-11 12:45:13] WARNING  | exadata_config_parser | ⚠️  Exadata Configuration section not found
[2026-08-11 12:45:17] WARNING  | exadata_config_parser | ⚠️  Exadata Configuration section not found
[2026-08-11 12:45:29] WARNING  | exadata_config_parser | ⚠️  Exadata Configuration section not found
[2026-08-11 12:45:42] WARNING  | exadata_config_parser | ⚠️  Exadata Configuration section not found
[2026-08-11 12:45:54] WARNING  | exadata_config_parser | ⚠️  Exadata Configuration section not found
[2026-08-11 12:46:07] WARNING  | exadata_config_parser | ⚠️  Exadata Configuration section not found
[2026-08-11 12:46:10] WARNING  | exadata_config_parser | ⚠️  Exadata Configuration section not found
[2026-08-11 12:46:23] WARNING  | exadata_config_parser | ⚠️  Exadata Configuration section not found
[2026-08-11 12:46:28] WARNING  | exadata_config_parser | ⚠️  Exadata Configuration section not found
[2026-08-11 12:46:43] WARNING  | exadata_config_parser | ⚠️  Exadata Configuration section not found
[2026-08-11 12:46:47] WARNING  | exadata_config_parser | ⚠️  Exadata Configuration section not found
[2026-08-11 12:47:03] WARNING  | exadata_config_parser | ⚠️  Exadata Configuration section not found
[2026-08-11 12:47:07] WARNING  | exadata_config_parser | ⚠️  Exadata Configuration section not found
[2026-08-11 12:47:12] WARNING  | exadata_config_parser | ⚠️  Exadata Configuration section not found
[2026-08-11 12:47:16] WARNING  | exadata_config_parser | ⚠️  Exadata Configuration section not found
[2026-08-11 12:47:31] WARNING  | exadata_config_parser | ⚠️  Exadata Configuration section not found
[2026-08-12 13:57:03] WARNING  | exadata_config_parser | ⚠️  Exadata Configuration section not found
[2026-08-12 14:39:48] WARNING  | exadata_config_parser | ⚠️  Exadata Configuration section not found
[2026-08-12 14:41:01] WARNING  | exadata_config_parser | ⚠️  Exadata Configuration section not found
[2026-08-12 14:43:42] WARNING  | exadata_config_parser | ⚠️  Exadata Configuration section not found
[2026-08-12 14:44:02] WARNING  | exadata_config_parser | ⚠️  Exadata Configuration section not found
[2026-08-12 14:44:19] WARNING  | exadata_config_parser | ⚠️  Exadata Configuration section not found
[2026-08-12 14:44:32] WARNING  | exadata_config_parser | ⚠️  Exadata Configuration section not found
[2026-08-12 14:44:37] WARNING  | exadata_config_parser | ⚠️  Exadata Configuration section not found
[2026-08-12 14:44:44] WARNING  | exadata_config_parser | ⚠️  Exadata Configuration section not found
[2026-08-12 14:44:54] WARNING  | exadata_config_parser | ⚠️  Exadata Configuration section not found
[2026-08-12 14:44:55] WARNING  | exadata_config_parser | ⚠️  Exadata Configuration section not found
[2026-08-12 14:45:12] WARNING  | exadata_config_parser | ⚠️  Exadata Configuration section not found
[2026-08-12 14:45:15] WARNING  | exadata_config_parser | ⚠️  Exadata Configuration section not found
[2026-08-12 14:45:33] WARNING  | exadata_config_parser | ⚠️  Exadata Configuration section not found
[2026-08-12 14:45:36] WARNING  | exadata_config_parser | ⚠️  Exadata Configuration section not found
[2026-08-12 14:45:39] WARNING  | exadata_config_parser | ⚠️  Exadata Configuration section not found
[2026-08-12 14:45:56] WARNING  | exadata_config_parser | ⚠️  Exadata Configuration section not found
[2026-08-12 14:46:04] WARNING  | exadata_config_parser | ⚠️  Exadata Configuration section not found
[2026-08-12 14:46:21] WARNING  | exadata_config_parser | ⚠️  Exadata Configuration section not found
[2026-08-12 14:46:29] WARNING  | exadata_config_parser | ⚠️  Exadata Configuration section not found
[2026-08-12 14:46:39] WARNING  | exadata_config_parser | ⚠️  Exadata Configuration section not found
[2026-08-12 14:46:45] WARNING  | exadata_config_parser | ⚠️  Exadata Configuration section not found
[2026-08-12 14:47:02] WARNING  | exadata_config_parser | ⚠️  Exadata Configuration section not found
[2026-08-12 14:47:04] WARNING  | exadata_config_parser | ⚠️  Exadata Configuration section not found
[2026-08-12 14:47:11] WARNING  | exadata_config_parser | ⚠️  Exadata Configuration section not found
[2026-08-12 14:47:30] WARNING  | exadata_config_parser | ⚠️  Exadata Configuration section not found
[2026-08-12 14:47:34] WARNING  | exadata_config_parser | ⚠️  Exadata Configuration section not found
[2026-08-12 14:47:39] WARNING  | exadata_config_parser | ⚠️  Exadata Configuration section not found
[2026-08-12 14:47:48] WARNING  | exadata_config_parser | ⚠️  Exadata Configuration section not found
[2026-08-12 14:47:54] WARNING  | exadata_config_parser | ⚠️  Exadata Configuration section not found
[2026-08-12 14:48:17] WARNING  | exadata_config_parser | ⚠️  Exadata Configuration section not found
[2026-08-12 14:48:24] WARNING  | exadata_config_parser | ⚠️  Exadata Configuration section not found
[2026-08-12 14:48:34] WARNING  | exadata_config_parser | ⚠️  Exadata Configuration section not found
[2026-08-12 14:48:43] WARNING  | exadata_config_parser | ⚠️  Exadata Configuration section not found
[2026-08-12 14:48:44] WARNING  | exadata_config_parser | ⚠️  Exadata Configuration section not found
[2026-08-12 14:49:05] WARNING  | exadata_config_parser | ⚠️  Exadata Configuration section not found
[2026-08-12 14:51:23] WARNING  | exadata_config_parser | ⚠️  Exadata Configuration section not found
[2026-08-12 14:51:42] WARNING  | exadata_config_parser | ⚠️  Exadata Configuration section not found
[2026-08-12 14:53:36] WARNING  | exadata_config_parser | ⚠️  Exadata Configuration section not found
[2026-08-12 14:55:27] WARNING  | exadata_config_parser | ⚠️  Exadata Configuration section not found
[2026-08-12 14:56:14] WARNING  | exadata_config_parser | ⚠️  Exadata Configuration section not found
[2026-08-12 14:58:24] WARNING  | exadata_config_parser | ⚠️  Exadata Configuration section not found
[2026-08-12 14:58:53] WARNING  | exadata_config_parser | ⚠️  Exadata Configuration section not found
[2026-08-12 15:00:37] WARNING  | exadata_config_parser | ⚠️  Exadata Configuration section not found
[2026-08-12 15:02:05] WARNING  | exadata_config_parser | ⚠️  Exadata Configuration section not found
[2026-08-12 15:02:08] WARNING  | exadata_config_parser | ⚠️  Exadata Configuration section not found
[2026-08-12 15:04:06] WARNING  | exadata_config_parser | ⚠️  Exadata Configuration section not found
[2026-08-12 15:05:19] WARNING  | exadata_config_parser | ⚠️  Exadata Configuration section not found
[2026-08-12 15:07:52] WARNING  | exadata_config_parser | ⚠️  Exadata Configuration section not found
[2026-08-12 15:10:05] WARNING  | exadata_config_parser | ⚠️  Exadata Configuration section not found
[2026-08-12 15:12:29] WARNING  | exadata_config_parser | ⚠️  Exadata Configuration section not found
[2026-08-12 15:14:48] WARNING  | exadata_config_parser | ⚠️  Exadata Configuration section not found
[2026-08-12 15:16:57] WARNING  | exadata_config_parser | ⚠️  Exadata Configuration section not found
[2026-08-12 15:20:47] WARNING  | exadata_config_parser | ⚠️  Exadata Configuration section not found
[2026-08-12 15:22:50] WARNING  | exadata_config_parser | ⚠️  Exadata Configuration section not found
[2026-08-12 15:25:01] WARNING  | exadata_config_parser | ⚠️  Exadata Configuration section not found
[2026-08-12 15:25:20] WARNING  | exadata_config_parser | ⚠️  Exadata Configuration section not found
[2026-08-12 15:26:33] WARNING  | exadata_config_parser | ⚠️  Exadata Configuration section not found
[2026-08-12 15:27:10] WARNING  | exadata_config_parser | ⚠️  Exadata Configuration section not found
[2026-08-12 15:27:53] WARNING  | exadata_config_parser | ⚠️  Exadata Configuration section not found
[2026-08-12 15:29:11] WARNING  | exadata_config_parser | ⚠️  Exadata Configuration section not found
[2026-08-12 15:29:15] WARNING  | exadata_config_parser | ⚠️  Exadata Configuration section not found
[2026-08-12 15:30:40] WARNING  | exadata_config_parser | ⚠️  Exadata Configuration section not found
[2026-08-12 15:31:22] WARNING  | exadata_config_parser | ⚠️  Exadata Configuration section not found
[2026-08-12 15:32:09] WARNING  | exadata_config_parser | ⚠️  Exadata Configuration section not found
[2026-08-12 15:33:33] WARNING  | exadata_config_parser | ⚠️  Exadata Configuration section not found
[2026-08-12 15:33:43] WARNING  | exadata_config_parser | ⚠️  Exadata Configuration section not found
[2026-08-12 15:34:59] WARNING  | exadata_config_parser | ⚠️  Exadata Configuration section not found
[2026-08-12 15:35:44] WARNING  | exadata_config_parser | ⚠️  Exadata Configuration section not found
[2026-08-12 15:36:16] WARNING  | exadata_config_parser | ⚠️  Exadata Configuration section not found
[2026-08-12 15:37:36] WARNING  | exadata_config_parser | ⚠️  Exadata Configuration section not found
[2026-08-12 15:38:06] WARNING  | exadata_config_parser | ⚠️  Exadata Configuration section not found
[2026-08-12 15:39:11] WARNING  | exadata_config_parser | ⚠️  Exadata Configuration section not found
[2026-08-12 15:40:22] WARNING  | exadata_config_parser | ⚠️  Exadata Configuration section not found
[2026-08-12 15:40:25] WARNING  | exadata_config_parser | ⚠️  Exadata Configuration section not found
[2026-08-12 15:41:45] WARNING  | exadata_config_parser | ⚠️  Exadata Configuration section not found
[2026-08-12 15:42:36] WARNING  | exadata_config_parser | ⚠️  Exadata Configuration section not found
[2026-08-12 15:42:59] WARNING  | exadata_config_parser | ⚠️  Exadata Configuration section not found
[2026-08-12 15:45:00] WARNING  | exadata_config_parser | ⚠️  Exadata Configuration section not found
[2026-08-12 15:47:16] WARNING  | exadata_config_parser | ⚠️  Exadata Configuration section not found
[2026-08-12 15:49:29] WARNING  | exadata_config_parser | ⚠️  Exadata Configuration section not found
[2026-08-12 15:51:39] WARNING  | exadata_config_parser | ⚠️  Exadata Configuration section not found
[2026-08-12 15:54:09] WARNING  | exadata_config_parser | ⚠️  Exadata Configuration section not found
[2026-08-12 15:56:27] WARNING  | exadata_config_parser | ⚠️  Exadata Configuration section not found
[2026-08-12 15:58:50] WARNING  | exadata_config_parser | ⚠️  Exadata Configuration section not found
[2026-08-12 16:01:07] WARNING  | exadata_config_parser | ⚠️  Exadata Configuration section not found
[2026-08-12 16:03:25] WARNING  | exadata_config_parser | ⚠️  Exadata Configuration section not found
[2026-08-12 16:05:45] WARNING  | exadata_config_parser | ⚠️  Exadata Configuration section not found
[2026-08-12 16:08:00] WARNING  | exadata_config_parser | ⚠️  Exadata Configuration section not found
[2026-08-12 16:10:17] WARNING  | exadata_config_parser | ⚠️  Exadata Configuration section not found
[2026-08-12 16:12:36] WARNING  | exadata_config_parser | ⚠️  Exadata Configuration section not found
[2026-08-12 16:14:49] WARNING  | exadata_config_parser | ⚠️  Exadata Configuration section not found
[2026-08-12 16:17:05] WARNING  | exadata_config_parser | ⚠️  Exadata Configuration section not found
[2026-08-12 16:19:14] WARNING  | exadata_config_parser | ⚠️  Exadata Configuration section not found
[2026-08-12 16:21:24] WARNING  | exadata_config_parser | ⚠️  Exadata Configuration section not found
[2026-08-12 16:23:35] WARNING  | exadata_config_parser | ⚠️  Exadata Configuration section not found
[2026-08-12 16:25:48] WARNING  | exadata_config_parser | ⚠️  Exadata Configuration section not found
[2026-08-12 16:27:51] WARNING  | exadata_config_parser | ⚠️  Exadata Configuration section not found
[2026-08-12 16:30:01] WARNING  | exadata_config_parser | ⚠️  Exadata Configuration section not found
[2026-08-12 16:32:07] WARNING  | exadata_config_parser | ⚠️  Exadata Configuration section not found
[2026-08-12 16:34:17] WARNING  | exadata_config_parser | ⚠️  Exadata Configuration section not found
[2026-08-13 10:01:11] WARNING  | exadata_config_parser | ⚠️  Exadata Configuration section not found
[2026-08-13 10:33:34] WARNING  | exadata_config_parser | ⚠️  Exadata Configuration section not found
[2026-08-13 10:34:48] WARNING  | exadata_config_parser | ⚠️  Exadata Configuration section not found
[2026-08-13 11:06:43] WARNING  | exadata_config_parser | ⚠️  Exadata Configuration section not found
[2026-08-13 11:07:58] WARNING  | exadata_config_parser | ⚠️  Exadata Configuration section not found
[2026-08-13 11:09:15] WARNING  | exadata_config_parser | ⚠️  Exadata Configuration section not found
[2026-08-13 11:36:40] WARNING  | exadata_config_parser | ⚠️  Exadata Configuration section not found
[2026-08-13 11:37:56] WARNING  | exadata_config_parser | ⚠️  Exadata Configuration section not found
[2026-08-13 11:39:15] WARNING  | exadata_config_parser | ⚠️  Exadata Configuration section not found
[2026-08-13 11:40:30] WARNING  | exadata_config_parser | ⚠️  Exadata Configuration section not found
[2026-08-13 12:07:02] WARNING  | exadata_config_parser | ⚠️  Exadata Configuration section not found
[2026-08-13 12:08:18] WARNING  | exadata_config_parser | ⚠️  Exadata Configuration section not found
[2026-08-13 12:09:35] WARNING  | exadata_config_parser | ⚠️  Exadata Configuration section not found
[2026-08-13 12:10:49] WARNING  | exadata_config_parser | ⚠️  Exadata Configuration section not found
[2026-08-13 12:12:03] WARNING  | exadata_config_parser | ⚠️  Exadata Configuration section not found
[2026-08-13 12:45:13] WARNING  | exadata_config_parser | ⚠️  Exadata Configuration section not found
[2026-08-13 12:46:28] WARNING  | exadata_config_parser | ⚠️  Exadata Configuration section not found
[2026-08-13 12:47:48] WARNING  | exadata_config_parser | ⚠️  Exadata Configuration section not found
[2026-08-13 12:49:04] WARNING  | exadata_config_parser | ⚠️  Exadata Configuration section not found
[2026-08-13 12:50:19] WARNING  | exadata_config_parser | ⚠️  Exadata Configuration section not found
[2026-08-13 12:51:33] WARNING  | exadata_config_parser | ⚠️  Exadata Configuration section not found
[2026-08-13 13:15:29] WARNING  | exadata_config_parser | ⚠️  Exadata Configuration section not found
[2026-08-13 13:16:43] WARNING  | exadata_config_parser | ⚠️  Exadata Configuration section not found
[2026-08-13 13:17:54] WARNING  | exadata_config_parser | ⚠️  Exadata Configuration section not found
[2026-08-13 13:19:10] WARNING  | exadata_config_parser | ⚠️  Exadata Configuration section not found
[2026-08-13 13:20:28] WARNING  | exadata_config_parser | ⚠️  Exadata Configuration section not found
[2026-08-13 13:21:41] WARNING  | exadata_config_parser | ⚠️  Exadata Configuration section not found
[2026-08-13 13:22:58] WARNING  | exadata_config_parser | ⚠️  Exadata Configuration section not found
[2026-08-13 13:45:54] WARNING  | exadata_config_parser | ⚠️  Exadata Configuration section not found
[2026-08-13 13:47:01] WARNING  | exadata_config_parser | ⚠️  Exadata Configuration section not found
[2026-08-13 13:48:13] WARNING  | exadata_config_parser | ⚠️  Exadata Configuration section not found
[2026-08-13 13:49:18] WARNING  | exadata_config_parser | ⚠️  Exadata Configuration section not found
[2026-08-13 13:50:27] WARNING  | exadata_config_parser | ⚠️  Exadata Configuration section not found
[2026-08-13 13:51:39] WARNING  | exadata_config_parser | ⚠️  Exadata Configuration section not found
[2026-08-13 13:52:58] WARNING  | exadata_config_parser | ⚠️  Exadata Configuration section not found
[2026-08-13 13:54:08] WARNING  | exadata_config_parser | ⚠️  Exadata Configuration section not found
[2026-08-13 14:16:21] WARNING  | exadata_config_parser | ⚠️  Exadata Configuration section not found
[2026-08-13 14:17:29] WARNING  | exadata_config_parser | ⚠️  Exadata Configuration section not found
[2026-08-13 14:18:40] WARNING  | exadata_config_parser | ⚠️  Exadata Configuration section not found
[2026-08-13 14:19:46] WARNING  | exadata_config_parser | ⚠️  Exadata Configuration section not found
[2026-08-13 14:20:53] WARNING  | exadata_config_parser | ⚠️  Exadata Configuration section not found
[2026-08-13 14:21:57] WARNING  | exadata_config_parser | ⚠️  Exadata Configuration section not found
[2026-08-13 14:23:03] WARNING  | exadata_config_parser | ⚠️  Exadata Configuration section not found
[2026-08-13 14:24:08] WARNING  | exadata_config_parser | ⚠️  Exadata Configuration section not found
[2026-08-13 14:25:17] WARNING  | exadata_config_parser | ⚠️  Exadata Configuration section not found
[2026-08-13 14:46:38] WARNING  | exadata_config_parser | ⚠️  Exadata Configuration section not found
[2026-08-13 14:47:50] WARNING  | exadata_config_parser | ⚠️  Exadata Configuration section not found
[2026-08-13 14:49:04] WARNING  | exadata_config_parser | ⚠️  Exadata Configuration section not found
[2026-08-13 14:50:14] WARNING  | exadata_config_parser | ⚠️  Exadata Configuration section not found
[2026-08-13 14:51:33] WARNING  | exadata_config_parser | ⚠️  Exadata Configuration section not found
[2026-08-13 14:52:41] WARNING  | exadata_config_parser | ⚠️  Exadata Configuration section not found
[2026-08-13 14:53:51] WARNING  | exadata_config_parser | ⚠️  Exadata Configuration section not found
[2026-08-13 14:54:56] WARNING  | exadata_config_parser | ⚠️  Exadata Configuration section not found
[2026-08-13 14:56:12] WARNING  | exadata_config_parser | ⚠️  Exadata Configuration section not found
[2026-08-13 14:57:26] WARNING  | exadata_config_parser | ⚠️  Exadata Configuration section not found
[2026-08-13 15:17:45] WARNING  | exadata_config_parser | ⚠️  Exadata Configuration section not found
[2026-08-13 15:19:07] WARNING  | exadata_config_parser | ⚠️  Exadata Configuration section not found
[2026-08-13 15:20:26] WARNING  | exadata_config_parser | ⚠️  Exadata Configuration section not found
[2026-08-13 15:21:45] WARNING  | exadata_config_parser | ⚠️  Exadata Configuration section not found
[2026-08-13 15:23:03] WARNING  | exadata_config_parser | ⚠️  Exadata Configuration section not found
[2026-08-13 15:24:19] WARNING  | exadata_config_parser | ⚠️  Exadata Configuration section not found
[2026-08-13 15:25:38] WARNING  | exadata_config_parser | ⚠️  Exadata Configuration section not found
[2026-08-13 15:26:57] WARNING  | exadata_config_parser | ⚠️  Exadata Configuration section not found
[2026-08-13 15:28:17] WARNING  | exadata_config_parser | ⚠️  Exadata Configuration section not found
[2026-08-13 15:29:37] WARNING  | exadata_config_parser | ⚠️  Exadata Configuration section not found
[2026-08-13 15:30:57] WARNING  | exadata_config_parser | ⚠️  Exadata Configuration section not found
[2026-08-13 15:49:56] WARNING  | exadata_config_parser | ⚠️  Exadata Configuration section not found
[2026-08-13 15:51:13] WARNING  | exadata_config_parser | ⚠️  Exadata Configuration section not found
[2026-08-13 15:52:28] WARNING  | exadata_config_parser | ⚠️  Exadata Configuration section not found
[2026-08-13 15:53:43] WARNING  | exadata_config_parser | ⚠️  Exadata Configuration section not found
[2026-08-13 15:54:59] WARNING  | exadata_config_parser | ⚠️  Exadata Configuration section not found
[2026-08-13 15:56:12] WARNING  | exadata_config_parser | ⚠️  Exadata Configuration section not found
[2026-08-13 15:57:28] WARNING  | exadata_config_parser | ⚠️  Exadata Configuration section not found
[2026-08-13 15:58:44] WARNING  | exadata_config_parser | ⚠️  Exadata Configuration section not found
[2026-08-13 16:00:03] WARNING  | exadata_config_parser | ⚠️  Exadata Configuration section not found
[2026-08-13 16:01:16] WARNING  | exadata_config_parser | ⚠️  Exadata Configuration section not found
[2026-08-13 16:02:26] WARNING  | exadata_config_parser | ⚠️  Exadata Configuration section not found
[2026-08-13 16:03:41] WARNING  | exadata_config_parser | ⚠️  Exadata Configuration section not found
[2026-08-13 16:23:31] WARNING  | exadata_config_parser | ⚠️  Exadata Configuration section not found
[2026-08-13 16:24:48] WARNING  | exadata_config_parser | ⚠️  Exadata Configuration section not found
[2026-08-13 16:26:05] WARNING  | exadata_config_parser | ⚠️  Exadata Configuration section not found
[2026-08-13 16:27:21] WARNING  | exadata_config_parser | ⚠️  Exadata Configuration section not found
[2026-08-13 16:28:35] WARNING  | exadata_config_parser | ⚠️  Exadata Configuration section not found
[2026-08-13 16:33:55] WARNING  | exadata_config_parser | ⚠️  Exadata Configuration section not found
[2026-08-13 16:35:11] WARNING  | exadata_config_parser | ⚠️  Exadata Configuration section not found
[2026-08-13 16:36:26] WARNING  | exadata_config_parser | ⚠️  Exadata Configuration section not found
[2026-08-13 16:37:46] WARNING  | exadata_config_parser | ⚠️  Exadata Configuration section not found
[2026-08-13 16:39:02] WARNING  | exadata_config_parser | ⚠️  Exadata Configuration section not found
[2026-08-13 16:40:17] WARNING  | exadata_config_parser | ⚠️  Exadata Configuration section not found
[2026-08-13 16:41:32] WARNING  | exadata_config_parser | ⚠️  Exadata Configuration section not found
[2026-08-13 16:42:48] WARNING  | exadata_config_parser | ⚠️  Exadata Configuration section not found
[2026-08-13 16:54:33] WARNING  | exadata_config_parser | ⚠️  Exadata Configuration section not found
[2026-08-13 16:55:43] WARNING  | exadata_config_parser | ⚠️  Exadata Configuration section not found
[2026-08-13 16:56:59] WARNING  | exadata_config_parser | ⚠️  Exadata Configuration section not found
[2026-08-13 16:58:14] WARNING  | exadata_config_parser | ⚠️  Exadata Configuration section not found
[2026-08-13 17:28:59] WARNING  | exadata_config_parser | ⚠️  Exadata Configuration section not found
[2026-08-13 17:29:22] WARNING  | exadata_config_parser | ⚠️  Exadata Configuration section not found
[2026-08-13 17:30:02] WARNING  | exadata_config_parser | ⚠️  Exadata Configuration section not found
[2026-08-13 17:31:22] WARNING  | exadata_config_parser | ⚠️  Exadata Configuration section not found
[2026-08-13 17:32:36] WARNING  | exadata_config_parser | ⚠️  Exadata Configuration section not found
[2026-08-14 12:01:40] INFO     | exadata_config_parser | ✅ Config: 3 cells | FC sizes={8388608.0} | no_flash_log=['cel03.exadb.internal']
[2026-08-14 12:01:40] ERROR    | exadata_config_parser | ❌ null value in column "dbname" violates not-null constraint
DETAIL:  Failing row contains (1, null, null, null, null, cel01.exadb.internal, X9M-2, 19.3.20.0.0, 8388608.0, 2097152.0, 12, 36, t, 96575894cb8d5dc2b0359237757603ed, 2026-08-14 12:01:40.746384).
Traceback (most recent call last):
  File "C:\AWR_Insight_Portal_v2\modules\awr\exadata_config_parser.py", line 106, in insert_config
    cur.execute(sql,(r["dbname"],r["instance"],r["begin_snap"],r["snap_time"],
    ~~~~~~~~~~~^^^^^^^^^^^^^^^^^^^^^^^^^^^^^^^^^^^^^^^^^^^^^^^^^^^^^^^^^^^^^^^
        r["cell_name"],r["model"],r["storage_version"],r["flash_cache_mb"],
        ^^^^^^^^^^^^^^^^^^^^^^^^^^^^^^^^^^^^^^^^^^^^^^^^^^^^^^^^^^^^^^^^^^^
        r["flash_log_mb"],r["cell_disks"],r["grid_disks"],r["has_flash_log"],r["row_hash"]))
        ^^^^^^^^^^^^^^^^^^^^^^^^^^^^^^^^^^^^^^^^^^^^^^^^^^^^^^^^^^^^^^^^^^^^^^^^^^^^^^^^^^^^
psycopg2.errors.NotNullViolation: null value in column "dbname" violates not-null constraint
DETAIL:  Failing row contains (1, null, null, null, null, cel01.exadb.internal, X9M-2, 19.3.20.0.0, 8388608.0, 2097152.0, 12, 36, t, 96575894cb8d5dc2b0359237757603ed, 2026-08-14 12:01:40.746384).

[2026-08-14 12:01:47] INFO     | exadata_config_parser | ✅ Config: 3 cells | FC sizes={8388608.0} | no_flash_log=['cel03.exadb.internal']
[2026-08-14 12:01:47] ERROR    | exadata_config_parser | ❌ null value in column "dbname" violates not-null constraint
DETAIL:  Failing row contains (2, null, null, null, null, cel01.exadb.internal, X9M-2, 19.3.20.0.0, 8388608.0, 2097152.0, 12, 36, t, 96575894cb8d5dc2b0359237757603ed, 2026-08-14 12:01:47.372946).
Traceback (most recent call last):
  File "C:\AWR_Insight_Portal_v2\modules\awr\exadata_config_parser.py", line 106, in insert_config
    cur.execute(sql,(r["dbname"],r["instance"],r["begin_snap"],r["snap_time"],
    ~~~~~~~~~~~^^^^^^^^^^^^^^^^^^^^^^^^^^^^^^^^^^^^^^^^^^^^^^^^^^^^^^^^^^^^^^^
        r["cell_name"],r["model"],r["storage_version"],r["flash_cache_mb"],
        ^^^^^^^^^^^^^^^^^^^^^^^^^^^^^^^^^^^^^^^^^^^^^^^^^^^^^^^^^^^^^^^^^^^
        r["flash_log_mb"],r["cell_disks"],r["grid_disks"],r["has_flash_log"],r["row_hash"]))
        ^^^^^^^^^^^^^^^^^^^^^^^^^^^^^^^^^^^^^^^^^^^^^^^^^^^^^^^^^^^^^^^^^^^^^^^^^^^^^^^^^^^^
psycopg2.errors.NotNullViolation: null value in column "dbname" violates not-null constraint
DETAIL:  Failing row contains (2, null, null, null, null, cel01.exadb.internal, X9M-2, 19.3.20.0.0, 8388608.0, 2097152.0, 12, 36, t, 96575894cb8d5dc2b0359237757603ed, 2026-08-14 12:01:47.372946).

[2026-08-14 12:01:52] INFO     | exadata_config_parser | ✅ Config: 3 cells | FC sizes={8388608.0} | no_flash_log=['cel03.exadb.internal']
[2026-08-14 12:01:52] ERROR    | exadata_config_parser | ❌ null value in column "dbname" violates not-null constraint
DETAIL:  Failing row contains (3, null, null, null, null, cel01.exadb.internal, X9M-2, 19.3.20.0.0, 8388608.0, 2097152.0, 12, 36, t, 96575894cb8d5dc2b0359237757603ed, 2026-08-14 12:01:52.85667).
Traceback (most recent call last):
  File "C:\AWR_Insight_Portal_v2\modules\awr\exadata_config_parser.py", line 106, in insert_config
    cur.execute(sql,(r["dbname"],r["instance"],r["begin_snap"],r["snap_time"],
    ~~~~~~~~~~~^^^^^^^^^^^^^^^^^^^^^^^^^^^^^^^^^^^^^^^^^^^^^^^^^^^^^^^^^^^^^^^
        r["cell_name"],r["model"],r["storage_version"],r["flash_cache_mb"],
        ^^^^^^^^^^^^^^^^^^^^^^^^^^^^^^^^^^^^^^^^^^^^^^^^^^^^^^^^^^^^^^^^^^^
        r["flash_log_mb"],r["cell_disks"],r["grid_disks"],r["has_flash_log"],r["row_hash"]))
        ^^^^^^^^^^^^^^^^^^^^^^^^^^^^^^^^^^^^^^^^^^^^^^^^^^^^^^^^^^^^^^^^^^^^^^^^^^^^^^^^^^^^
psycopg2.errors.NotNullViolation: null value in column "dbname" violates not-null constraint
DETAIL:  Failing row contains (3, null, null, null, null, cel01.exadb.internal, X9M-2, 19.3.20.0.0, 8388608.0, 2097152.0, 12, 36, t, 96575894cb8d5dc2b0359237757603ed, 2026-08-14 12:01:52.85667).

[2026-08-14 12:01:58] INFO     | exadata_config_parser | ✅ Config: 3 cells | FC sizes={8388608.0} | no_flash_log=['cel03.exadb.internal']
[2026-08-14 12:01:58] ERROR    | exadata_config_parser | ❌ null value in column "dbname" violates not-null constraint
DETAIL:  Failing row contains (4, null, null, null, null, cel01.exadb.internal, X9M-2, 19.3.20.0.0, 8388608.0, 2097152.0, 12, 36, t, 96575894cb8d5dc2b0359237757603ed, 2026-08-14 12:01:58.54405).
Traceback (most recent call last):
  File "C:\AWR_Insight_Portal_v2\modules\awr\exadata_config_parser.py", line 106, in insert_config
    cur.execute(sql,(r["dbname"],r["instance"],r["begin_snap"],r["snap_time"],
    ~~~~~~~~~~~^^^^^^^^^^^^^^^^^^^^^^^^^^^^^^^^^^^^^^^^^^^^^^^^^^^^^^^^^^^^^^^
        r["cell_name"],r["model"],r["storage_version"],r["flash_cache_mb"],
        ^^^^^^^^^^^^^^^^^^^^^^^^^^^^^^^^^^^^^^^^^^^^^^^^^^^^^^^^^^^^^^^^^^^
        r["flash_log_mb"],r["cell_disks"],r["grid_disks"],r["has_flash_log"],r["row_hash"]))
        ^^^^^^^^^^^^^^^^^^^^^^^^^^^^^^^^^^^^^^^^^^^^^^^^^^^^^^^^^^^^^^^^^^^^^^^^^^^^^^^^^^^^
psycopg2.errors.NotNullViolation: null value in column "dbname" violates not-null constraint
DETAIL:  Failing row contains (4, null, null, null, null, cel01.exadb.internal, X9M-2, 19.3.20.0.0, 8388608.0, 2097152.0, 12, 36, t, 96575894cb8d5dc2b0359237757603ed, 2026-08-14 12:01:58.54405).

[2026-08-14 12:02:03] INFO     | exadata_config_parser | ✅ Config: 3 cells | FC sizes={8388608.0} | no_flash_log=['cel03.exadb.internal']
[2026-08-14 12:02:03] ERROR    | exadata_config_parser | ❌ null value in column "dbname" violates not-null constraint
DETAIL:  Failing row contains (5, null, null, null, null, cel01.exadb.internal, X9M-2, 19.3.20.0.0, 8388608.0, 2097152.0, 12, 36, t, 96575894cb8d5dc2b0359237757603ed, 2026-08-14 12:02:03.84306).
Traceback (most recent call last):
  File "C:\AWR_Insight_Portal_v2\modules\awr\exadata_config_parser.py", line 106, in insert_config
    cur.execute(sql,(r["dbname"],r["instance"],r["begin_snap"],r["snap_time"],
    ~~~~~~~~~~~^^^^^^^^^^^^^^^^^^^^^^^^^^^^^^^^^^^^^^^^^^^^^^^^^^^^^^^^^^^^^^^
        r["cell_name"],r["model"],r["storage_version"],r["flash_cache_mb"],
        ^^^^^^^^^^^^^^^^^^^^^^^^^^^^^^^^^^^^^^^^^^^^^^^^^^^^^^^^^^^^^^^^^^^
        r["flash_log_mb"],r["cell_disks"],r["grid_disks"],r["has_flash_log"],r["row_hash"]))
        ^^^^^^^^^^^^^^^^^^^^^^^^^^^^^^^^^^^^^^^^^^^^^^^^^^^^^^^^^^^^^^^^^^^^^^^^^^^^^^^^^^^^
psycopg2.errors.NotNullViolation: null value in column "dbname" violates not-null constraint
DETAIL:  Failing row contains (5, null, null, null, null, cel01.exadb.internal, X9M-2, 19.3.20.0.0, 8388608.0, 2097152.0, 12, 36, t, 96575894cb8d5dc2b0359237757603ed, 2026-08-14 12:02:03.84306).

[2026-08-14 12:02:09] INFO     | exadata_config_parser | ✅ Config: 3 cells | FC sizes={8388608.0} | no_flash_log=['cel03.exadb.internal']
[2026-08-14 12:02:09] ERROR    | exadata_config_parser | ❌ null value in column "dbname" violates not-null constraint
DETAIL:  Failing row contains (6, null, null, null, null, cel01.exadb.internal, X9M-2, 19.3.20.0.0, 8388608.0, 2097152.0, 12, 36, t, 96575894cb8d5dc2b0359237757603ed, 2026-08-14 12:02:09.878568).
Traceback (most recent call last):
  File "C:\AWR_Insight_Portal_v2\modules\awr\exadata_config_parser.py", line 106, in insert_config
    cur.execute(sql,(r["dbname"],r["instance"],r["begin_snap"],r["snap_time"],
    ~~~~~~~~~~~^^^^^^^^^^^^^^^^^^^^^^^^^^^^^^^^^^^^^^^^^^^^^^^^^^^^^^^^^^^^^^^
        r["cell_name"],r["model"],r["storage_version"],r["flash_cache_mb"],
        ^^^^^^^^^^^^^^^^^^^^^^^^^^^^^^^^^^^^^^^^^^^^^^^^^^^^^^^^^^^^^^^^^^^
        r["flash_log_mb"],r["cell_disks"],r["grid_disks"],r["has_flash_log"],r["row_hash"]))
        ^^^^^^^^^^^^^^^^^^^^^^^^^^^^^^^^^^^^^^^^^^^^^^^^^^^^^^^^^^^^^^^^^^^^^^^^^^^^^^^^^^^^
psycopg2.errors.NotNullViolation: null value in column "dbname" violates not-null constraint
DETAIL:  Failing row contains (6, null, null, null, null, cel01.exadb.internal, X9M-2, 19.3.20.0.0, 8388608.0, 2097152.0, 12, 36, t, 96575894cb8d5dc2b0359237757603ed, 2026-08-14 12:02:09.878568).

[2026-08-14 12:08:50] WARNING  | exadata_config_parser | ⚠️  Exadata Configuration section not found
[2026-08-14 12:10:07] WARNING  | exadata_config_parser | ⚠️  Exadata Configuration section not found
[2026-08-14 12:11:24] WARNING  | exadata_config_parser | ⚠️  Exadata Configuration section not found
[2026-08-17 11:57:36] INFO     | exadata_config_parser | ✅ Config: 2 cells | FC sizes=set() | no_flash_log=['7 (mexa1cell01..07)', '1 mexa1cell08']
[2026-08-17 11:57:36] ERROR    | exadata_config_parser | ❌ null value in column "dbname" violates not-null constraint
DETAIL:  Failing row contains (7, null, null, null, null, 7 (mexa1cell01..07), Oracle Corporation ORACLE SERVER X11-2L High Capacity, null, null, null, null, null, f, 584402801a9615e045ed089735902f07, 2026-08-17 11:57:36.671453).
Traceback (most recent call last):
  File "C:\AWR_Insight_Portal_v2\modules\awr\exadata_config_parser.py", line 106, in insert_config
    cur.execute(sql,(r["dbname"],r["instance"],r["begin_snap"],r["snap_time"],
    ~~~~~~~~~~~^^^^^^^^^^^^^^^^^^^^^^^^^^^^^^^^^^^^^^^^^^^^^^^^^^^^^^^^^^^^^^^
        r["cell_name"],r["model"],r["storage_version"],r["flash_cache_mb"],
        ^^^^^^^^^^^^^^^^^^^^^^^^^^^^^^^^^^^^^^^^^^^^^^^^^^^^^^^^^^^^^^^^^^^
        r["flash_log_mb"],r["cell_disks"],r["grid_disks"],r["has_flash_log"],r["row_hash"]))
        ^^^^^^^^^^^^^^^^^^^^^^^^^^^^^^^^^^^^^^^^^^^^^^^^^^^^^^^^^^^^^^^^^^^^^^^^^^^^^^^^^^^^
psycopg2.errors.NotNullViolation: null value in column "dbname" violates not-null constraint
DETAIL:  Failing row contains (7, null, null, null, null, 7 (mexa1cell01..07), Oracle Corporation ORACLE SERVER X11-2L High Capacity, null, null, null, null, null, f, 584402801a9615e045ed089735902f07, 2026-08-17 11:57:36.671453).

[2026-08-17 11:57:48] INFO     | exadata_config_parser | ✅ Config: 2 cells | FC sizes=set() | no_flash_log=['7 (mexa1cell01..07)', '1 mexa1cell08']
[2026-08-17 11:57:48] ERROR    | exadata_config_parser | ❌ null value in column "dbname" violates not-null constraint
DETAIL:  Failing row contains (8, null, null, null, null, 7 (mexa1cell01..07), Oracle Corporation ORACLE SERVER X11-2L High Capacity, null, null, null, null, null, f, 584402801a9615e045ed089735902f07, 2026-08-17 11:57:48.342791).
Traceback (most recent call last):
  File "C:\AWR_Insight_Portal_v2\modules\awr\exadata_config_parser.py", line 106, in insert_config
    cur.execute(sql,(r["dbname"],r["instance"],r["begin_snap"],r["snap_time"],
    ~~~~~~~~~~~^^^^^^^^^^^^^^^^^^^^^^^^^^^^^^^^^^^^^^^^^^^^^^^^^^^^^^^^^^^^^^^
        r["cell_name"],r["model"],r["storage_version"],r["flash_cache_mb"],
        ^^^^^^^^^^^^^^^^^^^^^^^^^^^^^^^^^^^^^^^^^^^^^^^^^^^^^^^^^^^^^^^^^^^
        r["flash_log_mb"],r["cell_disks"],r["grid_disks"],r["has_flash_log"],r["row_hash"]))
        ^^^^^^^^^^^^^^^^^^^^^^^^^^^^^^^^^^^^^^^^^^^^^^^^^^^^^^^^^^^^^^^^^^^^^^^^^^^^^^^^^^^^
psycopg2.errors.NotNullViolation: null value in column "dbname" violates not-null constraint
DETAIL:  Failing row contains (8, null, null, null, null, 7 (mexa1cell01..07), Oracle Corporation ORACLE SERVER X11-2L High Capacity, null, null, null, null, null, f, 584402801a9615e045ed089735902f07, 2026-08-17 11:57:48.342791).

[2026-08-17 11:57:59] INFO     | exadata_config_parser | ✅ Config: 2 cells | FC sizes=set() | no_flash_log=['7 (mexa1cell01..07)', '1 mexa1cell08']
[2026-08-17 11:57:59] ERROR    | exadata_config_parser | ❌ null value in column "dbname" violates not-null constraint
DETAIL:  Failing row contains (9, null, null, null, null, 7 (mexa1cell01..07), Oracle Corporation ORACLE SERVER X11-2L High Capacity, null, null, null, null, null, f, 584402801a9615e045ed089735902f07, 2026-08-17 11:57:59.908404).
Traceback (most recent call last):
  File "C:\AWR_Insight_Portal_v2\modules\awr\exadata_config_parser.py", line 106, in insert_config
    cur.execute(sql,(r["dbname"],r["instance"],r["begin_snap"],r["snap_time"],
    ~~~~~~~~~~~^^^^^^^^^^^^^^^^^^^^^^^^^^^^^^^^^^^^^^^^^^^^^^^^^^^^^^^^^^^^^^^
        r["cell_name"],r["model"],r["storage_version"],r["flash_cache_mb"],
        ^^^^^^^^^^^^^^^^^^^^^^^^^^^^^^^^^^^^^^^^^^^^^^^^^^^^^^^^^^^^^^^^^^^
        r["flash_log_mb"],r["cell_disks"],r["grid_disks"],r["has_flash_log"],r["row_hash"]))
        ^^^^^^^^^^^^^^^^^^^^^^^^^^^^^^^^^^^^^^^^^^^^^^^^^^^^^^^^^^^^^^^^^^^^^^^^^^^^^^^^^^^^
psycopg2.errors.NotNullViolation: null value in column "dbname" violates not-null constraint
DETAIL:  Failing row contains (9, null, null, null, null, 7 (mexa1cell01..07), Oracle Corporation ORACLE SERVER X11-2L High Capacity, null, null, null, null, null, f, 584402801a9615e045ed089735902f07, 2026-08-17 11:57:59.908404).

[2026-08-17 11:58:11] INFO     | exadata_config_parser | ✅ Config: 2 cells | FC sizes=set() | no_flash_log=['7 (mexa1cell01..07)', '1 mexa1cell08']
[2026-08-17 11:58:11] ERROR    | exadata_config_parser | ❌ null value in column "dbname" violates not-null constraint
DETAIL:  Failing row contains (10, null, null, null, null, 7 (mexa1cell01..07), Oracle Corporation ORACLE SERVER X11-2L High Capacity, null, null, null, null, null, f, 584402801a9615e045ed089735902f07, 2026-08-17 11:58:11.374901).
Traceback (most recent call last):
  File "C:\AWR_Insight_Portal_v2\modules\awr\exadata_config_parser.py", line 106, in insert_config
    cur.execute(sql,(r["dbname"],r["instance"],r["begin_snap"],r["snap_time"],
    ~~~~~~~~~~~^^^^^^^^^^^^^^^^^^^^^^^^^^^^^^^^^^^^^^^^^^^^^^^^^^^^^^^^^^^^^^^
        r["cell_name"],r["model"],r["storage_version"],r["flash_cache_mb"],
        ^^^^^^^^^^^^^^^^^^^^^^^^^^^^^^^^^^^^^^^^^^^^^^^^^^^^^^^^^^^^^^^^^^^
        r["flash_log_mb"],r["cell_disks"],r["grid_disks"],r["has_flash_log"],r["row_hash"]))
        ^^^^^^^^^^^^^^^^^^^^^^^^^^^^^^^^^^^^^^^^^^^^^^^^^^^^^^^^^^^^^^^^^^^^^^^^^^^^^^^^^^^^
psycopg2.errors.NotNullViolation: null value in column "dbname" violates not-null constraint
DETAIL:  Failing row contains (10, null, null, null, null, 7 (mexa1cell01..07), Oracle Corporation ORACLE SERVER X11-2L High Capacity, null, null, null, null, null, f, 584402801a9615e045ed089735902f07, 2026-08-17 11:58:11.374901).

[2026-08-17 11:58:22] INFO     | exadata_config_parser | ✅ Config: 2 cells | FC sizes=set() | no_flash_log=['7 (mexa1cell01..07)', '1 mexa1cell08']
[2026-08-17 11:58:22] ERROR    | exadata_config_parser | ❌ null value in column "dbname" violates not-null constraint
DETAIL:  Failing row contains (11, null, null, null, null, 7 (mexa1cell01..07), Oracle Corporation ORACLE SERVER X11-2L High Capacity, null, null, null, null, null, f, 584402801a9615e045ed089735902f07, 2026-08-17 11:58:22.704539).
Traceback (most recent call last):
  File "C:\AWR_Insight_Portal_v2\modules\awr\exadata_config_parser.py", line 106, in insert_config
    cur.execute(sql,(r["dbname"],r["instance"],r["begin_snap"],r["snap_time"],
    ~~~~~~~~~~~^^^^^^^^^^^^^^^^^^^^^^^^^^^^^^^^^^^^^^^^^^^^^^^^^^^^^^^^^^^^^^^
        r["cell_name"],r["model"],r["storage_version"],r["flash_cache_mb"],
        ^^^^^^^^^^^^^^^^^^^^^^^^^^^^^^^^^^^^^^^^^^^^^^^^^^^^^^^^^^^^^^^^^^^
        r["flash_log_mb"],r["cell_disks"],r["grid_disks"],r["has_flash_log"],r["row_hash"]))
        ^^^^^^^^^^^^^^^^^^^^^^^^^^^^^^^^^^^^^^^^^^^^^^^^^^^^^^^^^^^^^^^^^^^^^^^^^^^^^^^^^^^^
psycopg2.errors.NotNullViolation: null value in column "dbname" violates not-null constraint
DETAIL:  Failing row contains (11, null, null, null, null, 7 (mexa1cell01..07), Oracle Corporation ORACLE SERVER X11-2L High Capacity, null, null, null, null, null, f, 584402801a9615e045ed089735902f07, 2026-08-17 11:58:22.704539).

[2026-08-17 11:58:33] INFO     | exadata_config_parser | ✅ Config: 2 cells | FC sizes=set() | no_flash_log=['7 (mexa1cell01..07)', '1 mexa1cell08']
[2026-08-17 11:58:33] ERROR    | exadata_config_parser | ❌ null value in column "dbname" violates not-null constraint
DETAIL:  Failing row contains (12, null, null, null, null, 7 (mexa1cell01..07), Oracle Corporation ORACLE SERVER X11-2L High Capacity, null, null, null, null, null, f, 584402801a9615e045ed089735902f07, 2026-08-17 11:58:33.542894).
Traceback (most recent call last):
  File "C:\AWR_Insight_Portal_v2\modules\awr\exadata_config_parser.py", line 106, in insert_config
    cur.execute(sql,(r["dbname"],r["instance"],r["begin_snap"],r["snap_time"],
    ~~~~~~~~~~~^^^^^^^^^^^^^^^^^^^^^^^^^^^^^^^^^^^^^^^^^^^^^^^^^^^^^^^^^^^^^^^
        r["cell_name"],r["model"],r["storage_version"],r["flash_cache_mb"],
        ^^^^^^^^^^^^^^^^^^^^^^^^^^^^^^^^^^^^^^^^^^^^^^^^^^^^^^^^^^^^^^^^^^^
        r["flash_log_mb"],r["cell_disks"],r["grid_disks"],r["has_flash_log"],r["row_hash"]))
        ^^^^^^^^^^^^^^^^^^^^^^^^^^^^^^^^^^^^^^^^^^^^^^^^^^^^^^^^^^^^^^^^^^^^^^^^^^^^^^^^^^^^
psycopg2.errors.NotNullViolation: null value in column "dbname" violates not-null constraint
DETAIL:  Failing row contains (12, null, null, null, null, 7 (mexa1cell01..07), Oracle Corporation ORACLE SERVER X11-2L High Capacity, null, null, null, null, null, f, 584402801a9615e045ed089735902f07, 2026-08-17 11:58:33.542894).

[2026-08-17 11:58:44] INFO     | exadata_config_parser | ✅ Config: 2 cells | FC sizes=set() | no_flash_log=['7 (mexa1cell01..07)', '1 mexa1cell08']
[2026-08-17 11:58:44] ERROR    | exadata_config_parser | ❌ null value in column "dbname" violates not-null constraint
DETAIL:  Failing row contains (13, null, null, null, null, 7 (mexa1cell01..07), Oracle Corporation ORACLE SERVER X11-2L High Capacity, null, null, null, null, null, f, 584402801a9615e045ed089735902f07, 2026-08-17 11:58:44.701085).
Traceback (most recent call last):
  File "C:\AWR_Insight_Portal_v2\modules\awr\exadata_config_parser.py", line 106, in insert_config
    cur.execute(sql,(r["dbname"],r["instance"],r["begin_snap"],r["snap_time"],
    ~~~~~~~~~~~^^^^^^^^^^^^^^^^^^^^^^^^^^^^^^^^^^^^^^^^^^^^^^^^^^^^^^^^^^^^^^^
        r["cell_name"],r["model"],r["storage_version"],r["flash_cache_mb"],
        ^^^^^^^^^^^^^^^^^^^^^^^^^^^^^^^^^^^^^^^^^^^^^^^^^^^^^^^^^^^^^^^^^^^
        r["flash_log_mb"],r["cell_disks"],r["grid_disks"],r["has_flash_log"],r["row_hash"]))
        ^^^^^^^^^^^^^^^^^^^^^^^^^^^^^^^^^^^^^^^^^^^^^^^^^^^^^^^^^^^^^^^^^^^^^^^^^^^^^^^^^^^^
psycopg2.errors.NotNullViolation: null value in column "dbname" violates not-null constraint
DETAIL:  Failing row contains (13, null, null, null, null, 7 (mexa1cell01..07), Oracle Corporation ORACLE SERVER X11-2L High Capacity, null, null, null, null, null, f, 584402801a9615e045ed089735902f07, 2026-08-17 11:58:44.701085).

[2026-08-17 11:58:56] INFO     | exadata_config_parser | ✅ Config: 2 cells | FC sizes=set() | no_flash_log=['7 (mexa1cell01..07)', '1 mexa1cell08']
[2026-08-17 11:58:56] ERROR    | exadata_config_parser | ❌ null value in column "dbname" violates not-null constraint
DETAIL:  Failing row contains (14, null, null, null, null, 7 (mexa1cell01..07), Oracle Corporation ORACLE SERVER X11-2L High Capacity, null, null, null, null, null, f, 584402801a9615e045ed089735902f07, 2026-08-17 11:58:56.72398).
Traceback (most recent call last):
  File "C:\AWR_Insight_Portal_v2\modules\awr\exadata_config_parser.py", line 106, in insert_config
    cur.execute(sql,(r["dbname"],r["instance"],r["begin_snap"],r["snap_time"],
    ~~~~~~~~~~~^^^^^^^^^^^^^^^^^^^^^^^^^^^^^^^^^^^^^^^^^^^^^^^^^^^^^^^^^^^^^^^
        r["cell_name"],r["model"],r["storage_version"],r["flash_cache_mb"],
        ^^^^^^^^^^^^^^^^^^^^^^^^^^^^^^^^^^^^^^^^^^^^^^^^^^^^^^^^^^^^^^^^^^^
        r["flash_log_mb"],r["cell_disks"],r["grid_disks"],r["has_flash_log"],r["row_hash"]))
        ^^^^^^^^^^^^^^^^^^^^^^^^^^^^^^^^^^^^^^^^^^^^^^^^^^^^^^^^^^^^^^^^^^^^^^^^^^^^^^^^^^^^
psycopg2.errors.NotNullViolation: null value in column "dbname" violates not-null constraint
DETAIL:  Failing row contains (14, null, null, null, null, 7 (mexa1cell01..07), Oracle Corporation ORACLE SERVER X11-2L High Capacity, null, null, null, null, null, f, 584402801a9615e045ed089735902f07, 2026-08-17 11:58:56.72398).

[2026-08-17 11:59:08] INFO     | exadata_config_parser | ✅ Config: 2 cells | FC sizes=set() | no_flash_log=['7 (mexa1cell01..07)', '1 mexa1cell08']
[2026-08-17 11:59:09] ERROR    | exadata_config_parser | ❌ null value in column "dbname" violates not-null constraint
DETAIL:  Failing row contains (15, null, null, null, null, 7 (mexa1cell01..07), Oracle Corporation ORACLE SERVER X11-2L High Capacity, null, null, null, null, null, f, 584402801a9615e045ed089735902f07, 2026-08-17 11:59:09.0904).
Traceback (most recent call last):
  File "C:\AWR_Insight_Portal_v2\modules\awr\exadata_config_parser.py", line 106, in insert_config
    cur.execute(sql,(r["dbname"],r["instance"],r["begin_snap"],r["snap_time"],
    ~~~~~~~~~~~^^^^^^^^^^^^^^^^^^^^^^^^^^^^^^^^^^^^^^^^^^^^^^^^^^^^^^^^^^^^^^^
        r["cell_name"],r["model"],r["storage_version"],r["flash_cache_mb"],
        ^^^^^^^^^^^^^^^^^^^^^^^^^^^^^^^^^^^^^^^^^^^^^^^^^^^^^^^^^^^^^^^^^^^
        r["flash_log_mb"],r["cell_disks"],r["grid_disks"],r["has_flash_log"],r["row_hash"]))
        ^^^^^^^^^^^^^^^^^^^^^^^^^^^^^^^^^^^^^^^^^^^^^^^^^^^^^^^^^^^^^^^^^^^^^^^^^^^^^^^^^^^^
psycopg2.errors.NotNullViolation: null value in column "dbname" violates not-null constraint
DETAIL:  Failing row contains (15, null, null, null, null, 7 (mexa1cell01..07), Oracle Corporation ORACLE SERVER X11-2L High Capacity, null, null, null, null, null, f, 584402801a9615e045ed089735902f07, 2026-08-17 11:59:09.0904).

[2026-08-17 11:59:20] INFO     | exadata_config_parser | ✅ Config: 2 cells | FC sizes=set() | no_flash_log=['7 (mexa1cell01..07)', '1 mexa1cell08']
[2026-08-17 11:59:20] ERROR    | exadata_config_parser | ❌ null value in column "dbname" violates not-null constraint
DETAIL:  Failing row contains (16, null, null, null, null, 7 (mexa1cell01..07), Oracle Corporation ORACLE SERVER X11-2L High Capacity, null, null, null, null, null, f, 584402801a9615e045ed089735902f07, 2026-08-17 11:59:20.78558).
Traceback (most recent call last):
  File "C:\AWR_Insight_Portal_v2\modules\awr\exadata_config_parser.py", line 106, in insert_config
    cur.execute(sql,(r["dbname"],r["instance"],r["begin_snap"],r["snap_time"],
    ~~~~~~~~~~~^^^^^^^^^^^^^^^^^^^^^^^^^^^^^^^^^^^^^^^^^^^^^^^^^^^^^^^^^^^^^^^
        r["cell_name"],r["model"],r["storage_version"],r["flash_cache_mb"],
        ^^^^^^^^^^^^^^^^^^^^^^^^^^^^^^^^^^^^^^^^^^^^^^^^^^^^^^^^^^^^^^^^^^^
        r["flash_log_mb"],r["cell_disks"],r["grid_disks"],r["has_flash_log"],r["row_hash"]))
        ^^^^^^^^^^^^^^^^^^^^^^^^^^^^^^^^^^^^^^^^^^^^^^^^^^^^^^^^^^^^^^^^^^^^^^^^^^^^^^^^^^^^
psycopg2.errors.NotNullViolation: null value in column "dbname" violates not-null constraint
DETAIL:  Failing row contains (16, null, null, null, null, 7 (mexa1cell01..07), Oracle Corporation ORACLE SERVER X11-2L High Capacity, null, null, null, null, null, f, 584402801a9615e045ed089735902f07, 2026-08-17 11:59:20.78558).

[2026-08-17 11:59:31] INFO     | exadata_config_parser | ✅ Config: 2 cells | FC sizes=set() | no_flash_log=['7 (mexa1cell01..07)', '1 mexa1cell08']
[2026-08-17 11:59:32] ERROR    | exadata_config_parser | ❌ null value in column "dbname" violates not-null constraint
DETAIL:  Failing row contains (17, null, null, null, null, 7 (mexa1cell01..07), Oracle Corporation ORACLE SERVER X11-2L High Capacity, null, null, null, null, null, f, 584402801a9615e045ed089735902f07, 2026-08-17 11:59:32.035421).
Traceback (most recent call last):
  File "C:\AWR_Insight_Portal_v2\modules\awr\exadata_config_parser.py", line 106, in insert_config
    cur.execute(sql,(r["dbname"],r["instance"],r["begin_snap"],r["snap_time"],
    ~~~~~~~~~~~^^^^^^^^^^^^^^^^^^^^^^^^^^^^^^^^^^^^^^^^^^^^^^^^^^^^^^^^^^^^^^^
        r["cell_name"],r["model"],r["storage_version"],r["flash_cache_mb"],
        ^^^^^^^^^^^^^^^^^^^^^^^^^^^^^^^^^^^^^^^^^^^^^^^^^^^^^^^^^^^^^^^^^^^
        r["flash_log_mb"],r["cell_disks"],r["grid_disks"],r["has_flash_log"],r["row_hash"]))
        ^^^^^^^^^^^^^^^^^^^^^^^^^^^^^^^^^^^^^^^^^^^^^^^^^^^^^^^^^^^^^^^^^^^^^^^^^^^^^^^^^^^^
psycopg2.errors.NotNullViolation: null value in column "dbname" violates not-null constraint
DETAIL:  Failing row contains (17, null, null, null, null, 7 (mexa1cell01..07), Oracle Corporation ORACLE SERVER X11-2L High Capacity, null, null, null, null, null, f, 584402801a9615e045ed089735902f07, 2026-08-17 11:59:32.035421).

[2026-08-17 11:59:43] INFO     | exadata_config_parser | ✅ Config: 2 cells | FC sizes=set() | no_flash_log=['7 (mexa1cell01..07)', '1 mexa1cell08']
[2026-08-17 11:59:43] ERROR    | exadata_config_parser | ❌ null value in column "dbname" violates not-null constraint
DETAIL:  Failing row contains (18, null, null, null, null, 7 (mexa1cell01..07), Oracle Corporation ORACLE SERVER X11-2L High Capacity, null, null, null, null, null, f, 584402801a9615e045ed089735902f07, 2026-08-17 11:59:43.214098).
Traceback (most recent call last):
  File "C:\AWR_Insight_Portal_v2\modules\awr\exadata_config_parser.py", line 106, in insert_config
    cur.execute(sql,(r["dbname"],r["instance"],r["begin_snap"],r["snap_time"],
    ~~~~~~~~~~~^^^^^^^^^^^^^^^^^^^^^^^^^^^^^^^^^^^^^^^^^^^^^^^^^^^^^^^^^^^^^^^
        r["cell_name"],r["model"],r["storage_version"],r["flash_cache_mb"],
        ^^^^^^^^^^^^^^^^^^^^^^^^^^^^^^^^^^^^^^^^^^^^^^^^^^^^^^^^^^^^^^^^^^^
        r["flash_log_mb"],r["cell_disks"],r["grid_disks"],r["has_flash_log"],r["row_hash"]))
        ^^^^^^^^^^^^^^^^^^^^^^^^^^^^^^^^^^^^^^^^^^^^^^^^^^^^^^^^^^^^^^^^^^^^^^^^^^^^^^^^^^^^
psycopg2.errors.NotNullViolation: null value in column "dbname" violates not-null constraint
DETAIL:  Failing row contains (18, null, null, null, null, 7 (mexa1cell01..07), Oracle Corporation ORACLE SERVER X11-2L High Capacity, null, null, null, null, null, f, 584402801a9615e045ed089735902f07, 2026-08-17 11:59:43.214098).

[2026-08-17 11:59:54] INFO     | exadata_config_parser | ✅ Config: 2 cells | FC sizes=set() | no_flash_log=['7 (mexa1cell01..07)', '1 mexa1cell08']
[2026-08-17 11:59:54] ERROR    | exadata_config_parser | ❌ null value in column "dbname" violates not-null constraint
DETAIL:  Failing row contains (19, null, null, null, null, 7 (mexa1cell01..07), Oracle Corporation ORACLE SERVER X11-2L High Capacity, null, null, null, null, null, f, 584402801a9615e045ed089735902f07, 2026-08-17 11:59:54.34174).
Traceback (most recent call last):
  File "C:\AWR_Insight_Portal_v2\modules\awr\exadata_config_parser.py", line 106, in insert_config
    cur.execute(sql,(r["dbname"],r["instance"],r["begin_snap"],r["snap_time"],
    ~~~~~~~~~~~^^^^^^^^^^^^^^^^^^^^^^^^^^^^^^^^^^^^^^^^^^^^^^^^^^^^^^^^^^^^^^^
        r["cell_name"],r["model"],r["storage_version"],r["flash_cache_mb"],
        ^^^^^^^^^^^^^^^^^^^^^^^^^^^^^^^^^^^^^^^^^^^^^^^^^^^^^^^^^^^^^^^^^^^
        r["flash_log_mb"],r["cell_disks"],r["grid_disks"],r["has_flash_log"],r["row_hash"]))
        ^^^^^^^^^^^^^^^^^^^^^^^^^^^^^^^^^^^^^^^^^^^^^^^^^^^^^^^^^^^^^^^^^^^^^^^^^^^^^^^^^^^^
psycopg2.errors.NotNullViolation: null value in column "dbname" violates not-null constraint
DETAIL:  Failing row contains (19, null, null, null, null, 7 (mexa1cell01..07), Oracle Corporation ORACLE SERVER X11-2L High Capacity, null, null, null, null, null, f, 584402801a9615e045ed089735902f07, 2026-08-17 11:59:54.34174).

[2026-08-17 12:00:05] INFO     | exadata_config_parser | ✅ Config: 2 cells | FC sizes=set() | no_flash_log=['7 (mexa1cell01..07)', '1 mexa1cell08']
[2026-08-17 12:00:05] ERROR    | exadata_config_parser | ❌ null value in column "dbname" violates not-null constraint
DETAIL:  Failing row contains (20, null, null, null, null, 7 (mexa1cell01..07), Oracle Corporation ORACLE SERVER X11-2L High Capacity, null, null, null, null, null, f, 584402801a9615e045ed089735902f07, 2026-08-17 12:00:05.672041).
Traceback (most recent call last):
  File "C:\AWR_Insight_Portal_v2\modules\awr\exadata_config_parser.py", line 106, in insert_config
    cur.execute(sql,(r["dbname"],r["instance"],r["begin_snap"],r["snap_time"],
    ~~~~~~~~~~~^^^^^^^^^^^^^^^^^^^^^^^^^^^^^^^^^^^^^^^^^^^^^^^^^^^^^^^^^^^^^^^
        r["cell_name"],r["model"],r["storage_version"],r["flash_cache_mb"],
        ^^^^^^^^^^^^^^^^^^^^^^^^^^^^^^^^^^^^^^^^^^^^^^^^^^^^^^^^^^^^^^^^^^^
        r["flash_log_mb"],r["cell_disks"],r["grid_disks"],r["has_flash_log"],r["row_hash"]))
        ^^^^^^^^^^^^^^^^^^^^^^^^^^^^^^^^^^^^^^^^^^^^^^^^^^^^^^^^^^^^^^^^^^^^^^^^^^^^^^^^^^^^
psycopg2.errors.NotNullViolation: null value in column "dbname" violates not-null constraint
DETAIL:  Failing row contains (20, null, null, null, null, 7 (mexa1cell01..07), Oracle Corporation ORACLE SERVER X11-2L High Capacity, null, null, null, null, null, f, 584402801a9615e045ed089735902f07, 2026-08-17 12:00:05.672041).

[2026-08-17 12:00:17] INFO     | exadata_config_parser | ✅ Config: 2 cells | FC sizes=set() | no_flash_log=['7 (mexa1cell01..07)', '1 mexa1cell08']
[2026-08-17 12:00:17] ERROR    | exadata_config_parser | ❌ null value in column "dbname" violates not-null constraint
DETAIL:  Failing row contains (21, null, null, null, null, 7 (mexa1cell01..07), Oracle Corporation ORACLE SERVER X11-2L High Capacity, null, null, null, null, null, f, 584402801a9615e045ed089735902f07, 2026-08-17 12:00:17.732667).
Traceback (most recent call last):
  File "C:\AWR_Insight_Portal_v2\modules\awr\exadata_config_parser.py", line 106, in insert_config
    cur.execute(sql,(r["dbname"],r["instance"],r["begin_snap"],r["snap_time"],
    ~~~~~~~~~~~^^^^^^^^^^^^^^^^^^^^^^^^^^^^^^^^^^^^^^^^^^^^^^^^^^^^^^^^^^^^^^^
        r["cell_name"],r["model"],r["storage_version"],r["flash_cache_mb"],
        ^^^^^^^^^^^^^^^^^^^^^^^^^^^^^^^^^^^^^^^^^^^^^^^^^^^^^^^^^^^^^^^^^^^
        r["flash_log_mb"],r["cell_disks"],r["grid_disks"],r["has_flash_log"],r["row_hash"]))
        ^^^^^^^^^^^^^^^^^^^^^^^^^^^^^^^^^^^^^^^^^^^^^^^^^^^^^^^^^^^^^^^^^^^^^^^^^^^^^^^^^^^^
psycopg2.errors.NotNullViolation: null value in column "dbname" violates not-null constraint
DETAIL:  Failing row contains (21, null, null, null, null, 7 (mexa1cell01..07), Oracle Corporation ORACLE SERVER X11-2L High Capacity, null, null, null, null, null, f, 584402801a9615e045ed089735902f07, 2026-08-17 12:00:17.732667).

[2026-08-17 12:00:29] INFO     | exadata_config_parser | ✅ Config: 2 cells | FC sizes=set() | no_flash_log=['7 (mexa1cell01..07)', '1 mexa1cell08']
[2026-08-17 12:00:30] ERROR    | exadata_config_parser | ❌ null value in column "dbname" violates not-null constraint
DETAIL:  Failing row contains (22, null, null, null, null, 7 (mexa1cell01..07), Oracle Corporation ORACLE SERVER X11-2L High Capacity, null, null, null, null, null, f, 584402801a9615e045ed089735902f07, 2026-08-17 12:00:30.037682).
Traceback (most recent call last):
  File "C:\AWR_Insight_Portal_v2\modules\awr\exadata_config_parser.py", line 106, in insert_config
    cur.execute(sql,(r["dbname"],r["instance"],r["begin_snap"],r["snap_time"],
    ~~~~~~~~~~~^^^^^^^^^^^^^^^^^^^^^^^^^^^^^^^^^^^^^^^^^^^^^^^^^^^^^^^^^^^^^^^
        r["cell_name"],r["model"],r["storage_version"],r["flash_cache_mb"],
        ^^^^^^^^^^^^^^^^^^^^^^^^^^^^^^^^^^^^^^^^^^^^^^^^^^^^^^^^^^^^^^^^^^^
        r["flash_log_mb"],r["cell_disks"],r["grid_disks"],r["has_flash_log"],r["row_hash"]))
        ^^^^^^^^^^^^^^^^^^^^^^^^^^^^^^^^^^^^^^^^^^^^^^^^^^^^^^^^^^^^^^^^^^^^^^^^^^^^^^^^^^^^
psycopg2.errors.NotNullViolation: null value in column "dbname" violates not-null constraint
DETAIL:  Failing row contains (22, null, null, null, null, 7 (mexa1cell01..07), Oracle Corporation ORACLE SERVER X11-2L High Capacity, null, null, null, null, null, f, 584402801a9615e045ed089735902f07, 2026-08-17 12:00:30.037682).

[2026-08-17 12:00:42] INFO     | exadata_config_parser | ✅ Config: 2 cells | FC sizes=set() | no_flash_log=['7 (mexa1cell01..07)', '1 mexa1cell08']
[2026-08-17 12:00:42] ERROR    | exadata_config_parser | ❌ null value in column "dbname" violates not-null constraint
DETAIL:  Failing row contains (23, null, null, null, null, 7 (mexa1cell01..07), Oracle Corporation ORACLE SERVER X11-2L High Capacity, null, null, null, null, null, f, 584402801a9615e045ed089735902f07, 2026-08-17 12:00:42.243329).
Traceback (most recent call last):
  File "C:\AWR_Insight_Portal_v2\modules\awr\exadata_config_parser.py", line 106, in insert_config
    cur.execute(sql,(r["dbname"],r["instance"],r["begin_snap"],r["snap_time"],
    ~~~~~~~~~~~^^^^^^^^^^^^^^^^^^^^^^^^^^^^^^^^^^^^^^^^^^^^^^^^^^^^^^^^^^^^^^^
        r["cell_name"],r["model"],r["storage_version"],r["flash_cache_mb"],
        ^^^^^^^^^^^^^^^^^^^^^^^^^^^^^^^^^^^^^^^^^^^^^^^^^^^^^^^^^^^^^^^^^^^
        r["flash_log_mb"],r["cell_disks"],r["grid_disks"],r["has_flash_log"],r["row_hash"]))
        ^^^^^^^^^^^^^^^^^^^^^^^^^^^^^^^^^^^^^^^^^^^^^^^^^^^^^^^^^^^^^^^^^^^^^^^^^^^^^^^^^^^^
psycopg2.errors.NotNullViolation: null value in column "dbname" violates not-null constraint
DETAIL:  Failing row contains (23, null, null, null, null, 7 (mexa1cell01..07), Oracle Corporation ORACLE SERVER X11-2L High Capacity, null, null, null, null, null, f, 584402801a9615e045ed089735902f07, 2026-08-17 12:00:42.243329).

[2026-08-17 12:00:53] INFO     | exadata_config_parser | ✅ Config: 2 cells | FC sizes=set() | no_flash_log=['7 (mexa1cell01..07)', '1 mexa1cell08']
[2026-08-17 12:00:54] ERROR    | exadata_config_parser | ❌ null value in column "dbname" violates not-null constraint
DETAIL:  Failing row contains (24, null, null, null, null, 7 (mexa1cell01..07), Oracle Corporation ORACLE SERVER X11-2L High Capacity, null, null, null, null, null, f, 584402801a9615e045ed089735902f07, 2026-08-17 12:00:54.043813).
Traceback (most recent call last):
  File "C:\AWR_Insight_Portal_v2\modules\awr\exadata_config_parser.py", line 106, in insert_config
    cur.execute(sql,(r["dbname"],r["instance"],r["begin_snap"],r["snap_time"],
    ~~~~~~~~~~~^^^^^^^^^^^^^^^^^^^^^^^^^^^^^^^^^^^^^^^^^^^^^^^^^^^^^^^^^^^^^^^
        r["cell_name"],r["model"],r["storage_version"],r["flash_cache_mb"],
        ^^^^^^^^^^^^^^^^^^^^^^^^^^^^^^^^^^^^^^^^^^^^^^^^^^^^^^^^^^^^^^^^^^^
        r["flash_log_mb"],r["cell_disks"],r["grid_disks"],r["has_flash_log"],r["row_hash"]))
        ^^^^^^^^^^^^^^^^^^^^^^^^^^^^^^^^^^^^^^^^^^^^^^^^^^^^^^^^^^^^^^^^^^^^^^^^^^^^^^^^^^^^
psycopg2.errors.NotNullViolation: null value in column "dbname" violates not-null constraint
DETAIL:  Failing row contains (24, null, null, null, null, 7 (mexa1cell01..07), Oracle Corporation ORACLE SERVER X11-2L High Capacity, null, null, null, null, null, f, 584402801a9615e045ed089735902f07, 2026-08-17 12:00:54.043813).

[2026-08-17 12:01:05] INFO     | exadata_config_parser | ✅ Config: 2 cells | FC sizes=set() | no_flash_log=['7 (mexa1cell01..07)', '1 mexa1cell08']
[2026-08-17 12:01:06] ERROR    | exadata_config_parser | ❌ null value in column "dbname" violates not-null constraint
DETAIL:  Failing row contains (25, null, null, null, null, 7 (mexa1cell01..07), Oracle Corporation ORACLE SERVER X11-2L High Capacity, null, null, null, null, null, f, 584402801a9615e045ed089735902f07, 2026-08-17 12:01:06.024725).
Traceback (most recent call last):
  File "C:\AWR_Insight_Portal_v2\modules\awr\exadata_config_parser.py", line 106, in insert_config
    cur.execute(sql,(r["dbname"],r["instance"],r["begin_snap"],r["snap_time"],
    ~~~~~~~~~~~^^^^^^^^^^^^^^^^^^^^^^^^^^^^^^^^^^^^^^^^^^^^^^^^^^^^^^^^^^^^^^^
        r["cell_name"],r["model"],r["storage_version"],r["flash_cache_mb"],
        ^^^^^^^^^^^^^^^^^^^^^^^^^^^^^^^^^^^^^^^^^^^^^^^^^^^^^^^^^^^^^^^^^^^
        r["flash_log_mb"],r["cell_disks"],r["grid_disks"],r["has_flash_log"],r["row_hash"]))
        ^^^^^^^^^^^^^^^^^^^^^^^^^^^^^^^^^^^^^^^^^^^^^^^^^^^^^^^^^^^^^^^^^^^^^^^^^^^^^^^^^^^^
psycopg2.errors.NotNullViolation: null value in column "dbname" violates not-null constraint
DETAIL:  Failing row contains (25, null, null, null, null, 7 (mexa1cell01..07), Oracle Corporation ORACLE SERVER X11-2L High Capacity, null, null, null, null, null, f, 584402801a9615e045ed089735902f07, 2026-08-17 12:01:06.024725).

[2026-08-17 12:01:17] INFO     | exadata_config_parser | ✅ Config: 2 cells | FC sizes=set() | no_flash_log=['7 (mexa1cell01..07)', '1 mexa1cell08']
[2026-08-17 12:01:17] ERROR    | exadata_config_parser | ❌ null value in column "dbname" violates not-null constraint
DETAIL:  Failing row contains (26, null, null, null, null, 7 (mexa1cell01..07), Oracle Corporation ORACLE SERVER X11-2L High Capacity, null, null, null, null, null, f, 584402801a9615e045ed089735902f07, 2026-08-17 12:01:17.637559).
Traceback (most recent call last):
  File "C:\AWR_Insight_Portal_v2\modules\awr\exadata_config_parser.py", line 106, in insert_config
    cur.execute(sql,(r["dbname"],r["instance"],r["begin_snap"],r["snap_time"],
    ~~~~~~~~~~~^^^^^^^^^^^^^^^^^^^^^^^^^^^^^^^^^^^^^^^^^^^^^^^^^^^^^^^^^^^^^^^
        r["cell_name"],r["model"],r["storage_version"],r["flash_cache_mb"],
        ^^^^^^^^^^^^^^^^^^^^^^^^^^^^^^^^^^^^^^^^^^^^^^^^^^^^^^^^^^^^^^^^^^^
        r["flash_log_mb"],r["cell_disks"],r["grid_disks"],r["has_flash_log"],r["row_hash"]))
        ^^^^^^^^^^^^^^^^^^^^^^^^^^^^^^^^^^^^^^^^^^^^^^^^^^^^^^^^^^^^^^^^^^^^^^^^^^^^^^^^^^^^
psycopg2.errors.NotNullViolation: null value in column "dbname" violates not-null constraint
DETAIL:  Failing row contains (26, null, null, null, null, 7 (mexa1cell01..07), Oracle Corporation ORACLE SERVER X11-2L High Capacity, null, null, null, null, null, f, 584402801a9615e045ed089735902f07, 2026-08-17 12:01:17.637559).

[2026-08-17 12:06:09] WARNING  | exadata_config_parser | ⚠️  Exadata Configuration section not found
[2026-08-17 12:07:41] WARNING  | exadata_config_parser | ⚠️  Exadata Configuration section not found
[2026-08-17 12:09:09] WARNING  | exadata_config_parser | ⚠️  Exadata Configuration section not found
[2026-08-17 12:10:43] WARNING  | exadata_config_parser | ⚠️  Exadata Configuration section not found
[2026-08-17 12:37:29] WARNING  | exadata_config_parser | ⚠️  Exadata Configuration section not found
[2026-08-17 12:39:05] WARNING  | exadata_config_parser | ⚠️  Exadata Configuration section not found
[2026-08-17 12:40:36] WARNING  | exadata_config_parser | ⚠️  Exadata Configuration section not found
[2026-08-17 12:42:12] WARNING  | exadata_config_parser | ⚠️  Exadata Configuration section not found
[2026-08-17 12:43:47] WARNING  | exadata_config_parser | ⚠️  Exadata Configuration section not found
[2026-08-17 13:26:20] WARNING  | exadata_config_parser | ⚠️  Exadata Configuration section not found
[2026-08-17 13:37:25] WARNING  | exadata_config_parser | ⚠️  Exadata Configuration section not found
[2026-08-17 13:38:53] WARNING  | exadata_config_parser | ⚠️  Exadata Configuration section not found
[2026-08-17 13:40:31] WARNING  | exadata_config_parser | ⚠️  Exadata Configuration section not found
[2026-08-17 13:42:12] WARNING  | exadata_config_parser | ⚠️  Exadata Configuration section not found
[2026-08-17 14:02:32] WARNING  | exadata_config_parser | ⚠️  Exadata Configuration section not found
[2026-08-17 14:04:13] WARNING  | exadata_config_parser | ⚠️  Exadata Configuration section not found
[2026-08-17 14:05:47] WARNING  | exadata_config_parser | ⚠️  Exadata Configuration section not found
[2026-08-17 14:07:27] WARNING  | exadata_config_parser | ⚠️  Exadata Configuration section not found
[2026-08-17 14:09:03] WARNING  | exadata_config_parser | ⚠️  Exadata Configuration section not found
[2026-08-17 14:10:39] WARNING  | exadata_config_parser | ⚠️  Exadata Configuration section not found
[2026-08-17 14:12:14] WARNING  | exadata_config_parser | ⚠️  Exadata Configuration section not found
[2026-08-17 14:14:46] WARNING  | exadata_config_parser | ⚠️  Exadata Configuration section not found
[2026-08-17 14:16:25] WARNING  | exadata_config_parser | ⚠️  Exadata Configuration section not found
[2026-08-17 14:33:06] WARNING  | exadata_config_parser | ⚠️  Exadata Configuration section not found
[2026-08-17 14:34:40] WARNING  | exadata_config_parser | ⚠️  Exadata Configuration section not found
[2026-08-17 14:36:10] WARNING  | exadata_config_parser | ⚠️  Exadata Configuration section not found
[2026-08-17 14:37:46] WARNING  | exadata_config_parser | ⚠️  Exadata Configuration section not found
[2026-08-17 14:39:20] WARNING  | exadata_config_parser | ⚠️  Exadata Configuration section not found
[2026-08-17 14:40:50] WARNING  | exadata_config_parser | ⚠️  Exadata Configuration section not found
[2026-08-17 14:42:18] WARNING  | exadata_config_parser | ⚠️  Exadata Configuration section not found
[2026-08-17 14:43:51] WARNING  | exadata_config_parser | ⚠️  Exadata Configuration section not found
[2026-08-17 14:45:22] WARNING  | exadata_config_parser | ⚠️  Exadata Configuration section not found
[2026-08-17 15:03:30] WARNING  | exadata_config_parser | ⚠️  Exadata Configuration section not found
[2026-08-17 15:05:03] WARNING  | exadata_config_parser | ⚠️  Exadata Configuration section not found
[2026-08-17 15:06:37] WARNING  | exadata_config_parser | ⚠️  Exadata Configuration section not found
[2026-08-17 15:08:13] WARNING  | exadata_config_parser | ⚠️  Exadata Configuration section not found
[2026-08-17 15:09:44] WARNING  | exadata_config_parser | ⚠️  Exadata Configuration section not found
[2026-08-17 15:11:14] WARNING  | exadata_config_parser | ⚠️  Exadata Configuration section not found
[2026-08-17 15:12:41] WARNING  | exadata_config_parser | ⚠️  Exadata Configuration section not found
[2026-08-17 15:14:14] WARNING  | exadata_config_parser | ⚠️  Exadata Configuration section not found
[2026-08-17 15:17:43] WARNING  | exadata_config_parser | ⚠️  Exadata Configuration section not found
[2026-08-17 15:19:19] WARNING  | exadata_config_parser | ⚠️  Exadata Configuration section not found
[2026-08-17 15:36:01] WARNING  | exadata_config_parser | ⚠️  Exadata Configuration section not found
[2026-08-17 15:37:31] WARNING  | exadata_config_parser | ⚠️  Exadata Configuration section not found
[2026-08-17 15:43:50] WARNING  | exadata_config_parser | ⚠️  Exadata Configuration section not found
[2026-08-17 15:45:24] WARNING  | exadata_config_parser | ⚠️  Exadata Configuration section not found
[2026-08-17 15:46:57] WARNING  | exadata_config_parser | ⚠️  Exadata Configuration section not found
[2026-08-17 15:48:33] WARNING  | exadata_config_parser | ⚠️  Exadata Configuration section not found
[2026-08-17 15:50:06] WARNING  | exadata_config_parser | ⚠️  Exadata Configuration section not found
[2026-08-17 15:51:43] WARNING  | exadata_config_parser | ⚠️  Exadata Configuration section not found
[2026-08-17 15:53:18] WARNING  | exadata_config_parser | ⚠️  Exadata Configuration section not found
[2026-08-17 15:54:52] WARNING  | exadata_config_parser | ⚠️  Exadata Configuration section not found
[2026-08-17 15:57:08] WARNING  | exadata_config_parser | ⚠️  Exadata Configuration section not found
[2026-08-17 16:06:45] WARNING  | exadata_config_parser | ⚠️  Exadata Configuration section not found
[2026-08-17 16:08:14] WARNING  | exadata_config_parser | ⚠️  Exadata Configuration section not found
[2026-08-17 16:09:43] WARNING  | exadata_config_parser | ⚠️  Exadata Configuration section not found
[2026-08-17 16:11:18] WARNING  | exadata_config_parser | ⚠️  Exadata Configuration section not found
[2026-08-17 16:12:47] WARNING  | exadata_config_parser | ⚠️  Exadata Configuration section not found
[2026-08-17 16:14:19] WARNING  | exadata_config_parser | ⚠️  Exadata Configuration section not found
[2026-08-17 16:15:33] WARNING  | exadata_config_parser | ⚠️  Exadata Configuration section not found
[2026-08-17 16:17:08] WARNING  | exadata_config_parser | ⚠️  Exadata Configuration section not found
[2026-08-17 16:18:40] WARNING  | exadata_config_parser | ⚠️  Exadata Configuration section not found
[2026-08-17 16:20:22] WARNING  | exadata_config_parser | ⚠️  Exadata Configuration section not found
[2026-08-17 16:21:33] INFO     | exadata_config_parser | ✅ Config: 2 cells | FC sizes=set() | no_flash_log=['7 (mexa1cell01..07)', '1 mexa1cell08']
[2026-08-17 16:21:33] INFO     | exadata_config_parser | ✅ Inserted 2 rows into awr_exadata_config
[2026-08-17 16:21:46] INFO     | exadata_config_parser | ✅ Config: 2 cells | FC sizes=set() | no_flash_log=['7 (mexa1cell01..07)', '1 mexa1cell08']
[2026-08-17 16:21:46] INFO     | exadata_config_parser | ✅ Inserted 2 rows into awr_exadata_config
[2026-08-17 16:21:54] WARNING  | exadata_config_parser | ⚠️  Exadata Configuration section not found
[2026-08-17 16:21:58] INFO     | exadata_config_parser | ✅ Config: 2 cells | FC sizes=set() | no_flash_log=['7 (mexa1cell01..07)', '1 mexa1cell08']
[2026-08-17 16:21:58] INFO     | exadata_config_parser | ✅ Inserted 2 rows into awr_exadata_config
[2026-08-17 16:22:11] INFO     | exadata_config_parser | ✅ Config: 2 cells | FC sizes=set() | no_flash_log=['7 (mexa1cell01..07)', '1 mexa1cell08']
[2026-08-17 16:22:11] INFO     | exadata_config_parser | ✅ Inserted 2 rows into awr_exadata_config
[2026-08-17 16:22:32] INFO     | exadata_config_parser | ✅ Config: 2 cells | FC sizes=set() | no_flash_log=['7 (mexa1cell01..07)', '1 mexa1cell08']
[2026-08-17 16:22:33] INFO     | exadata_config_parser | ✅ Inserted 2 rows into awr_exadata_config
[2026-08-17 16:22:45] INFO     | exadata_config_parser | ✅ Config: 2 cells | FC sizes=set() | no_flash_log=['7 (mexa1cell01..07)', '1 mexa1cell08']
[2026-08-17 16:22:45] INFO     | exadata_config_parser | ✅ Inserted 2 rows into awr_exadata_config
[2026-08-17 16:22:58] INFO     | exadata_config_parser | ✅ Config: 2 cells | FC sizes=set() | no_flash_log=['7 (mexa1cell01..07)', '1 mexa1cell08']
[2026-08-17 16:22:58] INFO     | exadata_config_parser | ✅ Inserted 2 rows into awr_exadata_config
[2026-08-17 16:23:11] INFO     | exadata_config_parser | ✅ Config: 2 cells | FC sizes=set() | no_flash_log=['7 (mexa1cell01..07)', '1 mexa1cell08']
[2026-08-17 16:23:11] INFO     | exadata_config_parser | ✅ Inserted 2 rows into awr_exadata_config
[2026-08-17 16:23:23] INFO     | exadata_config_parser | ✅ Config: 2 cells | FC sizes=set() | no_flash_log=['7 (mexa1cell01..07)', '1 mexa1cell08']
[2026-08-17 16:23:23] INFO     | exadata_config_parser | ✅ Inserted 2 rows into awr_exadata_config
[2026-08-17 16:23:26] WARNING  | exadata_config_parser | ⚠️  Exadata Configuration section not found
[2026-08-17 16:23:36] INFO     | exadata_config_parser | ✅ Config: 2 cells | FC sizes=set() | no_flash_log=['7 (mexa1cell01..07)', '1 mexa1cell08']
[2026-08-17 16:23:36] INFO     | exadata_config_parser | ✅ Inserted 2 rows into awr_exadata_config
[2026-08-17 16:23:48] INFO     | exadata_config_parser | ✅ Config: 2 cells | FC sizes=set() | no_flash_log=['7 (mexa1cell01..07)', '1 mexa1cell08']
[2026-08-17 16:23:48] INFO     | exadata_config_parser | ✅ Inserted 2 rows into awr_exadata_config
[2026-08-17 16:24:01] INFO     | exadata_config_parser | ✅ Config: 2 cells | FC sizes=set() | no_flash_log=['7 (mexa1cell01..07)', '1 mexa1cell08']
[2026-08-17 16:24:01] INFO     | exadata_config_parser | ✅ Inserted 2 rows into awr_exadata_config
[2026-08-17 16:24:14] INFO     | exadata_config_parser | ✅ Config: 2 cells | FC sizes=set() | no_flash_log=['7 (mexa1cell01..07)', '1 mexa1cell08']
[2026-08-17 16:24:14] INFO     | exadata_config_parser | ✅ Inserted 2 rows into awr_exadata_config
[2026-08-17 16:24:26] INFO     | exadata_config_parser | ✅ Config: 2 cells | FC sizes=set() | no_flash_log=['7 (mexa1cell01..07)', '1 mexa1cell08']
[2026-08-17 16:24:26] INFO     | exadata_config_parser | ✅ Inserted 2 rows into awr_exadata_config
[2026-08-17 16:24:38] INFO     | exadata_config_parser | ✅ Config: 2 cells | FC sizes=set() | no_flash_log=['7 (mexa1cell01..07)', '1 mexa1cell08']
[2026-08-17 16:24:39] INFO     | exadata_config_parser | ✅ Inserted 2 rows into awr_exadata_config
[2026-08-17 16:24:51] INFO     | exadata_config_parser | ✅ Config: 2 cells | FC sizes=set() | no_flash_log=['7 (mexa1cell01..07)', '1 mexa1cell08']
[2026-08-17 16:24:51] INFO     | exadata_config_parser | ✅ Inserted 2 rows into awr_exadata_config
[2026-08-17 16:25:03] INFO     | exadata_config_parser | ✅ Config: 2 cells | FC sizes=set() | no_flash_log=['7 (mexa1cell01..07)', '1 mexa1cell08']
[2026-08-17 16:25:03] INFO     | exadata_config_parser | ✅ Inserted 2 rows into awr_exadata_config
[2026-08-17 16:25:16] INFO     | exadata_config_parser | ✅ Config: 2 cells | FC sizes=set() | no_flash_log=['7 (mexa1cell01..07)', '1 mexa1cell08']
[2026-08-17 16:25:16] INFO     | exadata_config_parser | ✅ Inserted 2 rows into awr_exadata_config
[2026-08-17 16:25:28] INFO     | exadata_config_parser | ✅ Config: 2 cells | FC sizes=set() | no_flash_log=['7 (mexa1cell01..07)', '1 mexa1cell08']
[2026-08-17 16:25:28] INFO     | exadata_config_parser | ✅ Inserted 2 rows into awr_exadata_config
[2026-08-17 16:25:41] INFO     | exadata_config_parser | ✅ Config: 2 cells | FC sizes=set() | no_flash_log=['7 (mexa1cell01..07)', '1 mexa1cell08']
[2026-08-17 16:25:42] INFO     | exadata_config_parser | ✅ Inserted 2 rows into awr_exadata_config
[2026-08-17 16:40:21] WARNING  | exadata_config_parser | ⚠️  Exadata Configuration section not found
[2026-08-17 16:41:54] WARNING  | exadata_config_parser | ⚠️  Exadata Configuration section not found
[2026-08-17 16:43:26] WARNING  | exadata_config_parser | ⚠️  Exadata Configuration section not found
[2026-08-17 16:45:01] WARNING  | exadata_config_parser | ⚠️  Exadata Configuration section not found
[2026-08-17 16:46:32] WARNING  | exadata_config_parser | ⚠️  Exadata Configuration section not found
[2026-08-17 16:48:02] WARNING  | exadata_config_parser | ⚠️  Exadata Configuration section not found
[2026-08-17 16:49:34] WARNING  | exadata_config_parser | ⚠️  Exadata Configuration section not found
[2026-08-17 16:51:11] WARNING  | exadata_config_parser | ⚠️  Exadata Configuration section not found
[2026-08-17 16:52:41] WARNING  | exadata_config_parser | ⚠️  Exadata Configuration section not found
[2026-08-17 16:54:18] WARNING  | exadata_config_parser | ⚠️  Exadata Configuration section not found
[2026-08-17 16:55:48] WARNING  | exadata_config_parser | ⚠️  Exadata Configuration section not found
[2026-08-17 16:57:22] WARNING  | exadata_config_parser | ⚠️  Exadata Configuration section not found
[2026-08-17 16:58:52] WARNING  | exadata_config_parser | ⚠️  Exadata Configuration section not found
[2026-08-17 17:11:04] WARNING  | exadata_config_parser | ⚠️  Exadata Configuration section not found
[2026-08-17 17:12:37] WARNING  | exadata_config_parser | ⚠️  Exadata Configuration section not found
[2026-08-17 17:14:08] WARNING  | exadata_config_parser | ⚠️  Exadata Configuration section not found
[2026-08-17 17:15:42] WARNING  | exadata_config_parser | ⚠️  Exadata Configuration section not found
[2026-08-17 17:17:11] WARNING  | exadata_config_parser | ⚠️  Exadata Configuration section not found
[2026-08-17 17:18:50] WARNING  | exadata_config_parser | ⚠️  Exadata Configuration section not found
[2026-08-17 17:20:19] WARNING  | exadata_config_parser | ⚠️  Exadata Configuration section not found
[2026-08-17 17:21:54] WARNING  | exadata_config_parser | ⚠️  Exadata Configuration section not found
[2026-08-17 17:23:27] WARNING  | exadata_config_parser | ⚠️  Exadata Configuration section not found
[2026-08-17 17:25:01] WARNING  | exadata_config_parser | ⚠️  Exadata Configuration section not found
[2026-08-17 17:26:31] WARNING  | exadata_config_parser | ⚠️  Exadata Configuration section not found
[2026-08-17 17:28:05] WARNING  | exadata_config_parser | ⚠️  Exadata Configuration section not found
[2026-08-17 17:29:34] WARNING  | exadata_config_parser | ⚠️  Exadata Configuration section not found
[2026-08-17 17:31:03] WARNING  | exadata_config_parser | ⚠️  Exadata Configuration section not found
[2026-08-17 17:41:51] WARNING  | exadata_config_parser | ⚠️  Exadata Configuration section not found
[2026-08-17 17:43:27] WARNING  | exadata_config_parser | ⚠️  Exadata Configuration section not found
[2026-08-17 17:45:01] WARNING  | exadata_config_parser | ⚠️  Exadata Configuration section not found
[2026-08-17 17:46:34] WARNING  | exadata_config_parser | ⚠️  Exadata Configuration section not found
[2026-08-17 17:48:05] WARNING  | exadata_config_parser | ⚠️  Exadata Configuration section not found
[2026-08-17 17:49:35] WARNING  | exadata_config_parser | ⚠️  Exadata Configuration section not found
[2026-08-17 18:15:12] WARNING  | exadata_config_parser | ⚠️  Exadata Configuration section not found
[2026-08-18 09:35:46] WARNING  | exadata_config_parser | ⚠️  Exadata Configuration section not found
[2026-08-18 09:36:59] WARNING  | exadata_config_parser | ⚠️  Exadata Configuration section not found
[2026-08-18 09:38:40] WARNING  | exadata_config_parser | ⚠️  Exadata Configuration section not found
[2026-08-18 09:40:14] WARNING  | exadata_config_parser | ⚠️  Exadata Configuration section not found
[2026-08-18 09:41:51] WARNING  | exadata_config_parser | ⚠️  Exadata Configuration section not found
[2026-08-18 09:43:16] WARNING  | exadata_config_parser | ⚠️  Exadata Configuration section not found
[2026-08-18 09:44:37] WARNING  | exadata_config_parser | ⚠️  Exadata Configuration section not found
[2026-08-18 09:46:02] WARNING  | exadata_config_parser | ⚠️  Exadata Configuration section not found
[2026-08-18 09:47:39] WARNING  | exadata_config_parser | ⚠️  Exadata Configuration section not found
[2026-08-18 09:49:09] WARNING  | exadata_config_parser | ⚠️  Exadata Configuration section not found
[2026-08-18 09:50:36] WARNING  | exadata_config_parser | ⚠️  Exadata Configuration section not found
[2026-08-18 09:52:04] WARNING  | exadata_config_parser | ⚠️  Exadata Configuration section not found
[2026-08-18 09:53:44] WARNING  | exadata_config_parser | ⚠️  Exadata Configuration section not found
[2026-08-18 09:55:26] WARNING  | exadata_config_parser | ⚠️  Exadata Configuration section not found
[2026-08-18 09:57:18] WARNING  | exadata_config_parser | ⚠️  Exadata Configuration section not found
[2026-08-18 09:59:03] WARNING  | exadata_config_parser | ⚠️  Exadata Configuration section not found
[2026-08-18 10:00:33] WARNING  | exadata_config_parser | ⚠️  Exadata Configuration section not found
[2026-08-18 10:02:08] WARNING  | exadata_config_parser | ⚠️  Exadata Configuration section not found
[2026-08-18 10:03:33] WARNING  | exadata_config_parser | ⚠️  Exadata Configuration section not found
[2026-08-18 10:04:59] WARNING  | exadata_config_parser | ⚠️  Exadata Configuration section not found
[2026-08-18 10:06:51] WARNING  | exadata_config_parser | ⚠️  Exadata Configuration section not found
[2026-08-18 10:08:35] WARNING  | exadata_config_parser | ⚠️  Exadata Configuration section not found
[2026-08-18 10:10:01] WARNING  | exadata_config_parser | ⚠️  Exadata Configuration section not found
[2026-08-18 10:11:31] WARNING  | exadata_config_parser | ⚠️  Exadata Configuration section not found
[2026-08-18 10:31:04] WARNING  | exadata_config_parser | ⚠️  Exadata Configuration section not found
[2026-08-18 11:01:09] WARNING  | exadata_config_parser | ⚠️  Exadata Configuration section not found
[2026-08-18 11:02:49] WARNING  | exadata_config_parser | ⚠️  Exadata Configuration section not found
[2026-08-18 11:31:07] WARNING  | exadata_config_parser | ⚠️  Exadata Configuration section not found
[2026-08-18 11:32:38] WARNING  | exadata_config_parser | ⚠️  Exadata Configuration section not found
[2026-08-18 11:34:04] WARNING  | exadata_config_parser | ⚠️  Exadata Configuration section not found
[2026-08-18 12:02:35] WARNING  | exadata_config_parser | ⚠️  Exadata Configuration section not found
[2026-08-18 12:04:09] WARNING  | exadata_config_parser | ⚠️  Exadata Configuration section not found
[2026-08-18 12:05:40] WARNING  | exadata_config_parser | ⚠️  Exadata Configuration section not found
[2026-08-18 12:07:09] WARNING  | exadata_config_parser | ⚠️  Exadata Configuration section not found
[2026-08-18 12:32:52] WARNING  | exadata_config_parser | ⚠️  Exadata Configuration section not found
[2026-08-18 12:34:24] WARNING  | exadata_config_parser | ⚠️  Exadata Configuration section not found
[2026-08-18 12:35:59] WARNING  | exadata_config_parser | ⚠️  Exadata Configuration section not found
[2026-08-18 12:37:31] WARNING  | exadata_config_parser | ⚠️  Exadata Configuration section not found
[2026-08-18 12:39:09] WARNING  | exadata_config_parser | ⚠️  Exadata Configuration section not found
[2026-08-18 13:05:24] WARNING  | exadata_config_parser | ⚠️  Exadata Configuration section not found
[2026-08-18 13:06:54] WARNING  | exadata_config_parser | ⚠️  Exadata Configuration section not found
[2026-08-18 13:08:27] WARNING  | exadata_config_parser | ⚠️  Exadata Configuration section not found
[2026-08-18 13:09:57] WARNING  | exadata_config_parser | ⚠️  Exadata Configuration section not found
[2026-08-18 13:11:31] WARNING  | exadata_config_parser | ⚠️  Exadata Configuration section not found
[2026-08-18 13:13:06] WARNING  | exadata_config_parser | ⚠️  Exadata Configuration section not found
[2026-08-18 13:54:31] WARNING  | exadata_config_parser | ⚠️  Exadata Configuration section not found
[2026-08-18 13:56:06] WARNING  | exadata_config_parser | ⚠️  Exadata Configuration section not found
[2026-08-18 13:57:41] WARNING  | exadata_config_parser | ⚠️  Exadata Configuration section not found
[2026-08-18 13:59:09] WARNING  | exadata_config_parser | ⚠️  Exadata Configuration section not found
[2026-08-18 14:10:05] WARNING  | exadata_config_parser | ⚠️  Exadata Configuration section not found
[2026-08-18 14:11:41] WARNING  | exadata_config_parser | ⚠️  Exadata Configuration section not found
[2026-08-18 14:13:10] WARNING  | exadata_config_parser | ⚠️  Exadata Configuration section not found
