[2026-08-11 12:44:30] WARNING  | exadata_fc_space_parser | ⚠️  Flash Cache Space Usage section not found
[2026-08-11 12:44:44] WARNING  | exadata_fc_space_parser | ⚠️  Flash Cache Space Usage section not found
[2026-08-11 12:44:57] INFO     | exadata_fc_space_parser | ✅ Parsed 4 FC Space rows
[2026-08-11 12:44:57] INFO     | exadata_fc_space_parser | ✅ Inserted 4 rows into awr_exadata_fc_space
[2026-08-11 12:45:10] INFO     | exadata_fc_space_parser | ✅ Parsed 4 FC Space rows
[2026-08-11 12:45:10] INFO     | exadata_fc_space_parser | ✅ Inserted 4 rows into awr_exadata_fc_space
[2026-08-11 12:45:13] INFO     | exadata_fc_space_parser | ✅ Parsed 4 FC Space rows
[2026-08-11 12:45:14] INFO     | exadata_fc_space_parser | ✅ Inserted 4 rows into awr_exadata_fc_space
[2026-08-11 12:45:17] INFO     | exadata_fc_space_parser | ✅ Parsed 4 FC Space rows
[2026-08-11 12:45:17] INFO     | exadata_fc_space_parser | ✅ Inserted 4 rows into awr_exadata_fc_space
[2026-08-11 12:45:29] INFO     | exadata_fc_space_parser | ✅ Parsed 4 FC Space rows | HIGH large_write: ['exacell01', 'exacell02', 'exacell03', 'exacell04']
[2026-08-11 12:45:29] INFO     | exadata_fc_space_parser | ✅ Inserted 4 rows into awr_exadata_fc_space
[2026-08-11 12:45:42] INFO     | exadata_fc_space_parser | ✅ Parsed 4 FC Space rows
[2026-08-11 12:45:42] INFO     | exadata_fc_space_parser | ✅ Inserted 4 rows into awr_exadata_fc_space
[2026-08-11 12:45:54] INFO     | exadata_fc_space_parser | ✅ Parsed 4 FC Space rows
[2026-08-11 12:45:54] INFO     | exadata_fc_space_parser | ✅ Inserted 4 rows into awr_exadata_fc_space
[2026-08-11 12:46:07] INFO     | exadata_fc_space_parser | ✅ Parsed 4 FC Space rows
[2026-08-11 12:46:07] INFO     | exadata_fc_space_parser | ✅ Inserted 4 rows into awr_exadata_fc_space
[2026-08-11 12:46:10] INFO     | exadata_fc_space_parser | ✅ Parsed 4 FC Space rows
[2026-08-11 12:46:10] INFO     | exadata_fc_space_parser | ✅ Inserted 4 rows into awr_exadata_fc_space
[2026-08-11 12:46:24] INFO     | exadata_fc_space_parser | ✅ Parsed 4 FC Space rows
[2026-08-11 12:46:24] INFO     | exadata_fc_space_parser | ✅ Inserted 4 rows into awr_exadata_fc_space
[2026-08-11 12:46:29] INFO     | exadata_fc_space_parser | ✅ Parsed 4 FC Space rows
[2026-08-11 12:46:29] INFO     | exadata_fc_space_parser | ✅ Inserted 4 rows into awr_exadata_fc_space
[2026-08-11 12:46:43] INFO     | exadata_fc_space_parser | ✅ Parsed 4 FC Space rows
[2026-08-11 12:46:44] INFO     | exadata_fc_space_parser | ✅ Inserted 4 rows into awr_exadata_fc_space
[2026-08-11 12:46:47] INFO     | exadata_fc_space_parser | ✅ Parsed 4 FC Space rows
[2026-08-11 12:46:47] INFO     | exadata_fc_space_parser | ✅ Inserted 4 rows into awr_exadata_fc_space
[2026-08-11 12:47:03] INFO     | exadata_fc_space_parser | ✅ Parsed 4 FC Space rows
[2026-08-11 12:47:03] INFO     | exadata_fc_space_parser | ✅ Inserted 4 rows into awr_exadata_fc_space
[2026-08-11 12:47:07] INFO     | exadata_fc_space_parser | ✅ Parsed 4 FC Space rows
[2026-08-11 12:47:08] INFO     | exadata_fc_space_parser | ✅ Inserted 4 rows into awr_exadata_fc_space
[2026-08-11 12:47:13] INFO     | exadata_fc_space_parser | ✅ Parsed 4 FC Space rows
[2026-08-11 12:47:13] INFO     | exadata_fc_space_parser | ✅ Inserted 4 rows into awr_exadata_fc_space
[2026-08-11 12:47:16] INFO     | exadata_fc_space_parser | ✅ Parsed 4 FC Space rows | HIGH large_write: ['exacell01', 'exacell02', 'exacell03', 'exacell04']
[2026-08-11 12:47:16] INFO     | exadata_fc_space_parser | ✅ Inserted 4 rows into awr_exadata_fc_space
[2026-08-11 12:47:31] INFO     | exadata_fc_space_parser | ✅ Parsed 4 FC Space rows
[2026-08-11 12:47:31] INFO     | exadata_fc_space_parser | ✅ Inserted 4 rows into awr_exadata_fc_space
[2026-08-12 13:57:07] WARNING  | exadata_fc_space_parser | ⚠️  Flash Cache Space Usage section not found
[2026-08-12 14:39:51] WARNING  | exadata_fc_space_parser | ⚠️  Flash Cache Space Usage section not found
[2026-08-12 14:41:04] WARNING  | exadata_fc_space_parser | ⚠️  Flash Cache Space Usage section not found
[2026-08-12 14:43:42] WARNING  | exadata_fc_space_parser | ⚠️  Flash Cache Space Usage section not found
[2026-08-12 14:44:03] WARNING  | exadata_fc_space_parser | ⚠️  Flash Cache Space Usage section not found
[2026-08-12 14:44:20] INFO     | exadata_fc_space_parser | ✅ Parsed 4 FC Space rows
[2026-08-12 14:44:20] INFO     | exadata_fc_space_parser | ✅ Inserted 4 rows into awr_exadata_fc_space
[2026-08-12 14:44:33] WARNING  | exadata_fc_space_parser | ⚠️  Flash Cache Space Usage section not found
[2026-08-12 14:44:37] INFO     | exadata_fc_space_parser | ✅ Parsed 4 FC Space rows
[2026-08-12 14:44:37] INFO     | exadata_fc_space_parser | ✅ Inserted 4 rows into awr_exadata_fc_space
[2026-08-12 14:44:45] INFO     | exadata_fc_space_parser | ✅ Parsed 4 FC Space rows
[2026-08-12 14:44:45] INFO     | exadata_fc_space_parser | ✅ Inserted 4 rows into awr_exadata_fc_space
[2026-08-12 14:44:54] WARNING  | exadata_fc_space_parser | ⚠️  Flash Cache Space Usage section not found
[2026-08-12 14:44:55] INFO     | exadata_fc_space_parser | ✅ Parsed 4 FC Space rows
[2026-08-12 14:44:55] INFO     | exadata_fc_space_parser | ✅ Inserted 4 rows into awr_exadata_fc_space
[2026-08-12 14:45:12] WARNING  | exadata_fc_space_parser | ⚠️  Flash Cache Space Usage section not found
[2026-08-12 14:45:16] INFO     | exadata_fc_space_parser | ✅ Parsed 4 FC Space rows | HIGH large_write: ['exacell01', 'exacell02', 'exacell03', 'exacell04']
[2026-08-12 14:45:17] INFO     | exadata_fc_space_parser | ✅ Inserted 4 rows into awr_exadata_fc_space
[2026-08-12 14:45:34] WARNING  | exadata_fc_space_parser | ⚠️  Flash Cache Space Usage section not found
[2026-08-12 14:45:39] INFO     | exadata_fc_space_parser | ✅ Parsed 4 FC Space rows
[2026-08-12 14:45:39] INFO     | exadata_fc_space_parser | ✅ Inserted 4 rows into awr_exadata_fc_space
[2026-08-12 14:45:47] WARNING  | exadata_fc_space_parser | ⚠️  Flash Cache Space Usage section not found
[2026-08-12 14:45:57] WARNING  | exadata_fc_space_parser | ⚠️  Flash Cache Space Usage section not found
[2026-08-12 14:46:05] INFO     | exadata_fc_space_parser | ✅ Parsed 4 FC Space rows
[2026-08-12 14:46:06] INFO     | exadata_fc_space_parser | ✅ Inserted 4 rows into awr_exadata_fc_space
[2026-08-12 14:46:22] WARNING  | exadata_fc_space_parser | ⚠️  Flash Cache Space Usage section not found
[2026-08-12 14:46:30] INFO     | exadata_fc_space_parser | ✅ Parsed 4 FC Space rows
[2026-08-12 14:46:30] INFO     | exadata_fc_space_parser | ✅ Inserted 4 rows into awr_exadata_fc_space
[2026-08-12 14:46:41] INFO     | exadata_fc_space_parser | ✅ Parsed 4 FC Space rows
[2026-08-12 14:46:41] INFO     | exadata_fc_space_parser | ✅ Inserted 4 rows into awr_exadata_fc_space
[2026-08-12 14:46:45] WARNING  | exadata_fc_space_parser | ⚠️  Flash Cache Space Usage section not found
[2026-08-12 14:47:02] INFO     | exadata_fc_space_parser | ✅ Parsed 4 FC Space rows
[2026-08-12 14:47:03] INFO     | exadata_fc_space_parser | ✅ Inserted 4 rows into awr_exadata_fc_space
[2026-08-12 14:47:05] WARNING  | exadata_fc_space_parser | ⚠️  Flash Cache Space Usage section not found
[2026-08-12 14:47:12] INFO     | exadata_fc_space_parser | ✅ Parsed 4 FC Space rows
[2026-08-12 14:47:12] INFO     | exadata_fc_space_parser | ✅ Inserted 4 rows into awr_exadata_fc_space
[2026-08-12 14:47:30] WARNING  | exadata_fc_space_parser | ⚠️  Flash Cache Space Usage section not found
[2026-08-12 14:47:39] INFO     | exadata_fc_space_parser | ✅ Parsed 4 FC Space rows
[2026-08-12 14:47:39] INFO     | exadata_fc_space_parser | ✅ Inserted 4 rows into awr_exadata_fc_space
[2026-08-12 14:47:49] INFO     | exadata_fc_space_parser | ✅ Parsed 4 FC Space rows
[2026-08-12 14:47:50] INFO     | exadata_fc_space_parser | ✅ Inserted 4 rows into awr_exadata_fc_space
[2026-08-12 14:47:54] WARNING  | exadata_fc_space_parser | ⚠️  Flash Cache Space Usage section not found
[2026-08-12 14:47:54] WARNING  | exadata_fc_space_parser | ⚠️  Flash Cache Space Usage section not found
[2026-08-12 14:48:17] INFO     | exadata_fc_space_parser | ✅ Parsed 4 FC Space rows
[2026-08-12 14:48:17] INFO     | exadata_fc_space_parser | ✅ Inserted 4 rows into awr_exadata_fc_space
[2026-08-12 14:48:25] INFO     | exadata_fc_space_parser | ✅ Parsed 4 FC Space rows
[2026-08-12 14:48:25] INFO     | exadata_fc_space_parser | ✅ Inserted 4 rows into awr_exadata_fc_space
[2026-08-12 14:48:34] INFO     | exadata_fc_space_parser | ✅ Parsed 4 FC Space rows
[2026-08-12 14:48:35] INFO     | exadata_fc_space_parser | ✅ Inserted 4 rows into awr_exadata_fc_space
[2026-08-12 14:48:44] INFO     | exadata_fc_space_parser | ✅ Parsed 4 FC Space rows | HIGH large_write: ['exacell01', 'exacell02', 'exacell03', 'exacell04']
[2026-08-12 14:48:44] INFO     | exadata_fc_space_parser | ✅ Inserted 4 rows into awr_exadata_fc_space
[2026-08-12 14:48:54] WARNING  | exadata_fc_space_parser | ⚠️  Flash Cache Space Usage section not found
[2026-08-12 14:49:05] INFO     | exadata_fc_space_parser | ✅ Parsed 4 FC Space rows
[2026-08-12 14:49:05] INFO     | exadata_fc_space_parser | ✅ Inserted 4 rows into awr_exadata_fc_space
[2026-08-12 14:51:33] WARNING  | exadata_fc_space_parser | ⚠️  Flash Cache Space Usage section not found
[2026-08-12 14:51:55] WARNING  | exadata_fc_space_parser | ⚠️  Flash Cache Space Usage section not found
[2026-08-12 14:53:44] WARNING  | exadata_fc_space_parser | ⚠️  Flash Cache Space Usage section not found
[2026-08-12 14:55:40] WARNING  | exadata_fc_space_parser | ⚠️  Flash Cache Space Usage section not found
[2026-08-12 14:56:22] WARNING  | exadata_fc_space_parser | ⚠️  Flash Cache Space Usage section not found
[2026-08-12 14:58:33] WARNING  | exadata_fc_space_parser | ⚠️  Flash Cache Space Usage section not found
[2026-08-12 14:59:09] WARNING  | exadata_fc_space_parser | ⚠️  Flash Cache Space Usage section not found
[2026-08-12 15:00:45] WARNING  | exadata_fc_space_parser | ⚠️  Flash Cache Space Usage section not found
[2026-08-12 15:02:12] WARNING  | exadata_fc_space_parser | ⚠️  Flash Cache Space Usage section not found
[2026-08-12 15:02:21] WARNING  | exadata_fc_space_parser | ⚠️  Flash Cache Space Usage section not found
[2026-08-12 15:05:28] WARNING  | exadata_fc_space_parser | ⚠️  Flash Cache Space Usage section not found
[2026-08-12 15:08:01] WARNING  | exadata_fc_space_parser | ⚠️  Flash Cache Space Usage section not found
[2026-08-12 15:10:13] WARNING  | exadata_fc_space_parser | ⚠️  Flash Cache Space Usage section not found
[2026-08-12 15:12:38] WARNING  | exadata_fc_space_parser | ⚠️  Flash Cache Space Usage section not found
[2026-08-12 15:14:58] WARNING  | exadata_fc_space_parser | ⚠️  Flash Cache Space Usage section not found
[2026-08-12 15:17:05] WARNING  | exadata_fc_space_parser | ⚠️  Flash Cache Space Usage section not found
[2026-08-12 15:20:54] WARNING  | exadata_fc_space_parser | ⚠️  Flash Cache Space Usage section not found
[2026-08-12 15:22:59] WARNING  | exadata_fc_space_parser | ⚠️  Flash Cache Space Usage section not found
[2026-08-12 15:25:09] WARNING  | exadata_fc_space_parser | ⚠️  Flash Cache Space Usage section not found
[2026-08-12 15:25:22] WARNING  | exadata_fc_space_parser | ⚠️  Flash Cache Space Usage section not found
[2026-08-12 15:26:36] WARNING  | exadata_fc_space_parser | ⚠️  Flash Cache Space Usage section not found
[2026-08-12 15:27:17] WARNING  | exadata_fc_space_parser | ⚠️  Flash Cache Space Usage section not found
[2026-08-12 15:27:56] WARNING  | exadata_fc_space_parser | ⚠️  Flash Cache Space Usage section not found
[2026-08-12 15:29:15] WARNING  | exadata_fc_space_parser | ⚠️  Flash Cache Space Usage section not found
[2026-08-12 15:29:22] WARNING  | exadata_fc_space_parser | ⚠️  Flash Cache Space Usage section not found
[2026-08-12 15:30:44] WARNING  | exadata_fc_space_parser | ⚠️  Flash Cache Space Usage section not found
[2026-08-12 15:31:29] WARNING  | exadata_fc_space_parser | ⚠️  Flash Cache Space Usage section not found
[2026-08-12 15:32:15] WARNING  | exadata_fc_space_parser | ⚠️  Flash Cache Space Usage section not found
[2026-08-12 15:33:42] WARNING  | exadata_fc_space_parser | ⚠️  Flash Cache Space Usage section not found
[2026-08-12 15:33:48] WARNING  | exadata_fc_space_parser | ⚠️  Flash Cache Space Usage section not found
[2026-08-12 15:35:02] WARNING  | exadata_fc_space_parser | ⚠️  Flash Cache Space Usage section not found
[2026-08-12 15:35:53] WARNING  | exadata_fc_space_parser | ⚠️  Flash Cache Space Usage section not found
[2026-08-12 15:36:19] WARNING  | exadata_fc_space_parser | ⚠️  Flash Cache Space Usage section not found
[2026-08-12 15:37:40] WARNING  | exadata_fc_space_parser | ⚠️  Flash Cache Space Usage section not found
[2026-08-12 15:38:16] WARNING  | exadata_fc_space_parser | ⚠️  Flash Cache Space Usage section not found
[2026-08-12 15:39:14] WARNING  | exadata_fc_space_parser | ⚠️  Flash Cache Space Usage section not found
[2026-08-12 15:40:30] WARNING  | exadata_fc_space_parser | ⚠️  Flash Cache Space Usage section not found
[2026-08-12 15:40:30] WARNING  | exadata_fc_space_parser | ⚠️  Flash Cache Space Usage section not found
[2026-08-12 15:41:50] WARNING  | exadata_fc_space_parser | ⚠️  Flash Cache Space Usage section not found
[2026-08-12 15:42:45] WARNING  | exadata_fc_space_parser | ⚠️  Flash Cache Space Usage section not found
[2026-08-12 15:43:04] WARNING  | exadata_fc_space_parser | ⚠️  Flash Cache Space Usage section not found
[2026-08-12 15:45:09] WARNING  | exadata_fc_space_parser | ⚠️  Flash Cache Space Usage section not found
[2026-08-12 15:47:24] WARNING  | exadata_fc_space_parser | ⚠️  Flash Cache Space Usage section not found
[2026-08-12 15:49:37] WARNING  | exadata_fc_space_parser | ⚠️  Flash Cache Space Usage section not found
[2026-08-12 15:51:48] WARNING  | exadata_fc_space_parser | ⚠️  Flash Cache Space Usage section not found
[2026-08-12 15:54:18] WARNING  | exadata_fc_space_parser | ⚠️  Flash Cache Space Usage section not found
[2026-08-12 15:56:37] WARNING  | exadata_fc_space_parser | ⚠️  Flash Cache Space Usage section not found
[2026-08-12 15:59:00] WARNING  | exadata_fc_space_parser | ⚠️  Flash Cache Space Usage section not found
[2026-08-12 16:01:15] WARNING  | exadata_fc_space_parser | ⚠️  Flash Cache Space Usage section not found
[2026-08-12 16:03:35] WARNING  | exadata_fc_space_parser | ⚠️  Flash Cache Space Usage section not found
[2026-08-12 16:05:54] WARNING  | exadata_fc_space_parser | ⚠️  Flash Cache Space Usage section not found
[2026-08-12 16:08:08] WARNING  | exadata_fc_space_parser | ⚠️  Flash Cache Space Usage section not found
[2026-08-12 16:10:26] WARNING  | exadata_fc_space_parser | ⚠️  Flash Cache Space Usage section not found
[2026-08-12 16:12:45] WARNING  | exadata_fc_space_parser | ⚠️  Flash Cache Space Usage section not found
[2026-08-12 16:14:57] WARNING  | exadata_fc_space_parser | ⚠️  Flash Cache Space Usage section not found
[2026-08-12 16:17:13] WARNING  | exadata_fc_space_parser | ⚠️  Flash Cache Space Usage section not found
[2026-08-12 16:19:23] WARNING  | exadata_fc_space_parser | ⚠️  Flash Cache Space Usage section not found
[2026-08-12 16:21:32] WARNING  | exadata_fc_space_parser | ⚠️  Flash Cache Space Usage section not found
[2026-08-12 16:23:43] WARNING  | exadata_fc_space_parser | ⚠️  Flash Cache Space Usage section not found
[2026-08-12 16:25:56] WARNING  | exadata_fc_space_parser | ⚠️  Flash Cache Space Usage section not found
[2026-08-12 16:28:00] WARNING  | exadata_fc_space_parser | ⚠️  Flash Cache Space Usage section not found
[2026-08-12 16:30:09] WARNING  | exadata_fc_space_parser | ⚠️  Flash Cache Space Usage section not found
[2026-08-12 16:32:15] WARNING  | exadata_fc_space_parser | ⚠️  Flash Cache Space Usage section not found
[2026-08-12 16:34:25] WARNING  | exadata_fc_space_parser | ⚠️  Flash Cache Space Usage section not found
[2026-08-13 10:01:14] WARNING  | exadata_fc_space_parser | ⚠️  Flash Cache Space Usage section not found
[2026-08-13 10:33:36] WARNING  | exadata_fc_space_parser | ⚠️  Flash Cache Space Usage section not found
[2026-08-13 10:34:51] WARNING  | exadata_fc_space_parser | ⚠️  Flash Cache Space Usage section not found
[2026-08-13 11:06:45] WARNING  | exadata_fc_space_parser | ⚠️  Flash Cache Space Usage section not found
[2026-08-13 11:08:01] WARNING  | exadata_fc_space_parser | ⚠️  Flash Cache Space Usage section not found
[2026-08-13 11:09:17] WARNING  | exadata_fc_space_parser | ⚠️  Flash Cache Space Usage section not found
[2026-08-13 11:36:43] WARNING  | exadata_fc_space_parser | ⚠️  Flash Cache Space Usage section not found
[2026-08-13 11:37:59] WARNING  | exadata_fc_space_parser | ⚠️  Flash Cache Space Usage section not found
[2026-08-13 11:39:18] WARNING  | exadata_fc_space_parser | ⚠️  Flash Cache Space Usage section not found
[2026-08-13 11:40:32] WARNING  | exadata_fc_space_parser | ⚠️  Flash Cache Space Usage section not found
[2026-08-13 12:07:05] WARNING  | exadata_fc_space_parser | ⚠️  Flash Cache Space Usage section not found
[2026-08-13 12:08:21] WARNING  | exadata_fc_space_parser | ⚠️  Flash Cache Space Usage section not found
[2026-08-13 12:09:37] WARNING  | exadata_fc_space_parser | ⚠️  Flash Cache Space Usage section not found
[2026-08-13 12:10:50] WARNING  | exadata_fc_space_parser | ⚠️  Flash Cache Space Usage section not found
[2026-08-13 12:12:04] WARNING  | exadata_fc_space_parser | ⚠️  Flash Cache Space Usage section not found
[2026-08-13 12:45:15] WARNING  | exadata_fc_space_parser | ⚠️  Flash Cache Space Usage section not found
[2026-08-13 12:46:30] WARNING  | exadata_fc_space_parser | ⚠️  Flash Cache Space Usage section not found
[2026-08-13 12:47:50] WARNING  | exadata_fc_space_parser | ⚠️  Flash Cache Space Usage section not found
[2026-08-13 12:49:05] WARNING  | exadata_fc_space_parser | ⚠️  Flash Cache Space Usage section not found
[2026-08-13 12:50:20] WARNING  | exadata_fc_space_parser | ⚠️  Flash Cache Space Usage section not found
[2026-08-13 12:51:35] WARNING  | exadata_fc_space_parser | ⚠️  Flash Cache Space Usage section not found
[2026-08-13 13:15:31] WARNING  | exadata_fc_space_parser | ⚠️  Flash Cache Space Usage section not found
[2026-08-13 13:16:45] WARNING  | exadata_fc_space_parser | ⚠️  Flash Cache Space Usage section not found
[2026-08-13 13:17:56] WARNING  | exadata_fc_space_parser | ⚠️  Flash Cache Space Usage section not found
[2026-08-13 13:19:13] WARNING  | exadata_fc_space_parser | ⚠️  Flash Cache Space Usage section not found
[2026-08-13 13:20:29] WARNING  | exadata_fc_space_parser | ⚠️  Flash Cache Space Usage section not found
[2026-08-13 13:21:44] WARNING  | exadata_fc_space_parser | ⚠️  Flash Cache Space Usage section not found
[2026-08-13 13:23:00] WARNING  | exadata_fc_space_parser | ⚠️  Flash Cache Space Usage section not found
[2026-08-13 13:45:57] WARNING  | exadata_fc_space_parser | ⚠️  Flash Cache Space Usage section not found
[2026-08-13 13:47:05] WARNING  | exadata_fc_space_parser | ⚠️  Flash Cache Space Usage section not found
[2026-08-13 13:48:16] WARNING  | exadata_fc_space_parser | ⚠️  Flash Cache Space Usage section not found
[2026-08-13 13:49:22] WARNING  | exadata_fc_space_parser | ⚠️  Flash Cache Space Usage section not found
[2026-08-13 13:50:30] WARNING  | exadata_fc_space_parser | ⚠️  Flash Cache Space Usage section not found
[2026-08-13 13:51:44] WARNING  | exadata_fc_space_parser | ⚠️  Flash Cache Space Usage section not found
[2026-08-13 13:53:02] WARNING  | exadata_fc_space_parser | ⚠️  Flash Cache Space Usage section not found
[2026-08-13 13:54:12] WARNING  | exadata_fc_space_parser | ⚠️  Flash Cache Space Usage section not found
[2026-08-13 14:16:25] WARNING  | exadata_fc_space_parser | ⚠️  Flash Cache Space Usage section not found
[2026-08-13 14:17:32] WARNING  | exadata_fc_space_parser | ⚠️  Flash Cache Space Usage section not found
[2026-08-13 14:18:44] WARNING  | exadata_fc_space_parser | ⚠️  Flash Cache Space Usage section not found
[2026-08-13 14:19:49] WARNING  | exadata_fc_space_parser | ⚠️  Flash Cache Space Usage section not found
[2026-08-13 14:20:56] WARNING  | exadata_fc_space_parser | ⚠️  Flash Cache Space Usage section not found
[2026-08-13 14:22:00] WARNING  | exadata_fc_space_parser | ⚠️  Flash Cache Space Usage section not found
[2026-08-13 14:23:06] WARNING  | exadata_fc_space_parser | ⚠️  Flash Cache Space Usage section not found
[2026-08-13 14:24:12] WARNING  | exadata_fc_space_parser | ⚠️  Flash Cache Space Usage section not found
[2026-08-13 14:25:21] WARNING  | exadata_fc_space_parser | ⚠️  Flash Cache Space Usage section not found
[2026-08-13 14:46:42] WARNING  | exadata_fc_space_parser | ⚠️  Flash Cache Space Usage section not found
[2026-08-13 14:47:54] WARNING  | exadata_fc_space_parser | ⚠️  Flash Cache Space Usage section not found
[2026-08-13 14:49:07] WARNING  | exadata_fc_space_parser | ⚠️  Flash Cache Space Usage section not found
[2026-08-13 14:50:19] WARNING  | exadata_fc_space_parser | ⚠️  Flash Cache Space Usage section not found
[2026-08-13 14:51:36] WARNING  | exadata_fc_space_parser | ⚠️  Flash Cache Space Usage section not found
[2026-08-13 14:52:45] WARNING  | exadata_fc_space_parser | ⚠️  Flash Cache Space Usage section not found
[2026-08-13 14:53:54] WARNING  | exadata_fc_space_parser | ⚠️  Flash Cache Space Usage section not found
[2026-08-13 14:54:59] WARNING  | exadata_fc_space_parser | ⚠️  Flash Cache Space Usage section not found
[2026-08-13 14:56:15] WARNING  | exadata_fc_space_parser | ⚠️  Flash Cache Space Usage section not found
[2026-08-13 14:57:29] WARNING  | exadata_fc_space_parser | ⚠️  Flash Cache Space Usage section not found
[2026-08-13 15:17:49] WARNING  | exadata_fc_space_parser | ⚠️  Flash Cache Space Usage section not found
[2026-08-13 15:19:10] WARNING  | exadata_fc_space_parser | ⚠️  Flash Cache Space Usage section not found
[2026-08-13 15:20:29] WARNING  | exadata_fc_space_parser | ⚠️  Flash Cache Space Usage section not found
[2026-08-13 15:21:47] WARNING  | exadata_fc_space_parser | ⚠️  Flash Cache Space Usage section not found
[2026-08-13 15:23:06] WARNING  | exadata_fc_space_parser | ⚠️  Flash Cache Space Usage section not found
[2026-08-13 15:24:22] WARNING  | exadata_fc_space_parser | ⚠️  Flash Cache Space Usage section not found
[2026-08-13 15:25:41] WARNING  | exadata_fc_space_parser | ⚠️  Flash Cache Space Usage section not found
[2026-08-13 15:26:59] WARNING  | exadata_fc_space_parser | ⚠️  Flash Cache Space Usage section not found
[2026-08-13 15:28:20] WARNING  | exadata_fc_space_parser | ⚠️  Flash Cache Space Usage section not found
[2026-08-13 15:29:39] WARNING  | exadata_fc_space_parser | ⚠️  Flash Cache Space Usage section not found
[2026-08-13 15:30:59] WARNING  | exadata_fc_space_parser | ⚠️  Flash Cache Space Usage section not found
[2026-08-13 15:49:58] WARNING  | exadata_fc_space_parser | ⚠️  Flash Cache Space Usage section not found
[2026-08-13 15:51:16] WARNING  | exadata_fc_space_parser | ⚠️  Flash Cache Space Usage section not found
[2026-08-13 15:52:30] WARNING  | exadata_fc_space_parser | ⚠️  Flash Cache Space Usage section not found
[2026-08-13 15:53:45] WARNING  | exadata_fc_space_parser | ⚠️  Flash Cache Space Usage section not found
[2026-08-13 15:55:00] WARNING  | exadata_fc_space_parser | ⚠️  Flash Cache Space Usage section not found
[2026-08-13 15:56:14] WARNING  | exadata_fc_space_parser | ⚠️  Flash Cache Space Usage section not found
[2026-08-13 15:57:30] WARNING  | exadata_fc_space_parser | ⚠️  Flash Cache Space Usage section not found
[2026-08-13 15:58:49] WARNING  | exadata_fc_space_parser | ⚠️  Flash Cache Space Usage section not found
[2026-08-13 16:00:04] WARNING  | exadata_fc_space_parser | ⚠️  Flash Cache Space Usage section not found
[2026-08-13 16:01:18] WARNING  | exadata_fc_space_parser | ⚠️  Flash Cache Space Usage section not found
[2026-08-13 16:02:28] WARNING  | exadata_fc_space_parser | ⚠️  Flash Cache Space Usage section not found
[2026-08-13 16:03:43] WARNING  | exadata_fc_space_parser | ⚠️  Flash Cache Space Usage section not found
[2026-08-13 16:23:34] WARNING  | exadata_fc_space_parser | ⚠️  Flash Cache Space Usage section not found
[2026-08-13 16:24:50] WARNING  | exadata_fc_space_parser | ⚠️  Flash Cache Space Usage section not found
[2026-08-13 16:26:07] WARNING  | exadata_fc_space_parser | ⚠️  Flash Cache Space Usage section not found
[2026-08-13 16:27:23] WARNING  | exadata_fc_space_parser | ⚠️  Flash Cache Space Usage section not found
[2026-08-13 16:28:36] WARNING  | exadata_fc_space_parser | ⚠️  Flash Cache Space Usage section not found
[2026-08-13 16:33:59] WARNING  | exadata_fc_space_parser | ⚠️  Flash Cache Space Usage section not found
[2026-08-13 16:35:13] WARNING  | exadata_fc_space_parser | ⚠️  Flash Cache Space Usage section not found
[2026-08-13 16:36:29] WARNING  | exadata_fc_space_parser | ⚠️  Flash Cache Space Usage section not found
[2026-08-13 16:37:48] WARNING  | exadata_fc_space_parser | ⚠️  Flash Cache Space Usage section not found
[2026-08-13 16:39:04] WARNING  | exadata_fc_space_parser | ⚠️  Flash Cache Space Usage section not found
[2026-08-13 16:40:19] WARNING  | exadata_fc_space_parser | ⚠️  Flash Cache Space Usage section not found
[2026-08-13 16:41:34] WARNING  | exadata_fc_space_parser | ⚠️  Flash Cache Space Usage section not found
[2026-08-13 16:42:50] WARNING  | exadata_fc_space_parser | ⚠️  Flash Cache Space Usage section not found
[2026-08-13 16:54:34] WARNING  | exadata_fc_space_parser | ⚠️  Flash Cache Space Usage section not found
[2026-08-13 16:55:46] WARNING  | exadata_fc_space_parser | ⚠️  Flash Cache Space Usage section not found
[2026-08-13 16:57:01] WARNING  | exadata_fc_space_parser | ⚠️  Flash Cache Space Usage section not found
[2026-08-13 16:58:17] WARNING  | exadata_fc_space_parser | ⚠️  Flash Cache Space Usage section not found
[2026-08-13 17:29:02] WARNING  | exadata_fc_space_parser | ⚠️  Flash Cache Space Usage section not found
[2026-08-13 17:30:05] WARNING  | exadata_fc_space_parser | ⚠️  Flash Cache Space Usage section not found
[2026-08-13 17:31:25] WARNING  | exadata_fc_space_parser | ⚠️  Flash Cache Space Usage section not found
[2026-08-13 17:32:38] WARNING  | exadata_fc_space_parser | ⚠️  Flash Cache Space Usage section not found
[2026-08-14 12:01:40] INFO     | exadata_fc_space_parser | ✅ Parsed 3 FC Space rows
[2026-08-14 12:01:41] ERROR    | exadata_fc_space_parser | ❌ null value in column "dbname" violates not-null constraint
DETAIL:  Failing row contains (457, null, null, null, null, cel01.exadb.internal, 8192.0, null, null, 8.4, 8.4, null, e7ca8ae709a6143ca8a64dc0395275d5, 2026-08-14 12:01:41.062645).
Traceback (most recent call last):
  File "C:\AWR_Insight_Portal_v2\modules\awr\exadata_fc_space_parser.py", line 135, in insert_fc_space
    cur.execute(sql,(r["dbname"],r["instance"],r["begin_snap"],r["snap_time"],
    ~~~~~~~~~~~^^^^^^^^^^^^^^^^^^^^^^^^^^^^^^^^^^^^^^^^^^^^^^^^^^^^^^^^^^^^^^^
        r["cell_name"],r["total_fc_mb"],r["oltp_used_mb"],r["scan_used_mb"],
        ^^^^^^^^^^^^^^^^^^^^^^^^^^^^^^^^^^^^^^^^^^^^^^^^^^^^^^^^^^^^^^^^^^^^
        r["large_write_mb"],r["large_write_pct"],r["free_mb"],r["row_hash"]))
        ^^^^^^^^^^^^^^^^^^^^^^^^^^^^^^^^^^^^^^^^^^^^^^^^^^^^^^^^^^^^^^^^^^^^^
psycopg2.errors.NotNullViolation: null value in column "dbname" violates not-null constraint
DETAIL:  Failing row contains (457, null, null, null, null, cel01.exadb.internal, 8192.0, null, null, 8.4, 8.4, null, e7ca8ae709a6143ca8a64dc0395275d5, 2026-08-14 12:01:41.062645).

[2026-08-14 12:01:47] INFO     | exadata_fc_space_parser | ✅ Parsed 3 FC Space rows | HIGH large_write: ['cel01.exadb.internal', 'cel02.exadb.internal', 'cel03.exadb.internal']
[2026-08-14 12:01:47] ERROR    | exadata_fc_space_parser | ❌ null value in column "dbname" violates not-null constraint
DETAIL:  Failing row contains (458, null, null, null, null, cel01.exadb.internal, 8192.0, null, null, 24.6, 24.6, null, d571dd0bfb3b3181f83b26b5c64379ed, 2026-08-14 12:01:47.678908).
Traceback (most recent call last):
  File "C:\AWR_Insight_Portal_v2\modules\awr\exadata_fc_space_parser.py", line 135, in insert_fc_space
    cur.execute(sql,(r["dbname"],r["instance"],r["begin_snap"],r["snap_time"],
    ~~~~~~~~~~~^^^^^^^^^^^^^^^^^^^^^^^^^^^^^^^^^^^^^^^^^^^^^^^^^^^^^^^^^^^^^^^
        r["cell_name"],r["total_fc_mb"],r["oltp_used_mb"],r["scan_used_mb"],
        ^^^^^^^^^^^^^^^^^^^^^^^^^^^^^^^^^^^^^^^^^^^^^^^^^^^^^^^^^^^^^^^^^^^^
        r["large_write_mb"],r["large_write_pct"],r["free_mb"],r["row_hash"]))
        ^^^^^^^^^^^^^^^^^^^^^^^^^^^^^^^^^^^^^^^^^^^^^^^^^^^^^^^^^^^^^^^^^^^^^
psycopg2.errors.NotNullViolation: null value in column "dbname" violates not-null constraint
DETAIL:  Failing row contains (458, null, null, null, null, cel01.exadb.internal, 8192.0, null, null, 24.6, 24.6, null, d571dd0bfb3b3181f83b26b5c64379ed, 2026-08-14 12:01:47.678908).

[2026-08-14 12:01:53] INFO     | exadata_fc_space_parser | ✅ Parsed 3 FC Space rows
[2026-08-14 12:01:53] ERROR    | exadata_fc_space_parser | ❌ null value in column "dbname" violates not-null constraint
DETAIL:  Failing row contains (459, null, null, null, null, cel01.exadb.internal, 8192.0, null, null, 7.2, 7.2, null, 245731a188a74395c9b669e4b9dd34f9, 2026-08-14 12:01:53.175411).
Traceback (most recent call last):
  File "C:\AWR_Insight_Portal_v2\modules\awr\exadata_fc_space_parser.py", line 135, in insert_fc_space
    cur.execute(sql,(r["dbname"],r["instance"],r["begin_snap"],r["snap_time"],
    ~~~~~~~~~~~^^^^^^^^^^^^^^^^^^^^^^^^^^^^^^^^^^^^^^^^^^^^^^^^^^^^^^^^^^^^^^^
        r["cell_name"],r["total_fc_mb"],r["oltp_used_mb"],r["scan_used_mb"],
        ^^^^^^^^^^^^^^^^^^^^^^^^^^^^^^^^^^^^^^^^^^^^^^^^^^^^^^^^^^^^^^^^^^^^
        r["large_write_mb"],r["large_write_pct"],r["free_mb"],r["row_hash"]))
        ^^^^^^^^^^^^^^^^^^^^^^^^^^^^^^^^^^^^^^^^^^^^^^^^^^^^^^^^^^^^^^^^^^^^^
psycopg2.errors.NotNullViolation: null value in column "dbname" violates not-null constraint
DETAIL:  Failing row contains (459, null, null, null, null, cel01.exadb.internal, 8192.0, null, null, 7.2, 7.2, null, 245731a188a74395c9b669e4b9dd34f9, 2026-08-14 12:01:53.175411).

[2026-08-14 12:01:58] INFO     | exadata_fc_space_parser | ✅ Parsed 3 FC Space rows
[2026-08-14 12:01:58] ERROR    | exadata_fc_space_parser | ❌ null value in column "dbname" violates not-null constraint
DETAIL:  Failing row contains (460, null, null, null, null, cel01.exadb.internal, 8192.0, null, null, 8.4, 8.4, null, e7ca8ae709a6143ca8a64dc0395275d5, 2026-08-14 12:01:58.851455).
Traceback (most recent call last):
  File "C:\AWR_Insight_Portal_v2\modules\awr\exadata_fc_space_parser.py", line 135, in insert_fc_space
    cur.execute(sql,(r["dbname"],r["instance"],r["begin_snap"],r["snap_time"],
    ~~~~~~~~~~~^^^^^^^^^^^^^^^^^^^^^^^^^^^^^^^^^^^^^^^^^^^^^^^^^^^^^^^^^^^^^^^
        r["cell_name"],r["total_fc_mb"],r["oltp_used_mb"],r["scan_used_mb"],
        ^^^^^^^^^^^^^^^^^^^^^^^^^^^^^^^^^^^^^^^^^^^^^^^^^^^^^^^^^^^^^^^^^^^^
        r["large_write_mb"],r["large_write_pct"],r["free_mb"],r["row_hash"]))
        ^^^^^^^^^^^^^^^^^^^^^^^^^^^^^^^^^^^^^^^^^^^^^^^^^^^^^^^^^^^^^^^^^^^^^
psycopg2.errors.NotNullViolation: null value in column "dbname" violates not-null constraint
DETAIL:  Failing row contains (460, null, null, null, null, cel01.exadb.internal, 8192.0, null, null, 8.4, 8.4, null, e7ca8ae709a6143ca8a64dc0395275d5, 2026-08-14 12:01:58.851455).

[2026-08-14 12:02:04] INFO     | exadata_fc_space_parser | ✅ Parsed 3 FC Space rows
[2026-08-14 12:02:04] ERROR    | exadata_fc_space_parser | ❌ null value in column "dbname" violates not-null constraint
DETAIL:  Failing row contains (461, null, null, null, null, cel01.exadb.internal, 8192.0, null, null, 18.9, 18.9, null, 4aa3e68c1a6a67876e5ed561df2a6ef0, 2026-08-14 12:02:04.178252).
Traceback (most recent call last):
  File "C:\AWR_Insight_Portal_v2\modules\awr\exadata_fc_space_parser.py", line 135, in insert_fc_space
    cur.execute(sql,(r["dbname"],r["instance"],r["begin_snap"],r["snap_time"],
    ~~~~~~~~~~~^^^^^^^^^^^^^^^^^^^^^^^^^^^^^^^^^^^^^^^^^^^^^^^^^^^^^^^^^^^^^^^
        r["cell_name"],r["total_fc_mb"],r["oltp_used_mb"],r["scan_used_mb"],
        ^^^^^^^^^^^^^^^^^^^^^^^^^^^^^^^^^^^^^^^^^^^^^^^^^^^^^^^^^^^^^^^^^^^^
        r["large_write_mb"],r["large_write_pct"],r["free_mb"],r["row_hash"]))
        ^^^^^^^^^^^^^^^^^^^^^^^^^^^^^^^^^^^^^^^^^^^^^^^^^^^^^^^^^^^^^^^^^^^^^
psycopg2.errors.NotNullViolation: null value in column "dbname" violates not-null constraint
DETAIL:  Failing row contains (461, null, null, null, null, cel01.exadb.internal, 8192.0, null, null, 18.9, 18.9, null, 4aa3e68c1a6a67876e5ed561df2a6ef0, 2026-08-14 12:02:04.178252).

[2026-08-14 12:02:10] INFO     | exadata_fc_space_parser | ✅ Parsed 3 FC Space rows | HIGH large_write: ['cel01.exadb.internal', 'cel02.exadb.internal', 'cel03.exadb.internal']
[2026-08-14 12:02:10] ERROR    | exadata_fc_space_parser | ❌ null value in column "dbname" violates not-null constraint
DETAIL:  Failing row contains (462, null, null, null, null, cel01.exadb.internal, 8192.0, null, null, 24.6, 24.6, null, d571dd0bfb3b3181f83b26b5c64379ed, 2026-08-14 12:02:10.186361).
Traceback (most recent call last):
  File "C:\AWR_Insight_Portal_v2\modules\awr\exadata_fc_space_parser.py", line 135, in insert_fc_space
    cur.execute(sql,(r["dbname"],r["instance"],r["begin_snap"],r["snap_time"],
    ~~~~~~~~~~~^^^^^^^^^^^^^^^^^^^^^^^^^^^^^^^^^^^^^^^^^^^^^^^^^^^^^^^^^^^^^^^
        r["cell_name"],r["total_fc_mb"],r["oltp_used_mb"],r["scan_used_mb"],
        ^^^^^^^^^^^^^^^^^^^^^^^^^^^^^^^^^^^^^^^^^^^^^^^^^^^^^^^^^^^^^^^^^^^^
        r["large_write_mb"],r["large_write_pct"],r["free_mb"],r["row_hash"]))
        ^^^^^^^^^^^^^^^^^^^^^^^^^^^^^^^^^^^^^^^^^^^^^^^^^^^^^^^^^^^^^^^^^^^^^
psycopg2.errors.NotNullViolation: null value in column "dbname" violates not-null constraint
DETAIL:  Failing row contains (462, null, null, null, null, cel01.exadb.internal, 8192.0, null, null, 24.6, 24.6, null, d571dd0bfb3b3181f83b26b5c64379ed, 2026-08-14 12:02:10.186361).

[2026-08-14 12:08:53] WARNING  | exadata_fc_space_parser | ⚠️  Flash Cache Space Usage section not found
[2026-08-14 12:10:10] WARNING  | exadata_fc_space_parser | ⚠️  Flash Cache Space Usage section not found
[2026-08-14 12:11:26] WARNING  | exadata_fc_space_parser | ⚠️  Flash Cache Space Usage section not found
[2026-08-17 11:57:37] INFO     | exadata_fc_space_parser | ✅ Parsed 8 FC Space rows
[2026-08-17 11:57:37] ERROR    | exadata_fc_space_parser | ❌ null value in column "dbname" violates not-null constraint
DETAIL:  Failing row contains (463, null, null, null, null, mexa1cell01, 8192.0, null, null, 5.2, 5.2, null, 5e8ff1b7ec869d3fef695c3fef97a199, 2026-08-17 11:57:37.426563).
Traceback (most recent call last):
  File "C:\AWR_Insight_Portal_v2\modules\awr\exadata_fc_space_parser.py", line 135, in insert_fc_space
    cur.execute(sql,(r["dbname"],r["instance"],r["begin_snap"],r["snap_time"],
    ~~~~~~~~~~~^^^^^^^^^^^^^^^^^^^^^^^^^^^^^^^^^^^^^^^^^^^^^^^^^^^^^^^^^^^^^^^
        r["cell_name"],r["total_fc_mb"],r["oltp_used_mb"],r["scan_used_mb"],
        ^^^^^^^^^^^^^^^^^^^^^^^^^^^^^^^^^^^^^^^^^^^^^^^^^^^^^^^^^^^^^^^^^^^^
        r["large_write_mb"],r["large_write_pct"],r["free_mb"],r["row_hash"]))
        ^^^^^^^^^^^^^^^^^^^^^^^^^^^^^^^^^^^^^^^^^^^^^^^^^^^^^^^^^^^^^^^^^^^^^
psycopg2.errors.NotNullViolation: null value in column "dbname" violates not-null constraint
DETAIL:  Failing row contains (463, null, null, null, null, mexa1cell01, 8192.0, null, null, 5.2, 5.2, null, 5e8ff1b7ec869d3fef695c3fef97a199, 2026-08-17 11:57:37.426563).

[2026-08-17 11:57:49] INFO     | exadata_fc_space_parser | ✅ Parsed 8 FC Space rows
[2026-08-17 11:57:49] ERROR    | exadata_fc_space_parser | ❌ null value in column "dbname" violates not-null constraint
DETAIL:  Failing row contains (464, null, null, null, null, mexa1cell01, 8192.0, null, null, 6.4, 6.4, null, a2343ba270d9f82e323bafdeda39473f, 2026-08-17 11:57:49.153389).
Traceback (most recent call last):
  File "C:\AWR_Insight_Portal_v2\modules\awr\exadata_fc_space_parser.py", line 135, in insert_fc_space
    cur.execute(sql,(r["dbname"],r["instance"],r["begin_snap"],r["snap_time"],
    ~~~~~~~~~~~^^^^^^^^^^^^^^^^^^^^^^^^^^^^^^^^^^^^^^^^^^^^^^^^^^^^^^^^^^^^^^^
        r["cell_name"],r["total_fc_mb"],r["oltp_used_mb"],r["scan_used_mb"],
        ^^^^^^^^^^^^^^^^^^^^^^^^^^^^^^^^^^^^^^^^^^^^^^^^^^^^^^^^^^^^^^^^^^^^
        r["large_write_mb"],r["large_write_pct"],r["free_mb"],r["row_hash"]))
        ^^^^^^^^^^^^^^^^^^^^^^^^^^^^^^^^^^^^^^^^^^^^^^^^^^^^^^^^^^^^^^^^^^^^^
psycopg2.errors.NotNullViolation: null value in column "dbname" violates not-null constraint
DETAIL:  Failing row contains (464, null, null, null, null, mexa1cell01, 8192.0, null, null, 6.4, 6.4, null, a2343ba270d9f82e323bafdeda39473f, 2026-08-17 11:57:49.153389).

[2026-08-17 11:58:00] INFO     | exadata_fc_space_parser | ✅ Parsed 8 FC Space rows
[2026-08-17 11:58:00] ERROR    | exadata_fc_space_parser | ❌ null value in column "dbname" violates not-null constraint
DETAIL:  Failing row contains (465, null, null, null, null, mexa1cell01, 8192.0, null, null, 8.1, 8.1, null, dc555d57ecb89746bdb21ccfa91d89a5, 2026-08-17 11:58:00.555419).
Traceback (most recent call last):
  File "C:\AWR_Insight_Portal_v2\modules\awr\exadata_fc_space_parser.py", line 135, in insert_fc_space
    cur.execute(sql,(r["dbname"],r["instance"],r["begin_snap"],r["snap_time"],
    ~~~~~~~~~~~^^^^^^^^^^^^^^^^^^^^^^^^^^^^^^^^^^^^^^^^^^^^^^^^^^^^^^^^^^^^^^^
        r["cell_name"],r["total_fc_mb"],r["oltp_used_mb"],r["scan_used_mb"],
        ^^^^^^^^^^^^^^^^^^^^^^^^^^^^^^^^^^^^^^^^^^^^^^^^^^^^^^^^^^^^^^^^^^^^
        r["large_write_mb"],r["large_write_pct"],r["free_mb"],r["row_hash"]))
        ^^^^^^^^^^^^^^^^^^^^^^^^^^^^^^^^^^^^^^^^^^^^^^^^^^^^^^^^^^^^^^^^^^^^^
psycopg2.errors.NotNullViolation: null value in column "dbname" violates not-null constraint
DETAIL:  Failing row contains (465, null, null, null, null, mexa1cell01, 8192.0, null, null, 8.1, 8.1, null, dc555d57ecb89746bdb21ccfa91d89a5, 2026-08-17 11:58:00.555419).

[2026-08-17 11:58:11] INFO     | exadata_fc_space_parser | ✅ Parsed 8 FC Space rows
[2026-08-17 11:58:12] ERROR    | exadata_fc_space_parser | ❌ null value in column "dbname" violates not-null constraint
DETAIL:  Failing row contains (466, null, null, null, null, mexa1cell01, 8192.0, null, null, 1.8, 1.8, null, c731da4973efed1db64249304d76421d, 2026-08-17 11:58:12.000435).
Traceback (most recent call last):
  File "C:\AWR_Insight_Portal_v2\modules\awr\exadata_fc_space_parser.py", line 135, in insert_fc_space
    cur.execute(sql,(r["dbname"],r["instance"],r["begin_snap"],r["snap_time"],
    ~~~~~~~~~~~^^^^^^^^^^^^^^^^^^^^^^^^^^^^^^^^^^^^^^^^^^^^^^^^^^^^^^^^^^^^^^^
        r["cell_name"],r["total_fc_mb"],r["oltp_used_mb"],r["scan_used_mb"],
        ^^^^^^^^^^^^^^^^^^^^^^^^^^^^^^^^^^^^^^^^^^^^^^^^^^^^^^^^^^^^^^^^^^^^
        r["large_write_mb"],r["large_write_pct"],r["free_mb"],r["row_hash"]))
        ^^^^^^^^^^^^^^^^^^^^^^^^^^^^^^^^^^^^^^^^^^^^^^^^^^^^^^^^^^^^^^^^^^^^^
psycopg2.errors.NotNullViolation: null value in column "dbname" violates not-null constraint
DETAIL:  Failing row contains (466, null, null, null, null, mexa1cell01, 8192.0, null, null, 1.8, 1.8, null, c731da4973efed1db64249304d76421d, 2026-08-17 11:58:12.000435).

[2026-08-17 11:58:23] INFO     | exadata_fc_space_parser | ✅ Parsed 8 FC Space rows
[2026-08-17 11:58:23] ERROR    | exadata_fc_space_parser | ❌ null value in column "dbname" violates not-null constraint
DETAIL:  Failing row contains (467, null, null, null, null, mexa1cell01, 8192.0, null, null, 3.2, 3.2, null, 9408f153b3cc861aa240f34d9c43443a, 2026-08-17 11:58:23.338588).
Traceback (most recent call last):
  File "C:\AWR_Insight_Portal_v2\modules\awr\exadata_fc_space_parser.py", line 135, in insert_fc_space
    cur.execute(sql,(r["dbname"],r["instance"],r["begin_snap"],r["snap_time"],
    ~~~~~~~~~~~^^^^^^^^^^^^^^^^^^^^^^^^^^^^^^^^^^^^^^^^^^^^^^^^^^^^^^^^^^^^^^^
        r["cell_name"],r["total_fc_mb"],r["oltp_used_mb"],r["scan_used_mb"],
        ^^^^^^^^^^^^^^^^^^^^^^^^^^^^^^^^^^^^^^^^^^^^^^^^^^^^^^^^^^^^^^^^^^^^
        r["large_write_mb"],r["large_write_pct"],r["free_mb"],r["row_hash"]))
        ^^^^^^^^^^^^^^^^^^^^^^^^^^^^^^^^^^^^^^^^^^^^^^^^^^^^^^^^^^^^^^^^^^^^^
psycopg2.errors.NotNullViolation: null value in column "dbname" violates not-null constraint
DETAIL:  Failing row contains (467, null, null, null, null, mexa1cell01, 8192.0, null, null, 3.2, 3.2, null, 9408f153b3cc861aa240f34d9c43443a, 2026-08-17 11:58:23.338588).

[2026-08-17 11:58:34] INFO     | exadata_fc_space_parser | ✅ Parsed 8 FC Space rows
[2026-08-17 11:58:34] ERROR    | exadata_fc_space_parser | ❌ null value in column "dbname" violates not-null constraint
DETAIL:  Failing row contains (468, null, null, null, null, mexa1cell01, 8192.0, null, null, 12.4, 12.4, null, 46676e2e48fe75e5f7f29cdf3c30d35b, 2026-08-17 11:58:34.248856).
Traceback (most recent call last):
  File "C:\AWR_Insight_Portal_v2\modules\awr\exadata_fc_space_parser.py", line 135, in insert_fc_space
    cur.execute(sql,(r["dbname"],r["instance"],r["begin_snap"],r["snap_time"],
    ~~~~~~~~~~~^^^^^^^^^^^^^^^^^^^^^^^^^^^^^^^^^^^^^^^^^^^^^^^^^^^^^^^^^^^^^^^
        r["cell_name"],r["total_fc_mb"],r["oltp_used_mb"],r["scan_used_mb"],
        ^^^^^^^^^^^^^^^^^^^^^^^^^^^^^^^^^^^^^^^^^^^^^^^^^^^^^^^^^^^^^^^^^^^^
        r["large_write_mb"],r["large_write_pct"],r["free_mb"],r["row_hash"]))
        ^^^^^^^^^^^^^^^^^^^^^^^^^^^^^^^^^^^^^^^^^^^^^^^^^^^^^^^^^^^^^^^^^^^^^
psycopg2.errors.NotNullViolation: null value in column "dbname" violates not-null constraint
DETAIL:  Failing row contains (468, null, null, null, null, mexa1cell01, 8192.0, null, null, 12.4, 12.4, null, 46676e2e48fe75e5f7f29cdf3c30d35b, 2026-08-17 11:58:34.248856).

[2026-08-17 11:58:45] INFO     | exadata_fc_space_parser | ✅ Parsed 8 FC Space rows
[2026-08-17 11:58:45] ERROR    | exadata_fc_space_parser | ❌ null value in column "dbname" violates not-null constraint
DETAIL:  Failing row contains (469, null, null, null, null, mexa1cell01, 8192.0, null, null, 4.2, 4.2, null, a7dc1f441e9fe468c80bca64ba417f45, 2026-08-17 11:58:45.367162).
Traceback (most recent call last):
  File "C:\AWR_Insight_Portal_v2\modules\awr\exadata_fc_space_parser.py", line 135, in insert_fc_space
    cur.execute(sql,(r["dbname"],r["instance"],r["begin_snap"],r["snap_time"],
    ~~~~~~~~~~~^^^^^^^^^^^^^^^^^^^^^^^^^^^^^^^^^^^^^^^^^^^^^^^^^^^^^^^^^^^^^^^
        r["cell_name"],r["total_fc_mb"],r["oltp_used_mb"],r["scan_used_mb"],
        ^^^^^^^^^^^^^^^^^^^^^^^^^^^^^^^^^^^^^^^^^^^^^^^^^^^^^^^^^^^^^^^^^^^^
        r["large_write_mb"],r["large_write_pct"],r["free_mb"],r["row_hash"]))
        ^^^^^^^^^^^^^^^^^^^^^^^^^^^^^^^^^^^^^^^^^^^^^^^^^^^^^^^^^^^^^^^^^^^^^
psycopg2.errors.NotNullViolation: null value in column "dbname" violates not-null constraint
DETAIL:  Failing row contains (469, null, null, null, null, mexa1cell01, 8192.0, null, null, 4.2, 4.2, null, a7dc1f441e9fe468c80bca64ba417f45, 2026-08-17 11:58:45.367162).

[2026-08-17 11:58:57] INFO     | exadata_fc_space_parser | ✅ Parsed 8 FC Space rows
[2026-08-17 11:58:57] ERROR    | exadata_fc_space_parser | ❌ null value in column "dbname" violates not-null constraint
DETAIL:  Failing row contains (470, null, null, null, null, mexa1cell01, 8192.0, null, null, 8.2, 8.2, null, 533e2d4b2f96d04f9e649a1d3d6129dc, 2026-08-17 11:58:57.51356).
Traceback (most recent call last):
  File "C:\AWR_Insight_Portal_v2\modules\awr\exadata_fc_space_parser.py", line 135, in insert_fc_space
    cur.execute(sql,(r["dbname"],r["instance"],r["begin_snap"],r["snap_time"],
    ~~~~~~~~~~~^^^^^^^^^^^^^^^^^^^^^^^^^^^^^^^^^^^^^^^^^^^^^^^^^^^^^^^^^^^^^^^
        r["cell_name"],r["total_fc_mb"],r["oltp_used_mb"],r["scan_used_mb"],
        ^^^^^^^^^^^^^^^^^^^^^^^^^^^^^^^^^^^^^^^^^^^^^^^^^^^^^^^^^^^^^^^^^^^^
        r["large_write_mb"],r["large_write_pct"],r["free_mb"],r["row_hash"]))
        ^^^^^^^^^^^^^^^^^^^^^^^^^^^^^^^^^^^^^^^^^^^^^^^^^^^^^^^^^^^^^^^^^^^^^
psycopg2.errors.NotNullViolation: null value in column "dbname" violates not-null constraint
DETAIL:  Failing row contains (470, null, null, null, null, mexa1cell01, 8192.0, null, null, 8.2, 8.2, null, 533e2d4b2f96d04f9e649a1d3d6129dc, 2026-08-17 11:58:57.51356).

[2026-08-17 11:59:09] INFO     | exadata_fc_space_parser | ✅ Parsed 8 FC Space rows
[2026-08-17 11:59:09] ERROR    | exadata_fc_space_parser | ❌ null value in column "dbname" violates not-null constraint
DETAIL:  Failing row contains (471, null, null, null, null, mexa1cell01, 8192.0, null, null, 16.8, 16.8, null, 0d07b32c07c579fdd8d9894616085046, 2026-08-17 11:59:09.705689).
Traceback (most recent call last):
  File "C:\AWR_Insight_Portal_v2\modules\awr\exadata_fc_space_parser.py", line 135, in insert_fc_space
    cur.execute(sql,(r["dbname"],r["instance"],r["begin_snap"],r["snap_time"],
    ~~~~~~~~~~~^^^^^^^^^^^^^^^^^^^^^^^^^^^^^^^^^^^^^^^^^^^^^^^^^^^^^^^^^^^^^^^
        r["cell_name"],r["total_fc_mb"],r["oltp_used_mb"],r["scan_used_mb"],
        ^^^^^^^^^^^^^^^^^^^^^^^^^^^^^^^^^^^^^^^^^^^^^^^^^^^^^^^^^^^^^^^^^^^^
        r["large_write_mb"],r["large_write_pct"],r["free_mb"],r["row_hash"]))
        ^^^^^^^^^^^^^^^^^^^^^^^^^^^^^^^^^^^^^^^^^^^^^^^^^^^^^^^^^^^^^^^^^^^^^
psycopg2.errors.NotNullViolation: null value in column "dbname" violates not-null constraint
DETAIL:  Failing row contains (471, null, null, null, null, mexa1cell01, 8192.0, null, null, 16.8, 16.8, null, 0d07b32c07c579fdd8d9894616085046, 2026-08-17 11:59:09.705689).

[2026-08-17 11:59:21] INFO     | exadata_fc_space_parser | ✅ Parsed 8 FC Space rows | HIGH large_write: ['mexa1cell01', 'mexa1cell02', 'mexa1cell03', 'mexa1cell04', 'mexa1cell05', 'mexa1cell06', 'mexa1cell07', 'mexa1cell08']
[2026-08-17 11:59:21] ERROR    | exadata_fc_space_parser | ❌ null value in column "dbname" violates not-null constraint
DETAIL:  Failing row contains (472, null, null, null, null, mexa1cell01, 8192.0, null, null, 22.4, 22.4, null, 02cbd33e1ea548daecd623ec2353a03f, 2026-08-17 11:59:21.439304).
Traceback (most recent call last):
  File "C:\AWR_Insight_Portal_v2\modules\awr\exadata_fc_space_parser.py", line 135, in insert_fc_space
    cur.execute(sql,(r["dbname"],r["instance"],r["begin_snap"],r["snap_time"],
    ~~~~~~~~~~~^^^^^^^^^^^^^^^^^^^^^^^^^^^^^^^^^^^^^^^^^^^^^^^^^^^^^^^^^^^^^^^
        r["cell_name"],r["total_fc_mb"],r["oltp_used_mb"],r["scan_used_mb"],
        ^^^^^^^^^^^^^^^^^^^^^^^^^^^^^^^^^^^^^^^^^^^^^^^^^^^^^^^^^^^^^^^^^^^^
        r["large_write_mb"],r["large_write_pct"],r["free_mb"],r["row_hash"]))
        ^^^^^^^^^^^^^^^^^^^^^^^^^^^^^^^^^^^^^^^^^^^^^^^^^^^^^^^^^^^^^^^^^^^^^
psycopg2.errors.NotNullViolation: null value in column "dbname" violates not-null constraint
DETAIL:  Failing row contains (472, null, null, null, null, mexa1cell01, 8192.0, null, null, 22.4, 22.4, null, 02cbd33e1ea548daecd623ec2353a03f, 2026-08-17 11:59:21.439304).

[2026-08-17 11:59:32] INFO     | exadata_fc_space_parser | ✅ Parsed 8 FC Space rows | HIGH large_write: ['mexa1cell01', 'mexa1cell02', 'mexa1cell03', 'mexa1cell04', 'mexa1cell05', 'mexa1cell06', 'mexa1cell07', 'mexa1cell08']
[2026-08-17 11:59:32] ERROR    | exadata_fc_space_parser | ❌ null value in column "dbname" violates not-null constraint
DETAIL:  Failing row contains (473, null, null, null, null, mexa1cell01, 8192.0, null, null, 28.4, 28.4, null, 00b24dd7e6dbd4d65d2ace8e6bfa685c, 2026-08-17 11:59:32.678105).
Traceback (most recent call last):
  File "C:\AWR_Insight_Portal_v2\modules\awr\exadata_fc_space_parser.py", line 135, in insert_fc_space
    cur.execute(sql,(r["dbname"],r["instance"],r["begin_snap"],r["snap_time"],
    ~~~~~~~~~~~^^^^^^^^^^^^^^^^^^^^^^^^^^^^^^^^^^^^^^^^^^^^^^^^^^^^^^^^^^^^^^^
        r["cell_name"],r["total_fc_mb"],r["oltp_used_mb"],r["scan_used_mb"],
        ^^^^^^^^^^^^^^^^^^^^^^^^^^^^^^^^^^^^^^^^^^^^^^^^^^^^^^^^^^^^^^^^^^^^
        r["large_write_mb"],r["large_write_pct"],r["free_mb"],r["row_hash"]))
        ^^^^^^^^^^^^^^^^^^^^^^^^^^^^^^^^^^^^^^^^^^^^^^^^^^^^^^^^^^^^^^^^^^^^^
psycopg2.errors.NotNullViolation: null value in column "dbname" violates not-null constraint
DETAIL:  Failing row contains (473, null, null, null, null, mexa1cell01, 8192.0, null, null, 28.4, 28.4, null, 00b24dd7e6dbd4d65d2ace8e6bfa685c, 2026-08-17 11:59:32.678105).

[2026-08-17 11:59:43] INFO     | exadata_fc_space_parser | ✅ Parsed 8 FC Space rows
[2026-08-17 11:59:43] ERROR    | exadata_fc_space_parser | ❌ null value in column "dbname" violates not-null constraint
DETAIL:  Failing row contains (474, null, null, null, null, mexa1cell01, 8192.0, null, null, 9.4, 9.4, null, 3898824ff9176f215ba5b2ab7a505b58, 2026-08-17 11:59:43.946199).
Traceback (most recent call last):
  File "C:\AWR_Insight_Portal_v2\modules\awr\exadata_fc_space_parser.py", line 135, in insert_fc_space
    cur.execute(sql,(r["dbname"],r["instance"],r["begin_snap"],r["snap_time"],
    ~~~~~~~~~~~^^^^^^^^^^^^^^^^^^^^^^^^^^^^^^^^^^^^^^^^^^^^^^^^^^^^^^^^^^^^^^^
        r["cell_name"],r["total_fc_mb"],r["oltp_used_mb"],r["scan_used_mb"],
        ^^^^^^^^^^^^^^^^^^^^^^^^^^^^^^^^^^^^^^^^^^^^^^^^^^^^^^^^^^^^^^^^^^^^
        r["large_write_mb"],r["large_write_pct"],r["free_mb"],r["row_hash"]))
        ^^^^^^^^^^^^^^^^^^^^^^^^^^^^^^^^^^^^^^^^^^^^^^^^^^^^^^^^^^^^^^^^^^^^^
psycopg2.errors.NotNullViolation: null value in column "dbname" violates not-null constraint
DETAIL:  Failing row contains (474, null, null, null, null, mexa1cell01, 8192.0, null, null, 9.4, 9.4, null, 3898824ff9176f215ba5b2ab7a505b58, 2026-08-17 11:59:43.946199).

[2026-08-17 11:59:54] INFO     | exadata_fc_space_parser | ✅ Parsed 8 FC Space rows
[2026-08-17 11:59:54] ERROR    | exadata_fc_space_parser | ❌ null value in column "dbname" violates not-null constraint
DETAIL:  Failing row contains (475, null, null, null, null, mexa1cell01, 8192.0, null, null, 12.4, 12.4, null, 46676e2e48fe75e5f7f29cdf3c30d35b, 2026-08-17 11:59:54.986045).
Traceback (most recent call last):
  File "C:\AWR_Insight_Portal_v2\modules\awr\exadata_fc_space_parser.py", line 135, in insert_fc_space
    cur.execute(sql,(r["dbname"],r["instance"],r["begin_snap"],r["snap_time"],
    ~~~~~~~~~~~^^^^^^^^^^^^^^^^^^^^^^^^^^^^^^^^^^^^^^^^^^^^^^^^^^^^^^^^^^^^^^^
        r["cell_name"],r["total_fc_mb"],r["oltp_used_mb"],r["scan_used_mb"],
        ^^^^^^^^^^^^^^^^^^^^^^^^^^^^^^^^^^^^^^^^^^^^^^^^^^^^^^^^^^^^^^^^^^^^
        r["large_write_mb"],r["large_write_pct"],r["free_mb"],r["row_hash"]))
        ^^^^^^^^^^^^^^^^^^^^^^^^^^^^^^^^^^^^^^^^^^^^^^^^^^^^^^^^^^^^^^^^^^^^^
psycopg2.errors.NotNullViolation: null value in column "dbname" violates not-null constraint
DETAIL:  Failing row contains (475, null, null, null, null, mexa1cell01, 8192.0, null, null, 12.4, 12.4, null, 46676e2e48fe75e5f7f29cdf3c30d35b, 2026-08-17 11:59:54.986045).

[2026-08-17 12:00:06] INFO     | exadata_fc_space_parser | ✅ Parsed 8 FC Space rows
[2026-08-17 12:00:06] ERROR    | exadata_fc_space_parser | ❌ null value in column "dbname" violates not-null constraint
DETAIL:  Failing row contains (476, null, null, null, null, mexa1cell01, 8192.0, null, null, 8.4, 8.4, null, be5d7137b4271a275e7baf6ae4158235, 2026-08-17 12:00:06.320862).
Traceback (most recent call last):
  File "C:\AWR_Insight_Portal_v2\modules\awr\exadata_fc_space_parser.py", line 135, in insert_fc_space
    cur.execute(sql,(r["dbname"],r["instance"],r["begin_snap"],r["snap_time"],
    ~~~~~~~~~~~^^^^^^^^^^^^^^^^^^^^^^^^^^^^^^^^^^^^^^^^^^^^^^^^^^^^^^^^^^^^^^^
        r["cell_name"],r["total_fc_mb"],r["oltp_used_mb"],r["scan_used_mb"],
        ^^^^^^^^^^^^^^^^^^^^^^^^^^^^^^^^^^^^^^^^^^^^^^^^^^^^^^^^^^^^^^^^^^^^
        r["large_write_mb"],r["large_write_pct"],r["free_mb"],r["row_hash"]))
        ^^^^^^^^^^^^^^^^^^^^^^^^^^^^^^^^^^^^^^^^^^^^^^^^^^^^^^^^^^^^^^^^^^^^^
psycopg2.errors.NotNullViolation: null value in column "dbname" violates not-null constraint
DETAIL:  Failing row contains (476, null, null, null, null, mexa1cell01, 8192.0, null, null, 8.4, 8.4, null, be5d7137b4271a275e7baf6ae4158235, 2026-08-17 12:00:06.320862).

[2026-08-17 12:00:18] INFO     | exadata_fc_space_parser | ✅ Parsed 8 FC Space rows | HIGH large_write: ['mexa1cell01', 'mexa1cell02', 'mexa1cell03', 'mexa1cell04', 'mexa1cell05', 'mexa1cell06', 'mexa1cell07', 'mexa1cell08']
[2026-08-17 12:00:18] ERROR    | exadata_fc_space_parser | ❌ null value in column "dbname" violates not-null constraint
DETAIL:  Failing row contains (477, null, null, null, null, mexa1cell01, 8192.0, null, null, 24.8, 24.8, null, 0d3e476862fce7b224c030283beb96f5, 2026-08-17 12:00:18.510733).
Traceback (most recent call last):
  File "C:\AWR_Insight_Portal_v2\modules\awr\exadata_fc_space_parser.py", line 135, in insert_fc_space
    cur.execute(sql,(r["dbname"],r["instance"],r["begin_snap"],r["snap_time"],
    ~~~~~~~~~~~^^^^^^^^^^^^^^^^^^^^^^^^^^^^^^^^^^^^^^^^^^^^^^^^^^^^^^^^^^^^^^^
        r["cell_name"],r["total_fc_mb"],r["oltp_used_mb"],r["scan_used_mb"],
        ^^^^^^^^^^^^^^^^^^^^^^^^^^^^^^^^^^^^^^^^^^^^^^^^^^^^^^^^^^^^^^^^^^^^
        r["large_write_mb"],r["large_write_pct"],r["free_mb"],r["row_hash"]))
        ^^^^^^^^^^^^^^^^^^^^^^^^^^^^^^^^^^^^^^^^^^^^^^^^^^^^^^^^^^^^^^^^^^^^^
psycopg2.errors.NotNullViolation: null value in column "dbname" violates not-null constraint
DETAIL:  Failing row contains (477, null, null, null, null, mexa1cell01, 8192.0, null, null, 24.8, 24.8, null, 0d3e476862fce7b224c030283beb96f5, 2026-08-17 12:00:18.510733).

[2026-08-17 12:00:30] INFO     | exadata_fc_space_parser | ✅ Parsed 8 FC Space rows
[2026-08-17 12:00:30] ERROR    | exadata_fc_space_parser | ❌ null value in column "dbname" violates not-null constraint
DETAIL:  Failing row contains (478, null, null, null, null, mexa1cell01, 8192.0, null, null, 14.4, 14.4, null, 0566402a639888785dc1fee84c19f77c, 2026-08-17 12:00:30.712324).
Traceback (most recent call last):
  File "C:\AWR_Insight_Portal_v2\modules\awr\exadata_fc_space_parser.py", line 135, in insert_fc_space
    cur.execute(sql,(r["dbname"],r["instance"],r["begin_snap"],r["snap_time"],
    ~~~~~~~~~~~^^^^^^^^^^^^^^^^^^^^^^^^^^^^^^^^^^^^^^^^^^^^^^^^^^^^^^^^^^^^^^^
        r["cell_name"],r["total_fc_mb"],r["oltp_used_mb"],r["scan_used_mb"],
        ^^^^^^^^^^^^^^^^^^^^^^^^^^^^^^^^^^^^^^^^^^^^^^^^^^^^^^^^^^^^^^^^^^^^
        r["large_write_mb"],r["large_write_pct"],r["free_mb"],r["row_hash"]))
        ^^^^^^^^^^^^^^^^^^^^^^^^^^^^^^^^^^^^^^^^^^^^^^^^^^^^^^^^^^^^^^^^^^^^^
psycopg2.errors.NotNullViolation: null value in column "dbname" violates not-null constraint
DETAIL:  Failing row contains (478, null, null, null, null, mexa1cell01, 8192.0, null, null, 14.4, 14.4, null, 0566402a639888785dc1fee84c19f77c, 2026-08-17 12:00:30.712324).

[2026-08-17 12:00:42] INFO     | exadata_fc_space_parser | ✅ Parsed 8 FC Space rows
[2026-08-17 12:00:42] ERROR    | exadata_fc_space_parser | ❌ null value in column "dbname" violates not-null constraint
DETAIL:  Failing row contains (479, null, null, null, null, mexa1cell01, 8192.0, null, null, 18.4, 18.4, null, 8485470f0e01555f077cfe21e92c5e58, 2026-08-17 12:00:42.890484).
Traceback (most recent call last):
  File "C:\AWR_Insight_Portal_v2\modules\awr\exadata_fc_space_parser.py", line 135, in insert_fc_space
    cur.execute(sql,(r["dbname"],r["instance"],r["begin_snap"],r["snap_time"],
    ~~~~~~~~~~~^^^^^^^^^^^^^^^^^^^^^^^^^^^^^^^^^^^^^^^^^^^^^^^^^^^^^^^^^^^^^^^
        r["cell_name"],r["total_fc_mb"],r["oltp_used_mb"],r["scan_used_mb"],
        ^^^^^^^^^^^^^^^^^^^^^^^^^^^^^^^^^^^^^^^^^^^^^^^^^^^^^^^^^^^^^^^^^^^^
        r["large_write_mb"],r["large_write_pct"],r["free_mb"],r["row_hash"]))
        ^^^^^^^^^^^^^^^^^^^^^^^^^^^^^^^^^^^^^^^^^^^^^^^^^^^^^^^^^^^^^^^^^^^^^
psycopg2.errors.NotNullViolation: null value in column "dbname" violates not-null constraint
DETAIL:  Failing row contains (479, null, null, null, null, mexa1cell01, 8192.0, null, null, 18.4, 18.4, null, 8485470f0e01555f077cfe21e92c5e58, 2026-08-17 12:00:42.890484).

[2026-08-17 12:00:54] INFO     | exadata_fc_space_parser | ✅ Parsed 8 FC Space rows
[2026-08-17 12:00:54] ERROR    | exadata_fc_space_parser | ❌ null value in column "dbname" violates not-null constraint
DETAIL:  Failing row contains (480, null, null, null, null, mexa1cell01, 8192.0, null, null, 14.4, 14.4, null, 0566402a639888785dc1fee84c19f77c, 2026-08-17 12:00:54.809684).
Traceback (most recent call last):
  File "C:\AWR_Insight_Portal_v2\modules\awr\exadata_fc_space_parser.py", line 135, in insert_fc_space
    cur.execute(sql,(r["dbname"],r["instance"],r["begin_snap"],r["snap_time"],
    ~~~~~~~~~~~^^^^^^^^^^^^^^^^^^^^^^^^^^^^^^^^^^^^^^^^^^^^^^^^^^^^^^^^^^^^^^^
        r["cell_name"],r["total_fc_mb"],r["oltp_used_mb"],r["scan_used_mb"],
        ^^^^^^^^^^^^^^^^^^^^^^^^^^^^^^^^^^^^^^^^^^^^^^^^^^^^^^^^^^^^^^^^^^^^
        r["large_write_mb"],r["large_write_pct"],r["free_mb"],r["row_hash"]))
        ^^^^^^^^^^^^^^^^^^^^^^^^^^^^^^^^^^^^^^^^^^^^^^^^^^^^^^^^^^^^^^^^^^^^^
psycopg2.errors.NotNullViolation: null value in column "dbname" violates not-null constraint
DETAIL:  Failing row contains (480, null, null, null, null, mexa1cell01, 8192.0, null, null, 14.4, 14.4, null, 0566402a639888785dc1fee84c19f77c, 2026-08-17 12:00:54.809684).

[2026-08-17 12:01:06] INFO     | exadata_fc_space_parser | ✅ Parsed 8 FC Space rows | HIGH large_write: ['mexa1cell01', 'mexa1cell02', 'mexa1cell03', 'mexa1cell04', 'mexa1cell05', 'mexa1cell06', 'mexa1cell07', 'mexa1cell08']
[2026-08-17 12:01:06] ERROR    | exadata_fc_space_parser | ❌ null value in column "dbname" violates not-null constraint
DETAIL:  Failing row contains (481, null, null, null, null, mexa1cell01, 8192.0, null, null, 32.4, 32.4, null, b84841dc9162055cdf3613bdbe9e147a, 2026-08-17 12:01:06.672361).
Traceback (most recent call last):
  File "C:\AWR_Insight_Portal_v2\modules\awr\exadata_fc_space_parser.py", line 135, in insert_fc_space
    cur.execute(sql,(r["dbname"],r["instance"],r["begin_snap"],r["snap_time"],
    ~~~~~~~~~~~^^^^^^^^^^^^^^^^^^^^^^^^^^^^^^^^^^^^^^^^^^^^^^^^^^^^^^^^^^^^^^^
        r["cell_name"],r["total_fc_mb"],r["oltp_used_mb"],r["scan_used_mb"],
        ^^^^^^^^^^^^^^^^^^^^^^^^^^^^^^^^^^^^^^^^^^^^^^^^^^^^^^^^^^^^^^^^^^^^
        r["large_write_mb"],r["large_write_pct"],r["free_mb"],r["row_hash"]))
        ^^^^^^^^^^^^^^^^^^^^^^^^^^^^^^^^^^^^^^^^^^^^^^^^^^^^^^^^^^^^^^^^^^^^^
psycopg2.errors.NotNullViolation: null value in column "dbname" violates not-null constraint
DETAIL:  Failing row contains (481, null, null, null, null, mexa1cell01, 8192.0, null, null, 32.4, 32.4, null, b84841dc9162055cdf3613bdbe9e147a, 2026-08-17 12:01:06.672361).

[2026-08-17 12:01:18] INFO     | exadata_fc_space_parser | ✅ Parsed 8 FC Space rows
[2026-08-17 12:01:18] ERROR    | exadata_fc_space_parser | ❌ null value in column "dbname" violates not-null constraint
DETAIL:  Failing row contains (482, null, null, null, null, mexa1cell01, 8192.0, null, null, 11.4, 11.4, null, efb0da6e81b6361ef204b1b48810fed5, 2026-08-17 12:01:18.353626).
Traceback (most recent call last):
  File "C:\AWR_Insight_Portal_v2\modules\awr\exadata_fc_space_parser.py", line 135, in insert_fc_space
    cur.execute(sql,(r["dbname"],r["instance"],r["begin_snap"],r["snap_time"],
    ~~~~~~~~~~~^^^^^^^^^^^^^^^^^^^^^^^^^^^^^^^^^^^^^^^^^^^^^^^^^^^^^^^^^^^^^^^
        r["cell_name"],r["total_fc_mb"],r["oltp_used_mb"],r["scan_used_mb"],
        ^^^^^^^^^^^^^^^^^^^^^^^^^^^^^^^^^^^^^^^^^^^^^^^^^^^^^^^^^^^^^^^^^^^^
        r["large_write_mb"],r["large_write_pct"],r["free_mb"],r["row_hash"]))
        ^^^^^^^^^^^^^^^^^^^^^^^^^^^^^^^^^^^^^^^^^^^^^^^^^^^^^^^^^^^^^^^^^^^^^
psycopg2.errors.NotNullViolation: null value in column "dbname" violates not-null constraint
DETAIL:  Failing row contains (482, null, null, null, null, mexa1cell01, 8192.0, null, null, 11.4, 11.4, null, efb0da6e81b6361ef204b1b48810fed5, 2026-08-17 12:01:18.353626).

[2026-08-17 12:06:17] WARNING  | exadata_fc_space_parser | ⚠️  Flash Cache Space Usage section not found
[2026-08-17 12:07:48] WARNING  | exadata_fc_space_parser | ⚠️  Flash Cache Space Usage section not found
[2026-08-17 12:09:16] WARNING  | exadata_fc_space_parser | ⚠️  Flash Cache Space Usage section not found
[2026-08-17 12:10:50] WARNING  | exadata_fc_space_parser | ⚠️  Flash Cache Space Usage section not found
[2026-08-17 12:37:37] WARNING  | exadata_fc_space_parser | ⚠️  Flash Cache Space Usage section not found
[2026-08-17 12:39:12] WARNING  | exadata_fc_space_parser | ⚠️  Flash Cache Space Usage section not found
[2026-08-17 12:40:43] WARNING  | exadata_fc_space_parser | ⚠️  Flash Cache Space Usage section not found
[2026-08-17 12:42:19] WARNING  | exadata_fc_space_parser | ⚠️  Flash Cache Space Usage section not found
[2026-08-17 12:43:54] WARNING  | exadata_fc_space_parser | ⚠️  Flash Cache Space Usage section not found
[2026-08-17 13:29:39] WARNING  | exadata_fc_space_parser | ⚠️  Flash Cache Space Usage section not found
[2026-08-17 13:37:33] WARNING  | exadata_fc_space_parser | ⚠️  Flash Cache Space Usage section not found
[2026-08-17 13:39:01] WARNING  | exadata_fc_space_parser | ⚠️  Flash Cache Space Usage section not found
[2026-08-17 13:40:39] WARNING  | exadata_fc_space_parser | ⚠️  Flash Cache Space Usage section not found
[2026-08-17 13:42:20] WARNING  | exadata_fc_space_parser | ⚠️  Flash Cache Space Usage section not found
[2026-08-17 14:02:40] WARNING  | exadata_fc_space_parser | ⚠️  Flash Cache Space Usage section not found
[2026-08-17 14:04:20] WARNING  | exadata_fc_space_parser | ⚠️  Flash Cache Space Usage section not found
[2026-08-17 14:05:55] WARNING  | exadata_fc_space_parser | ⚠️  Flash Cache Space Usage section not found
[2026-08-17 14:07:35] WARNING  | exadata_fc_space_parser | ⚠️  Flash Cache Space Usage section not found
[2026-08-17 14:09:11] WARNING  | exadata_fc_space_parser | ⚠️  Flash Cache Space Usage section not found
[2026-08-17 14:10:47] WARNING  | exadata_fc_space_parser | ⚠️  Flash Cache Space Usage section not found
[2026-08-17 14:12:21] WARNING  | exadata_fc_space_parser | ⚠️  Flash Cache Space Usage section not found
[2026-08-17 14:14:54] WARNING  | exadata_fc_space_parser | ⚠️  Flash Cache Space Usage section not found
[2026-08-17 14:16:32] WARNING  | exadata_fc_space_parser | ⚠️  Flash Cache Space Usage section not found
[2026-08-17 14:33:14] WARNING  | exadata_fc_space_parser | ⚠️  Flash Cache Space Usage section not found
[2026-08-17 14:34:47] WARNING  | exadata_fc_space_parser | ⚠️  Flash Cache Space Usage section not found
[2026-08-17 14:36:17] WARNING  | exadata_fc_space_parser | ⚠️  Flash Cache Space Usage section not found
[2026-08-17 14:37:54] WARNING  | exadata_fc_space_parser | ⚠️  Flash Cache Space Usage section not found
[2026-08-17 14:39:27] WARNING  | exadata_fc_space_parser | ⚠️  Flash Cache Space Usage section not found
[2026-08-17 14:40:57] WARNING  | exadata_fc_space_parser | ⚠️  Flash Cache Space Usage section not found
[2026-08-17 14:42:25] WARNING  | exadata_fc_space_parser | ⚠️  Flash Cache Space Usage section not found
[2026-08-17 14:43:58] WARNING  | exadata_fc_space_parser | ⚠️  Flash Cache Space Usage section not found
[2026-08-17 14:45:30] WARNING  | exadata_fc_space_parser | ⚠️  Flash Cache Space Usage section not found
[2026-08-17 15:03:37] WARNING  | exadata_fc_space_parser | ⚠️  Flash Cache Space Usage section not found
[2026-08-17 15:05:10] WARNING  | exadata_fc_space_parser | ⚠️  Flash Cache Space Usage section not found
[2026-08-17 15:06:45] WARNING  | exadata_fc_space_parser | ⚠️  Flash Cache Space Usage section not found
[2026-08-17 15:08:20] WARNING  | exadata_fc_space_parser | ⚠️  Flash Cache Space Usage section not found
[2026-08-17 15:09:51] WARNING  | exadata_fc_space_parser | ⚠️  Flash Cache Space Usage section not found
[2026-08-17 15:11:21] WARNING  | exadata_fc_space_parser | ⚠️  Flash Cache Space Usage section not found
[2026-08-17 15:12:48] WARNING  | exadata_fc_space_parser | ⚠️  Flash Cache Space Usage section not found
[2026-08-17 15:14:21] WARNING  | exadata_fc_space_parser | ⚠️  Flash Cache Space Usage section not found
[2026-08-17 15:17:50] WARNING  | exadata_fc_space_parser | ⚠️  Flash Cache Space Usage section not found
[2026-08-17 15:19:27] WARNING  | exadata_fc_space_parser | ⚠️  Flash Cache Space Usage section not found
[2026-08-17 15:36:08] WARNING  | exadata_fc_space_parser | ⚠️  Flash Cache Space Usage section not found
[2026-08-17 15:37:39] WARNING  | exadata_fc_space_parser | ⚠️  Flash Cache Space Usage section not found
[2026-08-17 15:43:58] WARNING  | exadata_fc_space_parser | ⚠️  Flash Cache Space Usage section not found
[2026-08-17 15:45:32] WARNING  | exadata_fc_space_parser | ⚠️  Flash Cache Space Usage section not found
[2026-08-17 15:47:05] WARNING  | exadata_fc_space_parser | ⚠️  Flash Cache Space Usage section not found
[2026-08-17 15:48:40] WARNING  | exadata_fc_space_parser | ⚠️  Flash Cache Space Usage section not found
[2026-08-17 15:50:14] WARNING  | exadata_fc_space_parser | ⚠️  Flash Cache Space Usage section not found
[2026-08-17 15:51:50] WARNING  | exadata_fc_space_parser | ⚠️  Flash Cache Space Usage section not found
[2026-08-17 15:53:25] WARNING  | exadata_fc_space_parser | ⚠️  Flash Cache Space Usage section not found
[2026-08-17 15:54:59] WARNING  | exadata_fc_space_parser | ⚠️  Flash Cache Space Usage section not found
[2026-08-17 15:57:14] WARNING  | exadata_fc_space_parser | ⚠️  Flash Cache Space Usage section not found
[2026-08-17 16:06:53] WARNING  | exadata_fc_space_parser | ⚠️  Flash Cache Space Usage section not found
[2026-08-17 16:08:21] WARNING  | exadata_fc_space_parser | ⚠️  Flash Cache Space Usage section not found
[2026-08-17 16:09:50] WARNING  | exadata_fc_space_parser | ⚠️  Flash Cache Space Usage section not found
[2026-08-17 16:11:25] WARNING  | exadata_fc_space_parser | ⚠️  Flash Cache Space Usage section not found
[2026-08-17 16:12:54] WARNING  | exadata_fc_space_parser | ⚠️  Flash Cache Space Usage section not found
[2026-08-17 16:14:26] WARNING  | exadata_fc_space_parser | ⚠️  Flash Cache Space Usage section not found
[2026-08-17 16:15:40] WARNING  | exadata_fc_space_parser | ⚠️  Flash Cache Space Usage section not found
[2026-08-17 16:17:15] WARNING  | exadata_fc_space_parser | ⚠️  Flash Cache Space Usage section not found
[2026-08-17 16:18:48] WARNING  | exadata_fc_space_parser | ⚠️  Flash Cache Space Usage section not found
[2026-08-17 16:20:29] WARNING  | exadata_fc_space_parser | ⚠️  Flash Cache Space Usage section not found
[2026-08-17 16:21:33] INFO     | exadata_fc_space_parser | ✅ Parsed 8 FC Space rows
[2026-08-17 16:21:33] INFO     | exadata_fc_space_parser | ✅ Inserted 8 rows into awr_exadata_fc_space
[2026-08-17 16:21:47] INFO     | exadata_fc_space_parser | ✅ Parsed 8 FC Space rows
[2026-08-17 16:21:47] INFO     | exadata_fc_space_parser | ✅ Inserted 8 rows into awr_exadata_fc_space
[2026-08-17 16:21:59] INFO     | exadata_fc_space_parser | ✅ Parsed 8 FC Space rows
[2026-08-17 16:21:59] INFO     | exadata_fc_space_parser | ✅ Inserted 8 rows into awr_exadata_fc_space
[2026-08-17 16:22:01] WARNING  | exadata_fc_space_parser | ⚠️  Flash Cache Space Usage section not found
[2026-08-17 16:22:12] INFO     | exadata_fc_space_parser | ✅ Parsed 8 FC Space rows
[2026-08-17 16:22:12] INFO     | exadata_fc_space_parser | ✅ Inserted 8 rows into awr_exadata_fc_space
[2026-08-17 16:22:33] INFO     | exadata_fc_space_parser | ✅ Parsed 8 FC Space rows
[2026-08-17 16:22:33] INFO     | exadata_fc_space_parser | ✅ Inserted 8 rows into awr_exadata_fc_space
[2026-08-17 16:22:46] INFO     | exadata_fc_space_parser | ✅ Parsed 8 FC Space rows
[2026-08-17 16:22:46] INFO     | exadata_fc_space_parser | ✅ Inserted 8 rows into awr_exadata_fc_space
[2026-08-17 16:22:59] INFO     | exadata_fc_space_parser | ✅ Parsed 8 FC Space rows
[2026-08-17 16:22:59] INFO     | exadata_fc_space_parser | ✅ Inserted 8 rows into awr_exadata_fc_space
[2026-08-17 16:23:11] INFO     | exadata_fc_space_parser | ✅ Parsed 8 FC Space rows
[2026-08-17 16:23:11] INFO     | exadata_fc_space_parser | ✅ Inserted 8 rows into awr_exadata_fc_space
[2026-08-17 16:23:24] INFO     | exadata_fc_space_parser | ✅ Parsed 8 FC Space rows
[2026-08-17 16:23:24] INFO     | exadata_fc_space_parser | ✅ Inserted 8 rows into awr_exadata_fc_space
[2026-08-17 16:23:33] WARNING  | exadata_fc_space_parser | ⚠️  Flash Cache Space Usage section not found
[2026-08-17 16:23:36] INFO     | exadata_fc_space_parser | ✅ Parsed 8 FC Space rows | HIGH large_write: ['mexa1cell01', 'mexa1cell02', 'mexa1cell03', 'mexa1cell04', 'mexa1cell05', 'mexa1cell06', 'mexa1cell07', 'mexa1cell08']
[2026-08-17 16:23:37] INFO     | exadata_fc_space_parser | ✅ Inserted 8 rows into awr_exadata_fc_space
[2026-08-17 16:23:49] INFO     | exadata_fc_space_parser | ✅ Parsed 8 FC Space rows | HIGH large_write: ['mexa1cell01', 'mexa1cell02', 'mexa1cell03', 'mexa1cell04', 'mexa1cell05', 'mexa1cell06', 'mexa1cell07', 'mexa1cell08']
[2026-08-17 16:23:49] INFO     | exadata_fc_space_parser | ✅ Inserted 8 rows into awr_exadata_fc_space
[2026-08-17 16:24:02] INFO     | exadata_fc_space_parser | ✅ Parsed 8 FC Space rows
[2026-08-17 16:24:02] INFO     | exadata_fc_space_parser | ✅ Inserted 8 rows into awr_exadata_fc_space
[2026-08-17 16:24:14] INFO     | exadata_fc_space_parser | ✅ Parsed 8 FC Space rows
[2026-08-17 16:24:15] INFO     | exadata_fc_space_parser | ✅ Inserted 8 rows into awr_exadata_fc_space
[2026-08-17 16:24:27] INFO     | exadata_fc_space_parser | ✅ Parsed 8 FC Space rows
[2026-08-17 16:24:27] INFO     | exadata_fc_space_parser | ✅ Inserted 8 rows into awr_exadata_fc_space
[2026-08-17 16:24:39] INFO     | exadata_fc_space_parser | ✅ Parsed 8 FC Space rows | HIGH large_write: ['mexa1cell01', 'mexa1cell02', 'mexa1cell03', 'mexa1cell04', 'mexa1cell05', 'mexa1cell06', 'mexa1cell07', 'mexa1cell08']
[2026-08-17 16:24:39] INFO     | exadata_fc_space_parser | ✅ Inserted 8 rows into awr_exadata_fc_space
[2026-08-17 16:24:52] INFO     | exadata_fc_space_parser | ✅ Parsed 8 FC Space rows
[2026-08-17 16:24:52] INFO     | exadata_fc_space_parser | ✅ Inserted 8 rows into awr_exadata_fc_space
[2026-08-17 16:25:04] INFO     | exadata_fc_space_parser | ✅ Parsed 8 FC Space rows
[2026-08-17 16:25:04] INFO     | exadata_fc_space_parser | ✅ Inserted 8 rows into awr_exadata_fc_space
[2026-08-17 16:25:17] INFO     | exadata_fc_space_parser | ✅ Parsed 8 FC Space rows
[2026-08-17 16:25:17] INFO     | exadata_fc_space_parser | ✅ Inserted 8 rows into awr_exadata_fc_space
[2026-08-17 16:25:29] INFO     | exadata_fc_space_parser | ✅ Parsed 8 FC Space rows | HIGH large_write: ['mexa1cell01', 'mexa1cell02', 'mexa1cell03', 'mexa1cell04', 'mexa1cell05', 'mexa1cell06', 'mexa1cell07', 'mexa1cell08']
[2026-08-17 16:25:29] INFO     | exadata_fc_space_parser | ✅ Inserted 8 rows into awr_exadata_fc_space
[2026-08-17 16:25:42] INFO     | exadata_fc_space_parser | ✅ Parsed 8 FC Space rows
[2026-08-17 16:25:42] INFO     | exadata_fc_space_parser | ✅ Inserted 8 rows into awr_exadata_fc_space
[2026-08-17 16:40:29] WARNING  | exadata_fc_space_parser | ⚠️  Flash Cache Space Usage section not found
[2026-08-17 16:42:02] WARNING  | exadata_fc_space_parser | ⚠️  Flash Cache Space Usage section not found
[2026-08-17 16:43:34] WARNING  | exadata_fc_space_parser | ⚠️  Flash Cache Space Usage section not found
[2026-08-17 16:45:08] WARNING  | exadata_fc_space_parser | ⚠️  Flash Cache Space Usage section not found
[2026-08-17 16:46:39] WARNING  | exadata_fc_space_parser | ⚠️  Flash Cache Space Usage section not found
[2026-08-17 16:48:09] WARNING  | exadata_fc_space_parser | ⚠️  Flash Cache Space Usage section not found
[2026-08-17 16:49:42] WARNING  | exadata_fc_space_parser | ⚠️  Flash Cache Space Usage section not found
[2026-08-17 16:51:18] WARNING  | exadata_fc_space_parser | ⚠️  Flash Cache Space Usage section not found
[2026-08-17 16:52:49] WARNING  | exadata_fc_space_parser | ⚠️  Flash Cache Space Usage section not found
[2026-08-17 16:54:25] WARNING  | exadata_fc_space_parser | ⚠️  Flash Cache Space Usage section not found
[2026-08-17 16:55:55] WARNING  | exadata_fc_space_parser | ⚠️  Flash Cache Space Usage section not found
[2026-08-17 16:57:30] WARNING  | exadata_fc_space_parser | ⚠️  Flash Cache Space Usage section not found
[2026-08-17 16:58:59] WARNING  | exadata_fc_space_parser | ⚠️  Flash Cache Space Usage section not found
[2026-08-17 17:11:12] WARNING  | exadata_fc_space_parser | ⚠️  Flash Cache Space Usage section not found
[2026-08-17 17:12:44] WARNING  | exadata_fc_space_parser | ⚠️  Flash Cache Space Usage section not found
[2026-08-17 17:14:15] WARNING  | exadata_fc_space_parser | ⚠️  Flash Cache Space Usage section not found
[2026-08-17 17:15:49] WARNING  | exadata_fc_space_parser | ⚠️  Flash Cache Space Usage section not found
[2026-08-17 17:17:19] WARNING  | exadata_fc_space_parser | ⚠️  Flash Cache Space Usage section not found
[2026-08-17 17:18:57] WARNING  | exadata_fc_space_parser | ⚠️  Flash Cache Space Usage section not found
[2026-08-17 17:20:27] WARNING  | exadata_fc_space_parser | ⚠️  Flash Cache Space Usage section not found
[2026-08-17 17:22:01] WARNING  | exadata_fc_space_parser | ⚠️  Flash Cache Space Usage section not found
[2026-08-17 17:23:34] WARNING  | exadata_fc_space_parser | ⚠️  Flash Cache Space Usage section not found
[2026-08-17 17:25:08] WARNING  | exadata_fc_space_parser | ⚠️  Flash Cache Space Usage section not found
[2026-08-17 17:26:39] WARNING  | exadata_fc_space_parser | ⚠️  Flash Cache Space Usage section not found
[2026-08-17 17:28:12] WARNING  | exadata_fc_space_parser | ⚠️  Flash Cache Space Usage section not found
[2026-08-17 17:29:41] WARNING  | exadata_fc_space_parser | ⚠️  Flash Cache Space Usage section not found
[2026-08-17 17:31:10] WARNING  | exadata_fc_space_parser | ⚠️  Flash Cache Space Usage section not found
[2026-08-17 17:41:59] WARNING  | exadata_fc_space_parser | ⚠️  Flash Cache Space Usage section not found
[2026-08-17 17:43:34] WARNING  | exadata_fc_space_parser | ⚠️  Flash Cache Space Usage section not found
[2026-08-17 17:45:08] WARNING  | exadata_fc_space_parser | ⚠️  Flash Cache Space Usage section not found
[2026-08-17 17:46:42] WARNING  | exadata_fc_space_parser | ⚠️  Flash Cache Space Usage section not found
[2026-08-17 17:48:12] WARNING  | exadata_fc_space_parser | ⚠️  Flash Cache Space Usage section not found
[2026-08-17 17:49:42] WARNING  | exadata_fc_space_parser | ⚠️  Flash Cache Space Usage section not found
[2026-08-17 18:15:35] WARNING  | exadata_fc_space_parser | ⚠️  Flash Cache Space Usage section not found
[2026-08-18 09:35:52] WARNING  | exadata_fc_space_parser | ⚠️  Flash Cache Space Usage section not found
[2026-08-18 09:37:07] WARNING  | exadata_fc_space_parser | ⚠️  Flash Cache Space Usage section not found
[2026-08-18 09:38:46] WARNING  | exadata_fc_space_parser | ⚠️  Flash Cache Space Usage section not found
[2026-08-18 09:40:21] WARNING  | exadata_fc_space_parser | ⚠️  Flash Cache Space Usage section not found
[2026-08-18 09:41:58] WARNING  | exadata_fc_space_parser | ⚠️  Flash Cache Space Usage section not found
[2026-08-18 09:43:22] WARNING  | exadata_fc_space_parser | ⚠️  Flash Cache Space Usage section not found
[2026-08-18 09:44:43] WARNING  | exadata_fc_space_parser | ⚠️  Flash Cache Space Usage section not found
[2026-08-18 09:46:09] WARNING  | exadata_fc_space_parser | ⚠️  Flash Cache Space Usage section not found
[2026-08-18 09:47:47] WARNING  | exadata_fc_space_parser | ⚠️  Flash Cache Space Usage section not found
[2026-08-18 09:49:16] WARNING  | exadata_fc_space_parser | ⚠️  Flash Cache Space Usage section not found
[2026-08-18 09:50:43] WARNING  | exadata_fc_space_parser | ⚠️  Flash Cache Space Usage section not found
[2026-08-18 09:52:11] WARNING  | exadata_fc_space_parser | ⚠️  Flash Cache Space Usage section not found
[2026-08-18 09:53:51] WARNING  | exadata_fc_space_parser | ⚠️  Flash Cache Space Usage section not found
[2026-08-18 09:55:35] WARNING  | exadata_fc_space_parser | ⚠️  Flash Cache Space Usage section not found
[2026-08-18 09:57:26] WARNING  | exadata_fc_space_parser | ⚠️  Flash Cache Space Usage section not found
[2026-08-18 09:59:09] WARNING  | exadata_fc_space_parser | ⚠️  Flash Cache Space Usage section not found
[2026-08-18 10:00:40] WARNING  | exadata_fc_space_parser | ⚠️  Flash Cache Space Usage section not found
[2026-08-18 10:02:14] WARNING  | exadata_fc_space_parser | ⚠️  Flash Cache Space Usage section not found
[2026-08-18 10:03:39] WARNING  | exadata_fc_space_parser | ⚠️  Flash Cache Space Usage section not found
[2026-08-18 10:05:06] WARNING  | exadata_fc_space_parser | ⚠️  Flash Cache Space Usage section not found
[2026-08-18 10:06:58] WARNING  | exadata_fc_space_parser | ⚠️  Flash Cache Space Usage section not found
[2026-08-18 10:08:42] WARNING  | exadata_fc_space_parser | ⚠️  Flash Cache Space Usage section not found
[2026-08-18 10:10:08] WARNING  | exadata_fc_space_parser | ⚠️  Flash Cache Space Usage section not found
[2026-08-18 10:11:38] WARNING  | exadata_fc_space_parser | ⚠️  Flash Cache Space Usage section not found
[2026-08-18 10:31:11] WARNING  | exadata_fc_space_parser | ⚠️  Flash Cache Space Usage section not found
[2026-08-18 11:01:17] WARNING  | exadata_fc_space_parser | ⚠️  Flash Cache Space Usage section not found
[2026-08-18 11:02:59] WARNING  | exadata_fc_space_parser | ⚠️  Flash Cache Space Usage section not found
[2026-08-18 11:31:14] WARNING  | exadata_fc_space_parser | ⚠️  Flash Cache Space Usage section not found
[2026-08-18 11:32:44] WARNING  | exadata_fc_space_parser | ⚠️  Flash Cache Space Usage section not found
[2026-08-18 11:34:12] WARNING  | exadata_fc_space_parser | ⚠️  Flash Cache Space Usage section not found
[2026-08-18 12:02:43] WARNING  | exadata_fc_space_parser | ⚠️  Flash Cache Space Usage section not found
[2026-08-18 12:04:17] WARNING  | exadata_fc_space_parser | ⚠️  Flash Cache Space Usage section not found
[2026-08-18 12:05:47] WARNING  | exadata_fc_space_parser | ⚠️  Flash Cache Space Usage section not found
[2026-08-18 12:07:17] WARNING  | exadata_fc_space_parser | ⚠️  Flash Cache Space Usage section not found
[2026-08-18 12:32:57] WARNING  | exadata_fc_space_parser | ⚠️  Flash Cache Space Usage section not found
[2026-08-18 12:34:31] WARNING  | exadata_fc_space_parser | ⚠️  Flash Cache Space Usage section not found
[2026-08-18 12:36:06] WARNING  | exadata_fc_space_parser | ⚠️  Flash Cache Space Usage section not found
[2026-08-18 12:37:39] WARNING  | exadata_fc_space_parser | ⚠️  Flash Cache Space Usage section not found
[2026-08-18 12:39:13] WARNING  | exadata_fc_space_parser | ⚠️  Flash Cache Space Usage section not found
[2026-08-18 13:05:31] WARNING  | exadata_fc_space_parser | ⚠️  Flash Cache Space Usage section not found
[2026-08-18 13:07:01] WARNING  | exadata_fc_space_parser | ⚠️  Flash Cache Space Usage section not found
[2026-08-18 13:08:34] WARNING  | exadata_fc_space_parser | ⚠️  Flash Cache Space Usage section not found
[2026-08-18 13:10:05] WARNING  | exadata_fc_space_parser | ⚠️  Flash Cache Space Usage section not found
[2026-08-18 13:11:39] WARNING  | exadata_fc_space_parser | ⚠️  Flash Cache Space Usage section not found
[2026-08-18 13:13:13] WARNING  | exadata_fc_space_parser | ⚠️  Flash Cache Space Usage section not found
[2026-08-18 13:54:38] WARNING  | exadata_fc_space_parser | ⚠️  Flash Cache Space Usage section not found
[2026-08-18 13:56:14] WARNING  | exadata_fc_space_parser | ⚠️  Flash Cache Space Usage section not found
[2026-08-18 13:57:48] WARNING  | exadata_fc_space_parser | ⚠️  Flash Cache Space Usage section not found
[2026-08-18 13:59:17] WARNING  | exadata_fc_space_parser | ⚠️  Flash Cache Space Usage section not found
[2026-08-18 14:10:13] WARNING  | exadata_fc_space_parser | ⚠️  Flash Cache Space Usage section not found
[2026-08-18 14:11:48] WARNING  | exadata_fc_space_parser | ⚠️  Flash Cache Space Usage section not found
[2026-08-18 14:13:18] WARNING  | exadata_fc_space_parser | ⚠️  Flash Cache Space Usage section not found
