[2026-08-17 11:57:35] INFO     | exadata_asm_diskgroups_parser | ✅ Parsed 2 ASM Diskgroup rows
[2026-08-17 11:57:35] ERROR    | exadata_asm_diskgroups_parser | ❌ ASM Diskgroups insert failed: null value in column "dbname" violates not-null constraint
DETAIL:  Failing row contains (1, null, null, null, DATAC1, 129024.00, 97284.10, 75.40, 96, HIGH, CONNECTED, 040fa319806af10c39cfdc6c6d75b1b4, 2026-08-17 11:57:35.852372).
Traceback (most recent call last):
  File "C:\AWR_Insight_Portal_v2\modules\awr\exadata_asm_diskgroups_parser.py", line 86, in insert_asm_diskgroups
    cur.execute(sql,(r["dbname"],r["begin_snap"],r["snap_time"],r["disk_group"],
    ~~~~~~~~~~~^^^^^^^^^^^^^^^^^^^^^^^^^^^^^^^^^^^^^^^^^^^^^^^^^^^^^^^^^^^^^^^^^
        r["size_gb"],r["used_gb"],r["pct_used"],r["n_griddisks"],
        ^^^^^^^^^^^^^^^^^^^^^^^^^^^^^^^^^^^^^^^^^^^^^^^^^^^^^^^^^
        r["redundancy"],r["state"],r["row_hash"]))
        ^^^^^^^^^^^^^^^^^^^^^^^^^^^^^^^^^^^^^^^^^^
psycopg2.errors.NotNullViolation: null value in column "dbname" violates not-null constraint
DETAIL:  Failing row contains (1, null, null, null, DATAC1, 129024.00, 97284.10, 75.40, 96, HIGH, CONNECTED, 040fa319806af10c39cfdc6c6d75b1b4, 2026-08-17 11:57:35.852372).

[2026-08-17 11:57:47] INFO     | exadata_asm_diskgroups_parser | ✅ Parsed 2 ASM Diskgroup rows
[2026-08-17 11:57:47] ERROR    | exadata_asm_diskgroups_parser | ❌ ASM Diskgroups insert failed: null value in column "dbname" violates not-null constraint
DETAIL:  Failing row contains (2, null, null, null, DATAC1, 129024.00, 97284.10, 75.40, 96, HIGH, CONNECTED, 040fa319806af10c39cfdc6c6d75b1b4, 2026-08-17 11:57:47.620013).
Traceback (most recent call last):
  File "C:\AWR_Insight_Portal_v2\modules\awr\exadata_asm_diskgroups_parser.py", line 86, in insert_asm_diskgroups
    cur.execute(sql,(r["dbname"],r["begin_snap"],r["snap_time"],r["disk_group"],
    ~~~~~~~~~~~^^^^^^^^^^^^^^^^^^^^^^^^^^^^^^^^^^^^^^^^^^^^^^^^^^^^^^^^^^^^^^^^^
        r["size_gb"],r["used_gb"],r["pct_used"],r["n_griddisks"],
        ^^^^^^^^^^^^^^^^^^^^^^^^^^^^^^^^^^^^^^^^^^^^^^^^^^^^^^^^^
        r["redundancy"],r["state"],r["row_hash"]))
        ^^^^^^^^^^^^^^^^^^^^^^^^^^^^^^^^^^^^^^^^^^
psycopg2.errors.NotNullViolation: null value in column "dbname" violates not-null constraint
DETAIL:  Failing row contains (2, null, null, null, DATAC1, 129024.00, 97284.10, 75.40, 96, HIGH, CONNECTED, 040fa319806af10c39cfdc6c6d75b1b4, 2026-08-17 11:57:47.620013).

[2026-08-17 11:57:59] INFO     | exadata_asm_diskgroups_parser | ✅ Parsed 2 ASM Diskgroup rows
[2026-08-17 11:57:59] ERROR    | exadata_asm_diskgroups_parser | ❌ ASM Diskgroups insert failed: null value in column "dbname" violates not-null constraint
DETAIL:  Failing row contains (3, null, null, null, DATAC1, 129024.00, 97284.10, 75.40, 96, HIGH, CONNECTED, 040fa319806af10c39cfdc6c6d75b1b4, 2026-08-17 11:57:59.305047).
Traceback (most recent call last):
  File "C:\AWR_Insight_Portal_v2\modules\awr\exadata_asm_diskgroups_parser.py", line 86, in insert_asm_diskgroups
    cur.execute(sql,(r["dbname"],r["begin_snap"],r["snap_time"],r["disk_group"],
    ~~~~~~~~~~~^^^^^^^^^^^^^^^^^^^^^^^^^^^^^^^^^^^^^^^^^^^^^^^^^^^^^^^^^^^^^^^^^
        r["size_gb"],r["used_gb"],r["pct_used"],r["n_griddisks"],
        ^^^^^^^^^^^^^^^^^^^^^^^^^^^^^^^^^^^^^^^^^^^^^^^^^^^^^^^^^
        r["redundancy"],r["state"],r["row_hash"]))
        ^^^^^^^^^^^^^^^^^^^^^^^^^^^^^^^^^^^^^^^^^^
psycopg2.errors.NotNullViolation: null value in column "dbname" violates not-null constraint
DETAIL:  Failing row contains (3, null, null, null, DATAC1, 129024.00, 97284.10, 75.40, 96, HIGH, CONNECTED, 040fa319806af10c39cfdc6c6d75b1b4, 2026-08-17 11:57:59.305047).

[2026-08-17 11:58:10] INFO     | exadata_asm_diskgroups_parser | ✅ Parsed 2 ASM Diskgroup rows
[2026-08-17 11:58:10] ERROR    | exadata_asm_diskgroups_parser | ❌ ASM Diskgroups insert failed: null value in column "dbname" violates not-null constraint
DETAIL:  Failing row contains (4, null, null, null, DATAC1, 129024.00, 97284.10, 75.40, 96, HIGH, CONNECTED, 040fa319806af10c39cfdc6c6d75b1b4, 2026-08-17 11:58:10.770399).
Traceback (most recent call last):
  File "C:\AWR_Insight_Portal_v2\modules\awr\exadata_asm_diskgroups_parser.py", line 86, in insert_asm_diskgroups
    cur.execute(sql,(r["dbname"],r["begin_snap"],r["snap_time"],r["disk_group"],
    ~~~~~~~~~~~^^^^^^^^^^^^^^^^^^^^^^^^^^^^^^^^^^^^^^^^^^^^^^^^^^^^^^^^^^^^^^^^^
        r["size_gb"],r["used_gb"],r["pct_used"],r["n_griddisks"],
        ^^^^^^^^^^^^^^^^^^^^^^^^^^^^^^^^^^^^^^^^^^^^^^^^^^^^^^^^^
        r["redundancy"],r["state"],r["row_hash"]))
        ^^^^^^^^^^^^^^^^^^^^^^^^^^^^^^^^^^^^^^^^^^
psycopg2.errors.NotNullViolation: null value in column "dbname" violates not-null constraint
DETAIL:  Failing row contains (4, null, null, null, DATAC1, 129024.00, 97284.10, 75.40, 96, HIGH, CONNECTED, 040fa319806af10c39cfdc6c6d75b1b4, 2026-08-17 11:58:10.770399).

[2026-08-17 11:58:21] INFO     | exadata_asm_diskgroups_parser | ✅ Parsed 2 ASM Diskgroup rows
[2026-08-17 11:58:22] ERROR    | exadata_asm_diskgroups_parser | ❌ ASM Diskgroups insert failed: null value in column "dbname" violates not-null constraint
DETAIL:  Failing row contains (5, null, null, null, DATAC1, 129024.00, 97284.10, 75.40, 96, HIGH, CONNECTED, 040fa319806af10c39cfdc6c6d75b1b4, 2026-08-17 11:58:22.055408).
Traceback (most recent call last):
  File "C:\AWR_Insight_Portal_v2\modules\awr\exadata_asm_diskgroups_parser.py", line 86, in insert_asm_diskgroups
    cur.execute(sql,(r["dbname"],r["begin_snap"],r["snap_time"],r["disk_group"],
    ~~~~~~~~~~~^^^^^^^^^^^^^^^^^^^^^^^^^^^^^^^^^^^^^^^^^^^^^^^^^^^^^^^^^^^^^^^^^
        r["size_gb"],r["used_gb"],r["pct_used"],r["n_griddisks"],
        ^^^^^^^^^^^^^^^^^^^^^^^^^^^^^^^^^^^^^^^^^^^^^^^^^^^^^^^^^
        r["redundancy"],r["state"],r["row_hash"]))
        ^^^^^^^^^^^^^^^^^^^^^^^^^^^^^^^^^^^^^^^^^^
psycopg2.errors.NotNullViolation: null value in column "dbname" violates not-null constraint
DETAIL:  Failing row contains (5, null, null, null, DATAC1, 129024.00, 97284.10, 75.40, 96, HIGH, CONNECTED, 040fa319806af10c39cfdc6c6d75b1b4, 2026-08-17 11:58:22.055408).

[2026-08-17 11:58:32] INFO     | exadata_asm_diskgroups_parser | ✅ Parsed 2 ASM Diskgroup rows
[2026-08-17 11:58:32] ERROR    | exadata_asm_diskgroups_parser | ❌ ASM Diskgroups insert failed: null value in column "dbname" violates not-null constraint
DETAIL:  Failing row contains (6, null, null, null, DATAC1, 129024.00, 97284.10, 75.40, 96, HIGH, CONNECTED, 040fa319806af10c39cfdc6c6d75b1b4, 2026-08-17 11:58:32.932234).
Traceback (most recent call last):
  File "C:\AWR_Insight_Portal_v2\modules\awr\exadata_asm_diskgroups_parser.py", line 86, in insert_asm_diskgroups
    cur.execute(sql,(r["dbname"],r["begin_snap"],r["snap_time"],r["disk_group"],
    ~~~~~~~~~~~^^^^^^^^^^^^^^^^^^^^^^^^^^^^^^^^^^^^^^^^^^^^^^^^^^^^^^^^^^^^^^^^^
        r["size_gb"],r["used_gb"],r["pct_used"],r["n_griddisks"],
        ^^^^^^^^^^^^^^^^^^^^^^^^^^^^^^^^^^^^^^^^^^^^^^^^^^^^^^^^^
        r["redundancy"],r["state"],r["row_hash"]))
        ^^^^^^^^^^^^^^^^^^^^^^^^^^^^^^^^^^^^^^^^^^
psycopg2.errors.NotNullViolation: null value in column "dbname" violates not-null constraint
DETAIL:  Failing row contains (6, null, null, null, DATAC1, 129024.00, 97284.10, 75.40, 96, HIGH, CONNECTED, 040fa319806af10c39cfdc6c6d75b1b4, 2026-08-17 11:58:32.932234).

[2026-08-17 11:58:43] INFO     | exadata_asm_diskgroups_parser | ✅ Parsed 2 ASM Diskgroup rows
[2026-08-17 11:58:44] ERROR    | exadata_asm_diskgroups_parser | ❌ ASM Diskgroups insert failed: null value in column "dbname" violates not-null constraint
DETAIL:  Failing row contains (7, null, null, null, DATAC1, 129024.00, 97284.10, 75.40, 96, HIGH, CONNECTED, 040fa319806af10c39cfdc6c6d75b1b4, 2026-08-17 11:58:44.079837).
Traceback (most recent call last):
  File "C:\AWR_Insight_Portal_v2\modules\awr\exadata_asm_diskgroups_parser.py", line 86, in insert_asm_diskgroups
    cur.execute(sql,(r["dbname"],r["begin_snap"],r["snap_time"],r["disk_group"],
    ~~~~~~~~~~~^^^^^^^^^^^^^^^^^^^^^^^^^^^^^^^^^^^^^^^^^^^^^^^^^^^^^^^^^^^^^^^^^
        r["size_gb"],r["used_gb"],r["pct_used"],r["n_griddisks"],
        ^^^^^^^^^^^^^^^^^^^^^^^^^^^^^^^^^^^^^^^^^^^^^^^^^^^^^^^^^
        r["redundancy"],r["state"],r["row_hash"]))
        ^^^^^^^^^^^^^^^^^^^^^^^^^^^^^^^^^^^^^^^^^^
psycopg2.errors.NotNullViolation: null value in column "dbname" violates not-null constraint
DETAIL:  Failing row contains (7, null, null, null, DATAC1, 129024.00, 97284.10, 75.40, 96, HIGH, CONNECTED, 040fa319806af10c39cfdc6c6d75b1b4, 2026-08-17 11:58:44.079837).

[2026-08-17 11:58:55] INFO     | exadata_asm_diskgroups_parser | ✅ Parsed 2 ASM Diskgroup rows
[2026-08-17 11:58:56] ERROR    | exadata_asm_diskgroups_parser | ❌ ASM Diskgroups insert failed: null value in column "dbname" violates not-null constraint
DETAIL:  Failing row contains (8, null, null, null, DATAC1, 129024.00, 97284.10, 75.40, 96, HIGH, CONNECTED, 040fa319806af10c39cfdc6c6d75b1b4, 2026-08-17 11:58:56.086814).
Traceback (most recent call last):
  File "C:\AWR_Insight_Portal_v2\modules\awr\exadata_asm_diskgroups_parser.py", line 86, in insert_asm_diskgroups
    cur.execute(sql,(r["dbname"],r["begin_snap"],r["snap_time"],r["disk_group"],
    ~~~~~~~~~~~^^^^^^^^^^^^^^^^^^^^^^^^^^^^^^^^^^^^^^^^^^^^^^^^^^^^^^^^^^^^^^^^^
        r["size_gb"],r["used_gb"],r["pct_used"],r["n_griddisks"],
        ^^^^^^^^^^^^^^^^^^^^^^^^^^^^^^^^^^^^^^^^^^^^^^^^^^^^^^^^^
        r["redundancy"],r["state"],r["row_hash"]))
        ^^^^^^^^^^^^^^^^^^^^^^^^^^^^^^^^^^^^^^^^^^
psycopg2.errors.NotNullViolation: null value in column "dbname" violates not-null constraint
DETAIL:  Failing row contains (8, null, null, null, DATAC1, 129024.00, 97284.10, 75.40, 96, HIGH, CONNECTED, 040fa319806af10c39cfdc6c6d75b1b4, 2026-08-17 11:58:56.086814).

[2026-08-17 11:59:08] INFO     | exadata_asm_diskgroups_parser | ✅ Parsed 2 ASM Diskgroup rows
[2026-08-17 11:59:08] ERROR    | exadata_asm_diskgroups_parser | ❌ ASM Diskgroups insert failed: null value in column "dbname" violates not-null constraint
DETAIL:  Failing row contains (9, null, null, null, DATAC1, 129024.00, 97284.10, 75.40, 96, HIGH, CONNECTED, 040fa319806af10c39cfdc6c6d75b1b4, 2026-08-17 11:59:08.482898).
Traceback (most recent call last):
  File "C:\AWR_Insight_Portal_v2\modules\awr\exadata_asm_diskgroups_parser.py", line 86, in insert_asm_diskgroups
    cur.execute(sql,(r["dbname"],r["begin_snap"],r["snap_time"],r["disk_group"],
    ~~~~~~~~~~~^^^^^^^^^^^^^^^^^^^^^^^^^^^^^^^^^^^^^^^^^^^^^^^^^^^^^^^^^^^^^^^^^
        r["size_gb"],r["used_gb"],r["pct_used"],r["n_griddisks"],
        ^^^^^^^^^^^^^^^^^^^^^^^^^^^^^^^^^^^^^^^^^^^^^^^^^^^^^^^^^
        r["redundancy"],r["state"],r["row_hash"]))
        ^^^^^^^^^^^^^^^^^^^^^^^^^^^^^^^^^^^^^^^^^^
psycopg2.errors.NotNullViolation: null value in column "dbname" violates not-null constraint
DETAIL:  Failing row contains (9, null, null, null, DATAC1, 129024.00, 97284.10, 75.40, 96, HIGH, CONNECTED, 040fa319806af10c39cfdc6c6d75b1b4, 2026-08-17 11:59:08.482898).

[2026-08-17 11:59:20] INFO     | exadata_asm_diskgroups_parser | ✅ Parsed 2 ASM Diskgroup rows
[2026-08-17 11:59:20] ERROR    | exadata_asm_diskgroups_parser | ❌ ASM Diskgroups insert failed: null value in column "dbname" violates not-null constraint
DETAIL:  Failing row contains (10, null, null, null, DATAC1, 129024.00, 97284.10, 75.40, 96, HIGH, CONNECTED, 040fa319806af10c39cfdc6c6d75b1b4, 2026-08-17 11:59:20.189122).
Traceback (most recent call last):
  File "C:\AWR_Insight_Portal_v2\modules\awr\exadata_asm_diskgroups_parser.py", line 86, in insert_asm_diskgroups
    cur.execute(sql,(r["dbname"],r["begin_snap"],r["snap_time"],r["disk_group"],
    ~~~~~~~~~~~^^^^^^^^^^^^^^^^^^^^^^^^^^^^^^^^^^^^^^^^^^^^^^^^^^^^^^^^^^^^^^^^^
        r["size_gb"],r["used_gb"],r["pct_used"],r["n_griddisks"],
        ^^^^^^^^^^^^^^^^^^^^^^^^^^^^^^^^^^^^^^^^^^^^^^^^^^^^^^^^^
        r["redundancy"],r["state"],r["row_hash"]))
        ^^^^^^^^^^^^^^^^^^^^^^^^^^^^^^^^^^^^^^^^^^
psycopg2.errors.NotNullViolation: null value in column "dbname" violates not-null constraint
DETAIL:  Failing row contains (10, null, null, null, DATAC1, 129024.00, 97284.10, 75.40, 96, HIGH, CONNECTED, 040fa319806af10c39cfdc6c6d75b1b4, 2026-08-17 11:59:20.189122).

[2026-08-17 11:59:31] INFO     | exadata_asm_diskgroups_parser | ✅ Parsed 2 ASM Diskgroup rows
[2026-08-17 11:59:31] ERROR    | exadata_asm_diskgroups_parser | ❌ ASM Diskgroups insert failed: null value in column "dbname" violates not-null constraint
DETAIL:  Failing row contains (11, null, null, null, DATAC1, 129024.00, 97284.10, 75.40, 96, HIGH, CONNECTED, 040fa319806af10c39cfdc6c6d75b1b4, 2026-08-17 11:59:31.344947).
Traceback (most recent call last):
  File "C:\AWR_Insight_Portal_v2\modules\awr\exadata_asm_diskgroups_parser.py", line 86, in insert_asm_diskgroups
    cur.execute(sql,(r["dbname"],r["begin_snap"],r["snap_time"],r["disk_group"],
    ~~~~~~~~~~~^^^^^^^^^^^^^^^^^^^^^^^^^^^^^^^^^^^^^^^^^^^^^^^^^^^^^^^^^^^^^^^^^
        r["size_gb"],r["used_gb"],r["pct_used"],r["n_griddisks"],
        ^^^^^^^^^^^^^^^^^^^^^^^^^^^^^^^^^^^^^^^^^^^^^^^^^^^^^^^^^
        r["redundancy"],r["state"],r["row_hash"]))
        ^^^^^^^^^^^^^^^^^^^^^^^^^^^^^^^^^^^^^^^^^^
psycopg2.errors.NotNullViolation: null value in column "dbname" violates not-null constraint
DETAIL:  Failing row contains (11, null, null, null, DATAC1, 129024.00, 97284.10, 75.40, 96, HIGH, CONNECTED, 040fa319806af10c39cfdc6c6d75b1b4, 2026-08-17 11:59:31.344947).

[2026-08-17 11:59:42] INFO     | exadata_asm_diskgroups_parser | ✅ Parsed 2 ASM Diskgroup rows
[2026-08-17 11:59:42] ERROR    | exadata_asm_diskgroups_parser | ❌ ASM Diskgroups insert failed: null value in column "dbname" violates not-null constraint
DETAIL:  Failing row contains (12, null, null, null, DATAC1, 129024.00, 97284.10, 75.40, 96, HIGH, CONNECTED, 040fa319806af10c39cfdc6c6d75b1b4, 2026-08-17 11:59:42.570049).
Traceback (most recent call last):
  File "C:\AWR_Insight_Portal_v2\modules\awr\exadata_asm_diskgroups_parser.py", line 86, in insert_asm_diskgroups
    cur.execute(sql,(r["dbname"],r["begin_snap"],r["snap_time"],r["disk_group"],
    ~~~~~~~~~~~^^^^^^^^^^^^^^^^^^^^^^^^^^^^^^^^^^^^^^^^^^^^^^^^^^^^^^^^^^^^^^^^^
        r["size_gb"],r["used_gb"],r["pct_used"],r["n_griddisks"],
        ^^^^^^^^^^^^^^^^^^^^^^^^^^^^^^^^^^^^^^^^^^^^^^^^^^^^^^^^^
        r["redundancy"],r["state"],r["row_hash"]))
        ^^^^^^^^^^^^^^^^^^^^^^^^^^^^^^^^^^^^^^^^^^
psycopg2.errors.NotNullViolation: null value in column "dbname" violates not-null constraint
DETAIL:  Failing row contains (12, null, null, null, DATAC1, 129024.00, 97284.10, 75.40, 96, HIGH, CONNECTED, 040fa319806af10c39cfdc6c6d75b1b4, 2026-08-17 11:59:42.570049).

[2026-08-17 11:59:53] INFO     | exadata_asm_diskgroups_parser | ✅ Parsed 2 ASM Diskgroup rows
[2026-08-17 11:59:53] ERROR    | exadata_asm_diskgroups_parser | ❌ ASM Diskgroups insert failed: null value in column "dbname" violates not-null constraint
DETAIL:  Failing row contains (13, null, null, null, DATAC1, 129024.00, 97284.10, 75.40, 96, HIGH, CONNECTED, 040fa319806af10c39cfdc6c6d75b1b4, 2026-08-17 11:59:53.715058).
Traceback (most recent call last):
  File "C:\AWR_Insight_Portal_v2\modules\awr\exadata_asm_diskgroups_parser.py", line 86, in insert_asm_diskgroups
    cur.execute(sql,(r["dbname"],r["begin_snap"],r["snap_time"],r["disk_group"],
    ~~~~~~~~~~~^^^^^^^^^^^^^^^^^^^^^^^^^^^^^^^^^^^^^^^^^^^^^^^^^^^^^^^^^^^^^^^^^
        r["size_gb"],r["used_gb"],r["pct_used"],r["n_griddisks"],
        ^^^^^^^^^^^^^^^^^^^^^^^^^^^^^^^^^^^^^^^^^^^^^^^^^^^^^^^^^
        r["redundancy"],r["state"],r["row_hash"]))
        ^^^^^^^^^^^^^^^^^^^^^^^^^^^^^^^^^^^^^^^^^^
psycopg2.errors.NotNullViolation: null value in column "dbname" violates not-null constraint
DETAIL:  Failing row contains (13, null, null, null, DATAC1, 129024.00, 97284.10, 75.40, 96, HIGH, CONNECTED, 040fa319806af10c39cfdc6c6d75b1b4, 2026-08-17 11:59:53.715058).

[2026-08-17 12:00:04] INFO     | exadata_asm_diskgroups_parser | ✅ Parsed 2 ASM Diskgroup rows
[2026-08-17 12:00:04] ERROR    | exadata_asm_diskgroups_parser | ❌ ASM Diskgroups insert failed: null value in column "dbname" violates not-null constraint
DETAIL:  Failing row contains (14, null, null, null, DATAC1, 129024.00, 97284.10, 75.40, 96, HIGH, CONNECTED, 040fa319806af10c39cfdc6c6d75b1b4, 2026-08-17 12:00:04.936874).
Traceback (most recent call last):
  File "C:\AWR_Insight_Portal_v2\modules\awr\exadata_asm_diskgroups_parser.py", line 86, in insert_asm_diskgroups
    cur.execute(sql,(r["dbname"],r["begin_snap"],r["snap_time"],r["disk_group"],
    ~~~~~~~~~~~^^^^^^^^^^^^^^^^^^^^^^^^^^^^^^^^^^^^^^^^^^^^^^^^^^^^^^^^^^^^^^^^^
        r["size_gb"],r["used_gb"],r["pct_used"],r["n_griddisks"],
        ^^^^^^^^^^^^^^^^^^^^^^^^^^^^^^^^^^^^^^^^^^^^^^^^^^^^^^^^^
        r["redundancy"],r["state"],r["row_hash"]))
        ^^^^^^^^^^^^^^^^^^^^^^^^^^^^^^^^^^^^^^^^^^
psycopg2.errors.NotNullViolation: null value in column "dbname" violates not-null constraint
DETAIL:  Failing row contains (14, null, null, null, DATAC1, 129024.00, 97284.10, 75.40, 96, HIGH, CONNECTED, 040fa319806af10c39cfdc6c6d75b1b4, 2026-08-17 12:00:04.936874).

[2026-08-17 12:00:16] INFO     | exadata_asm_diskgroups_parser | ✅ Parsed 2 ASM Diskgroup rows
[2026-08-17 12:00:17] ERROR    | exadata_asm_diskgroups_parser | ❌ ASM Diskgroups insert failed: null value in column "dbname" violates not-null constraint
DETAIL:  Failing row contains (15, null, null, null, DATAC1, 129024.00, 97284.10, 75.40, 96, HIGH, CONNECTED, 040fa319806af10c39cfdc6c6d75b1b4, 2026-08-17 12:00:17.090639).
Traceback (most recent call last):
  File "C:\AWR_Insight_Portal_v2\modules\awr\exadata_asm_diskgroups_parser.py", line 86, in insert_asm_diskgroups
    cur.execute(sql,(r["dbname"],r["begin_snap"],r["snap_time"],r["disk_group"],
    ~~~~~~~~~~~^^^^^^^^^^^^^^^^^^^^^^^^^^^^^^^^^^^^^^^^^^^^^^^^^^^^^^^^^^^^^^^^^
        r["size_gb"],r["used_gb"],r["pct_used"],r["n_griddisks"],
        ^^^^^^^^^^^^^^^^^^^^^^^^^^^^^^^^^^^^^^^^^^^^^^^^^^^^^^^^^
        r["redundancy"],r["state"],r["row_hash"]))
        ^^^^^^^^^^^^^^^^^^^^^^^^^^^^^^^^^^^^^^^^^^
psycopg2.errors.NotNullViolation: null value in column "dbname" violates not-null constraint
DETAIL:  Failing row contains (15, null, null, null, DATAC1, 129024.00, 97284.10, 75.40, 96, HIGH, CONNECTED, 040fa319806af10c39cfdc6c6d75b1b4, 2026-08-17 12:00:17.090639).

[2026-08-17 12:00:29] INFO     | exadata_asm_diskgroups_parser | ✅ Parsed 2 ASM Diskgroup rows
[2026-08-17 12:00:29] ERROR    | exadata_asm_diskgroups_parser | ❌ ASM Diskgroups insert failed: null value in column "dbname" violates not-null constraint
DETAIL:  Failing row contains (16, null, null, null, DATAC1, 129024.00, 97284.10, 75.40, 96, HIGH, CONNECTED, 040fa319806af10c39cfdc6c6d75b1b4, 2026-08-17 12:00:29.418716).
Traceback (most recent call last):
  File "C:\AWR_Insight_Portal_v2\modules\awr\exadata_asm_diskgroups_parser.py", line 86, in insert_asm_diskgroups
    cur.execute(sql,(r["dbname"],r["begin_snap"],r["snap_time"],r["disk_group"],
    ~~~~~~~~~~~^^^^^^^^^^^^^^^^^^^^^^^^^^^^^^^^^^^^^^^^^^^^^^^^^^^^^^^^^^^^^^^^^
        r["size_gb"],r["used_gb"],r["pct_used"],r["n_griddisks"],
        ^^^^^^^^^^^^^^^^^^^^^^^^^^^^^^^^^^^^^^^^^^^^^^^^^^^^^^^^^
        r["redundancy"],r["state"],r["row_hash"]))
        ^^^^^^^^^^^^^^^^^^^^^^^^^^^^^^^^^^^^^^^^^^
psycopg2.errors.NotNullViolation: null value in column "dbname" violates not-null constraint
DETAIL:  Failing row contains (16, null, null, null, DATAC1, 129024.00, 97284.10, 75.40, 96, HIGH, CONNECTED, 040fa319806af10c39cfdc6c6d75b1b4, 2026-08-17 12:00:29.418716).

[2026-08-17 12:00:41] INFO     | exadata_asm_diskgroups_parser | ✅ Parsed 2 ASM Diskgroup rows
[2026-08-17 12:00:41] ERROR    | exadata_asm_diskgroups_parser | ❌ ASM Diskgroups insert failed: null value in column "dbname" violates not-null constraint
DETAIL:  Failing row contains (17, null, null, null, DATAC1, 129024.00, 125411.33, 97.20, 96, HIGH, CONNECTED, 040fa319806af10c39cfdc6c6d75b1b4, 2026-08-17 12:00:41.570973).
Traceback (most recent call last):
  File "C:\AWR_Insight_Portal_v2\modules\awr\exadata_asm_diskgroups_parser.py", line 86, in insert_asm_diskgroups
    cur.execute(sql,(r["dbname"],r["begin_snap"],r["snap_time"],r["disk_group"],
    ~~~~~~~~~~~^^^^^^^^^^^^^^^^^^^^^^^^^^^^^^^^^^^^^^^^^^^^^^^^^^^^^^^^^^^^^^^^^
        r["size_gb"],r["used_gb"],r["pct_used"],r["n_griddisks"],
        ^^^^^^^^^^^^^^^^^^^^^^^^^^^^^^^^^^^^^^^^^^^^^^^^^^^^^^^^^
        r["redundancy"],r["state"],r["row_hash"]))
        ^^^^^^^^^^^^^^^^^^^^^^^^^^^^^^^^^^^^^^^^^^
psycopg2.errors.NotNullViolation: null value in column "dbname" violates not-null constraint
DETAIL:  Failing row contains (17, null, null, null, DATAC1, 129024.00, 125411.33, 97.20, 96, HIGH, CONNECTED, 040fa319806af10c39cfdc6c6d75b1b4, 2026-08-17 12:00:41.570973).

[2026-08-17 12:00:53] INFO     | exadata_asm_diskgroups_parser | ✅ Parsed 2 ASM Diskgroup rows
[2026-08-17 12:00:53] ERROR    | exadata_asm_diskgroups_parser | ❌ ASM Diskgroups insert failed: null value in column "dbname" violates not-null constraint
DETAIL:  Failing row contains (18, null, null, null, DATAC1, 129024.00, 97284.10, 75.40, 96, HIGH, CONNECTED, 040fa319806af10c39cfdc6c6d75b1b4, 2026-08-17 12:00:53.42174).
Traceback (most recent call last):
  File "C:\AWR_Insight_Portal_v2\modules\awr\exadata_asm_diskgroups_parser.py", line 86, in insert_asm_diskgroups
    cur.execute(sql,(r["dbname"],r["begin_snap"],r["snap_time"],r["disk_group"],
    ~~~~~~~~~~~^^^^^^^^^^^^^^^^^^^^^^^^^^^^^^^^^^^^^^^^^^^^^^^^^^^^^^^^^^^^^^^^^
        r["size_gb"],r["used_gb"],r["pct_used"],r["n_griddisks"],
        ^^^^^^^^^^^^^^^^^^^^^^^^^^^^^^^^^^^^^^^^^^^^^^^^^^^^^^^^^
        r["redundancy"],r["state"],r["row_hash"]))
        ^^^^^^^^^^^^^^^^^^^^^^^^^^^^^^^^^^^^^^^^^^
psycopg2.errors.NotNullViolation: null value in column "dbname" violates not-null constraint
DETAIL:  Failing row contains (18, null, null, null, DATAC1, 129024.00, 97284.10, 75.40, 96, HIGH, CONNECTED, 040fa319806af10c39cfdc6c6d75b1b4, 2026-08-17 12:00:53.42174).

[2026-08-17 12:01:05] INFO     | exadata_asm_diskgroups_parser | ✅ Parsed 2 ASM Diskgroup rows
[2026-08-17 12:01:05] ERROR    | exadata_asm_diskgroups_parser | ❌ ASM Diskgroups insert failed: null value in column "dbname" violates not-null constraint
DETAIL:  Failing row contains (19, null, null, null, DATAC1, 129024.00, 97284.10, 75.40, 96, HIGH, CONNECTED, 040fa319806af10c39cfdc6c6d75b1b4, 2026-08-17 12:01:05.304919).
Traceback (most recent call last):
  File "C:\AWR_Insight_Portal_v2\modules\awr\exadata_asm_diskgroups_parser.py", line 86, in insert_asm_diskgroups
    cur.execute(sql,(r["dbname"],r["begin_snap"],r["snap_time"],r["disk_group"],
    ~~~~~~~~~~~^^^^^^^^^^^^^^^^^^^^^^^^^^^^^^^^^^^^^^^^^^^^^^^^^^^^^^^^^^^^^^^^^
        r["size_gb"],r["used_gb"],r["pct_used"],r["n_griddisks"],
        ^^^^^^^^^^^^^^^^^^^^^^^^^^^^^^^^^^^^^^^^^^^^^^^^^^^^^^^^^
        r["redundancy"],r["state"],r["row_hash"]))
        ^^^^^^^^^^^^^^^^^^^^^^^^^^^^^^^^^^^^^^^^^^
psycopg2.errors.NotNullViolation: null value in column "dbname" violates not-null constraint
DETAIL:  Failing row contains (19, null, null, null, DATAC1, 129024.00, 97284.10, 75.40, 96, HIGH, CONNECTED, 040fa319806af10c39cfdc6c6d75b1b4, 2026-08-17 12:01:05.304919).

[2026-08-17 12:01:16] INFO     | exadata_asm_diskgroups_parser | ✅ Parsed 2 ASM Diskgroup rows
[2026-08-17 12:01:16] ERROR    | exadata_asm_diskgroups_parser | ❌ ASM Diskgroups insert failed: null value in column "dbname" violates not-null constraint
DETAIL:  Failing row contains (20, null, null, null, DATAC1, 129024.00, 97284.10, 75.40, 96, HIGH, CONNECTED, 040fa319806af10c39cfdc6c6d75b1b4, 2026-08-17 12:01:16.990434).
Traceback (most recent call last):
  File "C:\AWR_Insight_Portal_v2\modules\awr\exadata_asm_diskgroups_parser.py", line 86, in insert_asm_diskgroups
    cur.execute(sql,(r["dbname"],r["begin_snap"],r["snap_time"],r["disk_group"],
    ~~~~~~~~~~~^^^^^^^^^^^^^^^^^^^^^^^^^^^^^^^^^^^^^^^^^^^^^^^^^^^^^^^^^^^^^^^^^
        r["size_gb"],r["used_gb"],r["pct_used"],r["n_griddisks"],
        ^^^^^^^^^^^^^^^^^^^^^^^^^^^^^^^^^^^^^^^^^^^^^^^^^^^^^^^^^
        r["redundancy"],r["state"],r["row_hash"]))
        ^^^^^^^^^^^^^^^^^^^^^^^^^^^^^^^^^^^^^^^^^^
psycopg2.errors.NotNullViolation: null value in column "dbname" violates not-null constraint
DETAIL:  Failing row contains (20, null, null, null, DATAC1, 129024.00, 97284.10, 75.40, 96, HIGH, CONNECTED, 040fa319806af10c39cfdc6c6d75b1b4, 2026-08-17 12:01:16.990434).

[2026-08-17 12:06:06] WARNING  | exadata_asm_diskgroups_parser | ⚠️  ASM Diskgroups section not found
[2026-08-17 12:07:38] WARNING  | exadata_asm_diskgroups_parser | ⚠️  ASM Diskgroups section not found
[2026-08-17 12:09:06] WARNING  | exadata_asm_diskgroups_parser | ⚠️  ASM Diskgroups section not found
[2026-08-17 12:10:41] WARNING  | exadata_asm_diskgroups_parser | ⚠️  ASM Diskgroups section not found
[2026-08-17 12:37:26] WARNING  | exadata_asm_diskgroups_parser | ⚠️  ASM Diskgroups section not found
[2026-08-17 12:39:02] WARNING  | exadata_asm_diskgroups_parser | ⚠️  ASM Diskgroups section not found
[2026-08-17 12:40:33] WARNING  | exadata_asm_diskgroups_parser | ⚠️  ASM Diskgroups section not found
[2026-08-17 12:42:10] WARNING  | exadata_asm_diskgroups_parser | ⚠️  ASM Diskgroups section not found
[2026-08-17 12:43:42] WARNING  | exadata_asm_diskgroups_parser | ⚠️  ASM Diskgroups section not found
[2026-08-17 13:25:29] WARNING  | exadata_asm_diskgroups_parser | ⚠️  ASM Diskgroups section not found
[2026-08-17 13:37:22] WARNING  | exadata_asm_diskgroups_parser | ⚠️  ASM Diskgroups section not found
[2026-08-17 13:38:51] WARNING  | exadata_asm_diskgroups_parser | ⚠️  ASM Diskgroups section not found
[2026-08-17 13:40:24] WARNING  | exadata_asm_diskgroups_parser | ⚠️  ASM Diskgroups section not found
[2026-08-17 13:42:08] WARNING  | exadata_asm_diskgroups_parser | ⚠️  ASM Diskgroups section not found
[2026-08-17 14:02:29] WARNING  | exadata_asm_diskgroups_parser | ⚠️  ASM Diskgroups section not found
[2026-08-17 14:04:09] WARNING  | exadata_asm_diskgroups_parser | ⚠️  ASM Diskgroups section not found
[2026-08-17 14:05:44] WARNING  | exadata_asm_diskgroups_parser | ⚠️  ASM Diskgroups section not found
[2026-08-17 14:07:23] WARNING  | exadata_asm_diskgroups_parser | ⚠️  ASM Diskgroups section not found
[2026-08-17 14:09:00] WARNING  | exadata_asm_diskgroups_parser | ⚠️  ASM Diskgroups section not found
[2026-08-17 14:10:36] WARNING  | exadata_asm_diskgroups_parser | ⚠️  ASM Diskgroups section not found
[2026-08-17 14:12:11] WARNING  | exadata_asm_diskgroups_parser | ⚠️  ASM Diskgroups section not found
[2026-08-17 14:14:42] WARNING  | exadata_asm_diskgroups_parser | ⚠️  ASM Diskgroups section not found
[2026-08-17 14:16:23] WARNING  | exadata_asm_diskgroups_parser | ⚠️  ASM Diskgroups section not found
[2026-08-17 14:33:02] WARNING  | exadata_asm_diskgroups_parser | ⚠️  ASM Diskgroups section not found
[2026-08-17 14:34:37] WARNING  | exadata_asm_diskgroups_parser | ⚠️  ASM Diskgroups section not found
[2026-08-17 14:36:07] WARNING  | exadata_asm_diskgroups_parser | ⚠️  ASM Diskgroups section not found
[2026-08-17 14:37:44] WARNING  | exadata_asm_diskgroups_parser | ⚠️  ASM Diskgroups section not found
[2026-08-17 14:39:17] WARNING  | exadata_asm_diskgroups_parser | ⚠️  ASM Diskgroups section not found
[2026-08-17 14:40:47] WARNING  | exadata_asm_diskgroups_parser | ⚠️  ASM Diskgroups section not found
[2026-08-17 14:42:15] WARNING  | exadata_asm_diskgroups_parser | ⚠️  ASM Diskgroups section not found
[2026-08-17 14:43:47] WARNING  | exadata_asm_diskgroups_parser | ⚠️  ASM Diskgroups section not found
[2026-08-17 14:45:20] WARNING  | exadata_asm_diskgroups_parser | ⚠️  ASM Diskgroups section not found
[2026-08-17 15:03:29] WARNING  | exadata_asm_diskgroups_parser | ⚠️  ASM Diskgroups section not found
[2026-08-17 15:04:59] WARNING  | exadata_asm_diskgroups_parser | ⚠️  ASM Diskgroups section not found
[2026-08-17 15:06:33] WARNING  | exadata_asm_diskgroups_parser | ⚠️  ASM Diskgroups section not found
[2026-08-17 15:08:10] WARNING  | exadata_asm_diskgroups_parser | ⚠️  ASM Diskgroups section not found
[2026-08-17 15:09:42] WARNING  | exadata_asm_diskgroups_parser | ⚠️  ASM Diskgroups section not found
[2026-08-17 15:11:12] WARNING  | exadata_asm_diskgroups_parser | ⚠️  ASM Diskgroups section not found
[2026-08-17 15:12:38] WARNING  | exadata_asm_diskgroups_parser | ⚠️  ASM Diskgroups section not found
[2026-08-17 15:14:12] WARNING  | exadata_asm_diskgroups_parser | ⚠️  ASM Diskgroups section not found
[2026-08-17 15:17:40] WARNING  | exadata_asm_diskgroups_parser | ⚠️  ASM Diskgroups section not found
[2026-08-17 15:19:15] WARNING  | exadata_asm_diskgroups_parser | ⚠️  ASM Diskgroups section not found
[2026-08-17 15:35:58] WARNING  | exadata_asm_diskgroups_parser | ⚠️  ASM Diskgroups section not found
[2026-08-17 15:37:29] WARNING  | exadata_asm_diskgroups_parser | ⚠️  ASM Diskgroups section not found
[2026-08-17 15:43:47] WARNING  | exadata_asm_diskgroups_parser | ⚠️  ASM Diskgroups section not found
[2026-08-17 15:45:22] WARNING  | exadata_asm_diskgroups_parser | ⚠️  ASM Diskgroups section not found
[2026-08-17 15:46:54] WARNING  | exadata_asm_diskgroups_parser | ⚠️  ASM Diskgroups section not found
[2026-08-17 15:48:30] WARNING  | exadata_asm_diskgroups_parser | ⚠️  ASM Diskgroups section not found
[2026-08-17 15:50:03] WARNING  | exadata_asm_diskgroups_parser | ⚠️  ASM Diskgroups section not found
[2026-08-17 15:51:39] WARNING  | exadata_asm_diskgroups_parser | ⚠️  ASM Diskgroups section not found
[2026-08-17 15:53:15] WARNING  | exadata_asm_diskgroups_parser | ⚠️  ASM Diskgroups section not found
[2026-08-17 15:54:50] WARNING  | exadata_asm_diskgroups_parser | ⚠️  ASM Diskgroups section not found
[2026-08-17 15:56:21] WARNING  | exadata_asm_diskgroups_parser | ⚠️  ASM Diskgroups section not found
[2026-08-17 16:06:42] WARNING  | exadata_asm_diskgroups_parser | ⚠️  ASM Diskgroups section not found
[2026-08-17 16:08:11] WARNING  | exadata_asm_diskgroups_parser | ⚠️  ASM Diskgroups section not found
[2026-08-17 16:09:40] WARNING  | exadata_asm_diskgroups_parser | ⚠️  ASM Diskgroups section not found
[2026-08-17 16:11:16] WARNING  | exadata_asm_diskgroups_parser | ⚠️  ASM Diskgroups section not found
[2026-08-17 16:12:45] WARNING  | exadata_asm_diskgroups_parser | ⚠️  ASM Diskgroups section not found
[2026-08-17 16:14:17] WARNING  | exadata_asm_diskgroups_parser | ⚠️  ASM Diskgroups section not found
[2026-08-17 16:14:49] WARNING  | exadata_asm_diskgroups_parser | ⚠️  ASM Diskgroups section not found
[2026-08-17 16:15:30] WARNING  | exadata_asm_diskgroups_parser | ⚠️  ASM Diskgroups section not found
[2026-08-17 16:17:05] WARNING  | exadata_asm_diskgroups_parser | ⚠️  ASM Diskgroups section not found
[2026-08-17 16:18:36] WARNING  | exadata_asm_diskgroups_parser | ⚠️  ASM Diskgroups section not found
[2026-08-17 16:19:43] WARNING  | exadata_asm_diskgroups_parser | ⚠️  ASM Diskgroups section not found
[2026-08-17 16:20:19] WARNING  | exadata_asm_diskgroups_parser | ⚠️  ASM Diskgroups section not found
[2026-08-17 16:21:32] INFO     | exadata_asm_diskgroups_parser | ✅ Parsed 2 ASM Diskgroup rows
[2026-08-17 16:21:32] INFO     | exadata_asm_diskgroups_parser | ✅ Inserted 2 rows into awr_exadata_asm_diskgroups
[2026-08-17 16:21:45] INFO     | exadata_asm_diskgroups_parser | ✅ Parsed 2 ASM Diskgroup rows
[2026-08-17 16:21:45] INFO     | exadata_asm_diskgroups_parser | ✅ Inserted 2 rows into awr_exadata_asm_diskgroups
[2026-08-17 16:21:50] WARNING  | exadata_asm_diskgroups_parser | ⚠️  ASM Diskgroups section not found
[2026-08-17 16:21:58] INFO     | exadata_asm_diskgroups_parser | ✅ Parsed 2 ASM Diskgroup rows
[2026-08-17 16:21:58] INFO     | exadata_asm_diskgroups_parser | ✅ Inserted 2 rows into awr_exadata_asm_diskgroups
[2026-08-17 16:22:10] INFO     | exadata_asm_diskgroups_parser | ✅ Parsed 2 ASM Diskgroup rows
[2026-08-17 16:22:10] INFO     | exadata_asm_diskgroups_parser | ✅ Inserted 2 rows into awr_exadata_asm_diskgroups
[2026-08-17 16:22:32] INFO     | exadata_asm_diskgroups_parser | ✅ Parsed 2 ASM Diskgroup rows
[2026-08-17 16:22:32] INFO     | exadata_asm_diskgroups_parser | ✅ Inserted 2 rows into awr_exadata_asm_diskgroups
[2026-08-17 16:22:45] INFO     | exadata_asm_diskgroups_parser | ✅ Parsed 2 ASM Diskgroup rows
[2026-08-17 16:22:45] INFO     | exadata_asm_diskgroups_parser | ✅ Inserted 2 rows into awr_exadata_asm_diskgroups
[2026-08-17 16:22:57] INFO     | exadata_asm_diskgroups_parser | ✅ Parsed 2 ASM Diskgroup rows
[2026-08-17 16:22:58] INFO     | exadata_asm_diskgroups_parser | ✅ Inserted 2 rows into awr_exadata_asm_diskgroups
[2026-08-17 16:23:10] INFO     | exadata_asm_diskgroups_parser | ✅ Parsed 2 ASM Diskgroup rows
[2026-08-17 16:23:10] INFO     | exadata_asm_diskgroups_parser | ✅ Inserted 2 rows into awr_exadata_asm_diskgroups
[2026-08-17 16:23:22] INFO     | exadata_asm_diskgroups_parser | ✅ Parsed 2 ASM Diskgroup rows
[2026-08-17 16:23:22] INFO     | exadata_asm_diskgroups_parser | ✅ Inserted 2 rows into awr_exadata_asm_diskgroups
[2026-08-17 16:23:23] WARNING  | exadata_asm_diskgroups_parser | ⚠️  ASM Diskgroups section not found
[2026-08-17 16:23:35] INFO     | exadata_asm_diskgroups_parser | ✅ Parsed 2 ASM Diskgroup rows
[2026-08-17 16:23:35] INFO     | exadata_asm_diskgroups_parser | ✅ Inserted 2 rows into awr_exadata_asm_diskgroups
[2026-08-17 16:23:47] INFO     | exadata_asm_diskgroups_parser | ✅ Parsed 2 ASM Diskgroup rows
[2026-08-17 16:23:47] INFO     | exadata_asm_diskgroups_parser | ✅ Inserted 2 rows into awr_exadata_asm_diskgroups
[2026-08-17 16:24:00] INFO     | exadata_asm_diskgroups_parser | ✅ Parsed 2 ASM Diskgroup rows
[2026-08-17 16:24:00] INFO     | exadata_asm_diskgroups_parser | ✅ Inserted 2 rows into awr_exadata_asm_diskgroups
[2026-08-17 16:24:13] INFO     | exadata_asm_diskgroups_parser | ✅ Parsed 2 ASM Diskgroup rows
[2026-08-17 16:24:13] INFO     | exadata_asm_diskgroups_parser | ✅ Inserted 2 rows into awr_exadata_asm_diskgroups
[2026-08-17 16:24:25] INFO     | exadata_asm_diskgroups_parser | ✅ Parsed 2 ASM Diskgroup rows
[2026-08-17 16:24:25] INFO     | exadata_asm_diskgroups_parser | ✅ Inserted 2 rows into awr_exadata_asm_diskgroups
[2026-08-17 16:24:38] INFO     | exadata_asm_diskgroups_parser | ✅ Parsed 2 ASM Diskgroup rows
[2026-08-17 16:24:38] INFO     | exadata_asm_diskgroups_parser | ✅ Inserted 2 rows into awr_exadata_asm_diskgroups
[2026-08-17 16:24:50] INFO     | exadata_asm_diskgroups_parser | ✅ Parsed 2 ASM Diskgroup rows
[2026-08-17 16:24:50] INFO     | exadata_asm_diskgroups_parser | ✅ Inserted 2 rows into awr_exadata_asm_diskgroups
[2026-08-17 16:25:03] INFO     | exadata_asm_diskgroups_parser | ✅ Parsed 2 ASM Diskgroup rows
[2026-08-17 16:25:03] INFO     | exadata_asm_diskgroups_parser | ✅ Inserted 2 rows into awr_exadata_asm_diskgroups
[2026-08-17 16:25:15] INFO     | exadata_asm_diskgroups_parser | ✅ Parsed 2 ASM Diskgroup rows
[2026-08-17 16:25:15] INFO     | exadata_asm_diskgroups_parser | ✅ Inserted 2 rows into awr_exadata_asm_diskgroups
[2026-08-17 16:25:28] INFO     | exadata_asm_diskgroups_parser | ✅ Parsed 2 ASM Diskgroup rows
[2026-08-17 16:25:28] INFO     | exadata_asm_diskgroups_parser | ✅ Inserted 2 rows into awr_exadata_asm_diskgroups
[2026-08-17 16:25:41] INFO     | exadata_asm_diskgroups_parser | ✅ Parsed 2 ASM Diskgroup rows
[2026-08-17 16:25:41] INFO     | exadata_asm_diskgroups_parser | ✅ Inserted 2 rows into awr_exadata_asm_diskgroups
[2026-08-17 16:40:19] WARNING  | exadata_asm_diskgroups_parser | ⚠️  ASM Diskgroups section not found
[2026-08-17 16:41:52] WARNING  | exadata_asm_diskgroups_parser | ⚠️  ASM Diskgroups section not found
[2026-08-17 16:43:23] WARNING  | exadata_asm_diskgroups_parser | ⚠️  ASM Diskgroups section not found
[2026-08-17 16:44:58] WARNING  | exadata_asm_diskgroups_parser | ⚠️  ASM Diskgroups section not found
[2026-08-17 16:46:29] WARNING  | exadata_asm_diskgroups_parser | ⚠️  ASM Diskgroups section not found
[2026-08-17 16:48:00] WARNING  | exadata_asm_diskgroups_parser | ⚠️  ASM Diskgroups section not found
[2026-08-17 16:49:31] WARNING  | exadata_asm_diskgroups_parser | ⚠️  ASM Diskgroups section not found
[2026-08-17 16:51:07] WARNING  | exadata_asm_diskgroups_parser | ⚠️  ASM Diskgroups section not found
[2026-08-17 16:52:38] WARNING  | exadata_asm_diskgroups_parser | ⚠️  ASM Diskgroups section not found
[2026-08-17 16:54:15] WARNING  | exadata_asm_diskgroups_parser | ⚠️  ASM Diskgroups section not found
[2026-08-17 16:55:45] WARNING  | exadata_asm_diskgroups_parser | ⚠️  ASM Diskgroups section not found
[2026-08-17 16:57:20] WARNING  | exadata_asm_diskgroups_parser | ⚠️  ASM Diskgroups section not found
[2026-08-17 16:58:49] WARNING  | exadata_asm_diskgroups_parser | ⚠️  ASM Diskgroups section not found
[2026-08-17 17:11:01] WARNING  | exadata_asm_diskgroups_parser | ⚠️  ASM Diskgroups section not found
[2026-08-17 17:12:35] WARNING  | exadata_asm_diskgroups_parser | ⚠️  ASM Diskgroups section not found
[2026-08-17 17:14:05] WARNING  | exadata_asm_diskgroups_parser | ⚠️  ASM Diskgroups section not found
[2026-08-17 17:15:39] WARNING  | exadata_asm_diskgroups_parser | ⚠️  ASM Diskgroups section not found
[2026-08-17 17:17:09] WARNING  | exadata_asm_diskgroups_parser | ⚠️  ASM Diskgroups section not found
[2026-08-17 17:18:44] WARNING  | exadata_asm_diskgroups_parser | ⚠️  ASM Diskgroups section not found
[2026-08-17 17:20:16] WARNING  | exadata_asm_diskgroups_parser | ⚠️  ASM Diskgroups section not found
[2026-08-17 17:21:51] WARNING  | exadata_asm_diskgroups_parser | ⚠️  ASM Diskgroups section not found
[2026-08-17 17:23:23] WARNING  | exadata_asm_diskgroups_parser | ⚠️  ASM Diskgroups section not found
[2026-08-17 17:24:58] WARNING  | exadata_asm_diskgroups_parser | ⚠️  ASM Diskgroups section not found
[2026-08-17 17:26:28] WARNING  | exadata_asm_diskgroups_parser | ⚠️  ASM Diskgroups section not found
[2026-08-17 17:28:03] WARNING  | exadata_asm_diskgroups_parser | ⚠️  ASM Diskgroups section not found
[2026-08-17 17:29:31] WARNING  | exadata_asm_diskgroups_parser | ⚠️  ASM Diskgroups section not found
[2026-08-17 17:31:01] WARNING  | exadata_asm_diskgroups_parser | ⚠️  ASM Diskgroups section not found
[2026-08-17 17:41:48] WARNING  | exadata_asm_diskgroups_parser | ⚠️  ASM Diskgroups section not found
[2026-08-17 17:43:24] WARNING  | exadata_asm_diskgroups_parser | ⚠️  ASM Diskgroups section not found
[2026-08-17 17:44:58] WARNING  | exadata_asm_diskgroups_parser | ⚠️  ASM Diskgroups section not found
[2026-08-17 17:46:32] WARNING  | exadata_asm_diskgroups_parser | ⚠️  ASM Diskgroups section not found
[2026-08-17 17:48:02] WARNING  | exadata_asm_diskgroups_parser | ⚠️  ASM Diskgroups section not found
[2026-08-17 17:49:33] WARNING  | exadata_asm_diskgroups_parser | ⚠️  ASM Diskgroups section not found
[2026-08-17 18:13:42] WARNING  | exadata_asm_diskgroups_parser | ⚠️  ASM Diskgroups section not found
[2026-08-18 09:35:43] WARNING  | exadata_asm_diskgroups_parser | ⚠️  ASM Diskgroups section not found
[2026-08-18 09:36:54] WARNING  | exadata_asm_diskgroups_parser | ⚠️  ASM Diskgroups section not found
[2026-08-18 09:38:35] WARNING  | exadata_asm_diskgroups_parser | ⚠️  ASM Diskgroups section not found
[2026-08-18 09:40:09] WARNING  | exadata_asm_diskgroups_parser | ⚠️  ASM Diskgroups section not found
[2026-08-18 09:41:46] WARNING  | exadata_asm_diskgroups_parser | ⚠️  ASM Diskgroups section not found
[2026-08-18 09:43:12] WARNING  | exadata_asm_diskgroups_parser | ⚠️  ASM Diskgroups section not found
[2026-08-18 09:44:33] WARNING  | exadata_asm_diskgroups_parser | ⚠️  ASM Diskgroups section not found
[2026-08-18 09:45:58] WARNING  | exadata_asm_diskgroups_parser | ⚠️  ASM Diskgroups section not found
[2026-08-18 09:47:35] WARNING  | exadata_asm_diskgroups_parser | ⚠️  ASM Diskgroups section not found
[2026-08-18 09:49:05] WARNING  | exadata_asm_diskgroups_parser | ⚠️  ASM Diskgroups section not found
[2026-08-18 09:50:32] WARNING  | exadata_asm_diskgroups_parser | ⚠️  ASM Diskgroups section not found
[2026-08-18 09:51:59] WARNING  | exadata_asm_diskgroups_parser | ⚠️  ASM Diskgroups section not found
[2026-08-18 09:53:39] WARNING  | exadata_asm_diskgroups_parser | ⚠️  ASM Diskgroups section not found
[2026-08-18 09:55:19] WARNING  | exadata_asm_diskgroups_parser | ⚠️  ASM Diskgroups section not found
[2026-08-18 09:57:11] WARNING  | exadata_asm_diskgroups_parser | ⚠️  ASM Diskgroups section not found
[2026-08-18 09:58:58] WARNING  | exadata_asm_diskgroups_parser | ⚠️  ASM Diskgroups section not found
[2026-08-18 10:00:28] WARNING  | exadata_asm_diskgroups_parser | ⚠️  ASM Diskgroups section not found
[2026-08-18 10:02:04] WARNING  | exadata_asm_diskgroups_parser | ⚠️  ASM Diskgroups section not found
[2026-08-18 10:03:29] WARNING  | exadata_asm_diskgroups_parser | ⚠️  ASM Diskgroups section not found
[2026-08-18 10:04:55] WARNING  | exadata_asm_diskgroups_parser | ⚠️  ASM Diskgroups section not found
[2026-08-18 10:06:44] WARNING  | exadata_asm_diskgroups_parser | ⚠️  ASM Diskgroups section not found
[2026-08-18 10:08:30] WARNING  | exadata_asm_diskgroups_parser | ⚠️  ASM Diskgroups section not found
[2026-08-18 10:09:59] WARNING  | exadata_asm_diskgroups_parser | ⚠️  ASM Diskgroups section not found
[2026-08-18 10:11:28] WARNING  | exadata_asm_diskgroups_parser | ⚠️  ASM Diskgroups section not found
[2026-08-18 10:31:01] WARNING  | exadata_asm_diskgroups_parser | ⚠️  ASM Diskgroups section not found
[2026-08-18 11:01:07] WARNING  | exadata_asm_diskgroups_parser | ⚠️  ASM Diskgroups section not found
[2026-08-18 11:02:41] WARNING  | exadata_asm_diskgroups_parser | ⚠️  ASM Diskgroups section not found
[2026-08-18 11:31:04] WARNING  | exadata_asm_diskgroups_parser | ⚠️  ASM Diskgroups section not found
[2026-08-18 11:32:36] WARNING  | exadata_asm_diskgroups_parser | ⚠️  ASM Diskgroups section not found
[2026-08-18 11:34:02] WARNING  | exadata_asm_diskgroups_parser | ⚠️  ASM Diskgroups section not found
[2026-08-18 12:02:32] WARNING  | exadata_asm_diskgroups_parser | ⚠️  ASM Diskgroups section not found
[2026-08-18 12:04:06] WARNING  | exadata_asm_diskgroups_parser | ⚠️  ASM Diskgroups section not found
[2026-08-18 12:05:38] WARNING  | exadata_asm_diskgroups_parser | ⚠️  ASM Diskgroups section not found
[2026-08-18 12:07:06] WARNING  | exadata_asm_diskgroups_parser | ⚠️  ASM Diskgroups section not found
[2026-08-18 12:32:50] WARNING  | exadata_asm_diskgroups_parser | ⚠️  ASM Diskgroups section not found
[2026-08-18 12:34:18] WARNING  | exadata_asm_diskgroups_parser | ⚠️  ASM Diskgroups section not found
[2026-08-18 12:35:57] WARNING  | exadata_asm_diskgroups_parser | ⚠️  ASM Diskgroups section not found
[2026-08-18 12:37:29] WARNING  | exadata_asm_diskgroups_parser | ⚠️  ASM Diskgroups section not found
[2026-08-18 12:39:06] WARNING  | exadata_asm_diskgroups_parser | ⚠️  ASM Diskgroups section not found
[2026-08-18 13:05:21] WARNING  | exadata_asm_diskgroups_parser | ⚠️  ASM Diskgroups section not found
[2026-08-18 13:06:51] WARNING  | exadata_asm_diskgroups_parser | ⚠️  ASM Diskgroups section not found
[2026-08-18 13:08:25] WARNING  | exadata_asm_diskgroups_parser | ⚠️  ASM Diskgroups section not found
[2026-08-18 13:09:54] WARNING  | exadata_asm_diskgroups_parser | ⚠️  ASM Diskgroups section not found
[2026-08-18 13:11:29] WARNING  | exadata_asm_diskgroups_parser | ⚠️  ASM Diskgroups section not found
[2026-08-18 13:13:03] WARNING  | exadata_asm_diskgroups_parser | ⚠️  ASM Diskgroups section not found
[2026-08-18 13:54:28] WARNING  | exadata_asm_diskgroups_parser | ⚠️  ASM Diskgroups section not found
[2026-08-18 13:56:04] WARNING  | exadata_asm_diskgroups_parser | ⚠️  ASM Diskgroups section not found
[2026-08-18 13:57:38] WARNING  | exadata_asm_diskgroups_parser | ⚠️  ASM Diskgroups section not found
[2026-08-18 13:59:07] WARNING  | exadata_asm_diskgroups_parser | ⚠️  ASM Diskgroups section not found
[2026-08-18 14:10:02] WARNING  | exadata_asm_diskgroups_parser | ⚠️  ASM Diskgroups section not found
[2026-08-18 14:11:39] WARNING  | exadata_asm_diskgroups_parser | ⚠️  ASM Diskgroups section not found
[2026-08-18 14:13:08] WARNING  | exadata_asm_diskgroups_parser | ⚠️  ASM Diskgroups section not found
