[2026-08-17 11:57:36] INFO     | exadata_db_io_summary_parser | ✅ Parsed 3 Database IO Summary rows
[2026-08-17 11:57:36] ERROR    | exadata_db_io_summary_parser | ❌ Database IO Summary insert failed: null value in column "dbname" violates not-null constraint
DETAIL:  Failing row contains (1, null, null, null, null, EXADB, 4987.17, null, null, 173.80, 5.12, 42.03, 1.18, null, b06ea9de8dd369dee829b62811afa0fb, 2026-08-17 11:57:36.84241).
Traceback (most recent call last):
  File "C:\AWR_Insight_Portal_v2\modules\awr\exadata_db_io_summary_parser.py", line 107, in insert_db_io_summary
    cur.execute(sql,(r["dbname"],r["instance"],r["begin_snap"],r["snap_time"],
    ~~~~~~~~~~~^^^^^^^^^^^^^^^^^^^^^^^^^^^^^^^^^^^^^^^^^^^^^^^^^^^^^^^^^^^^^^^
        r["db_name_consumer"],r["small_io_reqs_ps"],r["pct_flash"],r["pct_disk"],
        ^^^^^^^^^^^^^^^^^^^^^^^^^^^^^^^^^^^^^^^^^^^^^^^^^^^^^^^^^^^^^^^^^^^^^^^^^
        r["flash_latency_us"],r["disk_latency_us"],r["flash_queue_time_us"],
        ^^^^^^^^^^^^^^^^^^^^^^^^^^^^^^^^^^^^^^^^^^^^^^^^^^^^^^^^^^^^^^^^^^^^
        r["disk_queue_time_us"],r["latency_per_sec_us"],r["row_hash"]))
        ^^^^^^^^^^^^^^^^^^^^^^^^^^^^^^^^^^^^^^^^^^^^^^^^^^^^^^^^^^^^^^^
psycopg2.errors.NotNullViolation: null value in column "dbname" violates not-null constraint
DETAIL:  Failing row contains (1, null, null, null, null, EXADB, 4987.17, null, null, 173.80, 5.12, 42.03, 1.18, null, b06ea9de8dd369dee829b62811afa0fb, 2026-08-17 11:57:36.84241).

[2026-08-17 11:57:48] INFO     | exadata_db_io_summary_parser | ✅ Parsed 3 Database IO Summary rows
[2026-08-17 11:57:48] ERROR    | exadata_db_io_summary_parser | ❌ Database IO Summary insert failed: null value in column "dbname" violates not-null constraint
DETAIL:  Failing row contains (2, null, null, null, null, EXADB, 4987.17, null, null, 173.80, 5.12, 42.03, 1.18, null, b06ea9de8dd369dee829b62811afa0fb, 2026-08-17 11:57:48.48854).
Traceback (most recent call last):
  File "C:\AWR_Insight_Portal_v2\modules\awr\exadata_db_io_summary_parser.py", line 107, in insert_db_io_summary
    cur.execute(sql,(r["dbname"],r["instance"],r["begin_snap"],r["snap_time"],
    ~~~~~~~~~~~^^^^^^^^^^^^^^^^^^^^^^^^^^^^^^^^^^^^^^^^^^^^^^^^^^^^^^^^^^^^^^^
        r["db_name_consumer"],r["small_io_reqs_ps"],r["pct_flash"],r["pct_disk"],
        ^^^^^^^^^^^^^^^^^^^^^^^^^^^^^^^^^^^^^^^^^^^^^^^^^^^^^^^^^^^^^^^^^^^^^^^^^
        r["flash_latency_us"],r["disk_latency_us"],r["flash_queue_time_us"],
        ^^^^^^^^^^^^^^^^^^^^^^^^^^^^^^^^^^^^^^^^^^^^^^^^^^^^^^^^^^^^^^^^^^^^
        r["disk_queue_time_us"],r["latency_per_sec_us"],r["row_hash"]))
        ^^^^^^^^^^^^^^^^^^^^^^^^^^^^^^^^^^^^^^^^^^^^^^^^^^^^^^^^^^^^^^^
psycopg2.errors.NotNullViolation: null value in column "dbname" violates not-null constraint
DETAIL:  Failing row contains (2, null, null, null, null, EXADB, 4987.17, null, null, 173.80, 5.12, 42.03, 1.18, null, b06ea9de8dd369dee829b62811afa0fb, 2026-08-17 11:57:48.48854).

[2026-08-17 11:57:59] INFO     | exadata_db_io_summary_parser | ✅ Parsed 3 Database IO Summary rows
[2026-08-17 11:58:00] ERROR    | exadata_db_io_summary_parser | ❌ Database IO Summary insert failed: null value in column "dbname" violates not-null constraint
DETAIL:  Failing row contains (3, null, null, null, null, EXADB, 4987.17, null, null, 173.80, 5.12, 42.03, 1.18, null, b06ea9de8dd369dee829b62811afa0fb, 2026-08-17 11:58:00.063494).
Traceback (most recent call last):
  File "C:\AWR_Insight_Portal_v2\modules\awr\exadata_db_io_summary_parser.py", line 107, in insert_db_io_summary
    cur.execute(sql,(r["dbname"],r["instance"],r["begin_snap"],r["snap_time"],
    ~~~~~~~~~~~^^^^^^^^^^^^^^^^^^^^^^^^^^^^^^^^^^^^^^^^^^^^^^^^^^^^^^^^^^^^^^^
        r["db_name_consumer"],r["small_io_reqs_ps"],r["pct_flash"],r["pct_disk"],
        ^^^^^^^^^^^^^^^^^^^^^^^^^^^^^^^^^^^^^^^^^^^^^^^^^^^^^^^^^^^^^^^^^^^^^^^^^
        r["flash_latency_us"],r["disk_latency_us"],r["flash_queue_time_us"],
        ^^^^^^^^^^^^^^^^^^^^^^^^^^^^^^^^^^^^^^^^^^^^^^^^^^^^^^^^^^^^^^^^^^^^
        r["disk_queue_time_us"],r["latency_per_sec_us"],r["row_hash"]))
        ^^^^^^^^^^^^^^^^^^^^^^^^^^^^^^^^^^^^^^^^^^^^^^^^^^^^^^^^^^^^^^^
psycopg2.errors.NotNullViolation: null value in column "dbname" violates not-null constraint
DETAIL:  Failing row contains (3, null, null, null, null, EXADB, 4987.17, null, null, 173.80, 5.12, 42.03, 1.18, null, b06ea9de8dd369dee829b62811afa0fb, 2026-08-17 11:58:00.063494).

[2026-08-17 11:58:11] INFO     | exadata_db_io_summary_parser | ✅ Parsed 3 Database IO Summary rows
[2026-08-17 11:58:11] ERROR    | exadata_db_io_summary_parser | ❌ Database IO Summary insert failed: null value in column "dbname" violates not-null constraint
DETAIL:  Failing row contains (4, null, null, null, null, EXADB, 4987.17, null, null, 173.80, 5.12, 42.03, 1.18, null, b06ea9de8dd369dee829b62811afa0fb, 2026-08-17 11:58:11.516952).
Traceback (most recent call last):
  File "C:\AWR_Insight_Portal_v2\modules\awr\exadata_db_io_summary_parser.py", line 107, in insert_db_io_summary
    cur.execute(sql,(r["dbname"],r["instance"],r["begin_snap"],r["snap_time"],
    ~~~~~~~~~~~^^^^^^^^^^^^^^^^^^^^^^^^^^^^^^^^^^^^^^^^^^^^^^^^^^^^^^^^^^^^^^^
        r["db_name_consumer"],r["small_io_reqs_ps"],r["pct_flash"],r["pct_disk"],
        ^^^^^^^^^^^^^^^^^^^^^^^^^^^^^^^^^^^^^^^^^^^^^^^^^^^^^^^^^^^^^^^^^^^^^^^^^
        r["flash_latency_us"],r["disk_latency_us"],r["flash_queue_time_us"],
        ^^^^^^^^^^^^^^^^^^^^^^^^^^^^^^^^^^^^^^^^^^^^^^^^^^^^^^^^^^^^^^^^^^^^
        r["disk_queue_time_us"],r["latency_per_sec_us"],r["row_hash"]))
        ^^^^^^^^^^^^^^^^^^^^^^^^^^^^^^^^^^^^^^^^^^^^^^^^^^^^^^^^^^^^^^^
psycopg2.errors.NotNullViolation: null value in column "dbname" violates not-null constraint
DETAIL:  Failing row contains (4, null, null, null, null, EXADB, 4987.17, null, null, 173.80, 5.12, 42.03, 1.18, null, b06ea9de8dd369dee829b62811afa0fb, 2026-08-17 11:58:11.516952).

[2026-08-17 11:58:22] INFO     | exadata_db_io_summary_parser | ✅ Parsed 3 Database IO Summary rows
[2026-08-17 11:58:22] ERROR    | exadata_db_io_summary_parser | ❌ Database IO Summary insert failed: null value in column "dbname" violates not-null constraint
DETAIL:  Failing row contains (5, null, null, null, null, EXADB, 4987.17, null, null, 173.80, 5.12, 42.03, 1.18, null, b06ea9de8dd369dee829b62811afa0fb, 2026-08-17 11:58:22.84404).
Traceback (most recent call last):
  File "C:\AWR_Insight_Portal_v2\modules\awr\exadata_db_io_summary_parser.py", line 107, in insert_db_io_summary
    cur.execute(sql,(r["dbname"],r["instance"],r["begin_snap"],r["snap_time"],
    ~~~~~~~~~~~^^^^^^^^^^^^^^^^^^^^^^^^^^^^^^^^^^^^^^^^^^^^^^^^^^^^^^^^^^^^^^^
        r["db_name_consumer"],r["small_io_reqs_ps"],r["pct_flash"],r["pct_disk"],
        ^^^^^^^^^^^^^^^^^^^^^^^^^^^^^^^^^^^^^^^^^^^^^^^^^^^^^^^^^^^^^^^^^^^^^^^^^
        r["flash_latency_us"],r["disk_latency_us"],r["flash_queue_time_us"],
        ^^^^^^^^^^^^^^^^^^^^^^^^^^^^^^^^^^^^^^^^^^^^^^^^^^^^^^^^^^^^^^^^^^^^
        r["disk_queue_time_us"],r["latency_per_sec_us"],r["row_hash"]))
        ^^^^^^^^^^^^^^^^^^^^^^^^^^^^^^^^^^^^^^^^^^^^^^^^^^^^^^^^^^^^^^^
psycopg2.errors.NotNullViolation: null value in column "dbname" violates not-null constraint
DETAIL:  Failing row contains (5, null, null, null, null, EXADB, 4987.17, null, null, 173.80, 5.12, 42.03, 1.18, null, b06ea9de8dd369dee829b62811afa0fb, 2026-08-17 11:58:22.84404).

[2026-08-17 11:58:33] INFO     | exadata_db_io_summary_parser | ✅ Parsed 3 Database IO Summary rows
[2026-08-17 11:58:33] ERROR    | exadata_db_io_summary_parser | ❌ Database IO Summary insert failed: null value in column "dbname" violates not-null constraint
DETAIL:  Failing row contains (6, null, null, null, null, EXADB, 4987.17, null, null, 342.40, 12.40, 42.03, 1.18, null, b06ea9de8dd369dee829b62811afa0fb, 2026-08-17 11:58:33.702844).
Traceback (most recent call last):
  File "C:\AWR_Insight_Portal_v2\modules\awr\exadata_db_io_summary_parser.py", line 107, in insert_db_io_summary
    cur.execute(sql,(r["dbname"],r["instance"],r["begin_snap"],r["snap_time"],
    ~~~~~~~~~~~^^^^^^^^^^^^^^^^^^^^^^^^^^^^^^^^^^^^^^^^^^^^^^^^^^^^^^^^^^^^^^^
        r["db_name_consumer"],r["small_io_reqs_ps"],r["pct_flash"],r["pct_disk"],
        ^^^^^^^^^^^^^^^^^^^^^^^^^^^^^^^^^^^^^^^^^^^^^^^^^^^^^^^^^^^^^^^^^^^^^^^^^
        r["flash_latency_us"],r["disk_latency_us"],r["flash_queue_time_us"],
        ^^^^^^^^^^^^^^^^^^^^^^^^^^^^^^^^^^^^^^^^^^^^^^^^^^^^^^^^^^^^^^^^^^^^
        r["disk_queue_time_us"],r["latency_per_sec_us"],r["row_hash"]))
        ^^^^^^^^^^^^^^^^^^^^^^^^^^^^^^^^^^^^^^^^^^^^^^^^^^^^^^^^^^^^^^^
psycopg2.errors.NotNullViolation: null value in column "dbname" violates not-null constraint
DETAIL:  Failing row contains (6, null, null, null, null, EXADB, 4987.17, null, null, 342.40, 12.40, 42.03, 1.18, null, b06ea9de8dd369dee829b62811afa0fb, 2026-08-17 11:58:33.702844).

[2026-08-17 11:58:44] INFO     | exadata_db_io_summary_parser | ✅ Parsed 3 Database IO Summary rows
[2026-08-17 11:58:44] ERROR    | exadata_db_io_summary_parser | ❌ Database IO Summary insert failed: null value in column "dbname" violates not-null constraint
DETAIL:  Failing row contains (7, null, null, null, null, EXADB, 4987.17, null, null, 342.40, 12.40, 42.03, 1.18, null, b06ea9de8dd369dee829b62811afa0fb, 2026-08-17 11:58:44.850925).
Traceback (most recent call last):
  File "C:\AWR_Insight_Portal_v2\modules\awr\exadata_db_io_summary_parser.py", line 107, in insert_db_io_summary
    cur.execute(sql,(r["dbname"],r["instance"],r["begin_snap"],r["snap_time"],
    ~~~~~~~~~~~^^^^^^^^^^^^^^^^^^^^^^^^^^^^^^^^^^^^^^^^^^^^^^^^^^^^^^^^^^^^^^^
        r["db_name_consumer"],r["small_io_reqs_ps"],r["pct_flash"],r["pct_disk"],
        ^^^^^^^^^^^^^^^^^^^^^^^^^^^^^^^^^^^^^^^^^^^^^^^^^^^^^^^^^^^^^^^^^^^^^^^^^
        r["flash_latency_us"],r["disk_latency_us"],r["flash_queue_time_us"],
        ^^^^^^^^^^^^^^^^^^^^^^^^^^^^^^^^^^^^^^^^^^^^^^^^^^^^^^^^^^^^^^^^^^^^
        r["disk_queue_time_us"],r["latency_per_sec_us"],r["row_hash"]))
        ^^^^^^^^^^^^^^^^^^^^^^^^^^^^^^^^^^^^^^^^^^^^^^^^^^^^^^^^^^^^^^^
psycopg2.errors.NotNullViolation: null value in column "dbname" violates not-null constraint
DETAIL:  Failing row contains (7, null, null, null, null, EXADB, 4987.17, null, null, 342.40, 12.40, 42.03, 1.18, null, b06ea9de8dd369dee829b62811afa0fb, 2026-08-17 11:58:44.850925).

[2026-08-17 11:58:56] INFO     | exadata_db_io_summary_parser | ✅ Parsed 3 Database IO Summary rows
[2026-08-17 11:58:56] ERROR    | exadata_db_io_summary_parser | ❌ Database IO Summary insert failed: null value in column "dbname" violates not-null constraint
DETAIL:  Failing row contains (8, null, null, null, null, EXADB, 4987.17, null, null, 342.40, 12.40, 42.03, 1.18, null, b06ea9de8dd369dee829b62811afa0fb, 2026-08-17 11:58:56.87655).
Traceback (most recent call last):
  File "C:\AWR_Insight_Portal_v2\modules\awr\exadata_db_io_summary_parser.py", line 107, in insert_db_io_summary
    cur.execute(sql,(r["dbname"],r["instance"],r["begin_snap"],r["snap_time"],
    ~~~~~~~~~~~^^^^^^^^^^^^^^^^^^^^^^^^^^^^^^^^^^^^^^^^^^^^^^^^^^^^^^^^^^^^^^^
        r["db_name_consumer"],r["small_io_reqs_ps"],r["pct_flash"],r["pct_disk"],
        ^^^^^^^^^^^^^^^^^^^^^^^^^^^^^^^^^^^^^^^^^^^^^^^^^^^^^^^^^^^^^^^^^^^^^^^^^
        r["flash_latency_us"],r["disk_latency_us"],r["flash_queue_time_us"],
        ^^^^^^^^^^^^^^^^^^^^^^^^^^^^^^^^^^^^^^^^^^^^^^^^^^^^^^^^^^^^^^^^^^^^
        r["disk_queue_time_us"],r["latency_per_sec_us"],r["row_hash"]))
        ^^^^^^^^^^^^^^^^^^^^^^^^^^^^^^^^^^^^^^^^^^^^^^^^^^^^^^^^^^^^^^^
psycopg2.errors.NotNullViolation: null value in column "dbname" violates not-null constraint
DETAIL:  Failing row contains (8, null, null, null, null, EXADB, 4987.17, null, null, 342.40, 12.40, 42.03, 1.18, null, b06ea9de8dd369dee829b62811afa0fb, 2026-08-17 11:58:56.87655).

[2026-08-17 11:59:09] INFO     | exadata_db_io_summary_parser | ✅ Parsed 3 Database IO Summary rows
[2026-08-17 11:59:09] ERROR    | exadata_db_io_summary_parser | ❌ Database IO Summary insert failed: null value in column "dbname" violates not-null constraint
DETAIL:  Failing row contains (9, null, null, null, null, EXADB, 4987.17, null, null, 342.40, 12.40, 42.03, 1.18, null, b06ea9de8dd369dee829b62811afa0fb, 2026-08-17 11:59:09.231506).
Traceback (most recent call last):
  File "C:\AWR_Insight_Portal_v2\modules\awr\exadata_db_io_summary_parser.py", line 107, in insert_db_io_summary
    cur.execute(sql,(r["dbname"],r["instance"],r["begin_snap"],r["snap_time"],
    ~~~~~~~~~~~^^^^^^^^^^^^^^^^^^^^^^^^^^^^^^^^^^^^^^^^^^^^^^^^^^^^^^^^^^^^^^^
        r["db_name_consumer"],r["small_io_reqs_ps"],r["pct_flash"],r["pct_disk"],
        ^^^^^^^^^^^^^^^^^^^^^^^^^^^^^^^^^^^^^^^^^^^^^^^^^^^^^^^^^^^^^^^^^^^^^^^^^
        r["flash_latency_us"],r["disk_latency_us"],r["flash_queue_time_us"],
        ^^^^^^^^^^^^^^^^^^^^^^^^^^^^^^^^^^^^^^^^^^^^^^^^^^^^^^^^^^^^^^^^^^^^
        r["disk_queue_time_us"],r["latency_per_sec_us"],r["row_hash"]))
        ^^^^^^^^^^^^^^^^^^^^^^^^^^^^^^^^^^^^^^^^^^^^^^^^^^^^^^^^^^^^^^^
psycopg2.errors.NotNullViolation: null value in column "dbname" violates not-null constraint
DETAIL:  Failing row contains (9, null, null, null, null, EXADB, 4987.17, null, null, 342.40, 12.40, 42.03, 1.18, null, b06ea9de8dd369dee829b62811afa0fb, 2026-08-17 11:59:09.231506).

[2026-08-17 11:59:20] INFO     | exadata_db_io_summary_parser | ✅ Parsed 3 Database IO Summary rows
[2026-08-17 11:59:20] ERROR    | exadata_db_io_summary_parser | ❌ Database IO Summary insert failed: null value in column "dbname" violates not-null constraint
DETAIL:  Failing row contains (10, null, null, null, null, EXADB, 4987.17, null, null, 342.40, 12.40, 42.03, 1.18, null, b06ea9de8dd369dee829b62811afa0fb, 2026-08-17 11:59:20.929503).
Traceback (most recent call last):
  File "C:\AWR_Insight_Portal_v2\modules\awr\exadata_db_io_summary_parser.py", line 107, in insert_db_io_summary
    cur.execute(sql,(r["dbname"],r["instance"],r["begin_snap"],r["snap_time"],
    ~~~~~~~~~~~^^^^^^^^^^^^^^^^^^^^^^^^^^^^^^^^^^^^^^^^^^^^^^^^^^^^^^^^^^^^^^^
        r["db_name_consumer"],r["small_io_reqs_ps"],r["pct_flash"],r["pct_disk"],
        ^^^^^^^^^^^^^^^^^^^^^^^^^^^^^^^^^^^^^^^^^^^^^^^^^^^^^^^^^^^^^^^^^^^^^^^^^
        r["flash_latency_us"],r["disk_latency_us"],r["flash_queue_time_us"],
        ^^^^^^^^^^^^^^^^^^^^^^^^^^^^^^^^^^^^^^^^^^^^^^^^^^^^^^^^^^^^^^^^^^^^
        r["disk_queue_time_us"],r["latency_per_sec_us"],r["row_hash"]))
        ^^^^^^^^^^^^^^^^^^^^^^^^^^^^^^^^^^^^^^^^^^^^^^^^^^^^^^^^^^^^^^^
psycopg2.errors.NotNullViolation: null value in column "dbname" violates not-null constraint
DETAIL:  Failing row contains (10, null, null, null, null, EXADB, 4987.17, null, null, 342.40, 12.40, 42.03, 1.18, null, b06ea9de8dd369dee829b62811afa0fb, 2026-08-17 11:59:20.929503).

[2026-08-17 11:59:32] INFO     | exadata_db_io_summary_parser | ✅ Parsed 3 Database IO Summary rows
[2026-08-17 11:59:32] ERROR    | exadata_db_io_summary_parser | ❌ Database IO Summary insert failed: null value in column "dbname" violates not-null constraint
DETAIL:  Failing row contains (11, null, null, null, null, EXADB, 4987.17, null, null, 342.40, 12.40, 42.03, 1.18, null, b06ea9de8dd369dee829b62811afa0fb, 2026-08-17 11:59:32.201889).
Traceback (most recent call last):
  File "C:\AWR_Insight_Portal_v2\modules\awr\exadata_db_io_summary_parser.py", line 107, in insert_db_io_summary
    cur.execute(sql,(r["dbname"],r["instance"],r["begin_snap"],r["snap_time"],
    ~~~~~~~~~~~^^^^^^^^^^^^^^^^^^^^^^^^^^^^^^^^^^^^^^^^^^^^^^^^^^^^^^^^^^^^^^^
        r["db_name_consumer"],r["small_io_reqs_ps"],r["pct_flash"],r["pct_disk"],
        ^^^^^^^^^^^^^^^^^^^^^^^^^^^^^^^^^^^^^^^^^^^^^^^^^^^^^^^^^^^^^^^^^^^^^^^^^
        r["flash_latency_us"],r["disk_latency_us"],r["flash_queue_time_us"],
        ^^^^^^^^^^^^^^^^^^^^^^^^^^^^^^^^^^^^^^^^^^^^^^^^^^^^^^^^^^^^^^^^^^^^
        r["disk_queue_time_us"],r["latency_per_sec_us"],r["row_hash"]))
        ^^^^^^^^^^^^^^^^^^^^^^^^^^^^^^^^^^^^^^^^^^^^^^^^^^^^^^^^^^^^^^^
psycopg2.errors.NotNullViolation: null value in column "dbname" violates not-null constraint
DETAIL:  Failing row contains (11, null, null, null, null, EXADB, 4987.17, null, null, 342.40, 12.40, 42.03, 1.18, null, b06ea9de8dd369dee829b62811afa0fb, 2026-08-17 11:59:32.201889).

[2026-08-17 11:59:43] INFO     | exadata_db_io_summary_parser | ✅ Parsed 3 Database IO Summary rows
[2026-08-17 11:59:43] ERROR    | exadata_db_io_summary_parser | ❌ Database IO Summary insert failed: null value in column "dbname" violates not-null constraint
DETAIL:  Failing row contains (12, null, null, null, null, EXADB, 4987.17, null, null, 342.40, 12.40, 42.03, 1.18, null, b06ea9de8dd369dee829b62811afa0fb, 2026-08-17 11:59:43.409366).
Traceback (most recent call last):
  File "C:\AWR_Insight_Portal_v2\modules\awr\exadata_db_io_summary_parser.py", line 107, in insert_db_io_summary
    cur.execute(sql,(r["dbname"],r["instance"],r["begin_snap"],r["snap_time"],
    ~~~~~~~~~~~^^^^^^^^^^^^^^^^^^^^^^^^^^^^^^^^^^^^^^^^^^^^^^^^^^^^^^^^^^^^^^^
        r["db_name_consumer"],r["small_io_reqs_ps"],r["pct_flash"],r["pct_disk"],
        ^^^^^^^^^^^^^^^^^^^^^^^^^^^^^^^^^^^^^^^^^^^^^^^^^^^^^^^^^^^^^^^^^^^^^^^^^
        r["flash_latency_us"],r["disk_latency_us"],r["flash_queue_time_us"],
        ^^^^^^^^^^^^^^^^^^^^^^^^^^^^^^^^^^^^^^^^^^^^^^^^^^^^^^^^^^^^^^^^^^^^
        r["disk_queue_time_us"],r["latency_per_sec_us"],r["row_hash"]))
        ^^^^^^^^^^^^^^^^^^^^^^^^^^^^^^^^^^^^^^^^^^^^^^^^^^^^^^^^^^^^^^^
psycopg2.errors.NotNullViolation: null value in column "dbname" violates not-null constraint
DETAIL:  Failing row contains (12, null, null, null, null, EXADB, 4987.17, null, null, 342.40, 12.40, 42.03, 1.18, null, b06ea9de8dd369dee829b62811afa0fb, 2026-08-17 11:59:43.409366).

[2026-08-17 11:59:54] INFO     | exadata_db_io_summary_parser | ✅ Parsed 3 Database IO Summary rows
[2026-08-17 11:59:54] ERROR    | exadata_db_io_summary_parser | ❌ Database IO Summary insert failed: null value in column "dbname" violates not-null constraint
DETAIL:  Failing row contains (13, null, null, null, null, EXADB, 4987.17, null, null, 342.40, 12.40, 42.03, 1.18, null, b06ea9de8dd369dee829b62811afa0fb, 2026-08-17 11:59:54.49018).
Traceback (most recent call last):
  File "C:\AWR_Insight_Portal_v2\modules\awr\exadata_db_io_summary_parser.py", line 107, in insert_db_io_summary
    cur.execute(sql,(r["dbname"],r["instance"],r["begin_snap"],r["snap_time"],
    ~~~~~~~~~~~^^^^^^^^^^^^^^^^^^^^^^^^^^^^^^^^^^^^^^^^^^^^^^^^^^^^^^^^^^^^^^^
        r["db_name_consumer"],r["small_io_reqs_ps"],r["pct_flash"],r["pct_disk"],
        ^^^^^^^^^^^^^^^^^^^^^^^^^^^^^^^^^^^^^^^^^^^^^^^^^^^^^^^^^^^^^^^^^^^^^^^^^
        r["flash_latency_us"],r["disk_latency_us"],r["flash_queue_time_us"],
        ^^^^^^^^^^^^^^^^^^^^^^^^^^^^^^^^^^^^^^^^^^^^^^^^^^^^^^^^^^^^^^^^^^^^
        r["disk_queue_time_us"],r["latency_per_sec_us"],r["row_hash"]))
        ^^^^^^^^^^^^^^^^^^^^^^^^^^^^^^^^^^^^^^^^^^^^^^^^^^^^^^^^^^^^^^^
psycopg2.errors.NotNullViolation: null value in column "dbname" violates not-null constraint
DETAIL:  Failing row contains (13, null, null, null, null, EXADB, 4987.17, null, null, 342.40, 12.40, 42.03, 1.18, null, b06ea9de8dd369dee829b62811afa0fb, 2026-08-17 11:59:54.49018).

[2026-08-17 12:00:05] INFO     | exadata_db_io_summary_parser | ✅ Parsed 3 Database IO Summary rows
[2026-08-17 12:00:05] ERROR    | exadata_db_io_summary_parser | ❌ Database IO Summary insert failed: null value in column "dbname" violates not-null constraint
DETAIL:  Failing row contains (14, null, null, null, null, EXADB, 4987.17, null, null, 342.40, 12.40, 42.03, 1.18, null, b06ea9de8dd369dee829b62811afa0fb, 2026-08-17 12:00:05.814048).
Traceback (most recent call last):
  File "C:\AWR_Insight_Portal_v2\modules\awr\exadata_db_io_summary_parser.py", line 107, in insert_db_io_summary
    cur.execute(sql,(r["dbname"],r["instance"],r["begin_snap"],r["snap_time"],
    ~~~~~~~~~~~^^^^^^^^^^^^^^^^^^^^^^^^^^^^^^^^^^^^^^^^^^^^^^^^^^^^^^^^^^^^^^^
        r["db_name_consumer"],r["small_io_reqs_ps"],r["pct_flash"],r["pct_disk"],
        ^^^^^^^^^^^^^^^^^^^^^^^^^^^^^^^^^^^^^^^^^^^^^^^^^^^^^^^^^^^^^^^^^^^^^^^^^
        r["flash_latency_us"],r["disk_latency_us"],r["flash_queue_time_us"],
        ^^^^^^^^^^^^^^^^^^^^^^^^^^^^^^^^^^^^^^^^^^^^^^^^^^^^^^^^^^^^^^^^^^^^
        r["disk_queue_time_us"],r["latency_per_sec_us"],r["row_hash"]))
        ^^^^^^^^^^^^^^^^^^^^^^^^^^^^^^^^^^^^^^^^^^^^^^^^^^^^^^^^^^^^^^^
psycopg2.errors.NotNullViolation: null value in column "dbname" violates not-null constraint
DETAIL:  Failing row contains (14, null, null, null, null, EXADB, 4987.17, null, null, 342.40, 12.40, 42.03, 1.18, null, b06ea9de8dd369dee829b62811afa0fb, 2026-08-17 12:00:05.814048).

[2026-08-17 12:00:17] INFO     | exadata_db_io_summary_parser | ✅ Parsed 3 Database IO Summary rows
[2026-08-17 12:00:17] ERROR    | exadata_db_io_summary_parser | ❌ Database IO Summary insert failed: null value in column "dbname" violates not-null constraint
DETAIL:  Failing row contains (15, null, null, null, null, EXADB, 4987.17, null, null, 342.40, 12.40, 42.03, 1.18, null, b06ea9de8dd369dee829b62811afa0fb, 2026-08-17 12:00:17.936346).
Traceback (most recent call last):
  File "C:\AWR_Insight_Portal_v2\modules\awr\exadata_db_io_summary_parser.py", line 107, in insert_db_io_summary
    cur.execute(sql,(r["dbname"],r["instance"],r["begin_snap"],r["snap_time"],
    ~~~~~~~~~~~^^^^^^^^^^^^^^^^^^^^^^^^^^^^^^^^^^^^^^^^^^^^^^^^^^^^^^^^^^^^^^^
        r["db_name_consumer"],r["small_io_reqs_ps"],r["pct_flash"],r["pct_disk"],
        ^^^^^^^^^^^^^^^^^^^^^^^^^^^^^^^^^^^^^^^^^^^^^^^^^^^^^^^^^^^^^^^^^^^^^^^^^
        r["flash_latency_us"],r["disk_latency_us"],r["flash_queue_time_us"],
        ^^^^^^^^^^^^^^^^^^^^^^^^^^^^^^^^^^^^^^^^^^^^^^^^^^^^^^^^^^^^^^^^^^^^
        r["disk_queue_time_us"],r["latency_per_sec_us"],r["row_hash"]))
        ^^^^^^^^^^^^^^^^^^^^^^^^^^^^^^^^^^^^^^^^^^^^^^^^^^^^^^^^^^^^^^^
psycopg2.errors.NotNullViolation: null value in column "dbname" violates not-null constraint
DETAIL:  Failing row contains (15, null, null, null, null, EXADB, 4987.17, null, null, 342.40, 12.40, 42.03, 1.18, null, b06ea9de8dd369dee829b62811afa0fb, 2026-08-17 12:00:17.936346).

[2026-08-17 12:00:30] INFO     | exadata_db_io_summary_parser | ✅ Parsed 3 Database IO Summary rows
[2026-08-17 12:00:30] ERROR    | exadata_db_io_summary_parser | ❌ Database IO Summary insert failed: null value in column "dbname" violates not-null constraint
DETAIL:  Failing row contains (16, null, null, null, null, EXADB, 4987.17, null, null, 342.40, 12.40, 42.03, 1.18, null, b06ea9de8dd369dee829b62811afa0fb, 2026-08-17 12:00:30.18526).
Traceback (most recent call last):
  File "C:\AWR_Insight_Portal_v2\modules\awr\exadata_db_io_summary_parser.py", line 107, in insert_db_io_summary
    cur.execute(sql,(r["dbname"],r["instance"],r["begin_snap"],r["snap_time"],
    ~~~~~~~~~~~^^^^^^^^^^^^^^^^^^^^^^^^^^^^^^^^^^^^^^^^^^^^^^^^^^^^^^^^^^^^^^^
        r["db_name_consumer"],r["small_io_reqs_ps"],r["pct_flash"],r["pct_disk"],
        ^^^^^^^^^^^^^^^^^^^^^^^^^^^^^^^^^^^^^^^^^^^^^^^^^^^^^^^^^^^^^^^^^^^^^^^^^
        r["flash_latency_us"],r["disk_latency_us"],r["flash_queue_time_us"],
        ^^^^^^^^^^^^^^^^^^^^^^^^^^^^^^^^^^^^^^^^^^^^^^^^^^^^^^^^^^^^^^^^^^^^
        r["disk_queue_time_us"],r["latency_per_sec_us"],r["row_hash"]))
        ^^^^^^^^^^^^^^^^^^^^^^^^^^^^^^^^^^^^^^^^^^^^^^^^^^^^^^^^^^^^^^^
psycopg2.errors.NotNullViolation: null value in column "dbname" violates not-null constraint
DETAIL:  Failing row contains (16, null, null, null, null, EXADB, 4987.17, null, null, 342.40, 12.40, 42.03, 1.18, null, b06ea9de8dd369dee829b62811afa0fb, 2026-08-17 12:00:30.18526).

[2026-08-17 12:00:42] INFO     | exadata_db_io_summary_parser | ✅ Parsed 3 Database IO Summary rows
[2026-08-17 12:00:42] ERROR    | exadata_db_io_summary_parser | ❌ Database IO Summary insert failed: null value in column "dbname" violates not-null constraint
DETAIL:  Failing row contains (17, null, null, null, null, EXADB, 4987.17, null, null, 342.40, 12.40, 42.03, 1.18, null, b06ea9de8dd369dee829b62811afa0fb, 2026-08-17 12:00:42.403137).
Traceback (most recent call last):
  File "C:\AWR_Insight_Portal_v2\modules\awr\exadata_db_io_summary_parser.py", line 107, in insert_db_io_summary
    cur.execute(sql,(r["dbname"],r["instance"],r["begin_snap"],r["snap_time"],
    ~~~~~~~~~~~^^^^^^^^^^^^^^^^^^^^^^^^^^^^^^^^^^^^^^^^^^^^^^^^^^^^^^^^^^^^^^^
        r["db_name_consumer"],r["small_io_reqs_ps"],r["pct_flash"],r["pct_disk"],
        ^^^^^^^^^^^^^^^^^^^^^^^^^^^^^^^^^^^^^^^^^^^^^^^^^^^^^^^^^^^^^^^^^^^^^^^^^
        r["flash_latency_us"],r["disk_latency_us"],r["flash_queue_time_us"],
        ^^^^^^^^^^^^^^^^^^^^^^^^^^^^^^^^^^^^^^^^^^^^^^^^^^^^^^^^^^^^^^^^^^^^
        r["disk_queue_time_us"],r["latency_per_sec_us"],r["row_hash"]))
        ^^^^^^^^^^^^^^^^^^^^^^^^^^^^^^^^^^^^^^^^^^^^^^^^^^^^^^^^^^^^^^^
psycopg2.errors.NotNullViolation: null value in column "dbname" violates not-null constraint
DETAIL:  Failing row contains (17, null, null, null, null, EXADB, 4987.17, null, null, 342.40, 12.40, 42.03, 1.18, null, b06ea9de8dd369dee829b62811afa0fb, 2026-08-17 12:00:42.403137).

[2026-08-17 12:00:54] INFO     | exadata_db_io_summary_parser | ✅ Parsed 3 Database IO Summary rows
[2026-08-17 12:00:54] ERROR    | exadata_db_io_summary_parser | ❌ Database IO Summary insert failed: null value in column "dbname" violates not-null constraint
DETAIL:  Failing row contains (18, null, null, null, null, EXADB, 4987.17, null, null, 342.40, 12.40, 42.03, 1.18, null, b06ea9de8dd369dee829b62811afa0fb, 2026-08-17 12:00:54.219595).
Traceback (most recent call last):
  File "C:\AWR_Insight_Portal_v2\modules\awr\exadata_db_io_summary_parser.py", line 107, in insert_db_io_summary
    cur.execute(sql,(r["dbname"],r["instance"],r["begin_snap"],r["snap_time"],
    ~~~~~~~~~~~^^^^^^^^^^^^^^^^^^^^^^^^^^^^^^^^^^^^^^^^^^^^^^^^^^^^^^^^^^^^^^^
        r["db_name_consumer"],r["small_io_reqs_ps"],r["pct_flash"],r["pct_disk"],
        ^^^^^^^^^^^^^^^^^^^^^^^^^^^^^^^^^^^^^^^^^^^^^^^^^^^^^^^^^^^^^^^^^^^^^^^^^
        r["flash_latency_us"],r["disk_latency_us"],r["flash_queue_time_us"],
        ^^^^^^^^^^^^^^^^^^^^^^^^^^^^^^^^^^^^^^^^^^^^^^^^^^^^^^^^^^^^^^^^^^^^
        r["disk_queue_time_us"],r["latency_per_sec_us"],r["row_hash"]))
        ^^^^^^^^^^^^^^^^^^^^^^^^^^^^^^^^^^^^^^^^^^^^^^^^^^^^^^^^^^^^^^^
psycopg2.errors.NotNullViolation: null value in column "dbname" violates not-null constraint
DETAIL:  Failing row contains (18, null, null, null, null, EXADB, 4987.17, null, null, 342.40, 12.40, 42.03, 1.18, null, b06ea9de8dd369dee829b62811afa0fb, 2026-08-17 12:00:54.219595).

[2026-08-17 12:01:06] INFO     | exadata_db_io_summary_parser | ✅ Parsed 3 Database IO Summary rows
[2026-08-17 12:01:06] ERROR    | exadata_db_io_summary_parser | ❌ Database IO Summary insert failed: null value in column "dbname" violates not-null constraint
DETAIL:  Failing row contains (19, null, null, null, null, EXADB, 4987.17, null, null, 342.40, 12.40, 42.03, 1.18, null, b06ea9de8dd369dee829b62811afa0fb, 2026-08-17 12:01:06.179086).
Traceback (most recent call last):
  File "C:\AWR_Insight_Portal_v2\modules\awr\exadata_db_io_summary_parser.py", line 107, in insert_db_io_summary
    cur.execute(sql,(r["dbname"],r["instance"],r["begin_snap"],r["snap_time"],
    ~~~~~~~~~~~^^^^^^^^^^^^^^^^^^^^^^^^^^^^^^^^^^^^^^^^^^^^^^^^^^^^^^^^^^^^^^^
        r["db_name_consumer"],r["small_io_reqs_ps"],r["pct_flash"],r["pct_disk"],
        ^^^^^^^^^^^^^^^^^^^^^^^^^^^^^^^^^^^^^^^^^^^^^^^^^^^^^^^^^^^^^^^^^^^^^^^^^
        r["flash_latency_us"],r["disk_latency_us"],r["flash_queue_time_us"],
        ^^^^^^^^^^^^^^^^^^^^^^^^^^^^^^^^^^^^^^^^^^^^^^^^^^^^^^^^^^^^^^^^^^^^
        r["disk_queue_time_us"],r["latency_per_sec_us"],r["row_hash"]))
        ^^^^^^^^^^^^^^^^^^^^^^^^^^^^^^^^^^^^^^^^^^^^^^^^^^^^^^^^^^^^^^^
psycopg2.errors.NotNullViolation: null value in column "dbname" violates not-null constraint
DETAIL:  Failing row contains (19, null, null, null, null, EXADB, 4987.17, null, null, 342.40, 12.40, 42.03, 1.18, null, b06ea9de8dd369dee829b62811afa0fb, 2026-08-17 12:01:06.179086).

[2026-08-17 12:01:17] INFO     | exadata_db_io_summary_parser | ✅ Parsed 3 Database IO Summary rows
[2026-08-17 12:01:17] ERROR    | exadata_db_io_summary_parser | ❌ Database IO Summary insert failed: null value in column "dbname" violates not-null constraint
DETAIL:  Failing row contains (20, null, null, null, null, EXADB, 4987.17, null, null, 173.80, 5.12, 42.03, 1.18, null, b06ea9de8dd369dee829b62811afa0fb, 2026-08-17 12:01:17.801263).
Traceback (most recent call last):
  File "C:\AWR_Insight_Portal_v2\modules\awr\exadata_db_io_summary_parser.py", line 107, in insert_db_io_summary
    cur.execute(sql,(r["dbname"],r["instance"],r["begin_snap"],r["snap_time"],
    ~~~~~~~~~~~^^^^^^^^^^^^^^^^^^^^^^^^^^^^^^^^^^^^^^^^^^^^^^^^^^^^^^^^^^^^^^^
        r["db_name_consumer"],r["small_io_reqs_ps"],r["pct_flash"],r["pct_disk"],
        ^^^^^^^^^^^^^^^^^^^^^^^^^^^^^^^^^^^^^^^^^^^^^^^^^^^^^^^^^^^^^^^^^^^^^^^^^
        r["flash_latency_us"],r["disk_latency_us"],r["flash_queue_time_us"],
        ^^^^^^^^^^^^^^^^^^^^^^^^^^^^^^^^^^^^^^^^^^^^^^^^^^^^^^^^^^^^^^^^^^^^
        r["disk_queue_time_us"],r["latency_per_sec_us"],r["row_hash"]))
        ^^^^^^^^^^^^^^^^^^^^^^^^^^^^^^^^^^^^^^^^^^^^^^^^^^^^^^^^^^^^^^^
psycopg2.errors.NotNullViolation: null value in column "dbname" violates not-null constraint
DETAIL:  Failing row contains (20, null, null, null, null, EXADB, 4987.17, null, null, 173.80, 5.12, 42.03, 1.18, null, b06ea9de8dd369dee829b62811afa0fb, 2026-08-17 12:01:17.801263).

[2026-08-17 12:06:10] WARNING  | exadata_db_io_summary_parser | ⚠️  Database IO Summary section not found
[2026-08-17 12:07:42] WARNING  | exadata_db_io_summary_parser | ⚠️  Database IO Summary section not found
[2026-08-17 12:09:10] WARNING  | exadata_db_io_summary_parser | ⚠️  Database IO Summary section not found
[2026-08-17 12:10:45] WARNING  | exadata_db_io_summary_parser | ⚠️  Database IO Summary section not found
[2026-08-17 12:37:30] WARNING  | exadata_db_io_summary_parser | ⚠️  Database IO Summary section not found
[2026-08-17 12:39:06] WARNING  | exadata_db_io_summary_parser | ⚠️  Database IO Summary section not found
[2026-08-17 12:40:37] WARNING  | exadata_db_io_summary_parser | ⚠️  Database IO Summary section not found
[2026-08-17 12:42:13] WARNING  | exadata_db_io_summary_parser | ⚠️  Database IO Summary section not found
[2026-08-17 12:43:48] WARNING  | exadata_db_io_summary_parser | ⚠️  Database IO Summary section not found
[2026-08-17 13:26:31] WARNING  | exadata_db_io_summary_parser | ⚠️  Database IO Summary section not found
[2026-08-17 13:37:27] WARNING  | exadata_db_io_summary_parser | ⚠️  Database IO Summary section not found
[2026-08-17 13:38:55] WARNING  | exadata_db_io_summary_parser | ⚠️  Database IO Summary section not found
[2026-08-17 13:40:32] WARNING  | exadata_db_io_summary_parser | ⚠️  Database IO Summary section not found
[2026-08-17 13:42:14] WARNING  | exadata_db_io_summary_parser | ⚠️  Database IO Summary section not found
[2026-08-17 14:02:34] WARNING  | exadata_db_io_summary_parser | ⚠️  Database IO Summary section not found
[2026-08-17 14:04:14] WARNING  | exadata_db_io_summary_parser | ⚠️  Database IO Summary section not found
[2026-08-17 14:05:49] WARNING  | exadata_db_io_summary_parser | ⚠️  Database IO Summary section not found
[2026-08-17 14:07:29] WARNING  | exadata_db_io_summary_parser | ⚠️  Database IO Summary section not found
[2026-08-17 14:09:04] WARNING  | exadata_db_io_summary_parser | ⚠️  Database IO Summary section not found
[2026-08-17 14:10:41] WARNING  | exadata_db_io_summary_parser | ⚠️  Database IO Summary section not found
[2026-08-17 14:12:15] WARNING  | exadata_db_io_summary_parser | ⚠️  Database IO Summary section not found
[2026-08-17 14:14:47] WARNING  | exadata_db_io_summary_parser | ⚠️  Database IO Summary section not found
[2026-08-17 14:16:26] WARNING  | exadata_db_io_summary_parser | ⚠️  Database IO Summary section not found
[2026-08-17 14:33:08] WARNING  | exadata_db_io_summary_parser | ⚠️  Database IO Summary section not found
[2026-08-17 14:34:41] WARNING  | exadata_db_io_summary_parser | ⚠️  Database IO Summary section not found
[2026-08-17 14:36:11] WARNING  | exadata_db_io_summary_parser | ⚠️  Database IO Summary section not found
[2026-08-17 14:37:48] WARNING  | exadata_db_io_summary_parser | ⚠️  Database IO Summary section not found
[2026-08-17 14:39:21] WARNING  | exadata_db_io_summary_parser | ⚠️  Database IO Summary section not found
[2026-08-17 14:40:51] WARNING  | exadata_db_io_summary_parser | ⚠️  Database IO Summary section not found
[2026-08-17 14:42:19] WARNING  | exadata_db_io_summary_parser | ⚠️  Database IO Summary section not found
[2026-08-17 14:43:52] WARNING  | exadata_db_io_summary_parser | ⚠️  Database IO Summary section not found
[2026-08-17 14:45:24] WARNING  | exadata_db_io_summary_parser | ⚠️  Database IO Summary section not found
[2026-08-17 15:03:31] WARNING  | exadata_db_io_summary_parser | ⚠️  Database IO Summary section not found
[2026-08-17 15:05:04] WARNING  | exadata_db_io_summary_parser | ⚠️  Database IO Summary section not found
[2026-08-17 15:06:38] WARNING  | exadata_db_io_summary_parser | ⚠️  Database IO Summary section not found
[2026-08-17 15:08:14] WARNING  | exadata_db_io_summary_parser | ⚠️  Database IO Summary section not found
[2026-08-17 15:09:45] WARNING  | exadata_db_io_summary_parser | ⚠️  Database IO Summary section not found
[2026-08-17 15:11:15] WARNING  | exadata_db_io_summary_parser | ⚠️  Database IO Summary section not found
[2026-08-17 15:12:42] WARNING  | exadata_db_io_summary_parser | ⚠️  Database IO Summary section not found
[2026-08-17 15:14:15] WARNING  | exadata_db_io_summary_parser | ⚠️  Database IO Summary section not found
[2026-08-17 15:17:44] WARNING  | exadata_db_io_summary_parser | ⚠️  Database IO Summary section not found
[2026-08-17 15:19:20] WARNING  | exadata_db_io_summary_parser | ⚠️  Database IO Summary section not found
[2026-08-17 15:36:02] WARNING  | exadata_db_io_summary_parser | ⚠️  Database IO Summary section not found
[2026-08-17 15:37:32] WARNING  | exadata_db_io_summary_parser | ⚠️  Database IO Summary section not found
[2026-08-17 15:43:51] WARNING  | exadata_db_io_summary_parser | ⚠️  Database IO Summary section not found
[2026-08-17 15:45:25] WARNING  | exadata_db_io_summary_parser | ⚠️  Database IO Summary section not found
[2026-08-17 15:46:58] WARNING  | exadata_db_io_summary_parser | ⚠️  Database IO Summary section not found
[2026-08-17 15:48:34] WARNING  | exadata_db_io_summary_parser | ⚠️  Database IO Summary section not found
[2026-08-17 15:50:07] WARNING  | exadata_db_io_summary_parser | ⚠️  Database IO Summary section not found
[2026-08-17 15:51:44] WARNING  | exadata_db_io_summary_parser | ⚠️  Database IO Summary section not found
[2026-08-17 15:53:19] WARNING  | exadata_db_io_summary_parser | ⚠️  Database IO Summary section not found
[2026-08-17 15:54:53] WARNING  | exadata_db_io_summary_parser | ⚠️  Database IO Summary section not found
[2026-08-17 15:57:08] WARNING  | exadata_db_io_summary_parser | ⚠️  Database IO Summary section not found
[2026-08-17 16:06:47] WARNING  | exadata_db_io_summary_parser | ⚠️  Database IO Summary section not found
[2026-08-17 16:08:15] WARNING  | exadata_db_io_summary_parser | ⚠️  Database IO Summary section not found
[2026-08-17 16:09:44] WARNING  | exadata_db_io_summary_parser | ⚠️  Database IO Summary section not found
[2026-08-17 16:11:19] WARNING  | exadata_db_io_summary_parser | ⚠️  Database IO Summary section not found
[2026-08-17 16:12:48] WARNING  | exadata_db_io_summary_parser | ⚠️  Database IO Summary section not found
[2026-08-17 16:14:20] WARNING  | exadata_db_io_summary_parser | ⚠️  Database IO Summary section not found
[2026-08-17 16:15:34] WARNING  | exadata_db_io_summary_parser | ⚠️  Database IO Summary section not found
[2026-08-17 16:17:09] WARNING  | exadata_db_io_summary_parser | ⚠️  Database IO Summary section not found
[2026-08-17 16:18:41] WARNING  | exadata_db_io_summary_parser | ⚠️  Database IO Summary section not found
[2026-08-17 16:20:23] WARNING  | exadata_db_io_summary_parser | ⚠️  Database IO Summary section not found
[2026-08-17 16:21:33] INFO     | exadata_db_io_summary_parser | ✅ Parsed 3 Database IO Summary rows
[2026-08-17 16:21:33] INFO     | exadata_db_io_summary_parser | ✅ Inserted 3 rows into awr_exadata_db_io_summary
[2026-08-17 16:21:46] INFO     | exadata_db_io_summary_parser | ✅ Parsed 3 Database IO Summary rows
[2026-08-17 16:21:46] INFO     | exadata_db_io_summary_parser | ✅ Inserted 3 rows into awr_exadata_db_io_summary
[2026-08-17 16:21:55] WARNING  | exadata_db_io_summary_parser | ⚠️  Database IO Summary section not found
[2026-08-17 16:21:58] INFO     | exadata_db_io_summary_parser | ✅ Parsed 3 Database IO Summary rows
[2026-08-17 16:21:59] INFO     | exadata_db_io_summary_parser | ✅ Inserted 3 rows into awr_exadata_db_io_summary
[2026-08-17 16:22:11] INFO     | exadata_db_io_summary_parser | ✅ Parsed 3 Database IO Summary rows
[2026-08-17 16:22:11] INFO     | exadata_db_io_summary_parser | ✅ Inserted 3 rows into awr_exadata_db_io_summary
[2026-08-17 16:22:33] INFO     | exadata_db_io_summary_parser | ✅ Parsed 3 Database IO Summary rows
[2026-08-17 16:22:33] INFO     | exadata_db_io_summary_parser | ✅ Inserted 3 rows into awr_exadata_db_io_summary
[2026-08-17 16:22:45] INFO     | exadata_db_io_summary_parser | ✅ Parsed 3 Database IO Summary rows
[2026-08-17 16:22:46] INFO     | exadata_db_io_summary_parser | ✅ Inserted 3 rows into awr_exadata_db_io_summary
[2026-08-17 16:22:58] INFO     | exadata_db_io_summary_parser | ✅ Parsed 3 Database IO Summary rows
[2026-08-17 16:22:58] INFO     | exadata_db_io_summary_parser | ✅ Inserted 3 rows into awr_exadata_db_io_summary
[2026-08-17 16:23:11] INFO     | exadata_db_io_summary_parser | ✅ Parsed 3 Database IO Summary rows
[2026-08-17 16:23:11] INFO     | exadata_db_io_summary_parser | ✅ Inserted 3 rows into awr_exadata_db_io_summary
[2026-08-17 16:23:23] INFO     | exadata_db_io_summary_parser | ✅ Parsed 3 Database IO Summary rows
[2026-08-17 16:23:23] INFO     | exadata_db_io_summary_parser | ✅ Inserted 3 rows into awr_exadata_db_io_summary
[2026-08-17 16:23:27] WARNING  | exadata_db_io_summary_parser | ⚠️  Database IO Summary section not found
[2026-08-17 16:23:36] INFO     | exadata_db_io_summary_parser | ✅ Parsed 3 Database IO Summary rows
[2026-08-17 16:23:36] INFO     | exadata_db_io_summary_parser | ✅ Inserted 3 rows into awr_exadata_db_io_summary
[2026-08-17 16:23:48] INFO     | exadata_db_io_summary_parser | ✅ Parsed 3 Database IO Summary rows
[2026-08-17 16:23:48] INFO     | exadata_db_io_summary_parser | ✅ Inserted 3 rows into awr_exadata_db_io_summary
[2026-08-17 16:24:01] INFO     | exadata_db_io_summary_parser | ✅ Parsed 3 Database IO Summary rows
[2026-08-17 16:24:01] INFO     | exadata_db_io_summary_parser | ✅ Inserted 3 rows into awr_exadata_db_io_summary
[2026-08-17 16:24:14] INFO     | exadata_db_io_summary_parser | ✅ Parsed 3 Database IO Summary rows
[2026-08-17 16:24:14] INFO     | exadata_db_io_summary_parser | ✅ Inserted 3 rows into awr_exadata_db_io_summary
[2026-08-17 16:24:26] INFO     | exadata_db_io_summary_parser | ✅ Parsed 3 Database IO Summary rows
[2026-08-17 16:24:26] INFO     | exadata_db_io_summary_parser | ✅ Inserted 3 rows into awr_exadata_db_io_summary
[2026-08-17 16:24:39] INFO     | exadata_db_io_summary_parser | ✅ Parsed 3 Database IO Summary rows
[2026-08-17 16:24:39] INFO     | exadata_db_io_summary_parser | ✅ Inserted 3 rows into awr_exadata_db_io_summary
[2026-08-17 16:24:51] INFO     | exadata_db_io_summary_parser | ✅ Parsed 3 Database IO Summary rows
[2026-08-17 16:24:51] INFO     | exadata_db_io_summary_parser | ✅ Inserted 3 rows into awr_exadata_db_io_summary
[2026-08-17 16:25:04] INFO     | exadata_db_io_summary_parser | ✅ Parsed 3 Database IO Summary rows
[2026-08-17 16:25:04] INFO     | exadata_db_io_summary_parser | ✅ Inserted 3 rows into awr_exadata_db_io_summary
[2026-08-17 16:25:16] INFO     | exadata_db_io_summary_parser | ✅ Parsed 3 Database IO Summary rows
[2026-08-17 16:25:16] INFO     | exadata_db_io_summary_parser | ✅ Inserted 3 rows into awr_exadata_db_io_summary
[2026-08-17 16:25:29] INFO     | exadata_db_io_summary_parser | ✅ Parsed 3 Database IO Summary rows
[2026-08-17 16:25:29] INFO     | exadata_db_io_summary_parser | ✅ Inserted 3 rows into awr_exadata_db_io_summary
[2026-08-17 16:25:42] INFO     | exadata_db_io_summary_parser | ✅ Parsed 3 Database IO Summary rows
[2026-08-17 16:25:42] INFO     | exadata_db_io_summary_parser | ✅ Inserted 3 rows into awr_exadata_db_io_summary
[2026-08-17 16:40:22] WARNING  | exadata_db_io_summary_parser | ⚠️  Database IO Summary section not found
[2026-08-17 16:41:56] WARNING  | exadata_db_io_summary_parser | ⚠️  Database IO Summary section not found
[2026-08-17 16:43:27] WARNING  | exadata_db_io_summary_parser | ⚠️  Database IO Summary section not found
[2026-08-17 16:45:02] WARNING  | exadata_db_io_summary_parser | ⚠️  Database IO Summary section not found
[2026-08-17 16:46:33] WARNING  | exadata_db_io_summary_parser | ⚠️  Database IO Summary section not found
[2026-08-17 16:48:03] WARNING  | exadata_db_io_summary_parser | ⚠️  Database IO Summary section not found
[2026-08-17 16:49:35] WARNING  | exadata_db_io_summary_parser | ⚠️  Database IO Summary section not found
[2026-08-17 16:51:12] WARNING  | exadata_db_io_summary_parser | ⚠️  Database IO Summary section not found
[2026-08-17 16:52:42] WARNING  | exadata_db_io_summary_parser | ⚠️  Database IO Summary section not found
[2026-08-17 16:54:19] WARNING  | exadata_db_io_summary_parser | ⚠️  Database IO Summary section not found
[2026-08-17 16:55:49] WARNING  | exadata_db_io_summary_parser | ⚠️  Database IO Summary section not found
[2026-08-17 16:57:24] WARNING  | exadata_db_io_summary_parser | ⚠️  Database IO Summary section not found
[2026-08-17 16:58:53] WARNING  | exadata_db_io_summary_parser | ⚠️  Database IO Summary section not found
[2026-08-17 17:11:06] WARNING  | exadata_db_io_summary_parser | ⚠️  Database IO Summary section not found
[2026-08-17 17:12:38] WARNING  | exadata_db_io_summary_parser | ⚠️  Database IO Summary section not found
[2026-08-17 17:14:09] WARNING  | exadata_db_io_summary_parser | ⚠️  Database IO Summary section not found
[2026-08-17 17:15:43] WARNING  | exadata_db_io_summary_parser | ⚠️  Database IO Summary section not found
[2026-08-17 17:17:13] WARNING  | exadata_db_io_summary_parser | ⚠️  Database IO Summary section not found
[2026-08-17 17:18:51] WARNING  | exadata_db_io_summary_parser | ⚠️  Database IO Summary section not found
[2026-08-17 17:20:20] WARNING  | exadata_db_io_summary_parser | ⚠️  Database IO Summary section not found
[2026-08-17 17:21:55] WARNING  | exadata_db_io_summary_parser | ⚠️  Database IO Summary section not found
[2026-08-17 17:23:28] WARNING  | exadata_db_io_summary_parser | ⚠️  Database IO Summary section not found
[2026-08-17 17:25:02] WARNING  | exadata_db_io_summary_parser | ⚠️  Database IO Summary section not found
[2026-08-17 17:26:32] WARNING  | exadata_db_io_summary_parser | ⚠️  Database IO Summary section not found
[2026-08-17 17:28:06] WARNING  | exadata_db_io_summary_parser | ⚠️  Database IO Summary section not found
[2026-08-17 17:29:35] WARNING  | exadata_db_io_summary_parser | ⚠️  Database IO Summary section not found
[2026-08-17 17:31:04] WARNING  | exadata_db_io_summary_parser | ⚠️  Database IO Summary section not found
[2026-08-17 17:41:52] WARNING  | exadata_db_io_summary_parser | ⚠️  Database IO Summary section not found
[2026-08-17 17:43:28] WARNING  | exadata_db_io_summary_parser | ⚠️  Database IO Summary section not found
[2026-08-17 17:45:01] WARNING  | exadata_db_io_summary_parser | ⚠️  Database IO Summary section not found
[2026-08-17 17:46:36] WARNING  | exadata_db_io_summary_parser | ⚠️  Database IO Summary section not found
[2026-08-17 17:48:06] WARNING  | exadata_db_io_summary_parser | ⚠️  Database IO Summary section not found
[2026-08-17 17:49:36] WARNING  | exadata_db_io_summary_parser | ⚠️  Database IO Summary section not found
[2026-08-17 18:15:14] WARNING  | exadata_db_io_summary_parser | ⚠️  Database IO Summary section not found
[2026-08-18 09:35:47] WARNING  | exadata_db_io_summary_parser | ⚠️  Database IO Summary section not found
[2026-08-18 09:37:00] WARNING  | exadata_db_io_summary_parser | ⚠️  Database IO Summary section not found
[2026-08-18 09:38:41] WARNING  | exadata_db_io_summary_parser | ⚠️  Database IO Summary section not found
[2026-08-18 09:40:15] WARNING  | exadata_db_io_summary_parser | ⚠️  Database IO Summary section not found
[2026-08-18 09:41:52] WARNING  | exadata_db_io_summary_parser | ⚠️  Database IO Summary section not found
[2026-08-18 09:43:17] WARNING  | exadata_db_io_summary_parser | ⚠️  Database IO Summary section not found
[2026-08-18 09:44:38] WARNING  | exadata_db_io_summary_parser | ⚠️  Database IO Summary section not found
[2026-08-18 09:46:03] WARNING  | exadata_db_io_summary_parser | ⚠️  Database IO Summary section not found
[2026-08-18 09:47:40] WARNING  | exadata_db_io_summary_parser | ⚠️  Database IO Summary section not found
[2026-08-18 09:49:10] WARNING  | exadata_db_io_summary_parser | ⚠️  Database IO Summary section not found
[2026-08-18 09:50:37] WARNING  | exadata_db_io_summary_parser | ⚠️  Database IO Summary section not found
[2026-08-18 09:52:05] WARNING  | exadata_db_io_summary_parser | ⚠️  Database IO Summary section not found
[2026-08-18 09:53:45] WARNING  | exadata_db_io_summary_parser | ⚠️  Database IO Summary section not found
[2026-08-18 09:55:28] WARNING  | exadata_db_io_summary_parser | ⚠️  Database IO Summary section not found
[2026-08-18 09:57:19] WARNING  | exadata_db_io_summary_parser | ⚠️  Database IO Summary section not found
[2026-08-18 09:59:04] WARNING  | exadata_db_io_summary_parser | ⚠️  Database IO Summary section not found
[2026-08-18 10:00:34] WARNING  | exadata_db_io_summary_parser | ⚠️  Database IO Summary section not found
[2026-08-18 10:02:09] WARNING  | exadata_db_io_summary_parser | ⚠️  Database IO Summary section not found
[2026-08-18 10:03:34] WARNING  | exadata_db_io_summary_parser | ⚠️  Database IO Summary section not found
[2026-08-18 10:05:01] WARNING  | exadata_db_io_summary_parser | ⚠️  Database IO Summary section not found
[2026-08-18 10:06:52] WARNING  | exadata_db_io_summary_parser | ⚠️  Database IO Summary section not found
[2026-08-18 10:08:36] WARNING  | exadata_db_io_summary_parser | ⚠️  Database IO Summary section not found
[2026-08-18 10:10:02] WARNING  | exadata_db_io_summary_parser | ⚠️  Database IO Summary section not found
[2026-08-18 10:11:32] WARNING  | exadata_db_io_summary_parser | ⚠️  Database IO Summary section not found
[2026-08-18 10:31:05] WARNING  | exadata_db_io_summary_parser | ⚠️  Database IO Summary section not found
[2026-08-18 11:01:11] WARNING  | exadata_db_io_summary_parser | ⚠️  Database IO Summary section not found
[2026-08-18 11:02:50] WARNING  | exadata_db_io_summary_parser | ⚠️  Database IO Summary section not found
[2026-08-18 11:31:08] WARNING  | exadata_db_io_summary_parser | ⚠️  Database IO Summary section not found
[2026-08-18 11:32:39] WARNING  | exadata_db_io_summary_parser | ⚠️  Database IO Summary section not found
[2026-08-18 11:34:06] WARNING  | exadata_db_io_summary_parser | ⚠️  Database IO Summary section not found
[2026-08-18 12:02:36] WARNING  | exadata_db_io_summary_parser | ⚠️  Database IO Summary section not found
[2026-08-18 12:04:10] WARNING  | exadata_db_io_summary_parser | ⚠️  Database IO Summary section not found
[2026-08-18 12:05:41] WARNING  | exadata_db_io_summary_parser | ⚠️  Database IO Summary section not found
[2026-08-18 12:07:10] WARNING  | exadata_db_io_summary_parser | ⚠️  Database IO Summary section not found
[2026-08-18 12:32:53] WARNING  | exadata_db_io_summary_parser | ⚠️  Database IO Summary section not found
[2026-08-18 12:34:25] WARNING  | exadata_db_io_summary_parser | ⚠️  Database IO Summary section not found
[2026-08-18 12:36:00] WARNING  | exadata_db_io_summary_parser | ⚠️  Database IO Summary section not found
[2026-08-18 12:37:32] WARNING  | exadata_db_io_summary_parser | ⚠️  Database IO Summary section not found
[2026-08-18 12:39:09] WARNING  | exadata_db_io_summary_parser | ⚠️  Database IO Summary section not found
[2026-08-18 13:05:26] WARNING  | exadata_db_io_summary_parser | ⚠️  Database IO Summary section not found
[2026-08-18 13:06:55] WARNING  | exadata_db_io_summary_parser | ⚠️  Database IO Summary section not found
[2026-08-18 13:08:28] WARNING  | exadata_db_io_summary_parser | ⚠️  Database IO Summary section not found
[2026-08-18 13:09:58] WARNING  | exadata_db_io_summary_parser | ⚠️  Database IO Summary section not found
[2026-08-18 13:11:33] WARNING  | exadata_db_io_summary_parser | ⚠️  Database IO Summary section not found
[2026-08-18 13:13:07] WARNING  | exadata_db_io_summary_parser | ⚠️  Database IO Summary section not found
[2026-08-18 13:54:32] WARNING  | exadata_db_io_summary_parser | ⚠️  Database IO Summary section not found
[2026-08-18 13:56:08] WARNING  | exadata_db_io_summary_parser | ⚠️  Database IO Summary section not found
[2026-08-18 13:57:42] WARNING  | exadata_db_io_summary_parser | ⚠️  Database IO Summary section not found
[2026-08-18 13:59:10] WARNING  | exadata_db_io_summary_parser | ⚠️  Database IO Summary section not found
[2026-08-18 14:10:06] WARNING  | exadata_db_io_summary_parser | ⚠️  Database IO Summary section not found
[2026-08-18 14:11:42] WARNING  | exadata_db_io_summary_parser | ⚠️  Database IO Summary section not found
[2026-08-18 14:13:12] WARNING  | exadata_db_io_summary_parser | ⚠️  Database IO Summary section not found
