[2026-08-17 11:57:35] INFO     | exadata_alerts_parser | ✅ Parsed Exadata Alerts: has_alerts=False, count=0
[2026-08-17 11:57:35] ERROR    | exadata_alerts_parser | ❌ Alerts insert failed: null value in column "dbname" violates not-null constraint
DETAIL:  Failing row contains (1, null, null, null, 0, f, No open alerts., 39a7be3edaebc920d152c0783aef5022, 2026-08-17 11:57:35.646524).
Traceback (most recent call last):
  File "C:\AWR_Insight_Portal_v2\modules\awr\exadata_alerts_parser.py", line 62, in insert_alerts
    cur.execute(sql,(r["dbname"],r["begin_snap"],r["snap_time"],
    ~~~~~~~~~~~^^^^^^^^^^^^^^^^^^^^^^^^^^^^^^^^^^^^^^^^^^^^^^^^^
        r["alert_count"],r["has_open_alerts"],r["alert_text"],r["row_hash"]))
        ^^^^^^^^^^^^^^^^^^^^^^^^^^^^^^^^^^^^^^^^^^^^^^^^^^^^^^^^^^^^^^^^^^^^^
psycopg2.errors.NotNullViolation: null value in column "dbname" violates not-null constraint
DETAIL:  Failing row contains (1, null, null, null, 0, f, No open alerts., 39a7be3edaebc920d152c0783aef5022, 2026-08-17 11:57:35.646524).

[2026-08-17 11:57:47] INFO     | exadata_alerts_parser | ✅ Parsed Exadata Alerts: has_alerts=False, count=0
[2026-08-17 11:57:47] ERROR    | exadata_alerts_parser | ❌ Alerts insert failed: null value in column "dbname" violates not-null constraint
DETAIL:  Failing row contains (2, null, null, null, 0, f, No open alerts., 39a7be3edaebc920d152c0783aef5022, 2026-08-17 11:57:47.46426).
Traceback (most recent call last):
  File "C:\AWR_Insight_Portal_v2\modules\awr\exadata_alerts_parser.py", line 62, in insert_alerts
    cur.execute(sql,(r["dbname"],r["begin_snap"],r["snap_time"],
    ~~~~~~~~~~~^^^^^^^^^^^^^^^^^^^^^^^^^^^^^^^^^^^^^^^^^^^^^^^^^
        r["alert_count"],r["has_open_alerts"],r["alert_text"],r["row_hash"]))
        ^^^^^^^^^^^^^^^^^^^^^^^^^^^^^^^^^^^^^^^^^^^^^^^^^^^^^^^^^^^^^^^^^^^^^
psycopg2.errors.NotNullViolation: null value in column "dbname" violates not-null constraint
DETAIL:  Failing row contains (2, null, null, null, 0, f, No open alerts., 39a7be3edaebc920d152c0783aef5022, 2026-08-17 11:57:47.46426).

[2026-08-17 11:57:59] INFO     | exadata_alerts_parser | ✅ Parsed Exadata Alerts: has_alerts=False, count=0
[2026-08-17 11:57:59] ERROR    | exadata_alerts_parser | ❌ Alerts insert failed: null value in column "dbname" violates not-null constraint
DETAIL:  Failing row contains (3, null, null, null, 0, f, No open alerts., 39a7be3edaebc920d152c0783aef5022, 2026-08-17 11:57:59.160603).
Traceback (most recent call last):
  File "C:\AWR_Insight_Portal_v2\modules\awr\exadata_alerts_parser.py", line 62, in insert_alerts
    cur.execute(sql,(r["dbname"],r["begin_snap"],r["snap_time"],
    ~~~~~~~~~~~^^^^^^^^^^^^^^^^^^^^^^^^^^^^^^^^^^^^^^^^^^^^^^^^^
        r["alert_count"],r["has_open_alerts"],r["alert_text"],r["row_hash"]))
        ^^^^^^^^^^^^^^^^^^^^^^^^^^^^^^^^^^^^^^^^^^^^^^^^^^^^^^^^^^^^^^^^^^^^^
psycopg2.errors.NotNullViolation: null value in column "dbname" violates not-null constraint
DETAIL:  Failing row contains (3, null, null, null, 0, f, No open alerts., 39a7be3edaebc920d152c0783aef5022, 2026-08-17 11:57:59.160603).

[2026-08-17 11:58:10] INFO     | exadata_alerts_parser | ✅ Parsed Exadata Alerts: has_alerts=False, count=0
[2026-08-17 11:58:10] ERROR    | exadata_alerts_parser | ❌ Alerts insert failed: null value in column "dbname" violates not-null constraint
DETAIL:  Failing row contains (4, null, null, null, 0, f, No open alerts., 39a7be3edaebc920d152c0783aef5022, 2026-08-17 11:58:10.607975).
Traceback (most recent call last):
  File "C:\AWR_Insight_Portal_v2\modules\awr\exadata_alerts_parser.py", line 62, in insert_alerts
    cur.execute(sql,(r["dbname"],r["begin_snap"],r["snap_time"],
    ~~~~~~~~~~~^^^^^^^^^^^^^^^^^^^^^^^^^^^^^^^^^^^^^^^^^^^^^^^^^
        r["alert_count"],r["has_open_alerts"],r["alert_text"],r["row_hash"]))
        ^^^^^^^^^^^^^^^^^^^^^^^^^^^^^^^^^^^^^^^^^^^^^^^^^^^^^^^^^^^^^^^^^^^^^
psycopg2.errors.NotNullViolation: null value in column "dbname" violates not-null constraint
DETAIL:  Failing row contains (4, null, null, null, 0, f, No open alerts., 39a7be3edaebc920d152c0783aef5022, 2026-08-17 11:58:10.607975).

[2026-08-17 11:58:21] INFO     | exadata_alerts_parser | ✅ Parsed Exadata Alerts: has_alerts=False, count=0
[2026-08-17 11:58:21] ERROR    | exadata_alerts_parser | ❌ Alerts insert failed: null value in column "dbname" violates not-null constraint
DETAIL:  Failing row contains (5, null, null, null, 0, f, No open alerts., 39a7be3edaebc920d152c0783aef5022, 2026-08-17 11:58:21.871676).
Traceback (most recent call last):
  File "C:\AWR_Insight_Portal_v2\modules\awr\exadata_alerts_parser.py", line 62, in insert_alerts
    cur.execute(sql,(r["dbname"],r["begin_snap"],r["snap_time"],
    ~~~~~~~~~~~^^^^^^^^^^^^^^^^^^^^^^^^^^^^^^^^^^^^^^^^^^^^^^^^^
        r["alert_count"],r["has_open_alerts"],r["alert_text"],r["row_hash"]))
        ^^^^^^^^^^^^^^^^^^^^^^^^^^^^^^^^^^^^^^^^^^^^^^^^^^^^^^^^^^^^^^^^^^^^^
psycopg2.errors.NotNullViolation: null value in column "dbname" violates not-null constraint
DETAIL:  Failing row contains (5, null, null, null, 0, f, No open alerts., 39a7be3edaebc920d152c0783aef5022, 2026-08-17 11:58:21.871676).

[2026-08-17 11:58:32] INFO     | exadata_alerts_parser | ✅ Parsed Exadata Alerts: has_alerts=False, count=0
[2026-08-17 11:58:32] ERROR    | exadata_alerts_parser | ❌ Alerts insert failed: null value in column "dbname" violates not-null constraint
DETAIL:  Failing row contains (6, null, null, null, 0, f, No open alerts., 39a7be3edaebc920d152c0783aef5022, 2026-08-17 11:58:32.787355).
Traceback (most recent call last):
  File "C:\AWR_Insight_Portal_v2\modules\awr\exadata_alerts_parser.py", line 62, in insert_alerts
    cur.execute(sql,(r["dbname"],r["begin_snap"],r["snap_time"],
    ~~~~~~~~~~~^^^^^^^^^^^^^^^^^^^^^^^^^^^^^^^^^^^^^^^^^^^^^^^^^
        r["alert_count"],r["has_open_alerts"],r["alert_text"],r["row_hash"]))
        ^^^^^^^^^^^^^^^^^^^^^^^^^^^^^^^^^^^^^^^^^^^^^^^^^^^^^^^^^^^^^^^^^^^^^
psycopg2.errors.NotNullViolation: null value in column "dbname" violates not-null constraint
DETAIL:  Failing row contains (6, null, null, null, 0, f, No open alerts., 39a7be3edaebc920d152c0783aef5022, 2026-08-17 11:58:32.787355).

[2026-08-17 11:58:43] INFO     | exadata_alerts_parser | ✅ Parsed Exadata Alerts: has_alerts=True, count=1
[2026-08-17 11:58:43] ERROR    | exadata_alerts_parser | ❌ Alerts insert failed: null value in column "dbname" violates not-null constraint
DETAIL:  Failing row contains (7, null, null, null, 1, t, WARNING: Flash Cache is flushing on all cells, 39a7be3edaebc920d152c0783aef5022, 2026-08-17 11:58:43.934053).
Traceback (most recent call last):
  File "C:\AWR_Insight_Portal_v2\modules\awr\exadata_alerts_parser.py", line 62, in insert_alerts
    cur.execute(sql,(r["dbname"],r["begin_snap"],r["snap_time"],
    ~~~~~~~~~~~^^^^^^^^^^^^^^^^^^^^^^^^^^^^^^^^^^^^^^^^^^^^^^^^^
        r["alert_count"],r["has_open_alerts"],r["alert_text"],r["row_hash"]))
        ^^^^^^^^^^^^^^^^^^^^^^^^^^^^^^^^^^^^^^^^^^^^^^^^^^^^^^^^^^^^^^^^^^^^^
psycopg2.errors.NotNullViolation: null value in column "dbname" violates not-null constraint
DETAIL:  Failing row contains (7, null, null, null, 1, t, WARNING: Flash Cache is flushing on all cells, 39a7be3edaebc920d152c0783aef5022, 2026-08-17 11:58:43.934053).

[2026-08-17 11:58:55] INFO     | exadata_alerts_parser | ✅ Parsed Exadata Alerts: has_alerts=True, count=1
[2026-08-17 11:58:55] ERROR    | exadata_alerts_parser | ❌ Alerts insert failed: null value in column "dbname" violates not-null constraint
DETAIL:  Failing row contains (8, null, null, null, 1, t, WARNING: Multiple performance degradation indicators active, 39a7be3edaebc920d152c0783aef5022, 2026-08-17 11:58:55.945536).
Traceback (most recent call last):
  File "C:\AWR_Insight_Portal_v2\modules\awr\exadata_alerts_parser.py", line 62, in insert_alerts
    cur.execute(sql,(r["dbname"],r["begin_snap"],r["snap_time"],
    ~~~~~~~~~~~^^^^^^^^^^^^^^^^^^^^^^^^^^^^^^^^^^^^^^^^^^^^^^^^^
        r["alert_count"],r["has_open_alerts"],r["alert_text"],r["row_hash"]))
        ^^^^^^^^^^^^^^^^^^^^^^^^^^^^^^^^^^^^^^^^^^^^^^^^^^^^^^^^^^^^^^^^^^^^^
psycopg2.errors.NotNullViolation: null value in column "dbname" violates not-null constraint
DETAIL:  Failing row contains (8, null, null, null, 1, t, WARNING: Multiple performance degradation indicators active, 39a7be3edaebc920d152c0783aef5022, 2026-08-17 11:58:55.945536).

[2026-08-17 11:59:08] INFO     | exadata_alerts_parser | ✅ Parsed Exadata Alerts: has_alerts=False, count=0
[2026-08-17 11:59:08] ERROR    | exadata_alerts_parser | ❌ Alerts insert failed: null value in column "dbname" violates not-null constraint
DETAIL:  Failing row contains (9, null, null, null, 0, f, No open alerts., 39a7be3edaebc920d152c0783aef5022, 2026-08-17 11:59:08.336464).
Traceback (most recent call last):
  File "C:\AWR_Insight_Portal_v2\modules\awr\exadata_alerts_parser.py", line 62, in insert_alerts
    cur.execute(sql,(r["dbname"],r["begin_snap"],r["snap_time"],
    ~~~~~~~~~~~^^^^^^^^^^^^^^^^^^^^^^^^^^^^^^^^^^^^^^^^^^^^^^^^^
        r["alert_count"],r["has_open_alerts"],r["alert_text"],r["row_hash"]))
        ^^^^^^^^^^^^^^^^^^^^^^^^^^^^^^^^^^^^^^^^^^^^^^^^^^^^^^^^^^^^^^^^^^^^^
psycopg2.errors.NotNullViolation: null value in column "dbname" violates not-null constraint
DETAIL:  Failing row contains (9, null, null, null, 0, f, No open alerts., 39a7be3edaebc920d152c0783aef5022, 2026-08-17 11:59:08.336464).

[2026-08-17 11:59:19] INFO     | exadata_alerts_parser | ✅ Parsed Exadata Alerts: has_alerts=False, count=0
[2026-08-17 11:59:20] ERROR    | exadata_alerts_parser | ❌ Alerts insert failed: null value in column "dbname" violates not-null constraint
DETAIL:  Failing row contains (10, null, null, null, 0, f, No open alerts., 39a7be3edaebc920d152c0783aef5022, 2026-08-17 11:59:20.037949).
Traceback (most recent call last):
  File "C:\AWR_Insight_Portal_v2\modules\awr\exadata_alerts_parser.py", line 62, in insert_alerts
    cur.execute(sql,(r["dbname"],r["begin_snap"],r["snap_time"],
    ~~~~~~~~~~~^^^^^^^^^^^^^^^^^^^^^^^^^^^^^^^^^^^^^^^^^^^^^^^^^
        r["alert_count"],r["has_open_alerts"],r["alert_text"],r["row_hash"]))
        ^^^^^^^^^^^^^^^^^^^^^^^^^^^^^^^^^^^^^^^^^^^^^^^^^^^^^^^^^^^^^^^^^^^^^
psycopg2.errors.NotNullViolation: null value in column "dbname" violates not-null constraint
DETAIL:  Failing row contains (10, null, null, null, 0, f, No open alerts., 39a7be3edaebc920d152c0783aef5022, 2026-08-17 11:59:20.037949).

[2026-08-17 11:59:31] INFO     | exadata_alerts_parser | ✅ Parsed Exadata Alerts: has_alerts=True, count=1
[2026-08-17 11:59:31] ERROR    | exadata_alerts_parser | ❌ Alerts insert failed: null value in column "dbname" violates not-null constraint
DETAIL:  Failing row contains (11, null, null, null, 1, t, WARNING: Large Write rejections detected — Global Limit exceed..., 39a7be3edaebc920d152c0783aef5022, 2026-08-17 11:59:31.164933).
Traceback (most recent call last):
  File "C:\AWR_Insight_Portal_v2\modules\awr\exadata_alerts_parser.py", line 62, in insert_alerts
    cur.execute(sql,(r["dbname"],r["begin_snap"],r["snap_time"],
    ~~~~~~~~~~~^^^^^^^^^^^^^^^^^^^^^^^^^^^^^^^^^^^^^^^^^^^^^^^^^
        r["alert_count"],r["has_open_alerts"],r["alert_text"],r["row_hash"]))
        ^^^^^^^^^^^^^^^^^^^^^^^^^^^^^^^^^^^^^^^^^^^^^^^^^^^^^^^^^^^^^^^^^^^^^
psycopg2.errors.NotNullViolation: null value in column "dbname" violates not-null constraint
DETAIL:  Failing row contains (11, null, null, null, 1, t, WARNING: Large Write rejections detected — Global Limit exceed..., 39a7be3edaebc920d152c0783aef5022, 2026-08-17 11:59:31.164933).

[2026-08-17 11:59:42] INFO     | exadata_alerts_parser | ✅ Parsed Exadata Alerts: has_alerts=False, count=0
[2026-08-17 11:59:42] ERROR    | exadata_alerts_parser | ❌ Alerts insert failed: null value in column "dbname" violates not-null constraint
DETAIL:  Failing row contains (12, null, null, null, 0, f, No open alerts., 39a7be3edaebc920d152c0783aef5022, 2026-08-17 11:59:42.424546).
Traceback (most recent call last):
  File "C:\AWR_Insight_Portal_v2\modules\awr\exadata_alerts_parser.py", line 62, in insert_alerts
    cur.execute(sql,(r["dbname"],r["begin_snap"],r["snap_time"],
    ~~~~~~~~~~~^^^^^^^^^^^^^^^^^^^^^^^^^^^^^^^^^^^^^^^^^^^^^^^^^
        r["alert_count"],r["has_open_alerts"],r["alert_text"],r["row_hash"]))
        ^^^^^^^^^^^^^^^^^^^^^^^^^^^^^^^^^^^^^^^^^^^^^^^^^^^^^^^^^^^^^^^^^^^^^
psycopg2.errors.NotNullViolation: null value in column "dbname" violates not-null constraint
DETAIL:  Failing row contains (12, null, null, null, 0, f, No open alerts., 39a7be3edaebc920d152c0783aef5022, 2026-08-17 11:59:42.424546).

[2026-08-17 11:59:53] INFO     | exadata_alerts_parser | ✅ Parsed Exadata Alerts: has_alerts=True, count=1
[2026-08-17 11:59:53] ERROR    | exadata_alerts_parser | ❌ Alerts insert failed: null value in column "dbname" violates not-null constraint
DETAIL:  Failing row contains (13, null, null, null, 1, t, WARNING: Multiple performance degradation indicators active, 39a7be3edaebc920d152c0783aef5022, 2026-08-17 11:59:53.559609).
Traceback (most recent call last):
  File "C:\AWR_Insight_Portal_v2\modules\awr\exadata_alerts_parser.py", line 62, in insert_alerts
    cur.execute(sql,(r["dbname"],r["begin_snap"],r["snap_time"],
    ~~~~~~~~~~~^^^^^^^^^^^^^^^^^^^^^^^^^^^^^^^^^^^^^^^^^^^^^^^^^
        r["alert_count"],r["has_open_alerts"],r["alert_text"],r["row_hash"]))
        ^^^^^^^^^^^^^^^^^^^^^^^^^^^^^^^^^^^^^^^^^^^^^^^^^^^^^^^^^^^^^^^^^^^^^
psycopg2.errors.NotNullViolation: null value in column "dbname" violates not-null constraint
DETAIL:  Failing row contains (13, null, null, null, 1, t, WARNING: Multiple performance degradation indicators active, 39a7be3edaebc920d152c0783aef5022, 2026-08-17 11:59:53.559609).

[2026-08-17 12:00:04] INFO     | exadata_alerts_parser | ✅ Parsed Exadata Alerts: has_alerts=False, count=0
[2026-08-17 12:00:04] ERROR    | exadata_alerts_parser | ❌ Alerts insert failed: null value in column "dbname" violates not-null constraint
DETAIL:  Failing row contains (14, null, null, null, 0, f, No open alerts., 39a7be3edaebc920d152c0783aef5022, 2026-08-17 12:00:04.763807).
Traceback (most recent call last):
  File "C:\AWR_Insight_Portal_v2\modules\awr\exadata_alerts_parser.py", line 62, in insert_alerts
    cur.execute(sql,(r["dbname"],r["begin_snap"],r["snap_time"],
    ~~~~~~~~~~~^^^^^^^^^^^^^^^^^^^^^^^^^^^^^^^^^^^^^^^^^^^^^^^^^
        r["alert_count"],r["has_open_alerts"],r["alert_text"],r["row_hash"]))
        ^^^^^^^^^^^^^^^^^^^^^^^^^^^^^^^^^^^^^^^^^^^^^^^^^^^^^^^^^^^^^^^^^^^^^
psycopg2.errors.NotNullViolation: null value in column "dbname" violates not-null constraint
DETAIL:  Failing row contains (14, null, null, null, 0, f, No open alerts., 39a7be3edaebc920d152c0783aef5022, 2026-08-17 12:00:04.763807).

[2026-08-17 12:00:16] INFO     | exadata_alerts_parser | ✅ Parsed Exadata Alerts: has_alerts=True, count=1
[2026-08-17 12:00:16] ERROR    | exadata_alerts_parser | ❌ Alerts insert failed: null value in column "dbname" violates not-null constraint
DETAIL:  Failing row contains (15, null, null, null, 1, t, WARNING: Large Write rejections detected — Global Limit exceed..., 39a7be3edaebc920d152c0783aef5022, 2026-08-17 12:00:16.941699).
Traceback (most recent call last):
  File "C:\AWR_Insight_Portal_v2\modules\awr\exadata_alerts_parser.py", line 62, in insert_alerts
    cur.execute(sql,(r["dbname"],r["begin_snap"],r["snap_time"],
    ~~~~~~~~~~~^^^^^^^^^^^^^^^^^^^^^^^^^^^^^^^^^^^^^^^^^^^^^^^^^
        r["alert_count"],r["has_open_alerts"],r["alert_text"],r["row_hash"]))
        ^^^^^^^^^^^^^^^^^^^^^^^^^^^^^^^^^^^^^^^^^^^^^^^^^^^^^^^^^^^^^^^^^^^^^
psycopg2.errors.NotNullViolation: null value in column "dbname" violates not-null constraint
DETAIL:  Failing row contains (15, null, null, null, 1, t, WARNING: Large Write rejections detected — Global Limit exceed..., 39a7be3edaebc920d152c0783aef5022, 2026-08-17 12:00:16.941699).

[2026-08-17 12:00:29] INFO     | exadata_alerts_parser | ✅ Parsed Exadata Alerts: has_alerts=False, count=0
[2026-08-17 12:00:29] ERROR    | exadata_alerts_parser | ❌ Alerts insert failed: null value in column "dbname" violates not-null constraint
DETAIL:  Failing row contains (16, null, null, null, 0, f, No open alerts., 39a7be3edaebc920d152c0783aef5022, 2026-08-17 12:00:29.268668).
Traceback (most recent call last):
  File "C:\AWR_Insight_Portal_v2\modules\awr\exadata_alerts_parser.py", line 62, in insert_alerts
    cur.execute(sql,(r["dbname"],r["begin_snap"],r["snap_time"],
    ~~~~~~~~~~~^^^^^^^^^^^^^^^^^^^^^^^^^^^^^^^^^^^^^^^^^^^^^^^^^
        r["alert_count"],r["has_open_alerts"],r["alert_text"],r["row_hash"]))
        ^^^^^^^^^^^^^^^^^^^^^^^^^^^^^^^^^^^^^^^^^^^^^^^^^^^^^^^^^^^^^^^^^^^^^
psycopg2.errors.NotNullViolation: null value in column "dbname" violates not-null constraint
DETAIL:  Failing row contains (16, null, null, null, 0, f, No open alerts., 39a7be3edaebc920d152c0783aef5022, 2026-08-17 12:00:29.268668).

[2026-08-17 12:00:41] INFO     | exadata_alerts_parser | ✅ Parsed Exadata Alerts: has_alerts=True, count=1
[2026-08-17 12:00:41] ERROR    | exadata_alerts_parser | ❌ Alerts insert failed: null value in column "dbname" violates not-null constraint
DETAIL:  Failing row contains (17, null, null, null, 1, t, WARNING: Large Write rejections detected — Global Limit exceed..., 39a7be3edaebc920d152c0783aef5022, 2026-08-17 12:00:41.403705).
Traceback (most recent call last):
  File "C:\AWR_Insight_Portal_v2\modules\awr\exadata_alerts_parser.py", line 62, in insert_alerts
    cur.execute(sql,(r["dbname"],r["begin_snap"],r["snap_time"],
    ~~~~~~~~~~~^^^^^^^^^^^^^^^^^^^^^^^^^^^^^^^^^^^^^^^^^^^^^^^^^
        r["alert_count"],r["has_open_alerts"],r["alert_text"],r["row_hash"]))
        ^^^^^^^^^^^^^^^^^^^^^^^^^^^^^^^^^^^^^^^^^^^^^^^^^^^^^^^^^^^^^^^^^^^^^
psycopg2.errors.NotNullViolation: null value in column "dbname" violates not-null constraint
DETAIL:  Failing row contains (17, null, null, null, 1, t, WARNING: Large Write rejections detected — Global Limit exceed..., 39a7be3edaebc920d152c0783aef5022, 2026-08-17 12:00:41.403705).

[2026-08-17 12:00:53] INFO     | exadata_alerts_parser | ✅ Parsed Exadata Alerts: has_alerts=False, count=0
[2026-08-17 12:00:53] ERROR    | exadata_alerts_parser | ❌ Alerts insert failed: null value in column "dbname" violates not-null constraint
DETAIL:  Failing row contains (18, null, null, null, 0, f, No open alerts., 39a7be3edaebc920d152c0783aef5022, 2026-08-17 12:00:53.237459).
Traceback (most recent call last):
  File "C:\AWR_Insight_Portal_v2\modules\awr\exadata_alerts_parser.py", line 62, in insert_alerts
    cur.execute(sql,(r["dbname"],r["begin_snap"],r["snap_time"],
    ~~~~~~~~~~~^^^^^^^^^^^^^^^^^^^^^^^^^^^^^^^^^^^^^^^^^^^^^^^^^
        r["alert_count"],r["has_open_alerts"],r["alert_text"],r["row_hash"]))
        ^^^^^^^^^^^^^^^^^^^^^^^^^^^^^^^^^^^^^^^^^^^^^^^^^^^^^^^^^^^^^^^^^^^^^
psycopg2.errors.NotNullViolation: null value in column "dbname" violates not-null constraint
DETAIL:  Failing row contains (18, null, null, null, 0, f, No open alerts., 39a7be3edaebc920d152c0783aef5022, 2026-08-17 12:00:53.237459).

[2026-08-17 12:01:04] INFO     | exadata_alerts_parser | ✅ Parsed Exadata Alerts: has_alerts=True, count=1
[2026-08-17 12:01:05] ERROR    | exadata_alerts_parser | ❌ Alerts insert failed: null value in column "dbname" violates not-null constraint
DETAIL:  Failing row contains (19, null, null, null, 1, t, WARNING: Flash Cache is flushing on all cells, 39a7be3edaebc920d152c0783aef5022, 2026-08-17 12:01:05.114799).
Traceback (most recent call last):
  File "C:\AWR_Insight_Portal_v2\modules\awr\exadata_alerts_parser.py", line 62, in insert_alerts
    cur.execute(sql,(r["dbname"],r["begin_snap"],r["snap_time"],
    ~~~~~~~~~~~^^^^^^^^^^^^^^^^^^^^^^^^^^^^^^^^^^^^^^^^^^^^^^^^^
        r["alert_count"],r["has_open_alerts"],r["alert_text"],r["row_hash"]))
        ^^^^^^^^^^^^^^^^^^^^^^^^^^^^^^^^^^^^^^^^^^^^^^^^^^^^^^^^^^^^^^^^^^^^^
psycopg2.errors.NotNullViolation: null value in column "dbname" violates not-null constraint
DETAIL:  Failing row contains (19, null, null, null, 1, t, WARNING: Flash Cache is flushing on all cells, 39a7be3edaebc920d152c0783aef5022, 2026-08-17 12:01:05.114799).

[2026-08-17 12:01:16] INFO     | exadata_alerts_parser | ✅ Parsed Exadata Alerts: has_alerts=False, count=0
[2026-08-17 12:01:16] ERROR    | exadata_alerts_parser | ❌ Alerts insert failed: null value in column "dbname" violates not-null constraint
DETAIL:  Failing row contains (20, null, null, null, 0, f, No open alerts., 39a7be3edaebc920d152c0783aef5022, 2026-08-17 12:01:16.831435).
Traceback (most recent call last):
  File "C:\AWR_Insight_Portal_v2\modules\awr\exadata_alerts_parser.py", line 62, in insert_alerts
    cur.execute(sql,(r["dbname"],r["begin_snap"],r["snap_time"],
    ~~~~~~~~~~~^^^^^^^^^^^^^^^^^^^^^^^^^^^^^^^^^^^^^^^^^^^^^^^^^
        r["alert_count"],r["has_open_alerts"],r["alert_text"],r["row_hash"]))
        ^^^^^^^^^^^^^^^^^^^^^^^^^^^^^^^^^^^^^^^^^^^^^^^^^^^^^^^^^^^^^^^^^^^^^
psycopg2.errors.NotNullViolation: null value in column "dbname" violates not-null constraint
DETAIL:  Failing row contains (20, null, null, null, 0, f, No open alerts., 39a7be3edaebc920d152c0783aef5022, 2026-08-17 12:01:16.831435).

[2026-08-17 12:06:06] WARNING  | exadata_alerts_parser | ⚠️  Exadata Alerts Summary section not found
[2026-08-17 12:07:38] WARNING  | exadata_alerts_parser | ⚠️  Exadata Alerts Summary section not found
[2026-08-17 12:09:05] WARNING  | exadata_alerts_parser | ⚠️  Exadata Alerts Summary section not found
[2026-08-17 12:10:41] WARNING  | exadata_alerts_parser | ⚠️  Exadata Alerts Summary section not found
[2026-08-17 12:37:25] WARNING  | exadata_alerts_parser | ⚠️  Exadata Alerts Summary section not found
[2026-08-17 12:39:01] WARNING  | exadata_alerts_parser | ⚠️  Exadata Alerts Summary section not found
[2026-08-17 12:40:32] WARNING  | exadata_alerts_parser | ⚠️  Exadata Alerts Summary section not found
[2026-08-17 12:42:09] WARNING  | exadata_alerts_parser | ⚠️  Exadata Alerts Summary section not found
[2026-08-17 12:43:42] WARNING  | exadata_alerts_parser | ⚠️  Exadata Alerts Summary section not found
[2026-08-17 13:25:28] WARNING  | exadata_alerts_parser | ⚠️  Exadata Alerts Summary section not found
[2026-08-17 13:37:22] WARNING  | exadata_alerts_parser | ⚠️  Exadata Alerts Summary section not found
[2026-08-17 13:38:51] WARNING  | exadata_alerts_parser | ⚠️  Exadata Alerts Summary section not found
[2026-08-17 13:40:23] WARNING  | exadata_alerts_parser | ⚠️  Exadata Alerts Summary section not found
[2026-08-17 13:42:08] WARNING  | exadata_alerts_parser | ⚠️  Exadata Alerts Summary section not found
[2026-08-17 14:02:29] WARNING  | exadata_alerts_parser | ⚠️  Exadata Alerts Summary section not found
[2026-08-17 14:04:08] WARNING  | exadata_alerts_parser | ⚠️  Exadata Alerts Summary section not found
[2026-08-17 14:05:44] WARNING  | exadata_alerts_parser | ⚠️  Exadata Alerts Summary section not found
[2026-08-17 14:07:22] WARNING  | exadata_alerts_parser | ⚠️  Exadata Alerts Summary section not found
[2026-08-17 14:09:00] WARNING  | exadata_alerts_parser | ⚠️  Exadata Alerts Summary section not found
[2026-08-17 14:10:36] WARNING  | exadata_alerts_parser | ⚠️  Exadata Alerts Summary section not found
[2026-08-17 14:12:11] WARNING  | exadata_alerts_parser | ⚠️  Exadata Alerts Summary section not found
[2026-08-17 14:14:41] WARNING  | exadata_alerts_parser | ⚠️  Exadata Alerts Summary section not found
[2026-08-17 14:16:22] WARNING  | exadata_alerts_parser | ⚠️  Exadata Alerts Summary section not found
[2026-08-17 14:33:02] WARNING  | exadata_alerts_parser | ⚠️  Exadata Alerts Summary section not found
[2026-08-17 14:34:37] WARNING  | exadata_alerts_parser | ⚠️  Exadata Alerts Summary section not found
[2026-08-17 14:36:06] WARNING  | exadata_alerts_parser | ⚠️  Exadata Alerts Summary section not found
[2026-08-17 14:37:44] WARNING  | exadata_alerts_parser | ⚠️  Exadata Alerts Summary section not found
[2026-08-17 14:39:17] WARNING  | exadata_alerts_parser | ⚠️  Exadata Alerts Summary section not found
[2026-08-17 14:40:47] WARNING  | exadata_alerts_parser | ⚠️  Exadata Alerts Summary section not found
[2026-08-17 14:42:14] WARNING  | exadata_alerts_parser | ⚠️  Exadata Alerts Summary section not found
[2026-08-17 14:43:47] WARNING  | exadata_alerts_parser | ⚠️  Exadata Alerts Summary section not found
[2026-08-17 14:45:19] WARNING  | exadata_alerts_parser | ⚠️  Exadata Alerts Summary section not found
[2026-08-17 15:03:29] WARNING  | exadata_alerts_parser | ⚠️  Exadata Alerts Summary section not found
[2026-08-17 15:04:59] WARNING  | exadata_alerts_parser | ⚠️  Exadata Alerts Summary section not found
[2026-08-17 15:06:33] WARNING  | exadata_alerts_parser | ⚠️  Exadata Alerts Summary section not found
[2026-08-17 15:08:10] WARNING  | exadata_alerts_parser | ⚠️  Exadata Alerts Summary section not found
[2026-08-17 15:09:42] WARNING  | exadata_alerts_parser | ⚠️  Exadata Alerts Summary section not found
[2026-08-17 15:11:12] WARNING  | exadata_alerts_parser | ⚠️  Exadata Alerts Summary section not found
[2026-08-17 15:12:38] WARNING  | exadata_alerts_parser | ⚠️  Exadata Alerts Summary section not found
[2026-08-17 15:14:11] WARNING  | exadata_alerts_parser | ⚠️  Exadata Alerts Summary section not found
[2026-08-17 15:17:40] WARNING  | exadata_alerts_parser | ⚠️  Exadata Alerts Summary section not found
[2026-08-17 15:19:14] WARNING  | exadata_alerts_parser | ⚠️  Exadata Alerts Summary section not found
[2026-08-17 15:35:57] WARNING  | exadata_alerts_parser | ⚠️  Exadata Alerts Summary section not found
[2026-08-17 15:37:28] WARNING  | exadata_alerts_parser | ⚠️  Exadata Alerts Summary section not found
[2026-08-17 15:43:47] WARNING  | exadata_alerts_parser | ⚠️  Exadata Alerts Summary section not found
[2026-08-17 15:45:22] WARNING  | exadata_alerts_parser | ⚠️  Exadata Alerts Summary section not found
[2026-08-17 15:46:53] WARNING  | exadata_alerts_parser | ⚠️  Exadata Alerts Summary section not found
[2026-08-17 15:48:30] WARNING  | exadata_alerts_parser | ⚠️  Exadata Alerts Summary section not found
[2026-08-17 15:50:03] WARNING  | exadata_alerts_parser | ⚠️  Exadata Alerts Summary section not found
[2026-08-17 15:51:39] WARNING  | exadata_alerts_parser | ⚠️  Exadata Alerts Summary section not found
[2026-08-17 15:53:14] WARNING  | exadata_alerts_parser | ⚠️  Exadata Alerts Summary section not found
[2026-08-17 15:54:50] WARNING  | exadata_alerts_parser | ⚠️  Exadata Alerts Summary section not found
[2026-08-17 15:56:20] WARNING  | exadata_alerts_parser | ⚠️  Exadata Alerts Summary section not found
[2026-08-17 16:06:42] WARNING  | exadata_alerts_parser | ⚠️  Exadata Alerts Summary section not found
[2026-08-17 16:08:10] WARNING  | exadata_alerts_parser | ⚠️  Exadata Alerts Summary section not found
[2026-08-17 16:09:40] WARNING  | exadata_alerts_parser | ⚠️  Exadata Alerts Summary section not found
[2026-08-17 16:11:15] WARNING  | exadata_alerts_parser | ⚠️  Exadata Alerts Summary section not found
[2026-08-17 16:12:45] WARNING  | exadata_alerts_parser | ⚠️  Exadata Alerts Summary section not found
[2026-08-17 16:14:17] WARNING  | exadata_alerts_parser | ⚠️  Exadata Alerts Summary section not found
[2026-08-17 16:14:49] WARNING  | exadata_alerts_parser | ⚠️  Exadata Alerts Summary section not found
[2026-08-17 16:15:30] WARNING  | exadata_alerts_parser | ⚠️  Exadata Alerts Summary section not found
[2026-08-17 16:17:05] WARNING  | exadata_alerts_parser | ⚠️  Exadata Alerts Summary section not found
[2026-08-17 16:18:35] WARNING  | exadata_alerts_parser | ⚠️  Exadata Alerts Summary section not found
[2026-08-17 16:19:42] WARNING  | exadata_alerts_parser | ⚠️  Exadata Alerts Summary section not found
[2026-08-17 16:20:18] WARNING  | exadata_alerts_parser | ⚠️  Exadata Alerts Summary section not found
[2026-08-17 16:21:32] INFO     | exadata_alerts_parser | ✅ Parsed Exadata Alerts: has_alerts=False, count=0
[2026-08-17 16:21:32] INFO     | exadata_alerts_parser | ✅ Inserted 1 rows into awr_exadata_alerts
[2026-08-17 16:21:45] INFO     | exadata_alerts_parser | ✅ Parsed Exadata Alerts: has_alerts=False, count=0
[2026-08-17 16:21:45] INFO     | exadata_alerts_parser | ✅ Inserted 1 rows into awr_exadata_alerts
[2026-08-17 16:21:50] WARNING  | exadata_alerts_parser | ⚠️  Exadata Alerts Summary section not found
[2026-08-17 16:21:57] INFO     | exadata_alerts_parser | ✅ Parsed Exadata Alerts: has_alerts=False, count=0
[2026-08-17 16:21:58] INFO     | exadata_alerts_parser | ✅ Inserted 1 rows into awr_exadata_alerts
[2026-08-17 16:22:10] INFO     | exadata_alerts_parser | ✅ Parsed Exadata Alerts: has_alerts=False, count=0
[2026-08-17 16:22:10] INFO     | exadata_alerts_parser | ✅ Inserted 1 rows into awr_exadata_alerts
[2026-08-17 16:22:32] INFO     | exadata_alerts_parser | ✅ Parsed Exadata Alerts: has_alerts=False, count=0
[2026-08-17 16:22:32] INFO     | exadata_alerts_parser | ✅ Inserted 1 rows into awr_exadata_alerts
[2026-08-17 16:22:45] INFO     | exadata_alerts_parser | ✅ Parsed Exadata Alerts: has_alerts=False, count=0
[2026-08-17 16:22:45] INFO     | exadata_alerts_parser | ✅ Inserted 1 rows into awr_exadata_alerts
[2026-08-17 16:22:57] INFO     | exadata_alerts_parser | ✅ Parsed Exadata Alerts: has_alerts=True, count=1
[2026-08-17 16:22:57] INFO     | exadata_alerts_parser | ✅ Inserted 1 rows into awr_exadata_alerts
[2026-08-17 16:23:10] INFO     | exadata_alerts_parser | ✅ Parsed Exadata Alerts: has_alerts=True, count=1
[2026-08-17 16:23:10] INFO     | exadata_alerts_parser | ✅ Inserted 1 rows into awr_exadata_alerts
[2026-08-17 16:23:22] INFO     | exadata_alerts_parser | ✅ Parsed Exadata Alerts: has_alerts=False, count=0
[2026-08-17 16:23:22] INFO     | exadata_alerts_parser | ✅ Inserted 1 rows into awr_exadata_alerts
[2026-08-17 16:23:23] WARNING  | exadata_alerts_parser | ⚠️  Exadata Alerts Summary section not found
[2026-08-17 16:23:35] INFO     | exadata_alerts_parser | ✅ Parsed Exadata Alerts: has_alerts=False, count=0
[2026-08-17 16:23:35] INFO     | exadata_alerts_parser | ✅ Inserted 1 rows into awr_exadata_alerts
[2026-08-17 16:23:47] INFO     | exadata_alerts_parser | ✅ Parsed Exadata Alerts: has_alerts=True, count=1
[2026-08-17 16:23:47] INFO     | exadata_alerts_parser | ✅ Inserted 1 rows into awr_exadata_alerts
[2026-08-17 16:24:00] INFO     | exadata_alerts_parser | ✅ Parsed Exadata Alerts: has_alerts=False, count=0
[2026-08-17 16:24:00] INFO     | exadata_alerts_parser | ✅ Inserted 1 rows into awr_exadata_alerts
[2026-08-17 16:24:13] INFO     | exadata_alerts_parser | ✅ Parsed Exadata Alerts: has_alerts=True, count=1
[2026-08-17 16:24:13] INFO     | exadata_alerts_parser | ✅ Inserted 1 rows into awr_exadata_alerts
[2026-08-17 16:24:25] INFO     | exadata_alerts_parser | ✅ Parsed Exadata Alerts: has_alerts=False, count=0
[2026-08-17 16:24:25] INFO     | exadata_alerts_parser | ✅ Inserted 1 rows into awr_exadata_alerts
[2026-08-17 16:24:37] INFO     | exadata_alerts_parser | ✅ Parsed Exadata Alerts: has_alerts=True, count=1
[2026-08-17 16:24:38] INFO     | exadata_alerts_parser | ✅ Inserted 1 rows into awr_exadata_alerts
[2026-08-17 16:24:50] INFO     | exadata_alerts_parser | ✅ Parsed Exadata Alerts: has_alerts=False, count=0
[2026-08-17 16:24:50] INFO     | exadata_alerts_parser | ✅ Inserted 1 rows into awr_exadata_alerts
[2026-08-17 16:25:03] INFO     | exadata_alerts_parser | ✅ Parsed Exadata Alerts: has_alerts=True, count=1
[2026-08-17 16:25:03] INFO     | exadata_alerts_parser | ✅ Inserted 1 rows into awr_exadata_alerts
[2026-08-17 16:25:15] INFO     | exadata_alerts_parser | ✅ Parsed Exadata Alerts: has_alerts=False, count=0
[2026-08-17 16:25:15] INFO     | exadata_alerts_parser | ✅ Inserted 1 rows into awr_exadata_alerts
[2026-08-17 16:25:28] INFO     | exadata_alerts_parser | ✅ Parsed Exadata Alerts: has_alerts=True, count=1
[2026-08-17 16:25:28] INFO     | exadata_alerts_parser | ✅ Inserted 1 rows into awr_exadata_alerts
[2026-08-17 16:25:40] INFO     | exadata_alerts_parser | ✅ Parsed Exadata Alerts: has_alerts=False, count=0
[2026-08-17 16:25:41] INFO     | exadata_alerts_parser | ✅ Inserted 1 rows into awr_exadata_alerts
[2026-08-17 16:40:18] WARNING  | exadata_alerts_parser | ⚠️  Exadata Alerts Summary section not found
[2026-08-17 16:41:52] WARNING  | exadata_alerts_parser | ⚠️  Exadata Alerts Summary section not found
[2026-08-17 16:43:23] WARNING  | exadata_alerts_parser | ⚠️  Exadata Alerts Summary section not found
[2026-08-17 16:44:58] WARNING  | exadata_alerts_parser | ⚠️  Exadata Alerts Summary section not found
[2026-08-17 16:46:29] WARNING  | exadata_alerts_parser | ⚠️  Exadata Alerts Summary section not found
[2026-08-17 16:48:00] WARNING  | exadata_alerts_parser | ⚠️  Exadata Alerts Summary section not found
[2026-08-17 16:49:30] WARNING  | exadata_alerts_parser | ⚠️  Exadata Alerts Summary section not found
[2026-08-17 16:51:07] WARNING  | exadata_alerts_parser | ⚠️  Exadata Alerts Summary section not found
[2026-08-17 16:52:38] WARNING  | exadata_alerts_parser | ⚠️  Exadata Alerts Summary section not found
[2026-08-17 16:54:15] WARNING  | exadata_alerts_parser | ⚠️  Exadata Alerts Summary section not found
[2026-08-17 16:55:45] WARNING  | exadata_alerts_parser | ⚠️  Exadata Alerts Summary section not found
[2026-08-17 16:57:19] WARNING  | exadata_alerts_parser | ⚠️  Exadata Alerts Summary section not found
[2026-08-17 16:58:49] WARNING  | exadata_alerts_parser | ⚠️  Exadata Alerts Summary section not found
[2026-08-17 17:11:00] WARNING  | exadata_alerts_parser | ⚠️  Exadata Alerts Summary section not found
[2026-08-17 17:12:34] WARNING  | exadata_alerts_parser | ⚠️  Exadata Alerts Summary section not found
[2026-08-17 17:14:05] WARNING  | exadata_alerts_parser | ⚠️  Exadata Alerts Summary section not found
[2026-08-17 17:15:39] WARNING  | exadata_alerts_parser | ⚠️  Exadata Alerts Summary section not found
[2026-08-17 17:17:08] WARNING  | exadata_alerts_parser | ⚠️  Exadata Alerts Summary section not found
[2026-08-17 17:18:44] WARNING  | exadata_alerts_parser | ⚠️  Exadata Alerts Summary section not found
[2026-08-17 17:20:16] WARNING  | exadata_alerts_parser | ⚠️  Exadata Alerts Summary section not found
[2026-08-17 17:21:50] WARNING  | exadata_alerts_parser | ⚠️  Exadata Alerts Summary section not found
[2026-08-17 17:23:23] WARNING  | exadata_alerts_parser | ⚠️  Exadata Alerts Summary section not found
[2026-08-17 17:24:58] WARNING  | exadata_alerts_parser | ⚠️  Exadata Alerts Summary section not found
[2026-08-17 17:26:28] WARNING  | exadata_alerts_parser | ⚠️  Exadata Alerts Summary section not found
[2026-08-17 17:28:02] WARNING  | exadata_alerts_parser | ⚠️  Exadata Alerts Summary section not found
[2026-08-17 17:29:31] WARNING  | exadata_alerts_parser | ⚠️  Exadata Alerts Summary section not found
[2026-08-17 17:31:01] WARNING  | exadata_alerts_parser | ⚠️  Exadata Alerts Summary section not found
[2026-08-17 17:41:47] WARNING  | exadata_alerts_parser | ⚠️  Exadata Alerts Summary section not found
[2026-08-17 17:43:24] WARNING  | exadata_alerts_parser | ⚠️  Exadata Alerts Summary section not found
[2026-08-17 17:44:58] WARNING  | exadata_alerts_parser | ⚠️  Exadata Alerts Summary section not found
[2026-08-17 17:46:31] WARNING  | exadata_alerts_parser | ⚠️  Exadata Alerts Summary section not found
[2026-08-17 17:48:02] WARNING  | exadata_alerts_parser | ⚠️  Exadata Alerts Summary section not found
[2026-08-17 17:49:33] WARNING  | exadata_alerts_parser | ⚠️  Exadata Alerts Summary section not found
[2026-08-17 18:09:46] WARNING  | exadata_alerts_parser | ⚠️  Exadata Alerts Summary section not found
[2026-08-18 09:35:42] WARNING  | exadata_alerts_parser | ⚠️  Exadata Alerts Summary section not found
[2026-08-18 09:36:54] WARNING  | exadata_alerts_parser | ⚠️  Exadata Alerts Summary section not found
[2026-08-18 09:38:35] WARNING  | exadata_alerts_parser | ⚠️  Exadata Alerts Summary section not found
[2026-08-18 09:40:08] WARNING  | exadata_alerts_parser | ⚠️  Exadata Alerts Summary section not found
[2026-08-18 09:41:46] WARNING  | exadata_alerts_parser | ⚠️  Exadata Alerts Summary section not found
[2026-08-18 09:43:12] WARNING  | exadata_alerts_parser | ⚠️  Exadata Alerts Summary section not found
[2026-08-18 09:44:32] WARNING  | exadata_alerts_parser | ⚠️  Exadata Alerts Summary section not found
[2026-08-18 09:45:57] WARNING  | exadata_alerts_parser | ⚠️  Exadata Alerts Summary section not found
[2026-08-18 09:47:34] WARNING  | exadata_alerts_parser | ⚠️  Exadata Alerts Summary section not found
[2026-08-18 09:49:04] WARNING  | exadata_alerts_parser | ⚠️  Exadata Alerts Summary section not found
[2026-08-18 09:50:31] WARNING  | exadata_alerts_parser | ⚠️  Exadata Alerts Summary section not found
[2026-08-18 09:51:58] WARNING  | exadata_alerts_parser | ⚠️  Exadata Alerts Summary section not found
[2026-08-18 09:53:38] WARNING  | exadata_alerts_parser | ⚠️  Exadata Alerts Summary section not found
[2026-08-18 09:55:19] WARNING  | exadata_alerts_parser | ⚠️  Exadata Alerts Summary section not found
[2026-08-18 09:57:10] WARNING  | exadata_alerts_parser | ⚠️  Exadata Alerts Summary section not found
[2026-08-18 09:58:58] WARNING  | exadata_alerts_parser | ⚠️  Exadata Alerts Summary section not found
[2026-08-18 10:00:27] WARNING  | exadata_alerts_parser | ⚠️  Exadata Alerts Summary section not found
[2026-08-18 10:02:03] WARNING  | exadata_alerts_parser | ⚠️  Exadata Alerts Summary section not found
[2026-08-18 10:03:28] WARNING  | exadata_alerts_parser | ⚠️  Exadata Alerts Summary section not found
[2026-08-18 10:04:55] WARNING  | exadata_alerts_parser | ⚠️  Exadata Alerts Summary section not found
[2026-08-18 10:06:43] WARNING  | exadata_alerts_parser | ⚠️  Exadata Alerts Summary section not found
[2026-08-18 10:08:30] WARNING  | exadata_alerts_parser | ⚠️  Exadata Alerts Summary section not found
[2026-08-18 10:09:59] WARNING  | exadata_alerts_parser | ⚠️  Exadata Alerts Summary section not found
[2026-08-18 10:11:27] WARNING  | exadata_alerts_parser | ⚠️  Exadata Alerts Summary section not found
[2026-08-18 10:31:01] WARNING  | exadata_alerts_parser | ⚠️  Exadata Alerts Summary section not found
[2026-08-18 11:01:06] WARNING  | exadata_alerts_parser | ⚠️  Exadata Alerts Summary section not found
[2026-08-18 11:02:40] WARNING  | exadata_alerts_parser | ⚠️  Exadata Alerts Summary section not found
[2026-08-18 11:31:04] WARNING  | exadata_alerts_parser | ⚠️  Exadata Alerts Summary section not found
[2026-08-18 11:32:35] WARNING  | exadata_alerts_parser | ⚠️  Exadata Alerts Summary section not found
[2026-08-18 11:34:01] WARNING  | exadata_alerts_parser | ⚠️  Exadata Alerts Summary section not found
[2026-08-18 12:02:32] WARNING  | exadata_alerts_parser | ⚠️  Exadata Alerts Summary section not found
[2026-08-18 12:04:05] WARNING  | exadata_alerts_parser | ⚠️  Exadata Alerts Summary section not found
[2026-08-18 12:05:37] WARNING  | exadata_alerts_parser | ⚠️  Exadata Alerts Summary section not found
[2026-08-18 12:07:06] WARNING  | exadata_alerts_parser | ⚠️  Exadata Alerts Summary section not found
[2026-08-18 12:32:49] WARNING  | exadata_alerts_parser | ⚠️  Exadata Alerts Summary section not found
[2026-08-18 12:34:18] WARNING  | exadata_alerts_parser | ⚠️  Exadata Alerts Summary section not found
[2026-08-18 12:35:56] WARNING  | exadata_alerts_parser | ⚠️  Exadata Alerts Summary section not found
[2026-08-18 12:37:28] WARNING  | exadata_alerts_parser | ⚠️  Exadata Alerts Summary section not found
[2026-08-18 12:39:06] WARNING  | exadata_alerts_parser | ⚠️  Exadata Alerts Summary section not found
[2026-08-18 13:05:21] WARNING  | exadata_alerts_parser | ⚠️  Exadata Alerts Summary section not found
[2026-08-18 13:06:51] WARNING  | exadata_alerts_parser | ⚠️  Exadata Alerts Summary section not found
[2026-08-18 13:08:24] WARNING  | exadata_alerts_parser | ⚠️  Exadata Alerts Summary section not found
[2026-08-18 13:09:54] WARNING  | exadata_alerts_parser | ⚠️  Exadata Alerts Summary section not found
[2026-08-18 13:11:29] WARNING  | exadata_alerts_parser | ⚠️  Exadata Alerts Summary section not found
[2026-08-18 13:13:03] WARNING  | exadata_alerts_parser | ⚠️  Exadata Alerts Summary section not found
[2026-08-18 13:54:27] WARNING  | exadata_alerts_parser | ⚠️  Exadata Alerts Summary section not found
[2026-08-18 13:56:03] WARNING  | exadata_alerts_parser | ⚠️  Exadata Alerts Summary section not found
[2026-08-18 13:57:38] WARNING  | exadata_alerts_parser | ⚠️  Exadata Alerts Summary section not found
[2026-08-18 13:59:07] WARNING  | exadata_alerts_parser | ⚠️  Exadata Alerts Summary section not found
[2026-08-18 14:10:01] WARNING  | exadata_alerts_parser | ⚠️  Exadata Alerts Summary section not found
[2026-08-18 14:11:38] WARNING  | exadata_alerts_parser | ⚠️  Exadata Alerts Summary section not found
[2026-08-18 14:13:07] WARNING  | exadata_alerts_parser | ⚠️  Exadata Alerts Summary section not found
