[2026-08-17 11:57:36] INFO     | exadata_disk_activity_parser | ✅ Parsed Disk Activity (redo=1.96/s, fc_miss=None/s, read_skip=0.3/s, lw_rej=None/s, scrub=17.5/s)
[2026-08-17 11:57:36] ERROR    | exadata_disk_activity_parser | ❌ Disk Activity insert failed: null value in column "dbname" violates not-null constraint
DETAIL:  Failing row contains (1, null, null, null, null, 1.96, 15.68, null, 0.30, 0.10, null, 45.88, 17.50, 39a7be3edaebc920d152c0783aef5022, 2026-08-17 11:57:36.995634).
Traceback (most recent call last):
  File "C:\AWR_Insight_Portal_v2\modules\awr\exadata_disk_activity_parser.py", line 117, in insert_disk_activity
    cur.execute(sql,(r["dbname"],r["instance"],r["begin_snap"],r["snap_time"],
    ~~~~~~~~~~~^^^^^^^^^^^^^^^^^^^^^^^^^^^^^^^^^^^^^^^^^^^^^^^^^^^^^^^^^^^^^^^
        r["redo_writes_ps"],r["redo_writes_total"],r["fc_miss_oltp_ps"],
        ^^^^^^^^^^^^^^^^^^^^^^^^^^^^^^^^^^^^^^^^^^^^^^^^^^^^^^^^^^^^^^^^
        r["fc_read_skips_ps"],r["fc_write_skips_ps"],r["fc_lw_rejections_ps"],
        ^^^^^^^^^^^^^^^^^^^^^^^^^^^^^^^^^^^^^^^^^^^^^^^^^^^^^^^^^^^^^^^^^^^^^^
        r["disk_writer_writes_ps"],r["scrub_io_ps"],r["row_hash"]))
        ^^^^^^^^^^^^^^^^^^^^^^^^^^^^^^^^^^^^^^^^^^^^^^^^^^^^^^^^^^^
psycopg2.errors.NotNullViolation: null value in column "dbname" violates not-null constraint
DETAIL:  Failing row contains (1, null, null, null, null, 1.96, 15.68, null, 0.30, 0.10, null, 45.88, 17.50, 39a7be3edaebc920d152c0783aef5022, 2026-08-17 11:57:36.995634).

[2026-08-17 11:57:48] INFO     | exadata_disk_activity_parser | ✅ Parsed Disk Activity (redo=2.1/s, fc_miss=None/s, read_skip=0.1/s, lw_rej=None/s, scrub=15.2/s)
[2026-08-17 11:57:48] ERROR    | exadata_disk_activity_parser | ❌ Disk Activity insert failed: null value in column "dbname" violates not-null constraint
DETAIL:  Failing row contains (2, null, null, null, null, 2.10, 16.80, null, 0.10, 0.05, null, 45.88, 15.20, 39a7be3edaebc920d152c0783aef5022, 2026-08-17 11:57:48.664714).
Traceback (most recent call last):
  File "C:\AWR_Insight_Portal_v2\modules\awr\exadata_disk_activity_parser.py", line 117, in insert_disk_activity
    cur.execute(sql,(r["dbname"],r["instance"],r["begin_snap"],r["snap_time"],
    ~~~~~~~~~~~^^^^^^^^^^^^^^^^^^^^^^^^^^^^^^^^^^^^^^^^^^^^^^^^^^^^^^^^^^^^^^^
        r["redo_writes_ps"],r["redo_writes_total"],r["fc_miss_oltp_ps"],
        ^^^^^^^^^^^^^^^^^^^^^^^^^^^^^^^^^^^^^^^^^^^^^^^^^^^^^^^^^^^^^^^^
        r["fc_read_skips_ps"],r["fc_write_skips_ps"],r["fc_lw_rejections_ps"],
        ^^^^^^^^^^^^^^^^^^^^^^^^^^^^^^^^^^^^^^^^^^^^^^^^^^^^^^^^^^^^^^^^^^^^^^
        r["disk_writer_writes_ps"],r["scrub_io_ps"],r["row_hash"]))
        ^^^^^^^^^^^^^^^^^^^^^^^^^^^^^^^^^^^^^^^^^^^^^^^^^^^^^^^^^^^
psycopg2.errors.NotNullViolation: null value in column "dbname" violates not-null constraint
DETAIL:  Failing row contains (2, null, null, null, null, 2.10, 16.80, null, 0.10, 0.05, null, 45.88, 15.20, 39a7be3edaebc920d152c0783aef5022, 2026-08-17 11:57:48.664714).

[2026-08-17 11:58:00] INFO     | exadata_disk_activity_parser | ✅ Parsed Disk Activity (redo=2.4/s, fc_miss=None/s, read_skip=0.2/s, lw_rej=None/s, scrub=14.8/s)
[2026-08-17 11:58:00] ERROR    | exadata_disk_activity_parser | ❌ Disk Activity insert failed: null value in column "dbname" violates not-null constraint
DETAIL:  Failing row contains (3, null, null, null, null, 2.40, 19.20, null, 0.20, 0.10, null, 45.88, 14.80, 39a7be3edaebc920d152c0783aef5022, 2026-08-17 11:58:00.211184).
Traceback (most recent call last):
  File "C:\AWR_Insight_Portal_v2\modules\awr\exadata_disk_activity_parser.py", line 117, in insert_disk_activity
    cur.execute(sql,(r["dbname"],r["instance"],r["begin_snap"],r["snap_time"],
    ~~~~~~~~~~~^^^^^^^^^^^^^^^^^^^^^^^^^^^^^^^^^^^^^^^^^^^^^^^^^^^^^^^^^^^^^^^
        r["redo_writes_ps"],r["redo_writes_total"],r["fc_miss_oltp_ps"],
        ^^^^^^^^^^^^^^^^^^^^^^^^^^^^^^^^^^^^^^^^^^^^^^^^^^^^^^^^^^^^^^^^
        r["fc_read_skips_ps"],r["fc_write_skips_ps"],r["fc_lw_rejections_ps"],
        ^^^^^^^^^^^^^^^^^^^^^^^^^^^^^^^^^^^^^^^^^^^^^^^^^^^^^^^^^^^^^^^^^^^^^^
        r["disk_writer_writes_ps"],r["scrub_io_ps"],r["row_hash"]))
        ^^^^^^^^^^^^^^^^^^^^^^^^^^^^^^^^^^^^^^^^^^^^^^^^^^^^^^^^^^^
psycopg2.errors.NotNullViolation: null value in column "dbname" violates not-null constraint
DETAIL:  Failing row contains (3, null, null, null, null, 2.40, 19.20, null, 0.20, 0.10, null, 45.88, 14.80, 39a7be3edaebc920d152c0783aef5022, 2026-08-17 11:58:00.211184).

[2026-08-17 11:58:11] INFO     | exadata_disk_activity_parser | ✅ Parsed Disk Activity (redo=0.12/s, fc_miss=None/s, read_skip=0.0/s, lw_rej=None/s, scrub=2.1/s)
[2026-08-17 11:58:11] ERROR    | exadata_disk_activity_parser | ❌ Disk Activity insert failed: null value in column "dbname" violates not-null constraint
DETAIL:  Failing row contains (4, null, null, null, null, 0.12, 0.96, null, 0.00, 0.00, null, 45.88, 2.10, 39a7be3edaebc920d152c0783aef5022, 2026-08-17 11:58:11.658879).
Traceback (most recent call last):
  File "C:\AWR_Insight_Portal_v2\modules\awr\exadata_disk_activity_parser.py", line 117, in insert_disk_activity
    cur.execute(sql,(r["dbname"],r["instance"],r["begin_snap"],r["snap_time"],
    ~~~~~~~~~~~^^^^^^^^^^^^^^^^^^^^^^^^^^^^^^^^^^^^^^^^^^^^^^^^^^^^^^^^^^^^^^^
        r["redo_writes_ps"],r["redo_writes_total"],r["fc_miss_oltp_ps"],
        ^^^^^^^^^^^^^^^^^^^^^^^^^^^^^^^^^^^^^^^^^^^^^^^^^^^^^^^^^^^^^^^^
        r["fc_read_skips_ps"],r["fc_write_skips_ps"],r["fc_lw_rejections_ps"],
        ^^^^^^^^^^^^^^^^^^^^^^^^^^^^^^^^^^^^^^^^^^^^^^^^^^^^^^^^^^^^^^^^^^^^^^
        r["disk_writer_writes_ps"],r["scrub_io_ps"],r["row_hash"]))
        ^^^^^^^^^^^^^^^^^^^^^^^^^^^^^^^^^^^^^^^^^^^^^^^^^^^^^^^^^^^
psycopg2.errors.NotNullViolation: null value in column "dbname" violates not-null constraint
DETAIL:  Failing row contains (4, null, null, null, null, 0.12, 0.96, null, 0.00, 0.00, null, 45.88, 2.10, 39a7be3edaebc920d152c0783aef5022, 2026-08-17 11:58:11.658879).

[2026-08-17 11:58:22] INFO     | exadata_disk_activity_parser | ✅ Parsed Disk Activity (redo=1.96/s, fc_miss=None/s, read_skip=0.0/s, lw_rej=None/s, scrub=17461.0/s)
[2026-08-17 11:58:22] ERROR    | exadata_disk_activity_parser | ❌ Disk Activity insert failed: null value in column "dbname" violates not-null constraint
DETAIL:  Failing row contains (5, null, null, null, null, 1.96, 15.68, null, 0.00, 0.00, null, 45.88, 17461.00, 39a7be3edaebc920d152c0783aef5022, 2026-08-17 11:58:22.992111).
Traceback (most recent call last):
  File "C:\AWR_Insight_Portal_v2\modules\awr\exadata_disk_activity_parser.py", line 117, in insert_disk_activity
    cur.execute(sql,(r["dbname"],r["instance"],r["begin_snap"],r["snap_time"],
    ~~~~~~~~~~~^^^^^^^^^^^^^^^^^^^^^^^^^^^^^^^^^^^^^^^^^^^^^^^^^^^^^^^^^^^^^^^
        r["redo_writes_ps"],r["redo_writes_total"],r["fc_miss_oltp_ps"],
        ^^^^^^^^^^^^^^^^^^^^^^^^^^^^^^^^^^^^^^^^^^^^^^^^^^^^^^^^^^^^^^^^
        r["fc_read_skips_ps"],r["fc_write_skips_ps"],r["fc_lw_rejections_ps"],
        ^^^^^^^^^^^^^^^^^^^^^^^^^^^^^^^^^^^^^^^^^^^^^^^^^^^^^^^^^^^^^^^^^^^^^^
        r["disk_writer_writes_ps"],r["scrub_io_ps"],r["row_hash"]))
        ^^^^^^^^^^^^^^^^^^^^^^^^^^^^^^^^^^^^^^^^^^^^^^^^^^^^^^^^^^^
psycopg2.errors.NotNullViolation: null value in column "dbname" violates not-null constraint
DETAIL:  Failing row contains (5, null, null, null, null, 1.96, 15.68, null, 0.00, 0.00, null, 45.88, 17461.00, 39a7be3edaebc920d152c0783aef5022, 2026-08-17 11:58:22.992111).

[2026-08-17 11:58:33] INFO     | exadata_disk_activity_parser | ✅ Parsed Disk Activity (redo=2.8/s, fc_miss=None/s, read_skip=2.4/s, lw_rej=None/s, scrub=18.2/s)
[2026-08-17 11:58:33] ERROR    | exadata_disk_activity_parser | ❌ Disk Activity insert failed: null value in column "dbname" violates not-null constraint
DETAIL:  Failing row contains (6, null, null, null, null, 2.80, 22.40, null, 2.40, 0.80, null, 45.88, 18.20, 39a7be3edaebc920d152c0783aef5022, 2026-08-17 11:58:33.859123).
Traceback (most recent call last):
  File "C:\AWR_Insight_Portal_v2\modules\awr\exadata_disk_activity_parser.py", line 117, in insert_disk_activity
    cur.execute(sql,(r["dbname"],r["instance"],r["begin_snap"],r["snap_time"],
    ~~~~~~~~~~~^^^^^^^^^^^^^^^^^^^^^^^^^^^^^^^^^^^^^^^^^^^^^^^^^^^^^^^^^^^^^^^
        r["redo_writes_ps"],r["redo_writes_total"],r["fc_miss_oltp_ps"],
        ^^^^^^^^^^^^^^^^^^^^^^^^^^^^^^^^^^^^^^^^^^^^^^^^^^^^^^^^^^^^^^^^
        r["fc_read_skips_ps"],r["fc_write_skips_ps"],r["fc_lw_rejections_ps"],
        ^^^^^^^^^^^^^^^^^^^^^^^^^^^^^^^^^^^^^^^^^^^^^^^^^^^^^^^^^^^^^^^^^^^^^^
        r["disk_writer_writes_ps"],r["scrub_io_ps"],r["row_hash"]))
        ^^^^^^^^^^^^^^^^^^^^^^^^^^^^^^^^^^^^^^^^^^^^^^^^^^^^^^^^^^^
psycopg2.errors.NotNullViolation: null value in column "dbname" violates not-null constraint
DETAIL:  Failing row contains (6, null, null, null, null, 2.80, 22.40, null, 2.40, 0.80, null, 45.88, 18.20, 39a7be3edaebc920d152c0783aef5022, 2026-08-17 11:58:33.859123).

[2026-08-17 11:58:44] INFO     | exadata_disk_activity_parser | ✅ Parsed Disk Activity (redo=4.2/s, fc_miss=None/s, read_skip=28.4/s, lw_rej=None/s, scrub=2.1/s)
[2026-08-17 11:58:45] ERROR    | exadata_disk_activity_parser | ❌ Disk Activity insert failed: null value in column "dbname" violates not-null constraint
DETAIL:  Failing row contains (7, null, null, null, null, 4.20, 33.60, null, 28.40, 4.80, null, 45.88, 2.10, 39a7be3edaebc920d152c0783aef5022, 2026-08-17 11:58:44.99961).
Traceback (most recent call last):
  File "C:\AWR_Insight_Portal_v2\modules\awr\exadata_disk_activity_parser.py", line 117, in insert_disk_activity
    cur.execute(sql,(r["dbname"],r["instance"],r["begin_snap"],r["snap_time"],
    ~~~~~~~~~~~^^^^^^^^^^^^^^^^^^^^^^^^^^^^^^^^^^^^^^^^^^^^^^^^^^^^^^^^^^^^^^^
        r["redo_writes_ps"],r["redo_writes_total"],r["fc_miss_oltp_ps"],
        ^^^^^^^^^^^^^^^^^^^^^^^^^^^^^^^^^^^^^^^^^^^^^^^^^^^^^^^^^^^^^^^^
        r["fc_read_skips_ps"],r["fc_write_skips_ps"],r["fc_lw_rejections_ps"],
        ^^^^^^^^^^^^^^^^^^^^^^^^^^^^^^^^^^^^^^^^^^^^^^^^^^^^^^^^^^^^^^^^^^^^^^
        r["disk_writer_writes_ps"],r["scrub_io_ps"],r["row_hash"]))
        ^^^^^^^^^^^^^^^^^^^^^^^^^^^^^^^^^^^^^^^^^^^^^^^^^^^^^^^^^^^
psycopg2.errors.NotNullViolation: null value in column "dbname" violates not-null constraint
DETAIL:  Failing row contains (7, null, null, null, null, 4.20, 33.60, null, 28.40, 4.80, null, 45.88, 2.10, 39a7be3edaebc920d152c0783aef5022, 2026-08-17 11:58:44.99961).

[2026-08-17 11:58:56] INFO     | exadata_disk_activity_parser | ✅ Parsed Disk Activity (redo=2.1/s, fc_miss=None/s, read_skip=0.4/s, lw_rej=None/s, scrub=16.8/s)
[2026-08-17 11:58:57] ERROR    | exadata_disk_activity_parser | ❌ Disk Activity insert failed: null value in column "dbname" violates not-null constraint
DETAIL:  Failing row contains (8, null, null, null, null, 2.10, 16.80, null, 0.40, 0.20, null, 45.88, 16.80, 39a7be3edaebc920d152c0783aef5022, 2026-08-17 11:58:57.151578).
Traceback (most recent call last):
  File "C:\AWR_Insight_Portal_v2\modules\awr\exadata_disk_activity_parser.py", line 117, in insert_disk_activity
    cur.execute(sql,(r["dbname"],r["instance"],r["begin_snap"],r["snap_time"],
    ~~~~~~~~~~~^^^^^^^^^^^^^^^^^^^^^^^^^^^^^^^^^^^^^^^^^^^^^^^^^^^^^^^^^^^^^^^
        r["redo_writes_ps"],r["redo_writes_total"],r["fc_miss_oltp_ps"],
        ^^^^^^^^^^^^^^^^^^^^^^^^^^^^^^^^^^^^^^^^^^^^^^^^^^^^^^^^^^^^^^^^
        r["fc_read_skips_ps"],r["fc_write_skips_ps"],r["fc_lw_rejections_ps"],
        ^^^^^^^^^^^^^^^^^^^^^^^^^^^^^^^^^^^^^^^^^^^^^^^^^^^^^^^^^^^^^^^^^^^^^^
        r["disk_writer_writes_ps"],r["scrub_io_ps"],r["row_hash"]))
        ^^^^^^^^^^^^^^^^^^^^^^^^^^^^^^^^^^^^^^^^^^^^^^^^^^^^^^^^^^^
psycopg2.errors.NotNullViolation: null value in column "dbname" violates not-null constraint
DETAIL:  Failing row contains (8, null, null, null, null, 2.10, 16.80, null, 0.40, 0.20, null, 45.88, 16.80, 39a7be3edaebc920d152c0783aef5022, 2026-08-17 11:58:57.151578).

[2026-08-17 11:59:09] INFO     | exadata_disk_activity_parser | ✅ Parsed Disk Activity (redo=2.4/s, fc_miss=None/s, read_skip=8.4/s, lw_rej=None/s, scrub=14.8/s)
[2026-08-17 11:59:09] ERROR    | exadata_disk_activity_parser | ❌ Disk Activity insert failed: null value in column "dbname" violates not-null constraint
DETAIL:  Failing row contains (9, null, null, null, null, 2.40, 19.20, null, 8.40, 2.40, null, 45.88, 14.80, 39a7be3edaebc920d152c0783aef5022, 2026-08-17 11:59:09.373946).
Traceback (most recent call last):
  File "C:\AWR_Insight_Portal_v2\modules\awr\exadata_disk_activity_parser.py", line 117, in insert_disk_activity
    cur.execute(sql,(r["dbname"],r["instance"],r["begin_snap"],r["snap_time"],
    ~~~~~~~~~~~^^^^^^^^^^^^^^^^^^^^^^^^^^^^^^^^^^^^^^^^^^^^^^^^^^^^^^^^^^^^^^^
        r["redo_writes_ps"],r["redo_writes_total"],r["fc_miss_oltp_ps"],
        ^^^^^^^^^^^^^^^^^^^^^^^^^^^^^^^^^^^^^^^^^^^^^^^^^^^^^^^^^^^^^^^^
        r["fc_read_skips_ps"],r["fc_write_skips_ps"],r["fc_lw_rejections_ps"],
        ^^^^^^^^^^^^^^^^^^^^^^^^^^^^^^^^^^^^^^^^^^^^^^^^^^^^^^^^^^^^^^^^^^^^^^
        r["disk_writer_writes_ps"],r["scrub_io_ps"],r["row_hash"]))
        ^^^^^^^^^^^^^^^^^^^^^^^^^^^^^^^^^^^^^^^^^^^^^^^^^^^^^^^^^^^
psycopg2.errors.NotNullViolation: null value in column "dbname" violates not-null constraint
DETAIL:  Failing row contains (9, null, null, null, null, 2.40, 19.20, null, 8.40, 2.40, null, 45.88, 14.80, 39a7be3edaebc920d152c0783aef5022, 2026-08-17 11:59:09.373946).

[2026-08-17 11:59:20] INFO     | exadata_disk_activity_parser | ✅ Parsed Disk Activity (redo=2.4/s, fc_miss=None/s, read_skip=0.8/s, lw_rej=None/s, scrub=16.4/s)
[2026-08-17 11:59:21] ERROR    | exadata_disk_activity_parser | ❌ Disk Activity insert failed: null value in column "dbname" violates not-null constraint
DETAIL:  Failing row contains (10, null, null, null, null, 2.40, 19.20, null, 0.80, 0.40, null, 45.88, 16.40, 39a7be3edaebc920d152c0783aef5022, 2026-08-17 11:59:21.081889).
Traceback (most recent call last):
  File "C:\AWR_Insight_Portal_v2\modules\awr\exadata_disk_activity_parser.py", line 117, in insert_disk_activity
    cur.execute(sql,(r["dbname"],r["instance"],r["begin_snap"],r["snap_time"],
    ~~~~~~~~~~~^^^^^^^^^^^^^^^^^^^^^^^^^^^^^^^^^^^^^^^^^^^^^^^^^^^^^^^^^^^^^^^
        r["redo_writes_ps"],r["redo_writes_total"],r["fc_miss_oltp_ps"],
        ^^^^^^^^^^^^^^^^^^^^^^^^^^^^^^^^^^^^^^^^^^^^^^^^^^^^^^^^^^^^^^^^
        r["fc_read_skips_ps"],r["fc_write_skips_ps"],r["fc_lw_rejections_ps"],
        ^^^^^^^^^^^^^^^^^^^^^^^^^^^^^^^^^^^^^^^^^^^^^^^^^^^^^^^^^^^^^^^^^^^^^^
        r["disk_writer_writes_ps"],r["scrub_io_ps"],r["row_hash"]))
        ^^^^^^^^^^^^^^^^^^^^^^^^^^^^^^^^^^^^^^^^^^^^^^^^^^^^^^^^^^^
psycopg2.errors.NotNullViolation: null value in column "dbname" violates not-null constraint
DETAIL:  Failing row contains (10, null, null, null, null, 2.40, 19.20, null, 0.80, 0.40, null, 45.88, 16.40, 39a7be3edaebc920d152c0783aef5022, 2026-08-17 11:59:21.081889).

[2026-08-17 11:59:32] INFO     | exadata_disk_activity_parser | ✅ Parsed Disk Activity (redo=2.8/s, fc_miss=None/s, read_skip=1.8/s, lw_rej=None/s, scrub=16.8/s)
[2026-08-17 11:59:32] ERROR    | exadata_disk_activity_parser | ❌ Disk Activity insert failed: null value in column "dbname" violates not-null constraint
DETAIL:  Failing row contains (11, null, null, null, null, 2.80, 22.40, null, 1.80, 0.80, null, 45.88, 16.80, 39a7be3edaebc920d152c0783aef5022, 2026-08-17 11:59:32.355739).
Traceback (most recent call last):
  File "C:\AWR_Insight_Portal_v2\modules\awr\exadata_disk_activity_parser.py", line 117, in insert_disk_activity
    cur.execute(sql,(r["dbname"],r["instance"],r["begin_snap"],r["snap_time"],
    ~~~~~~~~~~~^^^^^^^^^^^^^^^^^^^^^^^^^^^^^^^^^^^^^^^^^^^^^^^^^^^^^^^^^^^^^^^
        r["redo_writes_ps"],r["redo_writes_total"],r["fc_miss_oltp_ps"],
        ^^^^^^^^^^^^^^^^^^^^^^^^^^^^^^^^^^^^^^^^^^^^^^^^^^^^^^^^^^^^^^^^
        r["fc_read_skips_ps"],r["fc_write_skips_ps"],r["fc_lw_rejections_ps"],
        ^^^^^^^^^^^^^^^^^^^^^^^^^^^^^^^^^^^^^^^^^^^^^^^^^^^^^^^^^^^^^^^^^^^^^^
        r["disk_writer_writes_ps"],r["scrub_io_ps"],r["row_hash"]))
        ^^^^^^^^^^^^^^^^^^^^^^^^^^^^^^^^^^^^^^^^^^^^^^^^^^^^^^^^^^^
psycopg2.errors.NotNullViolation: null value in column "dbname" violates not-null constraint
DETAIL:  Failing row contains (11, null, null, null, null, 2.80, 22.40, null, 1.80, 0.80, null, 45.88, 16.80, 39a7be3edaebc920d152c0783aef5022, 2026-08-17 11:59:32.355739).

[2026-08-17 11:59:43] INFO     | exadata_disk_activity_parser | ✅ Parsed Disk Activity (redo=2.4/s, fc_miss=None/s, read_skip=0.4/s, lw_rej=None/s, scrub=18.2/s)
[2026-08-17 11:59:43] ERROR    | exadata_disk_activity_parser | ❌ Disk Activity insert failed: null value in column "dbname" violates not-null constraint
DETAIL:  Failing row contains (12, null, null, null, null, 2.40, 19.20, null, 0.40, 0.20, null, 45.88, 18.20, 39a7be3edaebc920d152c0783aef5022, 2026-08-17 11:59:43.563196).
Traceback (most recent call last):
  File "C:\AWR_Insight_Portal_v2\modules\awr\exadata_disk_activity_parser.py", line 117, in insert_disk_activity
    cur.execute(sql,(r["dbname"],r["instance"],r["begin_snap"],r["snap_time"],
    ~~~~~~~~~~~^^^^^^^^^^^^^^^^^^^^^^^^^^^^^^^^^^^^^^^^^^^^^^^^^^^^^^^^^^^^^^^
        r["redo_writes_ps"],r["redo_writes_total"],r["fc_miss_oltp_ps"],
        ^^^^^^^^^^^^^^^^^^^^^^^^^^^^^^^^^^^^^^^^^^^^^^^^^^^^^^^^^^^^^^^^
        r["fc_read_skips_ps"],r["fc_write_skips_ps"],r["fc_lw_rejections_ps"],
        ^^^^^^^^^^^^^^^^^^^^^^^^^^^^^^^^^^^^^^^^^^^^^^^^^^^^^^^^^^^^^^^^^^^^^^
        r["disk_writer_writes_ps"],r["scrub_io_ps"],r["row_hash"]))
        ^^^^^^^^^^^^^^^^^^^^^^^^^^^^^^^^^^^^^^^^^^^^^^^^^^^^^^^^^^^
psycopg2.errors.NotNullViolation: null value in column "dbname" violates not-null constraint
DETAIL:  Failing row contains (12, null, null, null, null, 2.40, 19.20, null, 0.40, 0.20, null, 45.88, 18.20, 39a7be3edaebc920d152c0783aef5022, 2026-08-17 11:59:43.563196).

[2026-08-17 11:59:54] INFO     | exadata_disk_activity_parser | ✅ Parsed Disk Activity (redo=3.4/s, fc_miss=None/s, read_skip=0.8/s, lw_rej=None/s, scrub=18.2/s)
[2026-08-17 11:59:54] ERROR    | exadata_disk_activity_parser | ❌ Disk Activity insert failed: null value in column "dbname" violates not-null constraint
DETAIL:  Failing row contains (13, null, null, null, null, 3.40, 27.20, null, 0.80, 0.40, null, 45.88, 18.20, 39a7be3edaebc920d152c0783aef5022, 2026-08-17 11:59:54.642275).
Traceback (most recent call last):
  File "C:\AWR_Insight_Portal_v2\modules\awr\exadata_disk_activity_parser.py", line 117, in insert_disk_activity
    cur.execute(sql,(r["dbname"],r["instance"],r["begin_snap"],r["snap_time"],
    ~~~~~~~~~~~^^^^^^^^^^^^^^^^^^^^^^^^^^^^^^^^^^^^^^^^^^^^^^^^^^^^^^^^^^^^^^^
        r["redo_writes_ps"],r["redo_writes_total"],r["fc_miss_oltp_ps"],
        ^^^^^^^^^^^^^^^^^^^^^^^^^^^^^^^^^^^^^^^^^^^^^^^^^^^^^^^^^^^^^^^^
        r["fc_read_skips_ps"],r["fc_write_skips_ps"],r["fc_lw_rejections_ps"],
        ^^^^^^^^^^^^^^^^^^^^^^^^^^^^^^^^^^^^^^^^^^^^^^^^^^^^^^^^^^^^^^^^^^^^^^
        r["disk_writer_writes_ps"],r["scrub_io_ps"],r["row_hash"]))
        ^^^^^^^^^^^^^^^^^^^^^^^^^^^^^^^^^^^^^^^^^^^^^^^^^^^^^^^^^^^
psycopg2.errors.NotNullViolation: null value in column "dbname" violates not-null constraint
DETAIL:  Failing row contains (13, null, null, null, null, 3.40, 27.20, null, 0.80, 0.40, null, 45.88, 18.20, 39a7be3edaebc920d152c0783aef5022, 2026-08-17 11:59:54.642275).

[2026-08-17 12:00:05] INFO     | exadata_disk_activity_parser | ✅ Parsed Disk Activity (redo=2.8/s, fc_miss=None/s, read_skip=0.8/s, lw_rej=None/s, scrub=82461.0/s)
[2026-08-17 12:00:05] ERROR    | exadata_disk_activity_parser | ❌ Disk Activity insert failed: null value in column "dbname" violates not-null constraint
DETAIL:  Failing row contains (14, null, null, null, null, 2.80, 22.40, null, 0.80, 0.40, null, 45.88, 82461.00, 39a7be3edaebc920d152c0783aef5022, 2026-08-17 12:00:05.958131).
Traceback (most recent call last):
  File "C:\AWR_Insight_Portal_v2\modules\awr\exadata_disk_activity_parser.py", line 117, in insert_disk_activity
    cur.execute(sql,(r["dbname"],r["instance"],r["begin_snap"],r["snap_time"],
    ~~~~~~~~~~~^^^^^^^^^^^^^^^^^^^^^^^^^^^^^^^^^^^^^^^^^^^^^^^^^^^^^^^^^^^^^^^
        r["redo_writes_ps"],r["redo_writes_total"],r["fc_miss_oltp_ps"],
        ^^^^^^^^^^^^^^^^^^^^^^^^^^^^^^^^^^^^^^^^^^^^^^^^^^^^^^^^^^^^^^^^
        r["fc_read_skips_ps"],r["fc_write_skips_ps"],r["fc_lw_rejections_ps"],
        ^^^^^^^^^^^^^^^^^^^^^^^^^^^^^^^^^^^^^^^^^^^^^^^^^^^^^^^^^^^^^^^^^^^^^^
        r["disk_writer_writes_ps"],r["scrub_io_ps"],r["row_hash"]))
        ^^^^^^^^^^^^^^^^^^^^^^^^^^^^^^^^^^^^^^^^^^^^^^^^^^^^^^^^^^^
psycopg2.errors.NotNullViolation: null value in column "dbname" violates not-null constraint
DETAIL:  Failing row contains (14, null, null, null, null, 2.80, 22.40, null, 0.80, 0.40, null, 45.88, 82461.00, 39a7be3edaebc920d152c0783aef5022, 2026-08-17 12:00:05.958131).

[2026-08-17 12:00:17] INFO     | exadata_disk_activity_parser | ✅ Parsed Disk Activity (redo=2.8/s, fc_miss=None/s, read_skip=2.4/s, lw_rej=None/s, scrub=16.8/s)
[2026-08-17 12:00:18] ERROR    | exadata_disk_activity_parser | ❌ Disk Activity insert failed: null value in column "dbname" violates not-null constraint
DETAIL:  Failing row contains (15, null, null, null, null, 2.80, 22.40, null, 2.40, 1.40, null, 45.88, 16.80, 39a7be3edaebc920d152c0783aef5022, 2026-08-17 12:00:18.07264).
Traceback (most recent call last):
  File "C:\AWR_Insight_Portal_v2\modules\awr\exadata_disk_activity_parser.py", line 117, in insert_disk_activity
    cur.execute(sql,(r["dbname"],r["instance"],r["begin_snap"],r["snap_time"],
    ~~~~~~~~~~~^^^^^^^^^^^^^^^^^^^^^^^^^^^^^^^^^^^^^^^^^^^^^^^^^^^^^^^^^^^^^^^
        r["redo_writes_ps"],r["redo_writes_total"],r["fc_miss_oltp_ps"],
        ^^^^^^^^^^^^^^^^^^^^^^^^^^^^^^^^^^^^^^^^^^^^^^^^^^^^^^^^^^^^^^^^
        r["fc_read_skips_ps"],r["fc_write_skips_ps"],r["fc_lw_rejections_ps"],
        ^^^^^^^^^^^^^^^^^^^^^^^^^^^^^^^^^^^^^^^^^^^^^^^^^^^^^^^^^^^^^^^^^^^^^^
        r["disk_writer_writes_ps"],r["scrub_io_ps"],r["row_hash"]))
        ^^^^^^^^^^^^^^^^^^^^^^^^^^^^^^^^^^^^^^^^^^^^^^^^^^^^^^^^^^^
psycopg2.errors.NotNullViolation: null value in column "dbname" violates not-null constraint
DETAIL:  Failing row contains (15, null, null, null, null, 2.80, 22.40, null, 2.40, 1.40, null, 45.88, 16.80, 39a7be3edaebc920d152c0783aef5022, 2026-08-17 12:00:18.07264).

[2026-08-17 12:00:30] INFO     | exadata_disk_activity_parser | ✅ Parsed Disk Activity (redo=2.8/s, fc_miss=None/s, read_skip=1.8/s, lw_rej=None/s, scrub=16.8/s)
[2026-08-17 12:00:30] ERROR    | exadata_disk_activity_parser | ❌ Disk Activity insert failed: null value in column "dbname" violates not-null constraint
DETAIL:  Failing row contains (16, null, null, null, null, 2.80, 22.40, null, 1.80, 0.80, null, 45.88, 16.80, 39a7be3edaebc920d152c0783aef5022, 2026-08-17 12:00:30.338759).
Traceback (most recent call last):
  File "C:\AWR_Insight_Portal_v2\modules\awr\exadata_disk_activity_parser.py", line 117, in insert_disk_activity
    cur.execute(sql,(r["dbname"],r["instance"],r["begin_snap"],r["snap_time"],
    ~~~~~~~~~~~^^^^^^^^^^^^^^^^^^^^^^^^^^^^^^^^^^^^^^^^^^^^^^^^^^^^^^^^^^^^^^^
        r["redo_writes_ps"],r["redo_writes_total"],r["fc_miss_oltp_ps"],
        ^^^^^^^^^^^^^^^^^^^^^^^^^^^^^^^^^^^^^^^^^^^^^^^^^^^^^^^^^^^^^^^^
        r["fc_read_skips_ps"],r["fc_write_skips_ps"],r["fc_lw_rejections_ps"],
        ^^^^^^^^^^^^^^^^^^^^^^^^^^^^^^^^^^^^^^^^^^^^^^^^^^^^^^^^^^^^^^^^^^^^^^
        r["disk_writer_writes_ps"],r["scrub_io_ps"],r["row_hash"]))
        ^^^^^^^^^^^^^^^^^^^^^^^^^^^^^^^^^^^^^^^^^^^^^^^^^^^^^^^^^^^
psycopg2.errors.NotNullViolation: null value in column "dbname" violates not-null constraint
DETAIL:  Failing row contains (16, null, null, null, null, 2.80, 22.40, null, 1.80, 0.80, null, 45.88, 16.80, 39a7be3edaebc920d152c0783aef5022, 2026-08-17 12:00:30.338759).

[2026-08-17 12:00:42] INFO     | exadata_disk_activity_parser | ✅ Parsed Disk Activity (redo=3.4/s, fc_miss=None/s, read_skip=4.4/s, lw_rej=None/s, scrub=16.8/s)
[2026-08-17 12:00:42] ERROR    | exadata_disk_activity_parser | ❌ Disk Activity insert failed: null value in column "dbname" violates not-null constraint
DETAIL:  Failing row contains (17, null, null, null, null, 3.40, 27.20, null, 4.40, 2.40, null, 45.88, 16.80, 39a7be3edaebc920d152c0783aef5022, 2026-08-17 12:00:42.5492).
Traceback (most recent call last):
  File "C:\AWR_Insight_Portal_v2\modules\awr\exadata_disk_activity_parser.py", line 117, in insert_disk_activity
    cur.execute(sql,(r["dbname"],r["instance"],r["begin_snap"],r["snap_time"],
    ~~~~~~~~~~~^^^^^^^^^^^^^^^^^^^^^^^^^^^^^^^^^^^^^^^^^^^^^^^^^^^^^^^^^^^^^^^
        r["redo_writes_ps"],r["redo_writes_total"],r["fc_miss_oltp_ps"],
        ^^^^^^^^^^^^^^^^^^^^^^^^^^^^^^^^^^^^^^^^^^^^^^^^^^^^^^^^^^^^^^^^
        r["fc_read_skips_ps"],r["fc_write_skips_ps"],r["fc_lw_rejections_ps"],
        ^^^^^^^^^^^^^^^^^^^^^^^^^^^^^^^^^^^^^^^^^^^^^^^^^^^^^^^^^^^^^^^^^^^^^^
        r["disk_writer_writes_ps"],r["scrub_io_ps"],r["row_hash"]))
        ^^^^^^^^^^^^^^^^^^^^^^^^^^^^^^^^^^^^^^^^^^^^^^^^^^^^^^^^^^^
psycopg2.errors.NotNullViolation: null value in column "dbname" violates not-null constraint
DETAIL:  Failing row contains (17, null, null, null, null, 3.40, 27.20, null, 4.40, 2.40, null, 45.88, 16.80, 39a7be3edaebc920d152c0783aef5022, 2026-08-17 12:00:42.5492).

[2026-08-17 12:00:54] INFO     | exadata_disk_activity_parser | ✅ Parsed Disk Activity (redo=2.4/s, fc_miss=None/s, read_skip=8.4/s, lw_rej=None/s, scrub=16.8/s)
[2026-08-17 12:00:54] ERROR    | exadata_disk_activity_parser | ❌ Disk Activity insert failed: null value in column "dbname" violates not-null constraint
DETAIL:  Failing row contains (18, null, null, null, null, 2.40, 19.20, null, 8.40, 2.40, null, 45.88, 16.80, 39a7be3edaebc920d152c0783aef5022, 2026-08-17 12:00:54.376823).
Traceback (most recent call last):
  File "C:\AWR_Insight_Portal_v2\modules\awr\exadata_disk_activity_parser.py", line 117, in insert_disk_activity
    cur.execute(sql,(r["dbname"],r["instance"],r["begin_snap"],r["snap_time"],
    ~~~~~~~~~~~^^^^^^^^^^^^^^^^^^^^^^^^^^^^^^^^^^^^^^^^^^^^^^^^^^^^^^^^^^^^^^^
        r["redo_writes_ps"],r["redo_writes_total"],r["fc_miss_oltp_ps"],
        ^^^^^^^^^^^^^^^^^^^^^^^^^^^^^^^^^^^^^^^^^^^^^^^^^^^^^^^^^^^^^^^^
        r["fc_read_skips_ps"],r["fc_write_skips_ps"],r["fc_lw_rejections_ps"],
        ^^^^^^^^^^^^^^^^^^^^^^^^^^^^^^^^^^^^^^^^^^^^^^^^^^^^^^^^^^^^^^^^^^^^^^
        r["disk_writer_writes_ps"],r["scrub_io_ps"],r["row_hash"]))
        ^^^^^^^^^^^^^^^^^^^^^^^^^^^^^^^^^^^^^^^^^^^^^^^^^^^^^^^^^^^
psycopg2.errors.NotNullViolation: null value in column "dbname" violates not-null constraint
DETAIL:  Failing row contains (18, null, null, null, null, 2.40, 19.20, null, 8.40, 2.40, null, 45.88, 16.80, 39a7be3edaebc920d152c0783aef5022, 2026-08-17 12:00:54.376823).

[2026-08-17 12:01:06] INFO     | exadata_disk_activity_parser | ✅ Parsed Disk Activity (redo=8.4/s, fc_miss=None/s, read_skip=624.4/s, lw_rej=None/s, scrub=2.4/s)
[2026-08-17 12:01:06] ERROR    | exadata_disk_activity_parser | ❌ Disk Activity insert failed: null value in column "dbname" violates not-null constraint
DETAIL:  Failing row contains (19, null, null, null, null, 8.40, 67.20, null, 624.40, 214.40, null, 45.88, 2.40, 39a7be3edaebc920d152c0783aef5022, 2026-08-17 12:01:06.338947).
Traceback (most recent call last):
  File "C:\AWR_Insight_Portal_v2\modules\awr\exadata_disk_activity_parser.py", line 117, in insert_disk_activity
    cur.execute(sql,(r["dbname"],r["instance"],r["begin_snap"],r["snap_time"],
    ~~~~~~~~~~~^^^^^^^^^^^^^^^^^^^^^^^^^^^^^^^^^^^^^^^^^^^^^^^^^^^^^^^^^^^^^^^
        r["redo_writes_ps"],r["redo_writes_total"],r["fc_miss_oltp_ps"],
        ^^^^^^^^^^^^^^^^^^^^^^^^^^^^^^^^^^^^^^^^^^^^^^^^^^^^^^^^^^^^^^^^
        r["fc_read_skips_ps"],r["fc_write_skips_ps"],r["fc_lw_rejections_ps"],
        ^^^^^^^^^^^^^^^^^^^^^^^^^^^^^^^^^^^^^^^^^^^^^^^^^^^^^^^^^^^^^^^^^^^^^^
        r["disk_writer_writes_ps"],r["scrub_io_ps"],r["row_hash"]))
        ^^^^^^^^^^^^^^^^^^^^^^^^^^^^^^^^^^^^^^^^^^^^^^^^^^^^^^^^^^^
psycopg2.errors.NotNullViolation: null value in column "dbname" violates not-null constraint
DETAIL:  Failing row contains (19, null, null, null, null, 8.40, 67.20, null, 624.40, 214.40, null, 45.88, 2.40, 39a7be3edaebc920d152c0783aef5022, 2026-08-17 12:01:06.338947).

[2026-08-17 12:01:17] INFO     | exadata_disk_activity_parser | ✅ Parsed Disk Activity (redo=2.4/s, fc_miss=None/s, read_skip=2.4/s, lw_rej=None/s, scrub=18.4/s)
[2026-08-17 12:01:17] ERROR    | exadata_disk_activity_parser | ❌ Disk Activity insert failed: null value in column "dbname" violates not-null constraint
DETAIL:  Failing row contains (20, null, null, null, null, 2.40, 19.20, null, 2.40, 0.80, null, 45.88, 18.40, 39a7be3edaebc920d152c0783aef5022, 2026-08-17 12:01:17.969765).
Traceback (most recent call last):
  File "C:\AWR_Insight_Portal_v2\modules\awr\exadata_disk_activity_parser.py", line 117, in insert_disk_activity
    cur.execute(sql,(r["dbname"],r["instance"],r["begin_snap"],r["snap_time"],
    ~~~~~~~~~~~^^^^^^^^^^^^^^^^^^^^^^^^^^^^^^^^^^^^^^^^^^^^^^^^^^^^^^^^^^^^^^^
        r["redo_writes_ps"],r["redo_writes_total"],r["fc_miss_oltp_ps"],
        ^^^^^^^^^^^^^^^^^^^^^^^^^^^^^^^^^^^^^^^^^^^^^^^^^^^^^^^^^^^^^^^^
        r["fc_read_skips_ps"],r["fc_write_skips_ps"],r["fc_lw_rejections_ps"],
        ^^^^^^^^^^^^^^^^^^^^^^^^^^^^^^^^^^^^^^^^^^^^^^^^^^^^^^^^^^^^^^^^^^^^^^
        r["disk_writer_writes_ps"],r["scrub_io_ps"],r["row_hash"]))
        ^^^^^^^^^^^^^^^^^^^^^^^^^^^^^^^^^^^^^^^^^^^^^^^^^^^^^^^^^^^
psycopg2.errors.NotNullViolation: null value in column "dbname" violates not-null constraint
DETAIL:  Failing row contains (20, null, null, null, null, 2.40, 19.20, null, 2.40, 0.80, null, 45.88, 18.40, 39a7be3edaebc920d152c0783aef5022, 2026-08-17 12:01:17.969765).

[2026-08-17 12:06:11] WARNING  | exadata_disk_activity_parser | ⚠️  Disk Activity section not found
[2026-08-17 12:07:43] WARNING  | exadata_disk_activity_parser | ⚠️  Disk Activity section not found
[2026-08-17 12:09:11] WARNING  | exadata_disk_activity_parser | ⚠️  Disk Activity section not found
[2026-08-17 12:10:46] WARNING  | exadata_disk_activity_parser | ⚠️  Disk Activity section not found
[2026-08-17 12:37:31] WARNING  | exadata_disk_activity_parser | ⚠️  Disk Activity section not found
[2026-08-17 12:39:07] WARNING  | exadata_disk_activity_parser | ⚠️  Disk Activity section not found
[2026-08-17 12:40:38] WARNING  | exadata_disk_activity_parser | ⚠️  Disk Activity section not found
[2026-08-17 12:42:14] WARNING  | exadata_disk_activity_parser | ⚠️  Disk Activity section not found
[2026-08-17 12:43:49] WARNING  | exadata_disk_activity_parser | ⚠️  Disk Activity section not found
[2026-08-17 13:28:28] WARNING  | exadata_disk_activity_parser | ⚠️  Disk Activity section not found
[2026-08-17 13:37:28] WARNING  | exadata_disk_activity_parser | ⚠️  Disk Activity section not found
[2026-08-17 13:38:56] WARNING  | exadata_disk_activity_parser | ⚠️  Disk Activity section not found
[2026-08-17 13:40:34] WARNING  | exadata_disk_activity_parser | ⚠️  Disk Activity section not found
[2026-08-17 13:42:15] WARNING  | exadata_disk_activity_parser | ⚠️  Disk Activity section not found
[2026-08-17 14:02:35] WARNING  | exadata_disk_activity_parser | ⚠️  Disk Activity section not found
[2026-08-17 14:04:15] WARNING  | exadata_disk_activity_parser | ⚠️  Disk Activity section not found
[2026-08-17 14:05:50] WARNING  | exadata_disk_activity_parser | ⚠️  Disk Activity section not found
[2026-08-17 14:07:30] WARNING  | exadata_disk_activity_parser | ⚠️  Disk Activity section not found
[2026-08-17 14:09:05] WARNING  | exadata_disk_activity_parser | ⚠️  Disk Activity section not found
[2026-08-17 14:10:42] WARNING  | exadata_disk_activity_parser | ⚠️  Disk Activity section not found
[2026-08-17 14:12:16] WARNING  | exadata_disk_activity_parser | ⚠️  Disk Activity section not found
[2026-08-17 14:14:49] WARNING  | exadata_disk_activity_parser | ⚠️  Disk Activity section not found
[2026-08-17 14:16:27] WARNING  | exadata_disk_activity_parser | ⚠️  Disk Activity section not found
[2026-08-17 14:33:09] WARNING  | exadata_disk_activity_parser | ⚠️  Disk Activity section not found
[2026-08-17 14:34:42] WARNING  | exadata_disk_activity_parser | ⚠️  Disk Activity section not found
[2026-08-17 14:36:12] WARNING  | exadata_disk_activity_parser | ⚠️  Disk Activity section not found
[2026-08-17 14:37:49] WARNING  | exadata_disk_activity_parser | ⚠️  Disk Activity section not found
[2026-08-17 14:39:22] WARNING  | exadata_disk_activity_parser | ⚠️  Disk Activity section not found
[2026-08-17 14:40:52] WARNING  | exadata_disk_activity_parser | ⚠️  Disk Activity section not found
[2026-08-17 14:42:20] WARNING  | exadata_disk_activity_parser | ⚠️  Disk Activity section not found
[2026-08-17 14:43:53] WARNING  | exadata_disk_activity_parser | ⚠️  Disk Activity section not found
[2026-08-17 14:45:25] WARNING  | exadata_disk_activity_parser | ⚠️  Disk Activity section not found
[2026-08-17 15:03:32] WARNING  | exadata_disk_activity_parser | ⚠️  Disk Activity section not found
[2026-08-17 15:05:05] WARNING  | exadata_disk_activity_parser | ⚠️  Disk Activity section not found
[2026-08-17 15:06:40] WARNING  | exadata_disk_activity_parser | ⚠️  Disk Activity section not found
[2026-08-17 15:08:15] WARNING  | exadata_disk_activity_parser | ⚠️  Disk Activity section not found
[2026-08-17 15:09:47] WARNING  | exadata_disk_activity_parser | ⚠️  Disk Activity section not found
[2026-08-17 15:11:16] WARNING  | exadata_disk_activity_parser | ⚠️  Disk Activity section not found
[2026-08-17 15:12:43] WARNING  | exadata_disk_activity_parser | ⚠️  Disk Activity section not found
[2026-08-17 15:14:17] WARNING  | exadata_disk_activity_parser | ⚠️  Disk Activity section not found
[2026-08-17 15:17:45] WARNING  | exadata_disk_activity_parser | ⚠️  Disk Activity section not found
[2026-08-17 15:19:21] WARNING  | exadata_disk_activity_parser | ⚠️  Disk Activity section not found
[2026-08-17 15:36:03] WARNING  | exadata_disk_activity_parser | ⚠️  Disk Activity section not found
[2026-08-17 15:37:33] WARNING  | exadata_disk_activity_parser | ⚠️  Disk Activity section not found
[2026-08-17 15:43:53] WARNING  | exadata_disk_activity_parser | ⚠️  Disk Activity section not found
[2026-08-17 15:45:27] WARNING  | exadata_disk_activity_parser | ⚠️  Disk Activity section not found
[2026-08-17 15:47:00] WARNING  | exadata_disk_activity_parser | ⚠️  Disk Activity section not found
[2026-08-17 15:48:35] WARNING  | exadata_disk_activity_parser | ⚠️  Disk Activity section not found
[2026-08-17 15:50:08] WARNING  | exadata_disk_activity_parser | ⚠️  Disk Activity section not found
[2026-08-17 15:51:45] WARNING  | exadata_disk_activity_parser | ⚠️  Disk Activity section not found
[2026-08-17 15:53:20] WARNING  | exadata_disk_activity_parser | ⚠️  Disk Activity section not found
[2026-08-17 15:54:54] WARNING  | exadata_disk_activity_parser | ⚠️  Disk Activity section not found
[2026-08-17 15:57:09] WARNING  | exadata_disk_activity_parser | ⚠️  Disk Activity section not found
[2026-08-17 16:06:48] WARNING  | exadata_disk_activity_parser | ⚠️  Disk Activity section not found
[2026-08-17 16:08:16] WARNING  | exadata_disk_activity_parser | ⚠️  Disk Activity section not found
[2026-08-17 16:09:45] WARNING  | exadata_disk_activity_parser | ⚠️  Disk Activity section not found
[2026-08-17 16:11:20] WARNING  | exadata_disk_activity_parser | ⚠️  Disk Activity section not found
[2026-08-17 16:12:49] WARNING  | exadata_disk_activity_parser | ⚠️  Disk Activity section not found
[2026-08-17 16:14:22] WARNING  | exadata_disk_activity_parser | ⚠️  Disk Activity section not found
[2026-08-17 16:15:35] WARNING  | exadata_disk_activity_parser | ⚠️  Disk Activity section not found
[2026-08-17 16:17:10] WARNING  | exadata_disk_activity_parser | ⚠️  Disk Activity section not found
[2026-08-17 16:18:42] WARNING  | exadata_disk_activity_parser | ⚠️  Disk Activity section not found
[2026-08-17 16:20:24] WARNING  | exadata_disk_activity_parser | ⚠️  Disk Activity section not found
[2026-08-17 16:21:33] INFO     | exadata_disk_activity_parser | ✅ Parsed Disk Activity (redo=1.96/s, fc_miss=None/s, read_skip=0.3/s, lw_rej=None/s, scrub=17.5/s)
[2026-08-17 16:21:33] INFO     | exadata_disk_activity_parser | ✅ Inserted 1 rows into awr_exadata_disk_activity
[2026-08-17 16:21:46] INFO     | exadata_disk_activity_parser | ✅ Parsed Disk Activity (redo=2.1/s, fc_miss=None/s, read_skip=0.1/s, lw_rej=None/s, scrub=15.2/s)
[2026-08-17 16:21:46] INFO     | exadata_disk_activity_parser | ✅ Inserted 1 rows into awr_exadata_disk_activity
[2026-08-17 16:21:56] WARNING  | exadata_disk_activity_parser | ⚠️  Disk Activity section not found
[2026-08-17 16:21:59] INFO     | exadata_disk_activity_parser | ✅ Parsed Disk Activity (redo=2.4/s, fc_miss=None/s, read_skip=0.2/s, lw_rej=None/s, scrub=14.8/s)
[2026-08-17 16:21:59] INFO     | exadata_disk_activity_parser | ✅ Inserted 1 rows into awr_exadata_disk_activity
[2026-08-17 16:22:11] INFO     | exadata_disk_activity_parser | ✅ Parsed Disk Activity (redo=0.12/s, fc_miss=None/s, read_skip=0.0/s, lw_rej=None/s, scrub=2.1/s)
[2026-08-17 16:22:11] INFO     | exadata_disk_activity_parser | ✅ Inserted 1 rows into awr_exadata_disk_activity
[2026-08-17 16:22:33] INFO     | exadata_disk_activity_parser | ✅ Parsed Disk Activity (redo=1.96/s, fc_miss=None/s, read_skip=0.0/s, lw_rej=None/s, scrub=17461.0/s)
[2026-08-17 16:22:33] INFO     | exadata_disk_activity_parser | ✅ Inserted 1 rows into awr_exadata_disk_activity
[2026-08-17 16:22:46] INFO     | exadata_disk_activity_parser | ✅ Parsed Disk Activity (redo=2.8/s, fc_miss=None/s, read_skip=2.4/s, lw_rej=None/s, scrub=18.2/s)
[2026-08-17 16:22:46] INFO     | exadata_disk_activity_parser | ✅ Inserted 1 rows into awr_exadata_disk_activity
[2026-08-17 16:22:58] INFO     | exadata_disk_activity_parser | ✅ Parsed Disk Activity (redo=4.2/s, fc_miss=None/s, read_skip=28.4/s, lw_rej=None/s, scrub=2.1/s)
[2026-08-17 16:22:59] INFO     | exadata_disk_activity_parser | ✅ Inserted 1 rows into awr_exadata_disk_activity
[2026-08-17 16:23:11] INFO     | exadata_disk_activity_parser | ✅ Parsed Disk Activity (redo=2.1/s, fc_miss=None/s, read_skip=0.4/s, lw_rej=None/s, scrub=16.8/s)
[2026-08-17 16:23:11] INFO     | exadata_disk_activity_parser | ✅ Inserted 1 rows into awr_exadata_disk_activity
[2026-08-17 16:23:23] INFO     | exadata_disk_activity_parser | ✅ Parsed Disk Activity (redo=2.4/s, fc_miss=None/s, read_skip=8.4/s, lw_rej=None/s, scrub=14.8/s)
[2026-08-17 16:23:23] INFO     | exadata_disk_activity_parser | ✅ Inserted 1 rows into awr_exadata_disk_activity
[2026-08-17 16:23:28] WARNING  | exadata_disk_activity_parser | ⚠️  Disk Activity section not found
[2026-08-17 16:23:36] INFO     | exadata_disk_activity_parser | ✅ Parsed Disk Activity (redo=2.4/s, fc_miss=None/s, read_skip=0.8/s, lw_rej=None/s, scrub=16.4/s)
[2026-08-17 16:23:36] INFO     | exadata_disk_activity_parser | ✅ Inserted 1 rows into awr_exadata_disk_activity
[2026-08-17 16:23:48] INFO     | exadata_disk_activity_parser | ✅ Parsed Disk Activity (redo=2.8/s, fc_miss=None/s, read_skip=1.8/s, lw_rej=None/s, scrub=16.8/s)
[2026-08-17 16:23:49] INFO     | exadata_disk_activity_parser | ✅ Inserted 1 rows into awr_exadata_disk_activity
[2026-08-17 16:24:01] INFO     | exadata_disk_activity_parser | ✅ Parsed Disk Activity (redo=2.4/s, fc_miss=None/s, read_skip=0.4/s, lw_rej=None/s, scrub=18.2/s)
[2026-08-17 16:24:01] INFO     | exadata_disk_activity_parser | ✅ Inserted 1 rows into awr_exadata_disk_activity
[2026-08-17 16:24:14] INFO     | exadata_disk_activity_parser | ✅ Parsed Disk Activity (redo=3.4/s, fc_miss=None/s, read_skip=0.8/s, lw_rej=None/s, scrub=18.2/s)
[2026-08-17 16:24:14] INFO     | exadata_disk_activity_parser | ✅ Inserted 1 rows into awr_exadata_disk_activity
[2026-08-17 16:24:26] INFO     | exadata_disk_activity_parser | ✅ Parsed Disk Activity (redo=2.8/s, fc_miss=None/s, read_skip=0.8/s, lw_rej=None/s, scrub=82461.0/s)
[2026-08-17 16:24:26] INFO     | exadata_disk_activity_parser | ✅ Inserted 1 rows into awr_exadata_disk_activity
[2026-08-17 16:24:39] INFO     | exadata_disk_activity_parser | ✅ Parsed Disk Activity (redo=2.8/s, fc_miss=None/s, read_skip=2.4/s, lw_rej=None/s, scrub=16.8/s)
[2026-08-17 16:24:39] INFO     | exadata_disk_activity_parser | ✅ Inserted 1 rows into awr_exadata_disk_activity
[2026-08-17 16:24:51] INFO     | exadata_disk_activity_parser | ✅ Parsed Disk Activity (redo=2.8/s, fc_miss=None/s, read_skip=1.8/s, lw_rej=None/s, scrub=16.8/s)
[2026-08-17 16:24:51] INFO     | exadata_disk_activity_parser | ✅ Inserted 1 rows into awr_exadata_disk_activity
[2026-08-17 16:25:04] INFO     | exadata_disk_activity_parser | ✅ Parsed Disk Activity (redo=3.4/s, fc_miss=None/s, read_skip=4.4/s, lw_rej=None/s, scrub=16.8/s)
[2026-08-17 16:25:04] INFO     | exadata_disk_activity_parser | ✅ Inserted 1 rows into awr_exadata_disk_activity
[2026-08-17 16:25:16] INFO     | exadata_disk_activity_parser | ✅ Parsed Disk Activity (redo=2.4/s, fc_miss=None/s, read_skip=8.4/s, lw_rej=None/s, scrub=16.8/s)
[2026-08-17 16:25:16] INFO     | exadata_disk_activity_parser | ✅ Inserted 1 rows into awr_exadata_disk_activity
[2026-08-17 16:25:29] INFO     | exadata_disk_activity_parser | ✅ Parsed Disk Activity (redo=8.4/s, fc_miss=None/s, read_skip=624.4/s, lw_rej=None/s, scrub=2.4/s)
[2026-08-17 16:25:29] INFO     | exadata_disk_activity_parser | ✅ Inserted 1 rows into awr_exadata_disk_activity
[2026-08-17 16:25:42] INFO     | exadata_disk_activity_parser | ✅ Parsed Disk Activity (redo=2.4/s, fc_miss=None/s, read_skip=2.4/s, lw_rej=None/s, scrub=18.4/s)
[2026-08-17 16:25:42] INFO     | exadata_disk_activity_parser | ✅ Inserted 1 rows into awr_exadata_disk_activity
[2026-08-17 16:40:24] WARNING  | exadata_disk_activity_parser | ⚠️  Disk Activity section not found
[2026-08-17 16:41:57] WARNING  | exadata_disk_activity_parser | ⚠️  Disk Activity section not found
[2026-08-17 16:43:29] WARNING  | exadata_disk_activity_parser | ⚠️  Disk Activity section not found
[2026-08-17 16:45:03] WARNING  | exadata_disk_activity_parser | ⚠️  Disk Activity section not found
[2026-08-17 16:46:34] WARNING  | exadata_disk_activity_parser | ⚠️  Disk Activity section not found
[2026-08-17 16:48:04] WARNING  | exadata_disk_activity_parser | ⚠️  Disk Activity section not found
[2026-08-17 16:49:36] WARNING  | exadata_disk_activity_parser | ⚠️  Disk Activity section not found
[2026-08-17 16:51:13] WARNING  | exadata_disk_activity_parser | ⚠️  Disk Activity section not found
[2026-08-17 16:52:44] WARNING  | exadata_disk_activity_parser | ⚠️  Disk Activity section not found
[2026-08-17 16:54:20] WARNING  | exadata_disk_activity_parser | ⚠️  Disk Activity section not found
[2026-08-17 16:55:50] WARNING  | exadata_disk_activity_parser | ⚠️  Disk Activity section not found
[2026-08-17 16:57:25] WARNING  | exadata_disk_activity_parser | ⚠️  Disk Activity section not found
[2026-08-17 16:58:54] WARNING  | exadata_disk_activity_parser | ⚠️  Disk Activity section not found
[2026-08-17 17:11:07] WARNING  | exadata_disk_activity_parser | ⚠️  Disk Activity section not found
[2026-08-17 17:12:39] WARNING  | exadata_disk_activity_parser | ⚠️  Disk Activity section not found
[2026-08-17 17:14:10] WARNING  | exadata_disk_activity_parser | ⚠️  Disk Activity section not found
[2026-08-17 17:15:44] WARNING  | exadata_disk_activity_parser | ⚠️  Disk Activity section not found
[2026-08-17 17:17:14] WARNING  | exadata_disk_activity_parser | ⚠️  Disk Activity section not found
[2026-08-17 17:18:52] WARNING  | exadata_disk_activity_parser | ⚠️  Disk Activity section not found
[2026-08-17 17:20:21] WARNING  | exadata_disk_activity_parser | ⚠️  Disk Activity section not found
[2026-08-17 17:21:56] WARNING  | exadata_disk_activity_parser | ⚠️  Disk Activity section not found
[2026-08-17 17:23:29] WARNING  | exadata_disk_activity_parser | ⚠️  Disk Activity section not found
[2026-08-17 17:25:03] WARNING  | exadata_disk_activity_parser | ⚠️  Disk Activity section not found
[2026-08-17 17:26:33] WARNING  | exadata_disk_activity_parser | ⚠️  Disk Activity section not found
[2026-08-17 17:28:07] WARNING  | exadata_disk_activity_parser | ⚠️  Disk Activity section not found
[2026-08-17 17:29:36] WARNING  | exadata_disk_activity_parser | ⚠️  Disk Activity section not found
[2026-08-17 17:31:06] WARNING  | exadata_disk_activity_parser | ⚠️  Disk Activity section not found
[2026-08-17 17:41:54] WARNING  | exadata_disk_activity_parser | ⚠️  Disk Activity section not found
[2026-08-17 17:43:29] WARNING  | exadata_disk_activity_parser | ⚠️  Disk Activity section not found
[2026-08-17 17:45:02] WARNING  | exadata_disk_activity_parser | ⚠️  Disk Activity section not found
[2026-08-17 17:46:37] WARNING  | exadata_disk_activity_parser | ⚠️  Disk Activity section not found
[2026-08-17 17:48:08] WARNING  | exadata_disk_activity_parser | ⚠️  Disk Activity section not found
[2026-08-17 17:49:37] WARNING  | exadata_disk_activity_parser | ⚠️  Disk Activity section not found
[2026-08-17 18:15:15] WARNING  | exadata_disk_activity_parser | ⚠️  Disk Activity section not found
[2026-08-18 09:35:47] WARNING  | exadata_disk_activity_parser | ⚠️  Disk Activity section not found
[2026-08-18 09:37:01] WARNING  | exadata_disk_activity_parser | ⚠️  Disk Activity section not found
[2026-08-18 09:38:42] WARNING  | exadata_disk_activity_parser | ⚠️  Disk Activity section not found
[2026-08-18 09:40:16] WARNING  | exadata_disk_activity_parser | ⚠️  Disk Activity section not found
[2026-08-18 09:41:53] WARNING  | exadata_disk_activity_parser | ⚠️  Disk Activity section not found
[2026-08-18 09:43:18] WARNING  | exadata_disk_activity_parser | ⚠️  Disk Activity section not found
[2026-08-18 09:44:39] WARNING  | exadata_disk_activity_parser | ⚠️  Disk Activity section not found
[2026-08-18 09:46:04] WARNING  | exadata_disk_activity_parser | ⚠️  Disk Activity section not found
[2026-08-18 09:47:41] WARNING  | exadata_disk_activity_parser | ⚠️  Disk Activity section not found
[2026-08-18 09:49:11] WARNING  | exadata_disk_activity_parser | ⚠️  Disk Activity section not found
[2026-08-18 09:50:38] WARNING  | exadata_disk_activity_parser | ⚠️  Disk Activity section not found
[2026-08-18 09:52:06] WARNING  | exadata_disk_activity_parser | ⚠️  Disk Activity section not found
[2026-08-18 09:53:46] WARNING  | exadata_disk_activity_parser | ⚠️  Disk Activity section not found
[2026-08-18 09:55:29] WARNING  | exadata_disk_activity_parser | ⚠️  Disk Activity section not found
[2026-08-18 09:57:20] WARNING  | exadata_disk_activity_parser | ⚠️  Disk Activity section not found
[2026-08-18 09:59:05] WARNING  | exadata_disk_activity_parser | ⚠️  Disk Activity section not found
[2026-08-18 10:00:36] WARNING  | exadata_disk_activity_parser | ⚠️  Disk Activity section not found
[2026-08-18 10:02:10] WARNING  | exadata_disk_activity_parser | ⚠️  Disk Activity section not found
[2026-08-18 10:03:35] WARNING  | exadata_disk_activity_parser | ⚠️  Disk Activity section not found
[2026-08-18 10:05:02] WARNING  | exadata_disk_activity_parser | ⚠️  Disk Activity section not found
[2026-08-18 10:06:53] WARNING  | exadata_disk_activity_parser | ⚠️  Disk Activity section not found
[2026-08-18 10:08:38] WARNING  | exadata_disk_activity_parser | ⚠️  Disk Activity section not found
[2026-08-18 10:10:03] WARNING  | exadata_disk_activity_parser | ⚠️  Disk Activity section not found
[2026-08-18 10:11:33] WARNING  | exadata_disk_activity_parser | ⚠️  Disk Activity section not found
[2026-08-18 10:31:06] WARNING  | exadata_disk_activity_parser | ⚠️  Disk Activity section not found
[2026-08-18 11:01:12] WARNING  | exadata_disk_activity_parser | ⚠️  Disk Activity section not found
[2026-08-18 11:02:52] WARNING  | exadata_disk_activity_parser | ⚠️  Disk Activity section not found
[2026-08-18 11:31:09] WARNING  | exadata_disk_activity_parser | ⚠️  Disk Activity section not found
[2026-08-18 11:32:40] WARNING  | exadata_disk_activity_parser | ⚠️  Disk Activity section not found
[2026-08-18 11:34:07] WARNING  | exadata_disk_activity_parser | ⚠️  Disk Activity section not found
[2026-08-18 12:02:37] WARNING  | exadata_disk_activity_parser | ⚠️  Disk Activity section not found
[2026-08-18 12:04:11] WARNING  | exadata_disk_activity_parser | ⚠️  Disk Activity section not found
[2026-08-18 12:05:42] WARNING  | exadata_disk_activity_parser | ⚠️  Disk Activity section not found
[2026-08-18 12:07:12] WARNING  | exadata_disk_activity_parser | ⚠️  Disk Activity section not found
[2026-08-18 12:32:54] WARNING  | exadata_disk_activity_parser | ⚠️  Disk Activity section not found
[2026-08-18 12:34:26] WARNING  | exadata_disk_activity_parser | ⚠️  Disk Activity section not found
[2026-08-18 12:36:01] WARNING  | exadata_disk_activity_parser | ⚠️  Disk Activity section not found
[2026-08-18 12:37:33] WARNING  | exadata_disk_activity_parser | ⚠️  Disk Activity section not found
[2026-08-18 12:39:10] WARNING  | exadata_disk_activity_parser | ⚠️  Disk Activity section not found
[2026-08-18 13:05:27] WARNING  | exadata_disk_activity_parser | ⚠️  Disk Activity section not found
[2026-08-18 13:06:56] WARNING  | exadata_disk_activity_parser | ⚠️  Disk Activity section not found
[2026-08-18 13:08:29] WARNING  | exadata_disk_activity_parser | ⚠️  Disk Activity section not found
[2026-08-18 13:10:00] WARNING  | exadata_disk_activity_parser | ⚠️  Disk Activity section not found
[2026-08-18 13:11:34] WARNING  | exadata_disk_activity_parser | ⚠️  Disk Activity section not found
[2026-08-18 13:13:08] WARNING  | exadata_disk_activity_parser | ⚠️  Disk Activity section not found
[2026-08-18 13:54:33] WARNING  | exadata_disk_activity_parser | ⚠️  Disk Activity section not found
[2026-08-18 13:56:09] WARNING  | exadata_disk_activity_parser | ⚠️  Disk Activity section not found
[2026-08-18 13:57:43] WARNING  | exadata_disk_activity_parser | ⚠️  Disk Activity section not found
[2026-08-18 13:59:12] WARNING  | exadata_disk_activity_parser | ⚠️  Disk Activity section not found
[2026-08-18 14:10:08] WARNING  | exadata_disk_activity_parser | ⚠️  Disk Activity section not found
[2026-08-18 14:11:44] WARNING  | exadata_disk_activity_parser | ⚠️  Disk Activity section not found
[2026-08-18 14:13:13] WARNING  | exadata_disk_activity_parser | ⚠️  Disk Activity section not found
