[2026-07-20 13:53:03] WARNING  | portal | AI metrics fetch failed: column "physical_reads" does not exist
LINE 3: ...                    SUM(logical_reads) AS lr, SUM(physical_r...
                                                             ^

[2026-07-20 13:54:48] WARNING  | portal | AI metrics fetch failed: column "physical_reads" does not exist
LINE 3: ...                    SUM(logical_reads) AS lr, SUM(physical_r...
                                                             ^

[2026-07-20 14:07:56] WARNING  | portal | AI metrics fetch failed: column "physical_reads" does not exist
LINE 3: ...                    SUM(logical_reads) AS lr, SUM(physical_r...
                                                             ^

[2026-07-20 16:18:53] INFO     | portal | Settings saved — Grafana dashboard URLs will be updated automatically
[2026-07-20 16:21:00] INFO     | portal | Settings saved — Grafana dashboard URLs will be updated automatically
[2026-07-20 16:56:18] INFO     | portal | Settings saved — Grafana dashboard URLs will be updated automatically
[2026-07-20 16:57:23] INFO     | portal | Settings saved — Grafana dashboard URLs will be updated automatically
[2026-07-20 16:57:26] INFO     | portal | Settings saved — Grafana dashboard URLs will be updated automatically
[2026-07-20 17:37:48] INFO     | portal | Settings saved — Grafana dashboard URLs will be updated automatically
[2026-07-20 17:41:48] WARNING  | portal | AI metrics fetch failed: column "physical_reads" does not exist
LINE 3: ...                    SUM(logical_reads) AS lr, SUM(physical_r...
                                                             ^

[2026-07-20 17:49:37] ERROR    | portal | api_plans_list error: Object of type Decimal is not JSON serializable
[2026-07-20 17:57:03] ERROR    | portal | api_plans_list error: Object of type Decimal is not JSON serializable
[2026-07-20 17:57:05] ERROR    | portal | api_plans_list error: Object of type Decimal is not JSON serializable
[2026-07-21 11:57:48] INFO     | portal | Settings saved — Grafana dashboard URLs will be updated automatically
[2026-07-21 14:16:23] INFO     | portal | Settings saved — Grafana dashboard URLs will be updated automatically
[2026-07-22 09:35:34] INFO     | portal | Settings saved — Grafana dashboard URLs will be updated automatically
[2026-07-22 09:35:34] INFO     | portal | auto_patch_dashboards: updated 74 files in C:\AWR_Insight_Portal_v2\grafana-v12.0.2\public\dashboard
[2026-07-22 09:35:34] INFO     | portal | auto_patch_dashboards: updated 7 files in C:\AWR_Insight_Portal_v2\portal\static
[2026-07-22 09:35:34] INFO     | portal | auto_patch_dashboards: 81 dashboard(s) updated with portal_url=http://192.168.1.6:8000, grafana_url=http://192.168.1.6:3000. Re-import dashboards in Grafana to apply.
[2026-07-22 12:23:59] WARNING  | portal | AI metrics fetch failed: column "physical_reads" does not exist
LINE 3: ...                    SUM(logical_reads) AS lr, SUM(physical_r...
                                                             ^

[2026-07-22 12:42:59] WARNING  | portal | AI metrics fetch failed: column "physical_reads" does not exist
LINE 3: ...                    SUM(logical_reads) AS lr, SUM(physical_r...
                                                             ^

[2026-07-23 10:46:38] INFO     | portal | Settings saved — Grafana dashboard URLs will be updated automatically
[2026-07-23 10:46:39] INFO     | portal | auto_patch_dashboards: updated 74 files in C:\AWR_Insight_Portal_v2\grafana-v12.0.2\public\dashboard
[2026-07-23 10:46:39] INFO     | portal | auto_patch_dashboards: updated 7 files in C:\AWR_Insight_Portal_v2\portal\static
[2026-07-23 10:46:39] INFO     | portal | auto_patch_dashboards: 81 dashboard(s) updated with portal_url=http://192.168.1.218:8000, grafana_url=http://192.168.1.218:3000. Re-import dashboards in Grafana to apply.
[2026-07-23 19:12:44] WARNING  | portal | AI metrics fetch failed: column "physical_reads" does not exist
LINE 3: ...                    SUM(logical_reads) AS lr, SUM(physical_r...
                                                             ^

[2026-07-24 10:56:05] INFO     | portal | Settings saved — Grafana dashboard URLs will be updated automatically
[2026-07-24 10:56:05] INFO     | portal | auto_patch_dashboards: updated 74 files in C:\AWR_Insight_Portal_v2\grafana-v12.0.2\public\dashboard
[2026-07-24 10:56:05] INFO     | portal | auto_patch_dashboards: updated 7 files in C:\AWR_Insight_Portal_v2\portal\static
[2026-07-24 10:56:05] INFO     | portal | auto_patch_dashboards: 81 dashboard(s) updated with portal_url=http://192.168.1.2:8000, grafana_url=http://192.168.1.2:3000. Re-import dashboards in Grafana to apply.
